2026-03-03 15:27:14 - INFO - 日志文件保存到: logs/training_20260303_152714.log
2026-03-03 15:27:14 - INFO - 选择模型类型 (1: CnnNet, 2: ResidualNet): 
2026-03-03 15:27:19 - INFO - 选择运行模式 (1: 仅训练神经网络, 2: 仅运行遗传算法, 3: 测试S参数曲线: 
2026-03-03 15:27:19 - INFO - 
==================================================
2026-03-03 15:27:19 - INFO - 创建空白模型：
2026-03-03 15:27:19 - INFO - 
==================================================
2026-03-03 15:27:20 - INFO - 
==================================================
2026-03-03 15:27:20 - INFO - 模型加载：
2026-03-03 15:27:20 - INFO - 
==================================================
2026-03-03 15:27:20 - INFO - ModelManager初始化完成，使用设备: cuda
2026-03-03 15:27:20 - INFO - 检查点目录: frequency_checkpoints/best_model.pth
2026-03-03 15:27:20 - INFO - 
============================================================
2026-03-03 15:27:20 - INFO - 启动矩阵结构遗传优化
2026-03-03 15:27:20 - INFO - ============================================================
2026-03-03 15:27:20 - INFO - 输出目录: genetic_results/result_20260303_152720
2026-03-03 15:27:20 - INFO - 多频点优化: 5 个频点，范围 8.00 - 12.00 GHz
2026-03-03 15:27:20 - INFO - 目标反射系数示例: 0.4356+0.4625j ...
2026-03-03 15:27:20 - INFO - 矩阵遗传算法初始化完成
2026-03-03 15:27:20 - INFO - 矩阵形状: (19, 19)
2026-03-03 15:27:20 - INFO - 总像素数: 361
2026-03-03 15:27:20 - INFO - 使用设备: cuda
2026-03-03 15:27:20 - INFO - 
============================================================
2026-03-03 15:27:20 - INFO - 启动遗传算法优化
2026-03-03 15:27:20 - INFO - ============================================================
2026-03-03 15:27:20 - INFO - 目标频率: [8.0e+09 9.0e+09 1.0e+10 1.1e+10 1.2e+10] GHz
2026-03-03 15:27:20 - INFO - 目标参数: {'gamma_opt_list': [(0.4356021142838369+0.4624954638026175j), (0.40541585292679283+0.4723756815565138j), (0.3777874233576882+0.48373534250125844j), (0.35151108317739826+0.49608287888761227j), (0.3258678151005153+0.5089143148514843j)]}
2026-03-03 15:27:20 - INFO - 种群大小: 1024
2026-03-03 15:27:20 - INFO - 进化代数: 100
2026-03-03 15:27:20 - INFO - 变异率: 0.1
2026-03-03 15:27:20 - INFO - 交叉率: 0.8
2026-03-03 15:27:20 - INFO - 精英数量: 5
2026-03-03 15:27:20 - INFO - tournament_size: 128
2026-03-03 15:27:20 - INFO - ============================================================
2026-03-03 15:27:20 - INFO - 创建初始种群 (大小: 4096)...
2026-03-03 15:27:20 - ERROR - 创建种群:   0%|                                                                | 0/4096 [00:00<?, ?it/s]
2026-03-03 15:27:20 - ERROR - 创建种群: 100%|#################################################| 4096/4096 [00:00<00:00, 256003.30it/s]
2026-03-03 15:27:20 - ERROR - 遗传演进:   0%|                                                                 | 0/100 [00:00<?, ?it/s]
2026-03-03 15:27:59 - INFO - 代   0: 平均适应度 = -1.4400, 最佳适应度 = -0.5809
2026-03-03 15:27:59 - ERROR - 遗传演进:   1%|5                                                      | 1/100 [00:39<1:05:21, 39.61s/it]
2026-03-03 15:28:09 - ERROR - 遗传演进:   2%|#1                                                       | 2/100 [00:49<36:12, 22.17s/it]
2026-03-03 15:28:19 - ERROR - 遗传演进:   3%|#7                                                       | 3/100 [00:59<26:49, 16.59s/it]
2026-03-03 15:28:29 - ERROR - 遗传演进:   4%|##2                                                      | 4/100 [01:09<22:20, 13.96s/it]
2026-03-03 15:28:39 - ERROR - 遗传演进:   5%|##8                                                      | 5/100 [01:19<19:47, 12.50s/it]
2026-03-03 15:28:49 - ERROR - 遗传演进:   6%|###4                                                     | 6/100 [01:29<18:11, 11.62s/it]
2026-03-03 15:28:58 - ERROR - 遗传演进:   7%|###9                                                     | 7/100 [01:38<16:57, 10.95s/it]
2026-03-03 15:29:08 - ERROR - 遗传演进:   8%|####5                                                    | 8/100 [01:48<16:06, 10.50s/it]
2026-03-03 15:29:18 - ERROR - 遗传演进:   9%|#####1                                                   | 9/100 [01:58<15:33, 10.26s/it]
2026-03-03 15:29:28 - ERROR - 遗传演进:  10%|#####6                                                  | 10/100 [02:08<15:14, 10.16s/it]
2026-03-03 15:29:38 - INFO - 代  10: 平均适应度 = -1.2660, 最佳适应度 = -0.5506
2026-03-03 15:29:38 - ERROR - 遗传演进:  11%|######1                                                 | 11/100 [02:18<15:01, 10.13s/it]
2026-03-03 15:29:48 - ERROR - 遗传演进:  12%|######7                                                 | 12/100 [02:28<14:46, 10.07s/it]
2026-03-03 15:29:58 - ERROR - 遗传演进:  13%|#######2                                                | 13/100 [02:37<14:32, 10.03s/it]
2026-03-03 15:30:07 - ERROR - 遗传演进:  14%|#######8                                                | 14/100 [02:47<14:20, 10.01s/it]
2026-03-03 15:30:17 - ERROR - 遗传演进:  15%|########4                                               | 15/100 [02:57<14:09, 10.00s/it]
2026-03-03 15:30:27 - ERROR - 遗传演进:  16%|########9                                               | 16/100 [03:07<13:58,  9.98s/it]
2026-03-03 15:30:37 - ERROR - 遗传演进:  17%|#########5                                              | 17/100 [03:17<13:47,  9.96s/it]
2026-03-03 15:30:47 - ERROR - 遗传演进:  18%|##########                                              | 18/100 [03:27<13:36,  9.96s/it]
2026-03-03 15:30:57 - ERROR - 遗传演进:  19%|##########6                                             | 19/100 [03:37<13:25,  9.94s/it]
2026-03-03 15:31:07 - ERROR - 遗传演进:  20%|###########2                                            | 20/100 [03:47<13:13,  9.92s/it]
2026-03-03 15:31:17 - INFO - 代  20: 平均适应度 = -1.2394, 最佳适应度 = -0.5318
2026-03-03 15:31:17 - ERROR - 遗传演进:  21%|###########7                                            | 21/100 [03:57<12:55,  9.82s/it]
2026-03-03 15:31:26 - ERROR - 遗传演进:  22%|############3                                           | 22/100 [04:06<12:40,  9.75s/it]
2026-03-03 15:31:36 - ERROR - 遗传演进:  23%|############8                                           | 23/100 [04:16<12:26,  9.70s/it]
2026-03-03 15:31:45 - ERROR - 遗传演进:  24%|#############4                                          | 24/100 [04:25<12:13,  9.65s/it]
2026-03-03 15:31:55 - ERROR - 遗传演进:  25%|##############                                          | 25/100 [04:35<12:03,  9.65s/it]
2026-03-03 15:32:05 - ERROR - 遗传演进:  26%|##############5                                         | 26/100 [04:45<11:55,  9.67s/it]
2026-03-03 15:32:14 - ERROR - 遗传演进:  27%|###############1                                        | 27/100 [04:54<11:45,  9.67s/it]
2026-03-03 15:32:24 - ERROR - 遗传演进:  28%|###############6                                        | 28/100 [05:04<11:34,  9.65s/it]
2026-03-03 15:32:34 - ERROR - 遗传演进:  29%|################2                                       | 29/100 [05:14<11:25,  9.65s/it]
2026-03-03 15:32:44 - ERROR - 遗传演进:  30%|################8                                       | 30/100 [05:24<11:22,  9.75s/it]
2026-03-03 15:32:53 - INFO - 代  30: 平均适应度 = -1.1189, 最佳适应度 = -0.5318
2026-03-03 15:32:53 - ERROR - 遗传演进:  31%|#################3                                      | 31/100 [05:33<11:15,  9.79s/it]
2026-03-03 15:33:03 - ERROR - 遗传演进:  32%|#################9                                      | 32/100 [05:43<11:07,  9.81s/it]
2026-03-03 15:33:13 - ERROR - 遗传演进:  33%|##################4                                     | 33/100 [05:53<10:58,  9.83s/it]
2026-03-03 15:33:23 - ERROR - 遗传演进:  34%|###################                                     | 34/100 [06:03<10:49,  9.84s/it]
2026-03-03 15:33:33 - ERROR - 遗传演进:  35%|###################5                                    | 35/100 [06:13<10:39,  9.84s/it]
2026-03-03 15:33:43 - ERROR - 遗传演进:  36%|####################1                                   | 36/100 [06:23<10:31,  9.87s/it]
2026-03-03 15:33:53 - ERROR - 遗传演进:  37%|####################7                                   | 37/100 [06:33<10:28,  9.98s/it]
2026-03-03 15:34:03 - ERROR - 遗传演进:  38%|#####################2                                  | 38/100 [06:43<10:22, 10.03s/it]
2026-03-03 15:34:13 - ERROR - 遗传演进:  39%|#####################8                                  | 39/100 [06:53<10:12, 10.04s/it]
2026-03-03 15:34:23 - ERROR - 遗传演进:  40%|######################4                                 | 40/100 [07:03<10:02, 10.04s/it]
2026-03-03 15:34:33 - INFO - 代  40: 平均适应度 = -1.0617, 最佳适应度 = -0.5318
2026-03-03 15:34:33 - ERROR - 遗传演进:  41%|######################9                                 | 41/100 [07:13<09:51, 10.03s/it]
2026-03-03 15:34:43 - ERROR - 遗传演进:  42%|#######################5                                | 42/100 [07:23<09:40, 10.02s/it]
2026-03-03 15:34:53 - ERROR - 遗传演进:  43%|########################                                | 43/100 [07:33<09:28,  9.98s/it]
2026-03-03 15:35:03 - ERROR - 遗传演进:  44%|########################6                               | 44/100 [07:43<09:18,  9.97s/it]
2026-03-03 15:35:13 - ERROR - 遗传演进:  45%|#########################2                              | 45/100 [07:53<09:06,  9.94s/it]
2026-03-03 15:35:23 - ERROR - 遗传演进:  46%|#########################7                              | 46/100 [08:03<08:55,  9.92s/it]
2026-03-03 15:35:33 - ERROR - 遗传演进:  47%|##########################3                             | 47/100 [08:13<08:45,  9.92s/it]
2026-03-03 15:35:43 - ERROR - 遗传演进:  48%|##########################8                             | 48/100 [08:23<08:35,  9.92s/it]
2026-03-03 15:35:53 - ERROR - 遗传演进:  49%|###########################4                            | 49/100 [08:33<08:28,  9.96s/it]
2026-03-03 15:36:03 - ERROR - 遗传演进:  50%|############################                            | 50/100 [08:43<08:19,  9.99s/it]
2026-03-03 15:36:13 - INFO - 代  50: 平均适应度 = -1.0253, 最佳适应度 = -0.5315
2026-03-03 15:36:13 - ERROR - 遗传演进:  51%|############################5                           | 51/100 [08:53<08:11, 10.04s/it]
2026-03-03 15:36:23 - ERROR - 遗传演进:  52%|#############################1                          | 52/100 [09:03<08:02, 10.04s/it]
2026-03-03 15:36:33 - ERROR - 遗传演进:  53%|#############################6                          | 53/100 [09:13<07:54, 10.10s/it]
2026-03-03 15:36:43 - ERROR - 遗传演进:  54%|##############################2                         | 54/100 [09:23<07:44, 10.09s/it]
2026-03-03 15:36:54 - ERROR - 遗传演进:  55%|##############################8                         | 55/100 [09:33<07:34, 10.10s/it]
2026-03-03 15:37:04 - ERROR - 遗传演进:  56%|###############################3                        | 56/100 [09:44<07:24, 10.09s/it]
2026-03-03 15:37:14 - ERROR - 遗传演进:  57%|###############################9                        | 57/100 [09:54<07:12, 10.06s/it]
2026-03-03 15:37:24 - ERROR - 遗传演进:  58%|################################4                       | 58/100 [10:04<07:02, 10.06s/it]
2026-03-03 15:37:34 - ERROR - 遗传演进:  59%|#################################                       | 59/100 [10:14<06:51, 10.05s/it]
2026-03-03 15:37:44 - ERROR - 遗传演进:  60%|#################################6                      | 60/100 [10:24<06:41, 10.05s/it]
2026-03-03 15:37:54 - INFO - 代  60: 平均适应度 = -0.9960, 最佳适应度 = -0.5310
2026-03-03 15:37:54 - ERROR - 遗传演进:  61%|##################################1                     | 61/100 [10:34<06:32, 10.06s/it]
2026-03-03 15:38:04 - ERROR - 遗传演进:  62%|##################################7                     | 62/100 [10:44<06:22, 10.07s/it]
2026-03-03 15:38:14 - ERROR - 遗传演进:  63%|###################################2                    | 63/100 [10:54<06:11, 10.05s/it]
2026-03-03 15:38:24 - ERROR - 遗传演进:  64%|###################################8                    | 64/100 [11:04<06:02, 10.06s/it]
2026-03-03 15:38:34 - ERROR - 遗传演进:  65%|####################################4                   | 65/100 [11:14<05:51, 10.04s/it]
2026-03-03 15:38:44 - ERROR - 遗传演进:  66%|####################################9                   | 66/100 [11:24<05:41, 10.05s/it]
2026-03-03 15:38:54 - ERROR - 遗传演进:  67%|#####################################5                  | 67/100 [11:34<05:33, 10.10s/it]
2026-03-03 15:39:04 - ERROR - 遗传演进:  68%|######################################                  | 68/100 [11:44<05:22, 10.09s/it]
2026-03-03 15:39:14 - ERROR - 遗传演进:  69%|######################################6                 | 69/100 [11:54<05:13, 10.10s/it]
2026-03-03 15:39:24 - ERROR - 遗传演进:  70%|#######################################1                | 70/100 [12:04<05:02, 10.09s/it]
2026-03-03 15:39:35 - INFO - 代  70: 平均适应度 = -0.8980, 最佳适应度 = -0.5252
2026-03-03 15:39:35 - ERROR - 遗传演进:  71%|#######################################7                | 71/100 [12:14<04:52, 10.07s/it]
2026-03-03 15:39:45 - ERROR - 遗传演进:  72%|########################################3               | 72/100 [12:25<04:41, 10.06s/it]
2026-03-03 15:39:55 - ERROR - 遗传演进:  73%|########################################8               | 73/100 [12:35<04:31, 10.06s/it]
2026-03-03 15:40:05 - ERROR - 遗传演进:  74%|#########################################4              | 74/100 [12:45<04:21, 10.06s/it]
2026-03-03 15:40:15 - ERROR - 遗传演进:  75%|##########################################              | 75/100 [12:55<04:11, 10.05s/it]
2026-03-03 15:40:25 - ERROR - 遗传演进:  76%|##########################################5             | 76/100 [13:05<04:01, 10.05s/it]
2026-03-03 15:40:35 - ERROR - 遗传演进:  77%|###########################################1            | 77/100 [13:15<03:51, 10.05s/it]
2026-03-03 15:40:45 - ERROR - 遗传演进:  78%|###########################################6            | 78/100 [13:25<03:41, 10.05s/it]
2026-03-03 15:40:55 - ERROR - 遗传演进:  79%|############################################2           | 79/100 [13:35<03:30, 10.04s/it]
2026-03-03 15:41:05 - ERROR - 遗传演进:  80%|############################################8           | 80/100 [13:45<03:20, 10.05s/it]
2026-03-03 15:41:15 - INFO - 代  80: 平均适应度 = -0.8528, 最佳适应度 = -0.5220
2026-03-03 15:41:15 - ERROR - 遗传演进:  81%|#############################################3          | 81/100 [13:55<03:10, 10.05s/it]
2026-03-03 15:41:25 - ERROR - 遗传演进:  82%|#############################################9          | 82/100 [14:05<03:01, 10.06s/it]
2026-03-03 15:41:35 - ERROR - 遗传演进:  83%|##############################################4         | 83/100 [14:15<02:51, 10.08s/it]
2026-03-03 15:41:45 - ERROR - 遗传演进:  84%|###############################################         | 84/100 [14:25<02:40, 10.06s/it]
2026-03-03 15:41:55 - ERROR - 遗传演进:  85%|###############################################6        | 85/100 [14:35<02:30, 10.04s/it]
2026-03-03 15:42:05 - ERROR - 遗传演进:  86%|################################################1       | 86/100 [14:45<02:19,  9.97s/it]
2026-03-03 15:42:15 - ERROR - 遗传演进:  87%|################################################7       | 87/100 [14:55<02:09,  9.98s/it]
2026-03-03 15:42:25 - ERROR - 遗传演进:  88%|#################################################2      | 88/100 [15:05<01:59,  9.99s/it]
2026-03-03 15:42:35 - ERROR - 遗传演进:  89%|#################################################8      | 89/100 [15:15<01:50, 10.01s/it]
2026-03-03 15:42:45 - ERROR - 遗传演进:  90%|##################################################4     | 90/100 [15:25<01:40, 10.02s/it]
2026-03-03 15:42:55 - INFO - 代  90: 平均适应度 = -0.7555, 最佳适应度 = -0.5162
2026-03-03 15:42:55 - ERROR - 遗传演进:  91%|##################################################9     | 91/100 [15:35<01:29,  9.96s/it]
2026-03-03 15:43:05 - ERROR - 遗传演进:  92%|###################################################5    | 92/100 [15:45<01:18,  9.85s/it]
2026-03-03 15:43:14 - ERROR - 遗传演进:  93%|####################################################    | 93/100 [15:54<01:08,  9.77s/it]
2026-03-03 15:43:24 - ERROR - 遗传演进:  94%|####################################################6   | 94/100 [16:04<00:58,  9.70s/it]
2026-03-03 15:43:33 - ERROR - 遗传演进:  95%|#####################################################2  | 95/100 [16:13<00:48,  9.66s/it]
2026-03-03 15:43:43 - ERROR - 遗传演进:  96%|#####################################################7  | 96/100 [16:23<00:38,  9.63s/it]
2026-03-03 15:43:52 - ERROR - 遗传演进:  97%|######################################################3 | 97/100 [16:32<00:28,  9.62s/it]
2026-03-03 15:44:02 - ERROR - 遗传演进:  98%|######################################################8 | 98/100 [16:42<00:19,  9.65s/it]
2026-03-03 15:44:12 - ERROR - 遗传演进:  99%|#######################################################4| 99/100 [16:52<00:09,  9.66s/it]
2026-03-03 15:44:22 - INFO - 代  99: 平均适应度 = -0.6190, 最佳适应度 = -0.5116
2026-03-03 15:44:22 - ERROR - 遗传演进: 100%|#######################################################| 100/100 [17:02<00:00,  9.79s/it]
2026-03-03 15:44:22 - ERROR - 遗传演进: 100%|#######################################################| 100/100 [17:02<00:00, 10.22s/it]
2026-03-03 15:44:22 - INFO - 
============================================================
2026-03-03 15:44:22 - INFO - 遗传算法优化完成！
2026-03-03 15:44:22 - INFO - ============================================================
2026-03-03 15:44:22 - INFO - 最佳适应度: -0.5116
2026-03-03 15:44:22 - INFO - Using categorical units to plot a list of strings that are all parsable as floats or dates. If these strings should be plotted as numbers, cast to the appropriate data type before plotting.
2026-03-03 15:44:22 - INFO - Using categorical units to plot a list of strings that are all parsable as floats or dates. If these strings should be plotted as numbers, cast to the appropriate data type before plotting.
2026-03-03 15:44:22 - ERROR - D:\Projects\AI4RFIC\example\optimization_algorithm.py:545: UserWarning: Glyph 20195 (\N{CJK UNIFIED IDEOGRAPH-4EE3}) missing from font(s) DejaVu Sans.
  plt.tight_layout()

2026-03-03 15:44:22 - ERROR - D:\Projects\AI4RFIC\example\optimization_algorithm.py:545: UserWarning: Glyph 25968 (\N{CJK UNIFIED IDEOGRAPH-6570}) missing from font(s) DejaVu Sans.
  plt.tight_layout()

2026-03-03 15:44:22 - ERROR - D:\Projects\AI4RFIC\example\optimization_algorithm.py:546: UserWarning: Glyph 20195 (\N{CJK UNIFIED IDEOGRAPH-4EE3}) missing from font(s) DejaVu Sans.
  plt.savefig(os.path.join(output_dir, 'genetic_optimization_results.png'), dpi=300, bbox_inches='tight')

2026-03-03 15:44:22 - ERROR - D:\Projects\AI4RFIC\example\optimization_algorithm.py:546: UserWarning: Glyph 25968 (\N{CJK UNIFIED IDEOGRAPH-6570}) missing from font(s) DejaVu Sans.
  plt.savefig(os.path.join(output_dir, 'genetic_optimization_results.png'), dpi=300, bbox_inches='tight')

2026-03-03 15:44:23 - INFO - 阻抗对比图已保存至 impedance_comparison.png
2026-03-03 15:44:23 - INFO - 优化结果汇总:
2026-03-03 15:44:23 - INFO -   目标频率: 8.00-12.00 GHz
2026-03-03 15:44:23 - INFO -   频点数: 5
2026-03-03 15:44:23 - INFO -   最佳适应度: -0.5116
2026-03-03 15:44:23 - INFO -   平均代价: 0.5116
2026-03-03 15:44:23 - INFO -   矩阵密度: 0.521
2026-03-03 15:44:23 - INFO - 
优化结果已保存:
2026-03-03 15:44:23 - INFO -   - JSON文件: genetic_results/result_20260303_152720\optimization_results_20260303_154423.json
2026-03-03 15:44:23 - INFO -   - 矩阵文件: genetic_results/result_20260303_152720\optimized_matrix_20260303_154423.txt
2026-03-03 15:44:23 - INFO -   - 图像文件: genetic_results/result_20260303_152720\optimized_matrix_20260303_154423.png
2026-03-03 15:44:23 - INFO - 
程序运行完成，日志已保存到: logs/training_20260303_152714.log
2026-03-03 15:44:23 - INFO - ============================================================
