2026-03-02 17:46:27 - INFO - 日志文件保存到: logs/training_20260302_174627.log
2026-03-02 17:46:27 - INFO - 选择模型类型 (1: CnnNet, 2: ResidualNet): 
2026-03-02 17:46:28 - INFO - 选择运行模式 (1: 仅训练神经网络, 2: 仅运行遗传算法, 3: 测试S参数曲线: 
2026-03-02 17:46:29 - INFO - 
==================================================
2026-03-02 17:46:29 - INFO - 创建空白模型：
2026-03-02 17:46:29 - INFO - 
==================================================
2026-03-02 17:46:29 - INFO - 
==================================================
2026-03-02 17:46:29 - INFO - 模型加载：
2026-03-02 17:46:29 - INFO - 
==================================================
2026-03-02 17:46:29 - INFO - ModelManager初始化完成，使用设备: cuda
2026-03-02 17:46:29 - INFO - 检查点目录: frequency_checkpoints/best_model.pth
2026-03-02 17:46:29 - INFO - 
============================================================
2026-03-02 17:46:29 - INFO - 启动矩阵结构遗传优化
2026-03-02 17:46:29 - INFO - ============================================================
2026-03-02 17:46:29 - INFO - 多频点优化: 5 个频点，范围 8.00 - 12.00 GHz
2026-03-02 17:46:29 - INFO - 目标反射系数示例: 0.4356+0.4625j ...
2026-03-02 17:46:29 - INFO - 矩阵遗传算法初始化完成
2026-03-02 17:46:29 - INFO - 矩阵形状: (19, 19)
2026-03-02 17:46:29 - INFO - 总像素数: 361
2026-03-02 17:46:29 - INFO - 使用设备: cuda
2026-03-02 17:46:29 - INFO - 
============================================================
2026-03-02 17:46:29 - INFO - 启动遗传算法优化
2026-03-02 17:46:29 - INFO - ============================================================
2026-03-02 17:46:29 - INFO - 目标频率: [8.0e+09 9.0e+09 1.0e+10 1.1e+10 1.2e+10] GHz
2026-03-02 17:46:29 - INFO - 目标参数: {'gamma_opt_list': [(0.4356021142838369+0.4624954638026175j), (0.40541585292679283+0.4723756815565138j), (0.3777874233576882+0.48373534250125844j), (0.35151108317739826+0.49608287888761227j), (0.3258678151005153+0.5089143148514843j)]}
2026-03-02 17:46:29 - INFO - 种群大小: 1024
2026-03-02 17:46:29 - INFO - 进化代数: 100
2026-03-02 17:46:29 - INFO - 变异率: 0.1
2026-03-02 17:46:29 - INFO - 交叉率: 0.8
2026-03-02 17:46:29 - INFO - 精英数量: 5
2026-03-02 17:46:29 - INFO - tournament_size: 256
2026-03-02 17:46:29 - INFO - ============================================================
2026-03-02 17:46:29 - INFO - 创建初始种群 (大小: 4096)...
2026-03-02 17:46:29 - ERROR - 创建种群:   0%|                                                                                                                         | 0/4096 [00:00<?, ?it/s]
2026-03-02 17:46:29 - ERROR - 创建种群: 100%|##########################################################################################################| 4096/4096 [00:00<00:00, 256018.56it/s]
2026-03-02 17:46:29 - ERROR - 遗传演进:   0%|                                                                                                                          | 0/100 [00:00<?, ?it/s]
2026-03-02 17:47:01 - INFO - 代   0: 平均适应度 = -0.7596, 最佳适应度 = -0.5131
2026-03-02 17:47:01 - ERROR - 遗传演进:   1%|#1                                                                                                                | 1/100 [00:31<52:25, 31.77s/it]
2026-03-02 17:47:08 - ERROR - 遗传演进:   2%|##2                                                                                                               | 2/100 [00:39<28:55, 17.71s/it]
2026-03-02 17:47:16 - ERROR - 遗传演进:   3%|###4                                                                                                              | 3/100 [00:47<21:22, 13.22s/it]
2026-03-02 17:47:24 - ERROR - 遗传演进:   4%|####5                                                                                                             | 4/100 [00:55<17:46, 11.11s/it]
2026-03-02 17:47:32 - ERROR - 遗传演进:   5%|#####7                                                                                                            | 5/100 [01:03<15:44,  9.94s/it]
2026-03-02 17:47:40 - ERROR - 遗传演进:   6%|######8                                                                                                           | 6/100 [01:11<14:28,  9.24s/it]
2026-03-02 17:47:48 - ERROR - 遗传演进:   7%|#######9                                                                                                          | 7/100 [01:19<13:38,  8.80s/it]
2026-03-02 17:47:56 - ERROR - 遗传演进:   8%|#########1                                                                                                        | 8/100 [01:26<13:02,  8.50s/it]
2026-03-02 17:48:04 - ERROR - 遗传演进:   9%|##########2                                                                                                       | 9/100 [01:34<12:36,  8.31s/it]
2026-03-02 17:48:12 - ERROR - 遗传演进:  10%|###########3                                                                                                     | 10/100 [01:42<12:16,  8.18s/it]
2026-03-02 17:48:19 - INFO - 代  10: 平均适应度 = -0.7135, 最佳适应度 = -0.4809
2026-03-02 17:48:19 - ERROR - 遗传演进:  11%|############4                                                                                                    | 11/100 [01:50<12:02,  8.11s/it]
2026-03-02 17:48:27 - ERROR - 遗传演进:  12%|#############5                                                                                                   | 12/100 [01:58<11:48,  8.05s/it]
2026-03-02 17:48:35 - ERROR - 遗传演进:  13%|##############6                                                                                                  | 13/100 [02:06<11:36,  8.01s/it]
2026-03-02 17:48:43 - ERROR - 遗传演进:  14%|###############8                                                                                                 | 14/100 [02:14<11:26,  7.99s/it]
2026-03-02 17:48:51 - ERROR - 遗传演进:  15%|################9                                                                                                | 15/100 [02:22<11:16,  7.96s/it]
2026-03-02 17:48:59 - ERROR - 遗传演进:  16%|##################                                                                                               | 16/100 [02:30<11:06,  7.93s/it]
2026-03-02 17:49:07 - ERROR - 遗传演进:  17%|###################2                                                                                             | 17/100 [02:38<10:57,  7.92s/it]
2026-03-02 17:49:15 - ERROR - 遗传演进:  18%|####################3                                                                                            | 18/100 [02:45<10:48,  7.90s/it]
2026-03-02 17:49:23 - ERROR - 遗传演进:  19%|#####################4                                                                                           | 19/100 [02:53<10:39,  7.90s/it]
2026-03-02 17:49:30 - ERROR - 遗传演进:  20%|######################6                                                                                          | 20/100 [03:01<10:31,  7.89s/it]
2026-03-02 17:49:38 - INFO - 代  20: 平均适应度 = -0.7080, 最佳适应度 = -0.4809
2026-03-02 17:49:38 - ERROR - 遗传演进:  21%|#######################7                                                                                         | 21/100 [03:09<10:23,  7.89s/it]
2026-03-02 17:49:46 - ERROR - 遗传演进:  22%|########################8                                                                                        | 22/100 [03:17<10:15,  7.88s/it]
2026-03-02 17:49:54 - ERROR - 遗传演进:  23%|#########################9                                                                                       | 23/100 [03:25<10:06,  7.88s/it]
2026-03-02 17:50:02 - ERROR - 遗传演进:  24%|###########################1                                                                                     | 24/100 [03:33<09:58,  7.88s/it]
2026-03-02 17:50:10 - ERROR - 遗传演进:  25%|############################2                                                                                    | 25/100 [03:41<09:51,  7.89s/it]
2026-03-02 17:50:18 - ERROR - 遗传演进:  26%|#############################3                                                                                   | 26/100 [03:48<09:43,  7.88s/it]
2026-03-02 17:50:26 - ERROR - 遗传演进:  27%|##############################5                                                                                  | 27/100 [03:56<09:35,  7.88s/it]
2026-03-02 17:50:34 - ERROR - 遗传演进:  28%|###############################6                                                                                 | 28/100 [04:04<09:28,  7.89s/it]
2026-03-02 17:50:41 - ERROR - 遗传演进:  29%|################################7                                                                                | 29/100 [04:12<09:19,  7.88s/it]
2026-03-02 17:50:49 - ERROR - 遗传演进:  30%|#################################9                                                                               | 30/100 [04:20<09:12,  7.89s/it]
2026-03-02 17:50:57 - INFO - 代  30: 平均适应度 = -0.7103, 最佳适应度 = -0.4809
2026-03-02 17:50:57 - ERROR - 遗传演进:  31%|###################################                                                                              | 31/100 [04:28<09:04,  7.89s/it]
2026-03-02 17:51:05 - ERROR - 遗传演进:  32%|####################################1                                                                            | 32/100 [04:36<08:56,  7.88s/it]
2026-03-02 17:51:13 - ERROR - 遗传演进:  33%|#####################################2                                                                           | 33/100 [04:44<08:56,  8.01s/it]
2026-03-02 17:51:21 - ERROR - 遗传演进:  34%|######################################4                                                                          | 34/100 [04:52<08:47,  8.00s/it]
2026-03-02 17:51:29 - ERROR - 遗传演进:  35%|#######################################5                                                                         | 35/100 [05:00<08:37,  7.96s/it]
2026-03-02 17:51:37 - ERROR - 遗传演进:  36%|########################################6                                                                        | 36/100 [05:08<08:29,  7.95s/it]
2026-03-02 17:51:45 - ERROR - 遗传演进:  37%|#########################################8                                                                       | 37/100 [05:16<08:20,  7.95s/it]
2026-03-02 17:51:53 - ERROR - 遗传演进:  38%|##########################################9                                                                      | 38/100 [05:24<08:12,  7.94s/it]
2026-03-02 17:52:01 - ERROR - 遗传演进:  39%|############################################                                                                     | 39/100 [05:32<08:02,  7.91s/it]
2026-03-02 17:52:09 - ERROR - 遗传演进:  40%|#############################################2                                                                   | 40/100 [05:39<07:53,  7.89s/it]
2026-03-02 17:52:17 - INFO - 代  40: 平均适应度 = -0.7103, 最佳适应度 = -0.4809
2026-03-02 17:52:17 - ERROR - 遗传演进:  41%|##############################################3                                                                  | 41/100 [05:47<07:44,  7.88s/it]
2026-03-02 17:52:24 - ERROR - 遗传演进:  42%|###############################################4                                                                 | 42/100 [05:55<07:36,  7.87s/it]
2026-03-02 17:52:32 - ERROR - 遗传演进:  43%|################################################5                                                                | 43/100 [06:03<07:28,  7.87s/it]
2026-03-02 17:52:40 - ERROR - 遗传演进:  44%|#################################################7                                                               | 44/100 [06:11<07:20,  7.87s/it]
2026-03-02 17:52:48 - ERROR - 遗传演进:  45%|##################################################8                                                              | 45/100 [06:19<07:12,  7.86s/it]
2026-03-02 17:52:56 - ERROR - 遗传演进:  46%|###################################################9                                                             | 46/100 [06:27<07:03,  7.85s/it]
2026-03-02 17:53:04 - ERROR - 遗传演进:  47%|#####################################################1                                                           | 47/100 [06:34<06:55,  7.85s/it]
2026-03-02 17:53:11 - ERROR - 遗传演进:  48%|######################################################2                                                          | 48/100 [06:42<06:47,  7.83s/it]
2026-03-02 17:53:19 - ERROR - 遗传演进:  49%|#######################################################3                                                         | 49/100 [06:50<06:38,  7.82s/it]
2026-03-02 17:53:27 - ERROR - 遗传演进:  50%|########################################################5                                                        | 50/100 [06:58<06:31,  7.83s/it]
2026-03-02 17:53:35 - INFO - 代  50: 平均适应度 = -0.7083, 最佳适应度 = -0.4809
2026-03-02 17:53:35 - ERROR - 遗传演进:  51%|#########################################################6                                                       | 51/100 [07:06<06:25,  7.87s/it]
2026-03-02 17:53:43 - ERROR - 遗传演进:  52%|##########################################################7                                                      | 52/100 [07:14<06:17,  7.87s/it]
2026-03-02 17:53:51 - ERROR - 遗传演进:  53%|###########################################################8                                                     | 53/100 [07:21<06:09,  7.87s/it]
2026-03-02 17:53:59 - ERROR - 遗传演进:  54%|#############################################################                                                    | 54/100 [07:29<06:02,  7.87s/it]
2026-03-02 17:54:07 - ERROR - 遗传演进:  55%|##############################################################1                                                  | 55/100 [07:37<05:54,  7.87s/it]
2026-03-02 17:54:14 - ERROR - 遗传演进:  56%|###############################################################2                                                 | 56/100 [07:45<05:45,  7.86s/it]
2026-03-02 17:54:22 - ERROR - 遗传演进:  57%|################################################################4                                                | 57/100 [07:53<05:37,  7.86s/it]
2026-03-02 17:54:30 - ERROR - 遗传演进:  58%|#################################################################5                                               | 58/100 [08:01<05:30,  7.86s/it]
2026-03-02 17:54:38 - ERROR - 遗传演进:  59%|##################################################################6                                              | 59/100 [08:09<05:22,  7.86s/it]
2026-03-02 17:54:46 - ERROR - 遗传演进:  60%|###################################################################8                                             | 60/100 [08:17<05:14,  7.86s/it]
2026-03-02 17:54:54 - INFO - 代  60: 平均适应度 = -0.7138, 最佳适应度 = -0.4809
2026-03-02 17:54:54 - ERROR - 遗传演进:  61%|####################################################################9                                            | 61/100 [08:24<05:06,  7.86s/it]
2026-03-02 17:55:02 - ERROR - 遗传演进:  62%|######################################################################                                           | 62/100 [08:32<04:58,  7.86s/it]
2026-03-02 17:55:09 - ERROR - 遗传演进:  63%|#######################################################################1                                         | 63/100 [08:40<04:50,  7.85s/it]
2026-03-02 17:55:17 - ERROR - 遗传演进:  64%|########################################################################3                                        | 64/100 [08:48<04:43,  7.86s/it]
2026-03-02 17:55:25 - ERROR - 遗传演进:  65%|#########################################################################4                                       | 65/100 [08:56<04:35,  7.86s/it]
2026-03-02 17:55:33 - ERROR - 遗传演进:  66%|##########################################################################5                                      | 66/100 [09:04<04:27,  7.86s/it]
2026-03-02 17:55:41 - ERROR - 遗传演进:  67%|###########################################################################7                                     | 67/100 [09:12<04:20,  7.89s/it]
2026-03-02 17:55:49 - ERROR - 遗传演进:  68%|############################################################################8                                    | 68/100 [09:19<04:11,  7.87s/it]
2026-03-02 17:55:57 - ERROR - 遗传演进:  69%|#############################################################################9                                   | 69/100 [09:27<04:03,  7.86s/it]
2026-03-02 17:56:05 - ERROR - 遗传演进:  70%|###############################################################################1                                 | 70/100 [09:35<03:56,  7.87s/it]
2026-03-02 17:56:12 - INFO - 代  70: 平均适应度 = -0.6996, 最佳适应度 = -0.4809
2026-03-02 17:56:12 - ERROR - 遗传演进:  71%|################################################################################2                                | 71/100 [09:43<03:48,  7.87s/it]
2026-03-02 17:56:20 - ERROR - 遗传演进:  72%|#################################################################################3                               | 72/100 [09:51<03:40,  7.86s/it]
2026-03-02 17:56:28 - ERROR - 遗传演进:  73%|##################################################################################4                              | 73/100 [09:59<03:32,  7.86s/it]
2026-03-02 17:56:36 - ERROR - 遗传演进:  74%|###################################################################################6                             | 74/100 [10:07<03:24,  7.85s/it]
2026-03-02 17:56:44 - ERROR - 遗传演进:  75%|####################################################################################7                            | 75/100 [10:15<03:17,  7.91s/it]
2026-03-02 17:56:52 - ERROR - 遗传演进:  76%|#####################################################################################8                           | 76/100 [10:22<03:09,  7.89s/it]
2026-03-02 17:57:00 - ERROR - 遗传演进:  77%|#######################################################################################                          | 77/100 [10:30<03:01,  7.88s/it]
2026-03-02 17:57:07 - ERROR - 遗传演进:  78%|########################################################################################1                        | 78/100 [10:38<02:52,  7.86s/it]
2026-03-02 17:57:15 - ERROR - 遗传演进:  79%|#########################################################################################2                       | 79/100 [10:46<02:44,  7.85s/it]
2026-03-02 17:57:23 - ERROR - 遗传演进:  80%|##########################################################################################4                      | 80/100 [10:54<02:36,  7.85s/it]
2026-03-02 17:57:31 - INFO - 代  80: 平均适应度 = -0.6972, 最佳适应度 = -0.4803
2026-03-02 17:57:31 - ERROR - 遗传演进:  81%|###########################################################################################5                     | 81/100 [11:02<02:29,  7.85s/it]
2026-03-02 17:57:39 - ERROR - 遗传演进:  82%|############################################################################################6                    | 82/100 [11:09<02:21,  7.84s/it]
2026-03-02 17:57:47 - ERROR - 遗传演进:  83%|#############################################################################################7                   | 83/100 [11:17<02:13,  7.85s/it]
2026-03-02 17:57:55 - ERROR - 遗传演进:  84%|##############################################################################################9                  | 84/100 [11:25<02:05,  7.84s/it]
2026-03-02 17:58:02 - ERROR - 遗传演进:  85%|################################################################################################                 | 85/100 [11:33<01:57,  7.84s/it]
2026-03-02 17:58:10 - ERROR - 遗传演进:  86%|#################################################################################################1               | 86/100 [11:41<01:49,  7.85s/it]
2026-03-02 17:58:18 - ERROR - 遗传演进:  87%|##################################################################################################3              | 87/100 [11:49<01:42,  7.85s/it]
2026-03-02 17:58:26 - ERROR - 遗传演进:  88%|###################################################################################################4             | 88/100 [11:57<01:34,  7.85s/it]
2026-03-02 17:58:34 - ERROR - 遗传演进:  89%|####################################################################################################5            | 89/100 [12:04<01:26,  7.84s/it]
2026-03-02 17:58:42 - ERROR - 遗传演进:  90%|#####################################################################################################7           | 90/100 [12:12<01:18,  7.85s/it]
2026-03-02 17:58:49 - INFO - 代  90: 平均适应度 = -0.7005, 最佳适应度 = -0.4803
2026-03-02 17:58:49 - ERROR - 遗传演进:  91%|######################################################################################################8          | 91/100 [12:20<01:10,  7.85s/it]
2026-03-02 17:58:57 - ERROR - 遗传演进:  92%|#######################################################################################################9         | 92/100 [12:28<01:02,  7.85s/it]
2026-03-02 17:59:05 - ERROR - 遗传演进:  93%|#########################################################################################################        | 93/100 [12:36<00:55,  7.86s/it]
2026-03-02 17:59:13 - ERROR - 遗传演进:  94%|##########################################################################################################2      | 94/100 [12:44<00:47,  7.87s/it]
2026-03-02 17:59:21 - ERROR - 遗传演进:  95%|###########################################################################################################3     | 95/100 [12:52<00:39,  7.86s/it]
2026-03-02 17:59:29 - ERROR - 遗传演进:  96%|############################################################################################################4    | 96/100 [12:59<00:31,  7.87s/it]
2026-03-02 17:59:37 - ERROR - 遗传演进:  97%|#############################################################################################################6   | 97/100 [13:07<00:23,  7.86s/it]
2026-03-02 17:59:45 - ERROR - 遗传演进:  98%|##############################################################################################################7  | 98/100 [13:15<00:15,  7.87s/it]
2026-03-02 17:59:52 - ERROR - 遗传演进:  99%|###############################################################################################################8 | 99/100 [13:23<00:07,  7.87s/it]
2026-03-02 18:00:00 - INFO - 代  99: 平均适应度 = -0.7029, 最佳适应度 = -0.4803
2026-03-02 18:00:00 - ERROR - 遗传演进: 100%|################################################################################################################| 100/100 [13:31<00:00,  7.88s/it]
2026-03-02 18:00:00 - ERROR - 遗传演进: 100%|################################################################################################################| 100/100 [13:31<00:00,  8.11s/it]
2026-03-02 18:00:00 - INFO - 
============================================================
2026-03-02 18:00:00 - INFO - 遗传算法优化完成！
2026-03-02 18:00:00 - INFO - ============================================================
2026-03-02 18:00:00 - INFO - 最佳适应度: -0.4803
2026-03-02 18:00:00 - INFO - Using categorical units to plot a list of strings that are all parsable as floats or dates. If these strings should be plotted as numbers, cast to the appropriate data type before plotting.
2026-03-02 18:00:00 - INFO - Using categorical units to plot a list of strings that are all parsable as floats or dates. If these strings should be plotted as numbers, cast to the appropriate data type before plotting.
2026-03-02 18:00:00 - ERROR - D:\Projects\AI4RFIC\example\optimization_algorithm.py:540: UserWarning: Glyph 20195 (\N{CJK UNIFIED IDEOGRAPH-4EE3}) missing from font(s) DejaVu Sans.
  plt.tight_layout()

2026-03-02 18:00:00 - ERROR - D:\Projects\AI4RFIC\example\optimization_algorithm.py:540: UserWarning: Glyph 25968 (\N{CJK UNIFIED IDEOGRAPH-6570}) missing from font(s) DejaVu Sans.
  plt.tight_layout()

2026-03-02 18:00:00 - ERROR - D:\Projects\AI4RFIC\example\optimization_algorithm.py:541: UserWarning: Glyph 20195 (\N{CJK UNIFIED IDEOGRAPH-4EE3}) missing from font(s) DejaVu Sans.
  plt.savefig('genetic_optimization_results.png', dpi=300, bbox_inches='tight')

2026-03-02 18:00:00 - ERROR - D:\Projects\AI4RFIC\example\optimization_algorithm.py:541: UserWarning: Glyph 25968 (\N{CJK UNIFIED IDEOGRAPH-6570}) missing from font(s) DejaVu Sans.
  plt.savefig('genetic_optimization_results.png', dpi=300, bbox_inches='tight')

2026-03-02 18:00:01 - ERROR - Traceback (most recent call last):

2026-03-02 18:00:01 - ERROR -   File "D:\Projects\AI4RFIC\example\main.py", line 598, in <module>

2026-03-02 18:00:01 - ERROR - best_matrix, best_info, best_fitness = run_genetic_optimization(
2026-03-02 18:00:01 - ERROR - ^
2026-03-02 18:00:01 - ERROR - ^
2026-03-02 18:00:01 - ERROR - ^
2026-03-02 18:00:01 - ERROR - ^
2026-03-02 18:00:01 - ERROR - ^
2026-03-02 18:00:01 - ERROR - ^
2026-03-02 18:00:01 - ERROR - ^
2026-03-02 18:00:01 - ERROR - ^
2026-03-02 18:00:01 - ERROR - ^
2026-03-02 18:00:01 - ERROR - ^
2026-03-02 18:00:01 - ERROR - ^
2026-03-02 18:00:01 - ERROR - ^
2026-03-02 18:00:01 - ERROR - ^
2026-03-02 18:00:01 - ERROR - ^
2026-03-02 18:00:01 - ERROR - ^
2026-03-02 18:00:01 - ERROR - ^
2026-03-02 18:00:01 - ERROR - ^
2026-03-02 18:00:01 - ERROR - ^
2026-03-02 18:00:01 - ERROR - ^
2026-03-02 18:00:01 - ERROR - ^
2026-03-02 18:00:01 - ERROR - ^
2026-03-02 18:00:01 - ERROR - ^
2026-03-02 18:00:01 - ERROR - ^
2026-03-02 18:00:01 - ERROR - ^
2026-03-02 18:00:01 - ERROR - ^
2026-03-02 18:00:01 - ERROR -   File "D:\Projects\AI4RFIC\example\main.py", line 469, in run_genetic_optimization

2026-03-02 18:00:01 - ERROR - save_optimization_results(best_matrix, real_csv, imag_csv, best_info, best_fitness, freqs)
2026-03-02 18:00:01 - ERROR - TypeError
2026-03-02 18:00:01 - ERROR - : 
2026-03-02 18:00:01 - ERROR - save_optimization_results() takes 4 positional arguments but 6 were given
