2026-03-03 23:00:35 - INFO - 日志文件保存到: logs/training_20260303_230035.log
2026-03-03 23:00:35 - INFO - 选择模型类型 (1: CnnNet, 2: ResidualNet): 
2026-03-03 23:00:36 - INFO - 选择运行模式 (1: 仅训练神经网络, 2: 仅运行遗传算法, 3: 测试S参数曲线: 
2026-03-03 23:00:38 - INFO - 
==================================================
2026-03-03 23:00:38 - INFO - 创建空白模型：
2026-03-03 23:00:38 - INFO - 
==================================================
2026-03-03 23:00:38 - INFO - 
==================================================
2026-03-03 23:00:38 - INFO - 模型加载：
2026-03-03 23:00:38 - INFO - 
==================================================
2026-03-03 23:00:38 - INFO - ModelManager初始化完成，使用设备: cuda
2026-03-03 23:00:38 - INFO - 检查点目录: frequency_checkpoints/best_model.pth
2026-03-03 23:00:38 - INFO - 
============================================================
2026-03-03 23:00:38 - INFO - 启动矩阵结构遗传优化
2026-03-03 23:00:38 - INFO - ============================================================
2026-03-03 23:00:38 - INFO - 输出目录: genetic_results/result_20260303_230038
2026-03-03 23:00:38 - INFO - 多频点优化: 21 个频点，范围 8.00 - 12.00 GHz
2026-03-03 23:00:38 - INFO - 目标反射系数示例: 0.4356+0.4625j ...
2026-03-03 23:00:38 - INFO - 矩阵遗传算法初始化完成
2026-03-03 23:00:38 - INFO - 矩阵形状: (19, 19)
2026-03-03 23:00:38 - INFO - 总像素数: 361
2026-03-03 23:00:38 - INFO - 使用设备: cuda
2026-03-03 23:00:38 - INFO - 
============================================================
2026-03-03 23:00:38 - INFO - 启动遗传算法优化
2026-03-03 23:00:38 - INFO - ============================================================
2026-03-03 23:00:38 - INFO - 目标频率: [8.00e+09 8.20e+09 8.40e+09 8.60e+09 8.80e+09 9.00e+09 9.20e+09 9.40e+09
 9.60e+09 9.80e+09 1.00e+10 1.02e+10 1.04e+10 1.06e+10 1.08e+10 1.10e+10
 1.12e+10 1.14e+10 1.16e+10 1.18e+10 1.20e+10] GHz
2026-03-03 23:00:38 - INFO - 目标参数: {'gamma_opt_list': [(0.4356021142838369+0.4624954638026175j), (0.4292800738713073+0.46433369128116775j), (0.42288278720938594+0.46656643548039983j), (0.4170943731517563+0.46822205387965643j), (0.41119881387433393+0.4702672497833424j), (0.40541585292679283+0.4723756815565138j), (0.3995008864882021+0.47485550815545j), (0.393906685451116+0.47707683539827633j), (0.3886222017779589+0.47904388840551737j), (0.38317469097872864+0.4813677639607559j), (0.3777874233576882+0.48373534250125844j), (0.372452716081273+0.4861424335227709j), (0.3671636442823566+0.48858485208197805j), (0.36191397852563933+0.4910584477216083j), (0.35646648883641574+0.4938498081677882j), (0.35151108317739826+0.49608287888761227j), (0.3463483753978907+0.498625778230713j), (0.34120602342341444+0.5011840102815059j), (0.3360804963166459+0.5037538743547262j), (0.33096867456138224+0.5063317924691886j), (0.3258678151005153+0.5089143148514843j)]}
2026-03-03 23:00:38 - INFO - 种群大小: 1024
2026-03-03 23:00:38 - INFO - 进化代数: 100
2026-03-03 23:00:38 - INFO - 变异率: 0.1
2026-03-03 23:00:38 - INFO - 交叉率: 0.8
2026-03-03 23:00:38 - INFO - 精英数量: 5
2026-03-03 23:00:38 - INFO - tournament_size: 128
2026-03-03 23:00:38 - INFO - ============================================================
2026-03-03 23:00:38 - INFO - 创建初始种群 (大小: 4096)...
2026-03-03 23:00:38 - ERROR - 创建种群:   0%|                                                                                         | 0/4096 [00:00<?, ?it/s]
2026-03-03 23:00:38 - ERROR - 创建种群:  82%|#############################################################3             | 3348/4096 [00:00<00:00, 33277.08it/s]
2026-03-03 23:00:38 - ERROR - 创建种群: 100%|###########################################################################| 4096/4096 [00:00<00:00, 33138.39it/s]
2026-03-03 23:00:38 - ERROR - 遗传演进:   0%|                                                                                          | 0/100 [00:00<?, ?it/s]
2026-03-03 23:03:16 - INFO - 当前代数: 0, 当前最佳适应度: -0.5912
2026-03-03 23:03:17 - INFO - 代   0: 平均适应度 = -1.7262, 最佳适应度 = -0.5912
2026-03-03 23:03:17 - ERROR - 遗传演进:   1%|7                                                                              | 1/100 [02:38<4:21:16, 158.35s/it]
2026-03-03 23:03:56 - INFO - 当前代数: 1, 当前最佳适应度: -0.5912
2026-03-03 23:03:56 - ERROR - 遗传演进:   2%|#6                                                                              | 2/100 [03:17<2:24:32, 88.49s/it]
2026-03-03 23:04:35 - INFO - 当前代数: 2, 当前最佳适应度: -0.5775
2026-03-03 23:04:36 - ERROR - 遗传演进:   3%|##4                                                                             | 3/100 [03:57<1:46:48, 66.07s/it]
2026-03-03 23:05:15 - INFO - 当前代数: 3, 当前最佳适应度: -0.5775
2026-03-03 23:05:15 - ERROR - 遗传演进:   4%|###2                                                                            | 4/100 [04:36<1:28:38, 55.40s/it]
2026-03-03 23:05:54 - INFO - 当前代数: 4, 当前最佳适应度: -0.5672
2026-03-03 23:05:54 - ERROR - 遗传演进:   5%|####                                                                            | 5/100 [05:15<1:18:24, 49.52s/it]
2026-03-03 23:06:33 - INFO - 当前代数: 5, 当前最佳适应度: -0.5672
2026-03-03 23:06:33 - ERROR - 遗传演进:   6%|####8                                                                           | 6/100 [05:54<1:11:58, 45.94s/it]
2026-03-03 23:07:12 - INFO - 当前代数: 6, 当前最佳适应度: -0.5672
2026-03-03 23:07:12 - ERROR - 遗传演进:   7%|#####6                                                                          | 7/100 [06:33<1:07:39, 43.65s/it]
2026-03-03 23:07:51 - INFO - 当前代数: 7, 当前最佳适应度: -0.5672
2026-03-03 23:07:51 - ERROR - 遗传演进:   8%|######4                                                                         | 8/100 [07:12<1:04:43, 42.21s/it]
2026-03-03 23:08:30 - INFO - 当前代数: 8, 当前最佳适应度: -0.5672
2026-03-03 23:08:30 - ERROR - 遗传演进:   9%|#######2                                                                        | 9/100 [07:51<1:02:31, 41.23s/it]
2026-03-03 23:09:09 - INFO - 当前代数: 9, 当前最佳适应度: -0.5547
2026-03-03 23:09:09 - ERROR - 遗传演进:  10%|#######9                                                                       | 10/100 [08:30<1:00:49, 40.55s/it]
2026-03-03 23:09:48 - INFO - 当前代数: 10, 当前最佳适应度: -0.5547
2026-03-03 23:09:48 - INFO - 代  10: 平均适应度 = -830.5662, 最佳适应度 = -0.5547
2026-03-03 23:09:48 - ERROR - 遗传演进:  11%|########9                                                                        | 11/100 [09:09<59:28, 40.09s/it]
2026-03-03 23:10:27 - INFO - 当前代数: 11, 当前最佳适应度: -0.5547
2026-03-03 23:10:27 - ERROR - 遗传演进:  12%|#########7                                                                       | 12/100 [09:48<58:17, 39.75s/it]
2026-03-03 23:11:06 - INFO - 当前代数: 12, 当前最佳适应度: -0.5547
2026-03-03 23:11:06 - ERROR - 遗传演进:  13%|##########5                                                                      | 13/100 [10:27<57:19, 39.53s/it]
2026-03-03 23:11:45 - INFO - 当前代数: 13, 当前最佳适应度: -0.5469
2026-03-03 23:11:45 - ERROR - 遗传演进:  14%|###########3                                                                     | 14/100 [11:06<56:26, 39.38s/it]
2026-03-03 23:12:24 - INFO - 当前代数: 14, 当前最佳适应度: -0.5469
2026-03-03 23:12:24 - ERROR - 遗传演进:  15%|############1                                                                    | 15/100 [11:45<55:40, 39.30s/it]
2026-03-03 23:13:03 - INFO - 当前代数: 15, 当前最佳适应度: -0.5469
2026-03-03 23:13:03 - ERROR - 遗传演进:  16%|############9                                                                    | 16/100 [12:24<54:57, 39.26s/it]
2026-03-03 23:13:43 - INFO - 当前代数: 16, 当前最佳适应度: -0.5469
2026-03-03 23:13:43 - ERROR - 遗传演进:  17%|#############7                                                                   | 17/100 [13:04<54:27, 39.37s/it]
2026-03-03 23:14:22 - INFO - 当前代数: 17, 当前最佳适应度: -0.5469
2026-03-03 23:14:22 - ERROR - 遗传演进:  18%|##############5                                                                  | 18/100 [13:43<53:45, 39.34s/it]
2026-03-03 23:15:01 - INFO - 当前代数: 18, 当前最佳适应度: -0.5346
2026-03-03 23:15:01 - ERROR - 遗传演进:  19%|###############3                                                                 | 19/100 [14:23<53:05, 39.32s/it]
2026-03-03 23:15:40 - INFO - 当前代数: 19, 当前最佳适应度: -0.5346
2026-03-03 23:15:40 - ERROR - 遗传演进:  20%|################2                                                                | 20/100 [15:02<52:20, 39.26s/it]
2026-03-03 23:16:19 - INFO - 当前代数: 20, 当前最佳适应度: -0.5346
2026-03-03 23:16:19 - INFO - 代  20: 平均适应度 = -804.1141, 最佳适应度 = -0.5346
2026-03-03 23:16:19 - ERROR - 遗传演进:  21%|#################                                                                | 21/100 [15:41<51:35, 39.18s/it]
2026-03-03 23:16:59 - INFO - 当前代数: 21, 当前最佳适应度: -0.5346
2026-03-03 23:16:59 - ERROR - 遗传演进:  22%|#################8                                                               | 22/100 [16:20<50:56, 39.18s/it]
2026-03-03 23:17:38 - INFO - 当前代数: 22, 当前最佳适应度: -0.5346
2026-03-03 23:17:38 - ERROR - 遗传演进:  23%|##################6                                                              | 23/100 [16:59<50:14, 39.16s/it]
2026-03-03 23:18:17 - INFO - 当前代数: 23, 当前最佳适应度: -0.5346
2026-03-03 23:18:17 - ERROR - 遗传演进:  24%|###################4                                                             | 24/100 [17:38<49:31, 39.10s/it]
2026-03-03 23:18:56 - INFO - 当前代数: 24, 当前最佳适应度: -0.5346
2026-03-03 23:18:56 - ERROR - 遗传演进:  25%|####################2                                                            | 25/100 [18:17<48:58, 39.18s/it]
2026-03-03 23:19:35 - INFO - 当前代数: 25, 当前最佳适应度: -0.5346
2026-03-03 23:19:35 - ERROR - 遗传演进:  26%|#####################                                                            | 26/100 [18:57<48:22, 39.22s/it]
2026-03-03 23:20:15 - INFO - 当前代数: 26, 当前最佳适应度: -0.5346
2026-03-03 23:20:15 - ERROR - 遗传演进:  27%|#####################8                                                           | 27/100 [19:36<47:41, 39.21s/it]
2026-03-03 23:20:54 - INFO - 当前代数: 27, 当前最佳适应度: -0.5346
2026-03-03 23:20:54 - ERROR - 遗传演进:  28%|######################6                                                          | 28/100 [20:15<47:11, 39.32s/it]
2026-03-03 23:21:34 - INFO - 当前代数: 28, 当前最佳适应度: -0.5346
2026-03-03 23:21:34 - ERROR - 遗传演进:  29%|#######################4                                                         | 29/100 [20:55<46:38, 39.42s/it]
2026-03-03 23:22:13 - INFO - 当前代数: 29, 当前最佳适应度: -0.5346
2026-03-03 23:22:13 - ERROR - 遗传演进:  30%|########################3                                                        | 30/100 [21:34<45:55, 39.37s/it]
2026-03-03 23:22:52 - INFO - 当前代数: 30, 当前最佳适应度: -0.5346
2026-03-03 23:22:52 - INFO - 代  30: 平均适应度 = -731.7207, 最佳适应度 = -0.5346
2026-03-03 23:22:52 - ERROR - 遗传演进:  31%|#########################1                                                       | 31/100 [22:13<45:11, 39.29s/it]
2026-03-03 23:23:31 - INFO - 当前代数: 31, 当前最佳适应度: -0.5346
2026-03-03 23:23:31 - ERROR - 遗传演进:  32%|#########################9                                                       | 32/100 [22:53<44:30, 39.27s/it]
2026-03-03 23:24:10 - INFO - 当前代数: 32, 当前最佳适应度: -0.5346
2026-03-03 23:24:10 - ERROR - 遗传演进:  33%|##########################7                                                      | 33/100 [23:32<43:44, 39.18s/it]
2026-03-03 23:24:50 - INFO - 当前代数: 33, 当前最佳适应度: -0.5346
2026-03-03 23:24:50 - ERROR - 遗传演进:  34%|###########################5                                                     | 34/100 [24:11<43:13, 39.30s/it]
2026-03-03 23:25:30 - INFO - 当前代数: 34, 当前最佳适应度: -0.5346
2026-03-03 23:25:30 - ERROR - 遗传演进:  35%|############################3                                                    | 35/100 [24:51<42:40, 39.40s/it]
2026-03-03 23:26:09 - INFO - 当前代数: 35, 当前最佳适应度: -0.5346
2026-03-03 23:26:09 - ERROR - 遗传演进:  36%|#############################1                                                   | 36/100 [25:30<42:06, 39.47s/it]
2026-03-03 23:26:49 - INFO - 当前代数: 36, 当前最佳适应度: -0.5346
2026-03-03 23:26:49 - ERROR - 遗传演进:  37%|#############################9                                                   | 37/100 [26:10<41:28, 39.50s/it]
2026-03-03 23:27:28 - INFO - 当前代数: 37, 当前最佳适应度: -0.5346
2026-03-03 23:27:28 - ERROR - 遗传演进:  38%|##############################7                                                  | 38/100 [26:50<40:48, 39.50s/it]
2026-03-03 23:28:08 - INFO - 当前代数: 38, 当前最佳适应度: -0.5346
2026-03-03 23:28:08 - ERROR - 遗传演进:  39%|###############################5                                                 | 39/100 [27:29<40:11, 39.54s/it]
2026-03-03 23:52:27 - INFO - 当前代数: 39, 当前最佳适应度: -0.5346
2026-03-03 23:52:27 - ERROR - 遗传演进:  40%|###############################2                                              | 40/100 [51:48<7:45:16, 465.28s/it]
2026-03-03 23:53:08 - INFO - 当前代数: 40, 当前最佳适应度: -0.5346
2026-03-03 23:53:08 - INFO - 代  40: 平均适应度 = -642.7232, 最佳适应度 = -0.5346
2026-03-03 23:53:08 - ERROR - 遗传演进:  41%|###############################9                                              | 41/100 [52:29<5:32:27, 338.10s/it]
2026-03-03 23:53:49 - INFO - 当前代数: 41, 当前最佳适应度: -0.5346
2026-03-03 23:53:49 - ERROR - 遗传演进:  42%|################################7                                             | 42/100 [53:10<4:00:36, 248.91s/it]
2026-03-03 23:54:29 - INFO - 当前代数: 42, 当前最佳适应度: -0.5346
2026-03-03 23:54:29 - ERROR - 遗传演进:  43%|#################################5                                            | 43/100 [53:50<2:57:03, 186.38s/it]
2026-03-03 23:55:09 - INFO - 当前代数: 43, 当前最佳适应度: -0.5310
2026-03-03 23:55:09 - ERROR - 遗传演进:  44%|##################################3                                           | 44/100 [54:31<2:13:02, 142.54s/it]
2026-03-03 23:55:49 - INFO - 当前代数: 44, 当前最佳适应度: -0.5310
2026-03-03 23:55:50 - ERROR - 遗传演进:  45%|###################################1                                          | 45/100 [55:11<1:42:28, 111.80s/it]
2026-03-03 23:56:29 - INFO - 当前代数: 45, 当前最佳适应度: -0.5310
2026-03-03 23:56:29 - ERROR - 遗传演进:  46%|####################################3                                          | 46/100 [55:50<1:21:08, 90.15s/it]
2026-03-03 23:57:09 - INFO - 当前代数: 46, 当前最佳适应度: -0.5310
2026-03-03 23:57:09 - ERROR - 遗传演进:  47%|#####################################1                                         | 47/100 [56:30<1:06:13, 74.96s/it]
2026-03-03 23:57:48 - INFO - 当前代数: 47, 当前最佳适应度: -0.5310
2026-03-03 23:57:48 - ERROR - 遗传演进:  48%|######################################8                                          | 48/100 [57:09<55:45, 64.33s/it]
2026-03-03 23:58:28 - INFO - 当前代数: 48, 当前最佳适应度: -0.5310
2026-03-03 23:58:28 - ERROR - 遗传演进:  49%|#######################################6                                         | 49/100 [57:49<48:22, 56.91s/it]
2026-03-03 23:59:07 - INFO - 当前代数: 49, 当前最佳适应度: -0.5310
2026-03-03 23:59:07 - ERROR - 遗传演进:  50%|########################################5                                        | 50/100 [58:29<43:06, 51.73s/it]
2026-03-03 23:59:47 - INFO - 当前代数: 50, 当前最佳适应度: -0.5310
2026-03-03 23:59:47 - INFO - 代  50: 平均适应度 = -549.9010, 最佳适应度 = -0.5310
2026-03-03 23:59:47 - ERROR - 遗传演进:  51%|#########################################3                                       | 51/100 [59:08<39:16, 48.10s/it]
2026-03-04 00:00:27 - INFO - 当前代数: 51, 当前最佳适应度: -0.5310
2026-03-04 00:00:27 - ERROR - 遗传演进:  52%|##########################################1                                      | 52/100 [59:48<36:25, 45.53s/it]
2026-03-04 00:01:06 - INFO - 当前代数: 52, 当前最佳适应度: -0.5310
2026-03-04 00:01:06 - ERROR - 遗传演进:  53%|#########################################8                                     | 53/100 [1:00:28<34:16, 43.76s/it]
2026-03-04 00:01:46 - INFO - 当前代数: 53, 当前最佳适应度: -0.5310
2026-03-04 00:01:46 - ERROR - 遗传演进:  54%|##########################################6                                    | 54/100 [1:01:07<32:35, 42.50s/it]
2026-03-04 00:02:25 - INFO - 当前代数: 54, 当前最佳适应度: -0.5310
2026-03-04 00:02:25 - ERROR - 遗传演进:  55%|###########################################4                                   | 55/100 [1:01:47<31:12, 41.61s/it]
2026-03-04 00:03:05 - INFO - 当前代数: 55, 当前最佳适应度: -0.5310
2026-03-04 00:03:05 - ERROR - 遗传演进:  56%|############################################2                                  | 56/100 [1:02:26<30:03, 40.98s/it]
2026-03-04 00:03:45 - INFO - 当前代数: 56, 当前最佳适应度: -0.5310
2026-03-04 00:03:45 - ERROR - 遗传演进:  57%|#############################################                                  | 57/100 [1:03:06<29:08, 40.67s/it]
2026-03-04 00:04:25 - INFO - 当前代数: 57, 当前最佳适应度: -0.5310
2026-03-04 00:04:25 - ERROR - 遗传演进:  58%|#############################################8                                 | 58/100 [1:03:46<28:19, 40.46s/it]
2026-03-04 00:05:05 - INFO - 当前代数: 58, 当前最佳适应度: -0.5310
2026-03-04 00:05:05 - ERROR - 遗传演进:  59%|##############################################6                                | 59/100 [1:04:26<27:33, 40.33s/it]
2026-03-04 00:05:45 - INFO - 当前代数: 59, 当前最佳适应度: -0.5310
2026-03-04 00:05:45 - ERROR - 遗传演进:  60%|###############################################4                               | 60/100 [1:05:06<26:47, 40.19s/it]
2026-03-04 00:06:24 - INFO - 当前代数: 60, 当前最佳适应度: -0.5310
2026-03-04 00:06:24 - INFO - 代  60: 平均适应度 = -516.6887, 最佳适应度 = -0.5310
2026-03-04 00:06:24 - ERROR - 遗传演进:  61%|################################################1                              | 61/100 [1:05:45<25:59, 39.99s/it]
2026-03-04 00:07:04 - INFO - 当前代数: 61, 当前最佳适应度: -0.5310
2026-03-04 00:07:04 - ERROR - 遗传演进:  62%|################################################9                              | 62/100 [1:06:25<25:14, 39.86s/it]
2026-03-04 00:07:44 - INFO - 当前代数: 62, 当前最佳适应度: -0.5310
2026-03-04 00:07:44 - ERROR - 遗传演进:  63%|#################################################7                             | 63/100 [1:07:05<24:35, 39.88s/it]
2026-03-04 00:08:23 - INFO - 当前代数: 63, 当前最佳适应度: -0.5274
2026-03-04 00:08:23 - ERROR - 遗传演进:  64%|##################################################5                            | 64/100 [1:07:44<23:52, 39.79s/it]
2026-03-04 00:09:03 - INFO - 当前代数: 64, 当前最佳适应度: -0.5274
2026-03-04 00:09:03 - ERROR - 遗传演进:  65%|###################################################3                           | 65/100 [1:08:24<23:10, 39.72s/it]
2026-03-04 00:09:42 - INFO - 当前代数: 65, 当前最佳适应度: -0.5274
2026-03-04 00:09:42 - ERROR - 遗传演进:  66%|####################################################1                          | 66/100 [1:09:04<22:29, 39.69s/it]
2026-03-04 00:10:22 - INFO - 当前代数: 66, 当前最佳适应度: -0.5274
2026-03-04 00:10:22 - ERROR - 遗传演进:  67%|####################################################9                          | 67/100 [1:09:43<21:48, 39.65s/it]
2026-03-04 00:11:01 - INFO - 当前代数: 67, 当前最佳适应度: -0.5274
2026-03-04 00:11:01 - ERROR - 遗传演进:  68%|#####################################################7                         | 68/100 [1:10:23<21:07, 39.61s/it]
2026-03-04 00:11:41 - INFO - 当前代数: 68, 当前最佳适应度: -0.5274
2026-03-04 00:11:41 - ERROR - 遗传演进:  69%|######################################################5                        | 69/100 [1:11:02<20:27, 39.59s/it]
2026-03-04 00:12:20 - INFO - 当前代数: 69, 当前最佳适应度: -0.5274
2026-03-04 00:12:21 - ERROR - 遗传演进:  70%|#######################################################3                       | 70/100 [1:11:42<19:47, 39.57s/it]
2026-03-04 00:13:00 - INFO - 当前代数: 70, 当前最佳适应度: -0.5251
2026-03-04 00:13:00 - INFO - 代  70: 平均适应度 = -383.7989, 最佳适应度 = -0.5251
2026-03-04 00:13:00 - ERROR - 遗传演进:  71%|########################################################                       | 71/100 [1:12:21<19:06, 39.52s/it]
2026-03-04 00:13:40 - INFO - 当前代数: 71, 当前最佳适应度: -0.5251
2026-03-04 00:13:40 - ERROR - 遗传演进:  72%|########################################################8                      | 72/100 [1:13:01<18:30, 39.65s/it]
2026-03-04 00:14:20 - INFO - 当前代数: 72, 当前最佳适应度: -0.5251
2026-03-04 00:14:20 - ERROR - 遗传演进:  73%|#########################################################6                     | 73/100 [1:13:41<17:53, 39.76s/it]
2026-03-04 00:15:00 - INFO - 当前代数: 73, 当前最佳适应度: -0.5251
2026-03-04 00:15:00 - ERROR - 遗传演进:  74%|##########################################################4                    | 74/100 [1:14:21<17:14, 39.80s/it]
2026-03-04 00:15:39 - INFO - 当前代数: 74, 当前最佳适应度: -0.5230
2026-03-04 00:15:39 - ERROR - 遗传演进:  75%|###########################################################2                   | 75/100 [1:15:01<16:32, 39.71s/it]
2026-03-04 00:16:19 - INFO - 当前代数: 75, 当前最佳适应度: -0.5230
2026-03-04 00:16:19 - ERROR - 遗传演进:  76%|############################################################                   | 76/100 [1:15:40<15:52, 39.68s/it]
2026-03-04 00:16:59 - INFO - 当前代数: 76, 当前最佳适应度: -0.5230
2026-03-04 00:16:59 - ERROR - 遗传演进:  77%|############################################################8                  | 77/100 [1:16:20<15:14, 39.78s/it]
2026-03-04 00:17:39 - INFO - 当前代数: 77, 当前最佳适应度: -0.5230
2026-03-04 00:17:39 - ERROR - 遗传演进:  78%|#############################################################6                 | 78/100 [1:17:00<14:37, 39.87s/it]
2026-03-04 00:18:19 - INFO - 当前代数: 78, 当前最佳适应度: -0.5230
2026-03-04 00:18:19 - ERROR - 遗传演进:  79%|##############################################################4                | 79/100 [1:17:40<13:58, 39.91s/it]
2026-03-04 00:18:59 - INFO - 当前代数: 79, 当前最佳适应度: -0.5230
2026-03-04 00:18:59 - ERROR - 遗传演进:  80%|###############################################################2               | 80/100 [1:18:20<13:18, 39.92s/it]
2026-03-04 00:19:39 - INFO - 当前代数: 80, 当前最佳适应度: -0.5229
2026-03-04 00:19:39 - INFO - 代  80: 平均适应度 = -329.0341, 最佳适应度 = -0.5229
2026-03-04 00:19:39 - ERROR - 遗传演进:  81%|###############################################################9               | 81/100 [1:19:00<12:38, 39.93s/it]
2026-03-04 00:20:19 - INFO - 当前代数: 81, 当前最佳适应度: -0.5229
2026-03-04 00:20:19 - ERROR - 遗传演进:  82%|################################################################7              | 82/100 [1:19:40<11:58, 39.93s/it]
2026-03-04 00:20:59 - INFO - 当前代数: 82, 当前最佳适应度: -0.5214
2026-03-04 00:20:59 - ERROR - 遗传演进:  83%|#################################################################5             | 83/100 [1:20:20<11:18, 39.90s/it]
2026-03-04 00:21:39 - INFO - 当前代数: 83, 当前最佳适应度: -0.5214
2026-03-04 00:21:39 - ERROR - 遗传演进:  84%|##################################################################3            | 84/100 [1:21:00<10:38, 39.91s/it]
2026-03-04 00:22:19 - INFO - 当前代数: 84, 当前最佳适应度: -0.5214
2026-03-04 00:22:19 - ERROR - 遗传演进:  85%|###################################################################1           | 85/100 [1:21:40<09:59, 39.95s/it]
2026-03-04 00:22:58 - INFO - 当前代数: 85, 当前最佳适应度: -0.5159
2026-03-04 00:22:58 - ERROR - 遗传演进:  86%|###################################################################9           | 86/100 [1:22:20<09:18, 39.89s/it]
2026-03-04 00:23:38 - INFO - 当前代数: 86, 当前最佳适应度: -0.5159
2026-03-04 00:23:38 - ERROR - 遗传演进:  87%|####################################################################7          | 87/100 [1:22:59<08:37, 39.79s/it]
2026-03-04 00:24:17 - INFO - 当前代数: 87, 当前最佳适应度: -0.5152
2026-03-04 00:24:17 - ERROR - 遗传演进:  88%|#####################################################################5         | 88/100 [1:23:39<07:56, 39.71s/it]
2026-03-04 00:24:57 - INFO - 当前代数: 88, 当前最佳适应度: -0.5149
2026-03-04 00:24:57 - ERROR - 遗传演进:  89%|######################################################################3        | 89/100 [1:24:18<07:16, 39.66s/it]
2026-03-04 00:25:36 - INFO - 当前代数: 89, 当前最佳适应度: -0.5140
2026-03-04 00:25:37 - ERROR - 遗传演进:  90%|#######################################################################1       | 90/100 [1:24:58<06:36, 39.62s/it]
2026-03-04 00:26:16 - INFO - 当前代数: 90, 当前最佳适应度: -0.5134
2026-03-04 00:26:17 - INFO - 代  90: 平均适应度 = -200.9932, 最佳适应度 = -0.5134
2026-03-04 00:26:17 - ERROR - 遗传演进:  91%|#######################################################################8       | 91/100 [1:25:38<05:57, 39.73s/it]
2026-03-04 00:26:56 - INFO - 当前代数: 91, 当前最佳适应度: -0.5115
2026-03-04 00:26:56 - ERROR - 遗传演进:  92%|########################################################################6      | 92/100 [1:26:18<05:18, 39.78s/it]
2026-03-04 00:27:36 - INFO - 当前代数: 92, 当前最佳适应度: -0.5105
2026-03-04 00:27:36 - ERROR - 遗传演进:  93%|#########################################################################4     | 93/100 [1:26:58<04:38, 39.84s/it]
2026-03-04 00:28:16 - INFO - 当前代数: 93, 当前最佳适应度: -0.5103
2026-03-04 00:28:16 - ERROR - 遗传演进:  94%|##########################################################################2    | 94/100 [1:27:38<03:59, 39.85s/it]
2026-03-04 00:28:56 - INFO - 当前代数: 94, 当前最佳适应度: -0.5103
2026-03-04 00:28:56 - ERROR - 遗传演进:  95%|###########################################################################    | 95/100 [1:28:17<03:19, 39.88s/it]
2026-03-04 00:29:36 - INFO - 当前代数: 95, 当前最佳适应度: -0.5103
2026-03-04 00:29:36 - ERROR - 遗传演进:  96%|###########################################################################8   | 96/100 [1:28:57<02:39, 39.89s/it]
2026-03-04 00:30:16 - INFO - 当前代数: 96, 当前最佳适应度: -0.5097
2026-03-04 00:30:16 - ERROR - 遗传演进:  97%|############################################################################6  | 97/100 [1:29:37<01:59, 39.91s/it]
2026-03-04 00:30:56 - INFO - 当前代数: 97, 当前最佳适应度: -0.5086
2026-03-04 00:30:56 - ERROR - 遗传演进:  98%|#############################################################################4 | 98/100 [1:30:17<01:19, 39.93s/it]
2026-03-04 00:31:36 - INFO - 当前代数: 98, 当前最佳适应度: -0.5086
2026-03-04 00:31:36 - ERROR - 遗传演进:  99%|##############################################################################2| 99/100 [1:30:57<00:39, 39.93s/it]
2026-03-04 00:32:16 - INFO - 当前代数: 99, 当前最佳适应度: -0.5073
2026-03-04 00:32:16 - INFO - 代  99: 平均适应度 = -85.5971, 最佳适应度 = -0.5073
2026-03-04 00:32:16 - ERROR - 遗传演进: 100%|##############################################################################| 100/100 [1:31:37<00:00, 39.97s/it]
2026-03-04 00:32:16 - ERROR - 遗传演进: 100%|##############################################################################| 100/100 [1:31:37<00:00, 54.98s/it]
2026-03-04 00:32:16 - INFO - 
============================================================
2026-03-04 00:32:16 - INFO - 遗传算法优化完成！
2026-03-04 00:32:16 - INFO - ============================================================
2026-03-04 00:32:16 - INFO - 最佳适应度: -0.5073
2026-03-04 00:32:16 - INFO - Using categorical units to plot a list of strings that are all parsable as floats or dates. If these strings should be plotted as numbers, cast to the appropriate data type before plotting.
2026-03-04 00:32:16 - INFO - Using categorical units to plot a list of strings that are all parsable as floats or dates. If these strings should be plotted as numbers, cast to the appropriate data type before plotting.
2026-03-04 00:32:16 - ERROR - D:\Projects\AI4RFIC\example\optimization_algorithm.py:639: UserWarning: Glyph 20195 (\N{CJK UNIFIED IDEOGRAPH-4EE3}) missing from font(s) DejaVu Sans.
  plt.tight_layout()

2026-03-04 00:32:16 - ERROR - D:\Projects\AI4RFIC\example\optimization_algorithm.py:639: UserWarning: Glyph 25968 (\N{CJK UNIFIED IDEOGRAPH-6570}) missing from font(s) DejaVu Sans.
  plt.tight_layout()

2026-03-04 00:32:16 - ERROR - D:\Projects\AI4RFIC\example\optimization_algorithm.py:640: UserWarning: Glyph 20195 (\N{CJK UNIFIED IDEOGRAPH-4EE3}) missing from font(s) DejaVu Sans.
  plt.savefig(os.path.join(output_dir, 'genetic_optimization_results.png'), dpi=300, bbox_inches='tight')

2026-03-04 00:32:16 - ERROR - D:\Projects\AI4RFIC\example\optimization_algorithm.py:640: UserWarning: Glyph 25968 (\N{CJK UNIFIED IDEOGRAPH-6570}) missing from font(s) DejaVu Sans.
  plt.savefig(os.path.join(output_dir, 'genetic_optimization_results.png'), dpi=300, bbox_inches='tight')

2026-03-04 00:32:17 - INFO - 阻抗对比图已保存至 impedance_comparison.png
2026-03-04 00:32:17 - INFO - 优化结果汇总:
2026-03-04 00:32:17 - INFO -   目标频率: 8.00-12.00 GHz
2026-03-04 00:32:17 - INFO -   频点数: 21
2026-03-04 00:32:17 - INFO -   最佳适应度: -0.5073
2026-03-04 00:32:17 - INFO -   平均代价: 0.5073
2026-03-04 00:32:17 - INFO -   矩阵密度: 0.454
2026-03-04 00:32:17 - INFO - 
优化结果已保存:
2026-03-04 00:32:17 - INFO -   - JSON文件: genetic_results/result_20260303_230038\optimization_results_20260304_003217.json
2026-03-04 00:32:17 - INFO -   - 矩阵文件: genetic_results/result_20260303_230038\optimized_matrix_20260304_003217.txt
2026-03-04 00:32:17 - INFO -   - 图像文件: genetic_results/result_20260303_230038\optimized_matrix_20260304_003217.png
2026-03-04 00:32:17 - INFO - 
程序运行完成，日志已保存到: logs/training_20260303_230035.log
2026-03-04 00:32:17 - INFO - ============================================================
