2026-03-03 09:55:27 - INFO - 日志文件保存到: logs/training_20260303_095527.log
2026-03-03 09:55:27 - INFO - 选择模型类型 (1: CnnNet, 2: ResidualNet): 
2026-03-03 09:55:30 - ERROR - Traceback (most recent call last):

2026-03-03 09:55:30 - ERROR -   File "D:\Projects\AI4RFIC\example\main.py", line 602, in <module>

2026-03-03 09:55:30 - ERROR - model_type = input("选择模型类型 (1: CnnNet, 2: ResidualNet): ").strip()
2026-03-03 09:55:30 - ERROR - ^
2026-03-03 09:55:30 - ERROR - ^
2026-03-03 09:55:30 - ERROR - ^
2026-03-03 09:55:30 - ERROR - ^
2026-03-03 09:55:30 - ERROR - ^
2026-03-03 09:55:30 - ERROR - ^
2026-03-03 09:55:30 - ERROR - ^
2026-03-03 09:55:30 - ERROR - ^
2026-03-03 09:55:30 - ERROR - ^
2026-03-03 09:55:30 - ERROR - ^
2026-03-03 09:55:30 - ERROR - ^
2026-03-03 09:55:30 - ERROR - ^
2026-03-03 09:55:30 - ERROR - ^
2026-03-03 09:55:30 - ERROR - ^
2026-03-03 09:55:30 - ERROR - ^
2026-03-03 09:55:30 - ERROR - ^
2026-03-03 09:55:30 - ERROR - ^
2026-03-03 09:55:30 - ERROR - ^
2026-03-03 09:55:30 - ERROR - ^
2026-03-03 09:55:30 - ERROR - ^
2026-03-03 09:55:30 - ERROR - ^
2026-03-03 09:55:30 - ERROR - ^
2026-03-03 09:55:30 - ERROR - ^
2026-03-03 09:55:30 - ERROR - ^
2026-03-03 09:55:30 - ERROR - ^
2026-03-03 09:55:30 - ERROR - ^
2026-03-03 09:55:30 - ERROR - ^
2026-03-03 09:55:30 - ERROR - ^
2026-03-03 09:55:30 - ERROR - ^
2026-03-03 09:55:30 - ERROR - ^
2026-03-03 09:55:30 - ERROR - ^
2026-03-03 09:55:30 - ERROR - ^
2026-03-03 09:55:30 - ERROR - ^
2026-03-03 09:55:30 - ERROR - ^
2026-03-03 09:55:30 - ERROR - ^
2026-03-03 09:55:30 - ERROR - ^
2026-03-03 09:55:30 - ERROR - ^
2026-03-03 09:55:30 - ERROR - ^
2026-03-03 09:55:30 - ERROR - ^
2026-03-03 09:55:30 - ERROR - ^
2026-03-03 09:55:30 - ERROR - ^
2026-03-03 09:55:30 - ERROR - ^
2026-03-03 09:55:30 - ERROR - ^
2026-03-03 09:55:30 - ERROR - ^
2026-03-03 09:55:30 - ERROR - ^
2026-03-03 09:55:30 - ERROR - ^
2026-03-03 09:55:30 - ERROR - ^
2026-03-03 09:55:30 - ERROR - ^
2026-03-03 09:55:30 - ERROR - ^
2026-03-03 09:55:30 - ERROR - ^
2026-03-03 09:55:30 - ERROR - ^
2026-03-03 09:55:30 - ERROR - KeyboardInterrupt
