2025-12-30 13:38:00 - INFO - 日志文件保存到: logs/training_20251230_133800.log
2025-12-30 13:38:00 - INFO - 选择模型类型 (1: CnnNet, 2: ResidualNet): 
2025-12-30 13:38:01 - INFO - 选择运行模式 (1: 仅训练神经网络, 2: 仅运行遗传算法, 3: 完整流程): 
2025-12-30 13:38:02 - INFO - === 训练神经网络仿真器 ===
2025-12-30 13:38:02 - INFO - 使用模型类型: advanced
2025-12-30 13:38:02 - INFO - 使用缓存的预处理数据集: /root/aicp-data/saved_datasets/v1
2025-12-30 13:38:02 - INFO - {'data_loaders': {'train_loader': {'batch_size': 1024, 'shuffle': False, 'num_workers': 4, 'pin_memory': True, 'drop_last': False}, 'val_loader': {'batch_size': 1024, 'shuffle': False, 'num_workers': 4, 'pin_memory': True, 'drop_last': False}, 'test_loader': {'batch_size': 1024, 'shuffle': False, 'num_workers': 4, 'pin_memory': True, 'drop_last': False}}, 'datasets': {'train_dataset': '/root/aicp-data/saved_datasets/v1/train_dataset.pkl', 'val_dataset': '/root/aicp-data/saved_datasets/v1/val_dataset.pkl', 'test_dataset': '/root/aicp-data/saved_datasets/v1/test_dataset.pkl'}, 'metadata': {'timestamp': '2025-12-30T04:24:48', 'dataset_sizes': {'train': 21000000, 'val': 6000000, 'test': 3000000}}}
2025-12-30 13:38:02 - INFO - train_dataset
2025-12-30 13:38:02 - INFO - /root/aicp-data/saved_datasets/v1/train_dataset.pkl
2025-12-30 13:38:32 - INFO - val_dataset
2025-12-30 13:38:32 - INFO - /root/aicp-data/saved_datasets/v1/val_dataset.pkl
2025-12-30 13:38:40 - INFO - test_dataset
2025-12-30 13:38:40 - INFO - /root/aicp-data/saved_datasets/v1/test_dataset.pkl
2025-12-30 13:38:44 - INFO - 数据集已从 /root/aicp-data/saved_datasets/v1 加载
2025-12-30 13:38:44 - INFO - 训练集大小: 21000000
2025-12-30 13:38:44 - INFO - 验证集大小: 6000000
2025-12-30 13:38:44 - INFO - 测试集大小: 3000000
2025-12-30 13:38:44 - INFO - 加载的data_loaders键: ['train_loader', 'val_loader', 'test_loader']
2025-12-30 13:38:44 - INFO - 加载的datasets键: ['train_dataset', 'val_dataset', 'test_dataset']
2025-12-30 13:38:44 - INFO - 训练集批次数量: 20508
2025-12-30 13:38:44 - INFO - 验证集批次数量: 5860
2025-12-30 13:38:44 - INFO - 测试集批次数量: 2930
2025-12-30 13:38:44 - INFO - 
============================================================
2025-12-30 13:38:44 - INFO - 步骤5: 创建神经网络...
2025-12-30 13:38:44 - INFO - ============================================================
2025-12-30 13:38:44 - INFO - 使用Cnn网络
2025-12-30 13:38:44 - INFO - 模型总参数: 793,512
2025-12-30 13:38:44 - INFO - 可训练参数: 793,512
2025-12-30 13:38:44 - INFO - 
============================================================
2025-12-30 13:38:44 - INFO - 步骤6: 训练...
2025-12-30 13:38:44 - INFO - ============================================================
2025-12-30 13:38:44 - INFO - ModelManager初始化完成，使用设备: cuda
2025-12-30 13:38:44 - INFO - 检查点目录: ./frequency_checkpoints
2025-12-30 13:38:45 - ERROR - /home/hhabu/miniconda/envs/myenv/lib/python3.11/site-packages/torch/optim/lr_scheduler.py:62: UserWarning: The verbose parameter is deprecated. Please use get_last_lr() to access the learning rate.
  warnings.warn(

2025-12-30 13:38:45 - INFO - 训练组件设置完成:
2025-12-30 13:38:45 - INFO - 使用优化器: AdamW
2025-12-30 13:38:45 - INFO - 损失函数: 加权MSE (权重: None)
2025-12-30 13:38:45 - INFO - 使用调度器: ReduceLROnPlateau
2025-12-30 13:38:45 - INFO - 初始学习率: 0.001
2025-12-30 13:38:45 - INFO - 未找到检查点，开始新的训练
2025-12-30 13:38:45 - INFO - 
开始训练，总共 100 个epochs
2025-12-30 13:38:45 - INFO - ================================================================================
2025-12-30 13:42:29 - INFO - Epoch 0: 保存最佳模型 (损失: 0.001579)
2025-12-30 13:42:29 - INFO - Epoch    0: Train Loss = 0.005636, Val Loss = 0.001579, LR = 1.00e-03
2025-12-30 13:42:29 - INFO - 检查点已保存: ./frequency_checkpoints/checkpoint_epoch_0.pth (Epoch 0)
2025-12-30 13:42:29 - INFO - ./frequency_checkpoints/checkpoint_epoch_0.pth
2025-12-30 13:46:11 - INFO - Epoch 1: 保存最佳模型 (损失: 0.000930)
2025-12-30 13:49:54 - INFO - Epoch 2: 保存最佳模型 (损失: 0.000857)
2025-12-30 13:53:38 - INFO - Epoch 3: 保存最佳模型 (损失: 0.000774)
2025-12-30 13:57:22 - INFO - Epoch 4: 保存最佳模型 (损失: 0.000472)
2025-12-30 14:01:05 - INFO - Epoch 5: 保存最佳模型 (损失: 0.000354)
2025-12-30 14:04:49 - INFO - Epoch 6: 保存最佳模型 (损失: 0.000300)
2025-12-30 14:30:52 - INFO - Epoch 13: 保存最佳模型 (损失: 0.000173)
2025-12-30 14:56:54 - INFO - Epoch 20: 保存最佳模型 (损失: 0.000156)
2025-12-30 14:56:54 - INFO - Epoch   20: Train Loss = 0.000278, Val Loss = 0.000156, LR = 6.40e-04
2025-12-30 15:00:37 - INFO - Epoch 21: 保存最佳模型 (损失: 0.000127)
2025-12-30 15:08:03 - INFO - Epoch 23: 保存最佳模型 (损失: 0.000123)
2025-12-30 15:15:28 - INFO - Epoch 25: 保存最佳模型 (损失: 0.000113)
2025-12-30 15:22:54 - INFO - Epoch 27: 保存最佳模型 (损失: 0.000090)
2025-12-30 15:48:53 - INFO - Epoch 34: 保存最佳模型 (损失: 0.000087)
2025-12-30 16:03:45 - INFO - Epoch 38: 保存最佳模型 (损失: 0.000084)
2025-12-30 16:07:27 - INFO - Epoch 39: 保存最佳模型 (损失: 0.000077)
2025-12-30 16:11:10 - INFO - Epoch   40: Train Loss = 0.000194, Val Loss = 0.000103, LR = 5.12e-04
2025-12-30 16:37:08 - INFO - Epoch 47: 保存最佳模型 (损失: 0.000062)
2025-12-30 16:44:34 - INFO - Epoch 49: 保存最佳模型 (损失: 0.000061)
2025-12-30 16:48:16 - INFO - 检查点已保存: ./frequency_checkpoints/checkpoint_epoch_50.pth (Epoch 50)
2025-12-30 16:48:16 - INFO - ./frequency_checkpoints/checkpoint_epoch_50.pth
2025-12-30 17:14:26 - INFO - Epoch 57: 保存最佳模型 (损失: 0.000060)
2025-12-30 17:21:54 - INFO - Epoch 59: 保存最佳模型 (损失: 0.000060)
2025-12-30 17:25:37 - INFO - Epoch   60: Train Loss = 0.000116, Val Loss = 0.000254, LR = 3.28e-04
2025-12-30 17:40:32 - INFO - Epoch 64: 保存最佳模型 (损失: 0.000053)
2025-12-30 18:06:38 - INFO - Epoch 71: 保存最佳模型 (损失: 0.000047)
2025-12-30 18:21:31 - INFO - Epoch 75: 保存最佳模型 (损失: 0.000044)
2025-12-30 18:40:05 - INFO - Epoch   80: Train Loss = 0.000095, Val Loss = 0.000585, LR = 2.62e-04
2025-12-30 19:02:24 - INFO - Epoch 86: 保存最佳模型 (损失: 0.000037)
2025-12-30 19:50:40 - INFO - Epoch   99: Train Loss = 0.000046, Val Loss = 0.000053, LR = 1.34e-04
2025-12-30 19:50:40 - INFO - 检查点已保存: ./frequency_checkpoints/checkpoint_epoch_99.pth (Epoch 99)
2025-12-30 19:50:40 - INFO - ./frequency_checkpoints/checkpoint_epoch_99.pth
2025-12-30 19:50:40 - INFO - ================================================================================
2025-12-30 19:50:40 - INFO - 训练完成！最佳验证损失: 0.000037
2025-12-30 19:50:40 - ERROR - /home/hhabu/work_src/DL_IOMN_src/example/train.py:610: FutureWarning: You are using `torch.load` with `weights_only=False` (the current default value), which uses the default pickle module implicitly. It is possible to construct malicious pickle data which will execute arbitrary code during unpickling (See https://github.com/pytorch/pytorch/blob/main/SECURITY.md#untrusted-models for more details). In a future release, the default value for `weights_only` will be flipped to `True`. This limits the functions that could be executed during unpickling. Arbitrary objects will no longer be allowed to be loaded via this mode unless they are explicitly allowlisted by the user via `torch.serialization.add_safe_globals`. We recommend you start setting `weights_only=True` for any use case where you don't have full control of the loaded file. Please open an issue on GitHub for any issues related to this experimental feature.
  self.model.load_state_dict(torch.load(best_model_path))

2025-12-30 19:50:40 - INFO - 已加载最佳模型
2025-12-30 19:50:40 - INFO - 
============================================================
2025-12-30 19:50:40 - INFO - 步骤7: 在测试集上评估模型性能...
2025-12-30 19:50:40 - INFO - ============================================================
2025-12-30 19:50:53 - INFO - 训练历史图已保存到: plots/training_history.png
2025-12-30 19:50:53 - INFO - ???????????????????????????????????2
2025-12-30 19:50:53 - INFO - ???????????????????????????????????1
2025-12-30 19:50:55 - INFO - ???????????????????????????????????4
2025-12-30 20:02:57 - INFO - 散点对比图已保存到: plots/scatter_comparison.png
2025-12-30 20:02:57 - INFO - ???????????????????????????????????5
2025-12-30 20:02:57 - INFO - ???????????????????????????????????3
2025-12-30 20:03:01 - INFO - 残差分布图已保存到: plots/residual_distribution.png
2025-12-30 20:04:36 - INFO - 频率分析图已保存到: plots/frequency_analysis.png
2025-12-30 20:04:36 - INFO - 开始生成可视化报告...
2025-12-30 20:04:36 - INFO - 1. 生成训练历史图...
2025-12-30 20:04:36 - INFO - ???????????????????????????????????2
2025-12-30 20:04:37 - INFO - 2. 生成散点对比图...
2025-12-30 20:04:39 - INFO - ???????????????????????????????????4
2025-12-30 20:04:39 - INFO - ???????????????????????????????????5
2025-12-30 20:12:57 - INFO - 3. 生成残差分布图...
2025-12-30 20:13:02 - INFO - 4. 生成频率分析图...
2025-12-30 20:14:07 - INFO - 5. 生成汇总报告...
2025-12-30 20:14:08 - INFO - 汇总报告已保存到: plots/comprehensive_report/summary_report.txt
2025-12-30 20:14:08 - INFO - ================================================================================
模型训练与评估汇总报告
================================================================================

生成时间: 2025-12-30 20:14:07

----------------------------------------
训练过程信息
----------------------------------------
总训练轮数: 100
最终训练损失: 0.000046
最终验证损失: 0.000053
最佳验证损失: 0.000037

----------------------------------------
整体测试性能
----------------------------------------
R² 分数: 0.998461
平均绝对误差 (MAE): 0.003464
均方根误差 (RMSE): 0.005999

----------------------------------------
各S参数详细性能
----------------------------------------

S11_real:
  R²: 0.999770
  MAE: 0.003458
  平均相对误差: 4.95%

S11_imag:
  R²: 0.997110
  MAE: 0.005118
  平均相对误差: 56.21%

S21_real:
  R²: 0.999885
  MAE: 0.001679
  平均相对误差: 1568.47%

S21_imag:
  R²: 0.997165
  MAE: 0.003248
  平均相对误差: 1244.42%

S12_real:
  R²: 0.999885
  MAE: 0.001679
  平均相对误差: 1568.46%

S12_imag:
  R²: 0.997165
  MAE: 0.003248
  平均相对误差: 1244.42%

S22_real:
  R²: 0.999782
  MAE: 0.003885
  平均相对误差: 7.53%

S22_imag:
  R²: 0.996832
  MAE: 0.005420
  平均相对误差: 66.91%
2025-12-30 20:14:08 - INFO - 可视化报告生成完成!
2025-12-30 20:14:08 - INFO - 
============================================================
2025-12-30 20:14:08 - INFO - 评估结果 - 测试集
2025-12-30 20:14:08 - INFO - ============================================================
2025-12-30 20:14:08 - INFO - 
整体指标:
2025-12-30 20:14:08 - INFO -   R²: 0.998461
2025-12-30 20:14:08 - INFO -   MAE: 0.003464
2025-12-30 20:14:08 - INFO -   RMSE: 0.005999
2025-12-30 20:14:08 - INFO -   MSE: 0.000036
2025-12-30 20:14:08 - INFO - 
各S参数指标:
2025-12-30 20:14:08 - INFO - 
S11_real:
2025-12-30 20:14:08 - INFO -   R²: 0.9998
2025-12-30 20:14:08 - INFO -   MAE: 0.003458
2025-12-30 20:14:08 - INFO -   RMSE: 0.006715
2025-12-30 20:14:08 - INFO -   平均相对误差: 4.95%
2025-12-30 20:14:08 - INFO - 
S11_imag:
2025-12-30 20:14:08 - INFO -   R²: 0.9971
2025-12-30 20:14:08 - INFO -   MAE: 0.005118
2025-12-30 20:14:08 - INFO -   RMSE: 0.007142
2025-12-30 20:14:08 - INFO -   平均相对误差: 56.21%
2025-12-30 20:14:08 - INFO - 
S21_real:
2025-12-30 20:14:08 - INFO -   R²: 0.9999
2025-12-30 20:14:08 - INFO -   MAE: 0.001679
2025-12-30 20:14:08 - INFO -   RMSE: 0.004508
2025-12-30 20:14:08 - INFO -   平均相对误差: 1568.47%
2025-12-30 20:14:08 - INFO - 
S21_imag:
2025-12-30 20:14:08 - INFO -   R²: 0.9972
2025-12-30 20:14:08 - INFO -   MAE: 0.003248
2025-12-30 20:14:08 - INFO -   RMSE: 0.005170
2025-12-30 20:14:08 - INFO -   平均相对误差: 1244.42%
2025-12-30 20:14:08 - INFO - 
S12_real:
2025-12-30 20:14:08 - INFO -   R²: 0.9999
2025-12-30 20:14:08 - INFO -   MAE: 0.001679
2025-12-30 20:14:08 - INFO -   RMSE: 0.004508
2025-12-30 20:14:08 - INFO -   平均相对误差: 1568.46%
2025-12-30 20:14:08 - INFO - 
S12_imag:
2025-12-30 20:14:08 - INFO -   R²: 0.9972
2025-12-30 20:14:08 - INFO -   MAE: 0.003248
2025-12-30 20:14:08 - INFO -   RMSE: 0.005170
2025-12-30 20:14:08 - INFO -   平均相对误差: 1244.42%
2025-12-30 20:14:08 - INFO - 
S22_real:
2025-12-30 20:14:08 - INFO -   R²: 0.9998
2025-12-30 20:14:08 - INFO -   MAE: 0.003885
2025-12-30 20:14:08 - INFO -   RMSE: 0.006529
2025-12-30 20:14:08 - INFO -   平均相对误差: 7.53%
2025-12-30 20:14:08 - INFO - 
S22_imag:
2025-12-30 20:14:08 - INFO -   R²: 0.9968
2025-12-30 20:14:08 - INFO -   MAE: 0.005420
2025-12-30 20:14:08 - INFO -   RMSE: 0.007507
2025-12-30 20:14:08 - INFO -   平均相对误差: 66.91%
2025-12-30 20:14:08 - INFO - 
============================================================
2025-12-30 20:14:08 - INFO - 评估测试集中所有样本的误差
2025-12-30 20:14:08 - INFO - ============================================================
2025-12-30 20:14:47 - INFO - 
============================================================
2025-12-30 20:14:47 - INFO - 测试集误差统计分析
2025-12-30 20:14:47 - INFO - ============================================================
2025-12-30 20:15:06 - INFO - 
S11_real 误差统计:
2025-12-30 20:15:06 - INFO -   最小误差: 0.00%
2025-12-30 20:15:06 - INFO -   最大误差: 254780.66%
2025-12-30 20:15:06 - INFO -   平均误差: 4.95%
2025-12-30 20:15:06 - INFO -   中位数误差: 0.42%
2025-12-30 20:15:06 - INFO -   误差标准差: 291.67%
2025-12-30 20:15:06 - INFO -   95%分位数: 13.87%
2025-12-30 20:15:06 - INFO - 
S11_imag 误差统计:
2025-12-30 20:15:06 - INFO -   最小误差: 0.00%
2025-12-30 20:15:06 - INFO -   最大误差: 3440277.25%
2025-12-30 20:15:06 - INFO -   平均误差: 56.21%
2025-12-30 20:15:06 - INFO -   中位数误差: 7.52%
2025-12-30 20:15:06 - INFO -   误差标准差: 3986.94%
2025-12-30 20:15:06 - INFO -   95%分位数: 92.53%
2025-12-30 20:15:06 - INFO - 
S21_real 误差统计:
2025-12-30 20:15:06 - INFO -   最小误差: 0.00%
2025-12-30 20:15:06 - INFO -   最大误差: 84200808.00%
2025-12-30 20:15:06 - INFO -   平均误差: 1568.53%
2025-12-30 20:15:06 - INFO -   中位数误差: 25.57%
2025-12-30 20:15:06 - INFO -   误差标准差: 74226.64%
2025-12-30 20:15:06 - INFO -   95%分位数: 570.08%
2025-12-30 20:15:06 - INFO - 
S21_imag 误差统计:
2025-12-30 20:15:06 - INFO -   最小误差: 0.00%
2025-12-30 20:15:06 - INFO -   最大误差: 23299466.00%
2025-12-30 20:15:06 - INFO -   平均误差: 1244.44%
2025-12-30 20:15:06 - INFO -   中位数误差: 9.07%
2025-12-30 20:15:06 - INFO -   误差标准差: 57409.98%
2025-12-30 20:15:06 - INFO -   95%分位数: 305.45%
2025-12-30 20:15:06 - INFO - 
S12_real 误差统计:
2025-12-30 20:15:06 - INFO -   最小误差: 0.00%
2025-12-30 20:15:06 - INFO -   最大误差: 84196016.00%
2025-12-30 20:15:06 - INFO -   平均误差: 1568.52%
2025-12-30 20:15:06 - INFO -   中位数误差: 25.57%
2025-12-30 20:15:06 - INFO -   误差标准差: 74224.83%
2025-12-30 20:15:06 - INFO -   95%分位数: 570.08%
2025-12-30 20:15:06 - INFO - 
S12_imag 误差统计:
2025-12-30 20:15:06 - INFO -   最小误差: 0.00%
2025-12-30 20:15:06 - INFO -   最大误差: 23299466.00%
2025-12-30 20:15:06 - INFO -   平均误差: 1244.44%
2025-12-30 20:15:06 - INFO -   中位数误差: 9.07%
2025-12-30 20:15:06 - INFO -   误差标准差: 57410.03%
2025-12-30 20:15:06 - INFO -   95%分位数: 305.45%
2025-12-30 20:15:06 - INFO - 
S22_real 误差统计:
2025-12-30 20:15:06 - INFO -   最小误差: 0.00%
2025-12-30 20:15:06 - INFO -   最大误差: 1769717.38%
2025-12-30 20:15:06 - INFO -   平均误差: 7.53%
2025-12-30 20:15:06 - INFO -   中位数误差: 0.48%
2025-12-30 20:15:06 - INFO -   误差标准差: 1457.65%
2025-12-30 20:15:06 - INFO -   95%分位数: 13.84%
2025-12-30 20:15:06 - INFO - 
S22_imag 误差统计:
2025-12-30 20:15:06 - INFO -   最小误差: 0.00%
2025-12-30 20:15:06 - INFO -   最大误差: 6645978.00%
2025-12-30 20:15:06 - INFO -   平均误差: 66.91%
2025-12-30 20:15:06 - INFO -   中位数误差: 8.19%
2025-12-30 20:15:06 - INFO -   误差标准差: 7731.86%
2025-12-30 20:15:06 - INFO -   95%分位数: 102.85%
2025-12-30 20:15:08 - INFO - 
============================================================
2025-12-30 20:15:08 - INFO - 样本误差极值分析
2025-12-30 20:15:08 - INFO - ============================================================
2025-12-30 20:15:08 - INFO - 
🎯 最佳预测样本 (索引: 2877604):
2025-12-30 20:15:08 - INFO -   平均相对误差: 0.14%
2025-12-30 20:15:08 - INFO -   频率: 25.4 GHz
2025-12-30 20:15:08 - INFO - 
⚠️ 最差预测样本 (索引: 2795970):
2025-12-30 20:15:08 - INFO -   平均相对误差: 21049608.00%
2025-12-30 20:15:08 - INFO -   频率: 10.0 GHz
2025-12-30 20:15:52 - INFO - 误差分布图已保存到: error_distribution.png
2025-12-30 20:15:52 - INFO - 最终模型已保存: final_frequency_model.pth
2025-12-30 20:15:52 - INFO - 最佳验证损失: 0.000037
2025-12-30 20:17:20 - INFO - ##############

2025-12-30 20:17:20 - INFO - 
================================================================================
2025-12-30 20:17:20 - INFO - 神经网络模型训练总结
2025-12-30 20:17:20 - INFO - ================================================================================
2025-12-30 20:17:20 - INFO - 
📈 训练过程:
2025-12-30 20:17:20 - INFO -   训练轮数: 100
2025-12-30 20:17:20 - INFO -   最终训练损失: 0.000046
2025-12-30 20:17:20 - INFO -   最终验证损失: 0.000053
2025-12-30 20:17:20 - INFO -   最佳验证损失: 0.000037
2025-12-30 20:17:20 - INFO - 
📊 训练集评估结果:
2025-12-30 20:17:20 - INFO -   整体R²: 0.9984
2025-12-30 20:17:20 - INFO -   整体MAE: 0.003314
2025-12-30 20:17:20 - INFO -   整体RMSE: 0.005977
2025-12-30 20:17:20 - INFO - 
📊 测试集评估结果:
2025-12-30 20:17:20 - INFO -   整体R²: 0.9985
2025-12-30 20:17:20 - INFO -   整体MAE: 0.003464
2025-12-30 20:17:20 - INFO -   整体RMSE: 0.005999
2025-12-30 20:17:20 - INFO - 
🎯 各S参数表现对比:
2025-12-30 20:17:20 - INFO -   S11_real: 训练集R²=0.9998, 测试集R²=0.9998
2025-12-30 20:17:20 - INFO -   S11_imag: 训练集R²=0.9971, 测试集R²=0.9971
2025-12-30 20:17:20 - INFO -   S21_real: 训练集R²=0.9999, 测试集R²=0.9999
2025-12-30 20:17:20 - INFO -   S21_imag: 训练集R²=0.9972, 测试集R²=0.9972
2025-12-30 20:17:20 - INFO -   S12_real: 训练集R²=0.9999, 测试集R²=0.9999
2025-12-30 20:17:20 - INFO -   S12_imag: 训练集R²=0.9972, 测试集R²=0.9972
2025-12-30 20:17:20 - INFO -   S22_real: 训练集R²=0.9998, 测试集R²=0.9998
2025-12-30 20:17:20 - INFO -   S22_imag: 训练集R²=0.9968, 测试集R²=0.9968
2025-12-30 20:17:20 - INFO - 
================================================================================
2025-12-30 20:17:25 - INFO - 
程序运行完成，日志已保存到: logs/training_20251230_133800.log
2025-12-30 20:17:25 - INFO - ============================================================
