2026-03-02 19:20:34 - INFO - 日志文件保存到: logs/training_20260302_192034.log
2026-03-02 19:20:34 - INFO - 选择模型类型 (1: CnnNet, 2: ResidualNet): 
2026-03-02 19:20:36 - INFO - 选择运行模式 (1: 仅训练神经网络, 2: 仅运行遗传算法, 3: 测试S参数曲线: 
2026-03-02 19:20:38 - INFO - 
==================================================
2026-03-02 19:20:38 - INFO - 创建空白模型：
2026-03-02 19:20:38 - INFO - 
==================================================
2026-03-02 19:20:38 - INFO - 
==================================================
2026-03-02 19:20:38 - INFO - 模型加载：
2026-03-02 19:20:38 - INFO - 
==================================================
2026-03-02 19:20:38 - INFO - ModelManager初始化完成，使用设备: cuda
2026-03-02 19:20:38 - INFO - 检查点目录: frequency_checkpoints/best_model.pth
2026-03-02 19:20:38 - INFO - 
============================================================
2026-03-02 19:20:38 - INFO - 启动矩阵结构遗传优化
2026-03-02 19:20:38 - INFO - ============================================================
2026-03-02 19:20:38 - INFO - 多频点优化: 5 个频点，范围 8.00 - 12.00 GHz
2026-03-02 19:20:38 - INFO - 目标反射系数示例: 0.4356+0.4625j ...
2026-03-02 19:20:38 - INFO - 矩阵遗传算法初始化完成
2026-03-02 19:20:38 - INFO - 矩阵形状: (19, 19)
2026-03-02 19:20:38 - INFO - 总像素数: 361
2026-03-02 19:20:38 - INFO - 使用设备: cuda
2026-03-02 19:20:38 - INFO - 
============================================================
2026-03-02 19:20:38 - INFO - 启动遗传算法优化
2026-03-02 19:20:38 - INFO - ============================================================
2026-03-02 19:20:38 - INFO - 目标频率: [8.0e+09 9.0e+09 1.0e+10 1.1e+10 1.2e+10] GHz
2026-03-02 19:20:38 - INFO - 目标参数: {'gamma_opt_list': [(0.4356021142838369+0.4624954638026175j), (0.40541585292679283+0.4723756815565138j), (0.3777874233576882+0.48373534250125844j), (0.35151108317739826+0.49608287888761227j), (0.3258678151005153+0.5089143148514843j)]}
2026-03-02 19:20:38 - INFO - 种群大小: 1024
2026-03-02 19:20:38 - INFO - 进化代数: 100
2026-03-02 19:20:38 - INFO - 变异率: 0.1
2026-03-02 19:20:38 - INFO - 交叉率: 0.8
2026-03-02 19:20:38 - INFO - 精英数量: 5
2026-03-02 19:20:38 - INFO - tournament_size: 256
2026-03-02 19:20:38 - INFO - ============================================================
2026-03-02 19:20:38 - INFO - 创建初始种群 (大小: 4096)...
2026-03-02 19:20:38 - ERROR - 创建种群:   0%|                                                                                                                                                | 0/4096 [00:00<?, ?it/s]
2026-03-02 19:20:38 - ERROR - 创建种群: 100%|#################################################################################################################################| 4096/4096 [00:00<00:00, 240793.15it/s]
2026-03-02 19:20:38 - ERROR - 遗传演进:   0%|                                                                                                                                                 | 0/100 [00:00<?, ?it/s]
2026-03-02 19:21:10 - INFO - 代   0: 平均适应度 = -0.7596, 最佳适应度 = -0.5131
2026-03-02 19:21:10 - ERROR - 遗传演进:   1%|#3                                                                                                                                       | 1/100 [00:32<53:23, 32.36s/it]
2026-03-02 19:21:18 - ERROR - 遗传演进:   2%|##7                                                                                                                                      | 2/100 [00:40<29:21, 17.98s/it]
2026-03-02 19:21:26 - ERROR - 遗传演进:   3%|####1                                                                                                                                    | 3/100 [00:48<21:40, 13.40s/it]
2026-03-02 19:21:34 - ERROR - 遗传演进:   4%|#####4                                                                                                                                   | 4/100 [00:56<18:05, 11.30s/it]
2026-03-02 19:21:42 - ERROR - 遗传演进:   5%|######8                                                                                                                                  | 5/100 [01:04<16:00, 10.11s/it]
2026-03-02 19:21:50 - ERROR - 遗传演进:   6%|########2                                                                                                                                | 6/100 [01:12<14:38,  9.34s/it]
2026-03-02 19:21:58 - ERROR - 遗传演进:   7%|#########5                                                                                                                               | 7/100 [01:20<13:54,  8.97s/it]
2026-03-02 19:22:08 - ERROR - 遗传演进:   8%|##########9                                                                                                                              | 8/100 [01:29<13:59,  9.13s/it]
2026-03-02 19:22:17 - ERROR - 遗传演进:   9%|############3                                                                                                                            | 9/100 [01:39<14:00,  9.24s/it]
2026-03-02 19:22:27 - ERROR - 遗传演进:  10%|#############6                                                                                                                          | 10/100 [01:48<14:03,  9.37s/it]
2026-03-02 19:22:37 - INFO - 代  10: 平均适应度 = -0.7135, 最佳适应度 = -0.4809
2026-03-02 19:22:37 - ERROR - 遗传演进:  11%|##############9                                                                                                                         | 11/100 [01:58<14:03,  9.47s/it]
2026-03-02 19:22:46 - ERROR - 遗传演进:  12%|################3                                                                                                                       | 12/100 [02:08<13:53,  9.47s/it]
2026-03-02 19:22:55 - ERROR - 遗传演进:  13%|#################6                                                                                                                      | 13/100 [02:17<13:38,  9.41s/it]
2026-03-02 19:23:04 - ERROR - 遗传演进:  14%|###################                                                                                                                     | 14/100 [02:26<13:11,  9.21s/it]
2026-03-02 19:23:12 - ERROR - 遗传演进:  15%|####################4                                                                                                                   | 15/100 [02:34<12:38,  8.92s/it]
2026-03-02 19:23:21 - ERROR - 遗传演进:  16%|#####################7                                                                                                                  | 16/100 [02:43<12:22,  8.83s/it]
2026-03-02 19:23:30 - ERROR - 遗传演进:  17%|#######################1                                                                                                                | 17/100 [02:52<12:22,  8.94s/it]
2026-03-02 19:23:39 - ERROR - 遗传演进:  18%|########################4                                                                                                               | 18/100 [03:00<12:03,  8.82s/it]
2026-03-02 19:23:47 - ERROR - 遗传演进:  19%|#########################8                                                                                                              | 19/100 [03:09<11:45,  8.71s/it]
2026-03-02 19:23:56 - ERROR - 遗传演进:  20%|###########################2                                                                                                            | 20/100 [03:17<11:28,  8.61s/it]
2026-03-02 19:24:04 - INFO - 代  20: 平均适应度 = -0.7080, 最佳适应度 = -0.4809
2026-03-02 19:24:04 - ERROR - 遗传演进:  21%|############################5                                                                                                           | 21/100 [03:25<11:13,  8.53s/it]
2026-03-02 19:24:13 - ERROR - 遗传演进:  22%|#############################9                                                                                                          | 22/100 [03:35<11:18,  8.70s/it]
2026-03-02 19:24:22 - ERROR - 遗传演进:  23%|###############################2                                                                                                        | 23/100 [03:44<11:26,  8.91s/it]
2026-03-02 19:24:32 - ERROR - 遗传演进:  24%|################################6                                                                                                       | 24/100 [03:53<11:23,  9.00s/it]
2026-03-02 19:24:41 - ERROR - 遗传演进:  25%|##################################                                                                                                      | 25/100 [04:03<11:23,  9.11s/it]
2026-03-02 19:24:50 - ERROR - 遗传演进:  26%|###################################3                                                                                                    | 26/100 [04:12<11:19,  9.18s/it]
2026-03-02 19:24:59 - ERROR - 遗传演进:  27%|####################################7                                                                                                   | 27/100 [04:21<11:08,  9.15s/it]
2026-03-02 19:25:09 - ERROR - 遗传演进:  28%|######################################                                                                                                  | 28/100 [04:30<11:01,  9.19s/it]
2026-03-02 19:25:18 - ERROR - 遗传演进:  29%|#######################################4                                                                                                | 29/100 [04:39<10:53,  9.20s/it]
2026-03-02 19:25:27 - ERROR - 遗传演进:  30%|########################################8                                                                                               | 30/100 [04:49<10:45,  9.23s/it]
2026-03-02 19:25:36 - INFO - 代  30: 平均适应度 = -0.7103, 最佳适应度 = -0.4809
2026-03-02 19:25:36 - ERROR - 遗传演进:  31%|##########################################1                                                                                             | 31/100 [04:57<10:16,  8.93s/it]
2026-03-02 19:25:43 - ERROR - 遗传演进:  32%|###########################################5                                                                                            | 32/100 [05:05<09:47,  8.64s/it]
2026-03-02 19:25:53 - ERROR - 遗传演进:  33%|############################################8                                                                                           | 33/100 [05:14<09:53,  8.86s/it]
2026-03-02 19:26:02 - ERROR - 遗传演进:  34%|##############################################2                                                                                         | 34/100 [05:24<09:53,  8.99s/it]
2026-03-02 19:26:12 - ERROR - 遗传演进:  35%|###############################################5                                                                                        | 35/100 [05:33<09:55,  9.17s/it]
2026-03-02 19:26:21 - ERROR - 遗传演进:  36%|################################################9                                                                                       | 36/100 [05:43<09:50,  9.22s/it]
2026-03-02 19:26:30 - ERROR - 遗传演进:  37%|##################################################3                                                                                     | 37/100 [05:52<09:41,  9.22s/it]
2026-03-02 19:26:40 - ERROR - 遗传演进:  38%|###################################################6                                                                                    | 38/100 [06:01<09:32,  9.23s/it]
2026-03-02 19:26:49 - ERROR - 遗传演进:  39%|#####################################################                                                                                   | 39/100 [06:10<09:24,  9.25s/it]
2026-03-02 19:26:58 - ERROR - 遗传演进:  40%|######################################################4                                                                                 | 40/100 [06:20<09:16,  9.27s/it]
2026-03-02 19:27:08 - INFO - 代  40: 平均适应度 = -0.7103, 最佳适应度 = -0.4809
2026-03-02 19:27:08 - ERROR - 遗传演进:  41%|#######################################################7                                                                                | 41/100 [06:29<09:07,  9.29s/it]
2026-03-02 19:27:17 - ERROR - 遗传演进:  42%|#########################################################1                                                                              | 42/100 [06:38<08:58,  9.28s/it]
2026-03-02 19:27:26 - ERROR - 遗传演进:  43%|##########################################################4                                                                             | 43/100 [06:48<08:48,  9.28s/it]
2026-03-02 19:27:35 - ERROR - 遗传演进:  44%|###########################################################8                                                                            | 44/100 [06:57<08:38,  9.26s/it]
2026-03-02 19:27:44 - ERROR - 遗传演进:  45%|#############################################################2                                                                          | 45/100 [07:06<08:28,  9.24s/it]
2026-03-02 19:27:54 - ERROR - 遗传演进:  46%|##############################################################5                                                                         | 46/100 [07:15<08:20,  9.26s/it]
2026-03-02 19:28:03 - ERROR - 遗传演进:  47%|###############################################################9                                                                        | 47/100 [07:25<08:12,  9.29s/it]
2026-03-02 19:28:12 - ERROR - 遗传演进:  48%|#################################################################2                                                                      | 48/100 [07:34<08:02,  9.28s/it]
2026-03-02 19:28:22 - ERROR - 遗传演进:  49%|##################################################################6                                                                     | 49/100 [07:43<07:51,  9.25s/it]
2026-03-02 19:28:31 - ERROR - 遗传演进:  50%|####################################################################                                                                    | 50/100 [07:52<07:42,  9.25s/it]
2026-03-02 19:28:40 - INFO - 代  50: 平均适应度 = -0.7083, 最佳适应度 = -0.4809
2026-03-02 19:28:40 - ERROR - 遗传演进:  51%|#####################################################################3                                                                  | 51/100 [08:02<07:34,  9.28s/it]
2026-03-02 19:28:49 - ERROR - 遗传演进:  52%|######################################################################7                                                                 | 52/100 [08:11<07:25,  9.29s/it]
2026-03-02 19:28:59 - ERROR - 遗传演进:  53%|########################################################################                                                                | 53/100 [08:20<07:16,  9.28s/it]
2026-03-02 19:29:08 - ERROR - 遗传演进:  54%|#########################################################################4                                                              | 54/100 [08:29<07:06,  9.27s/it]
2026-03-02 19:29:17 - ERROR - 遗传演进:  55%|##########################################################################8                                                             | 55/100 [08:39<06:57,  9.27s/it]
2026-03-02 19:29:27 - ERROR - 遗传演进:  56%|############################################################################1                                                           | 56/100 [08:48<06:48,  9.28s/it]
2026-03-02 19:29:36 - ERROR - 遗传演进:  57%|#############################################################################5                                                          | 57/100 [08:57<06:37,  9.24s/it]
2026-03-02 19:29:45 - ERROR - 遗传演进:  58%|##############################################################################8                                                         | 58/100 [09:06<06:28,  9.26s/it]
2026-03-02 19:29:54 - ERROR - 遗传演进:  59%|################################################################################2                                                       | 59/100 [09:16<06:18,  9.24s/it]
2026-03-02 19:30:03 - ERROR - 遗传演进:  60%|#################################################################################6                                                      | 60/100 [09:25<06:10,  9.26s/it]
2026-03-02 19:30:13 - INFO - 代  60: 平均适应度 = -0.7138, 最佳适应度 = -0.4809
2026-03-02 19:30:13 - ERROR - 遗传演进:  61%|##################################################################################9                                                     | 61/100 [09:34<06:01,  9.27s/it]
2026-03-02 19:30:22 - ERROR - 遗传演进:  62%|####################################################################################3                                                   | 62/100 [09:44<05:52,  9.27s/it]
2026-03-02 19:30:31 - ERROR - 遗传演进:  63%|#####################################################################################6                                                  | 63/100 [09:53<05:43,  9.28s/it]
2026-03-02 19:30:41 - ERROR - 遗传演进:  64%|#######################################################################################                                                 | 64/100 [10:02<05:33,  9.25s/it]
2026-03-02 19:30:50 - ERROR - 遗传演进:  65%|########################################################################################4                                               | 65/100 [10:11<05:24,  9.27s/it]
2026-03-02 19:30:59 - ERROR - 遗传演进:  66%|#########################################################################################7                                              | 66/100 [10:21<05:16,  9.30s/it]
2026-03-02 19:31:08 - ERROR - 遗传演进:  67%|###########################################################################################1                                            | 67/100 [10:30<05:06,  9.27s/it]
2026-03-02 19:31:18 - ERROR - 遗传演进:  68%|############################################################################################4                                           | 68/100 [10:39<04:56,  9.28s/it]
2026-03-02 19:31:27 - ERROR - 遗传演进:  69%|#############################################################################################8                                          | 69/100 [10:49<04:49,  9.33s/it]
2026-03-02 19:31:36 - ERROR - 遗传演进:  70%|###############################################################################################1                                        | 70/100 [10:58<04:37,  9.24s/it]
2026-03-02 19:31:45 - INFO - 代  70: 平均适应度 = -0.6996, 最佳适应度 = -0.4809
2026-03-02 19:31:45 - ERROR - 遗传演进:  71%|################################################################################################5                                       | 71/100 [11:06<04:20,  8.99s/it]
2026-03-02 19:31:55 - ERROR - 遗传演进:  72%|#################################################################################################9                                      | 72/100 [11:16<04:20,  9.29s/it]
2026-03-02 19:32:04 - ERROR - 遗传演进:  73%|###################################################################################################2                                    | 73/100 [11:25<04:11,  9.32s/it]
2026-03-02 19:32:13 - ERROR - 遗传演进:  74%|####################################################################################################6                                   | 74/100 [11:35<04:02,  9.33s/it]
2026-03-02 19:32:23 - ERROR - 遗传演进:  75%|######################################################################################################                                  | 75/100 [11:44<03:52,  9.32s/it]
2026-03-02 19:32:32 - ERROR - 遗传演进:  76%|#######################################################################################################3                                | 76/100 [11:53<03:42,  9.28s/it]
2026-03-02 19:32:41 - ERROR - 遗传演进:  77%|########################################################################################################7                               | 77/100 [12:02<03:32,  9.24s/it]
2026-03-02 19:32:50 - ERROR - 遗传演进:  78%|##########################################################################################################                              | 78/100 [12:12<03:22,  9.21s/it]
2026-03-02 19:32:59 - ERROR - 遗传演进:  79%|###########################################################################################################4                            | 79/100 [12:21<03:14,  9.26s/it]
2026-03-02 19:33:09 - ERROR - 遗传演进:  80%|############################################################################################################8                           | 80/100 [12:30<03:04,  9.25s/it]
2026-03-02 19:33:18 - INFO - 代  80: 平均适应度 = -0.6972, 最佳适应度 = -0.4803
2026-03-02 19:33:18 - ERROR - 遗传演进:  81%|##############################################################################################################1                         | 81/100 [12:39<02:55,  9.24s/it]
2026-03-02 19:33:26 - ERROR - 遗传演进:  82%|###############################################################################################################5                        | 82/100 [12:48<02:40,  8.92s/it]
2026-03-02 19:33:34 - ERROR - 遗传演进:  83%|################################################################################################################8                       | 83/100 [12:56<02:28,  8.76s/it]
2026-03-02 19:33:43 - ERROR - 遗传演进:  84%|##################################################################################################################2                     | 84/100 [13:05<02:20,  8.78s/it]
2026-03-02 19:33:53 - ERROR - 遗传演进:  85%|###################################################################################################################6                    | 85/100 [13:14<02:13,  8.91s/it]
2026-03-02 19:34:02 - ERROR - 遗传演进:  86%|####################################################################################################################9                   | 86/100 [13:23<02:06,  9.06s/it]
2026-03-02 19:34:11 - ERROR - 遗传演进:  87%|######################################################################################################################3                 | 87/100 [13:33<01:58,  9.13s/it]
2026-03-02 19:34:21 - ERROR - 遗传演进:  88%|#######################################################################################################################6                | 88/100 [13:42<01:50,  9.19s/it]
2026-03-02 19:34:30 - ERROR - 遗传演进:  89%|#########################################################################################################################               | 89/100 [13:51<01:41,  9.25s/it]
2026-03-02 19:34:39 - ERROR - 遗传演进:  90%|##########################################################################################################################4             | 90/100 [14:01<01:32,  9.28s/it]
2026-03-02 19:34:49 - INFO - 代  90: 平均适应度 = -0.7005, 最佳适应度 = -0.4803
2026-03-02 19:34:49 - ERROR - 遗传演进:  91%|###########################################################################################################################7            | 91/100 [14:10<01:23,  9.31s/it]
2026-03-02 19:34:58 - ERROR - 遗传演进:  92%|#############################################################################################################################1          | 92/100 [14:19<01:14,  9.26s/it]
2026-03-02 19:35:07 - ERROR - 遗传演进:  93%|##############################################################################################################################4         | 93/100 [14:29<01:04,  9.26s/it]
2026-03-02 19:35:16 - ERROR - 遗传演进:  94%|###############################################################################################################################8        | 94/100 [14:38<00:55,  9.28s/it]
2026-03-02 19:35:26 - ERROR - 遗传演进:  95%|#################################################################################################################################2      | 95/100 [14:47<00:46,  9.28s/it]
2026-03-02 19:35:35 - ERROR - 遗传演进:  96%|##################################################################################################################################5     | 96/100 [14:56<00:37,  9.27s/it]
2026-03-02 19:35:44 - ERROR - 遗传演进:  97%|###################################################################################################################################9    | 97/100 [15:06<00:27,  9.28s/it]
2026-03-02 19:35:53 - ERROR - 遗传演进:  98%|#####################################################################################################################################2  | 98/100 [15:15<00:18,  9.26s/it]
2026-03-02 19:36:03 - ERROR - 遗传演进:  99%|######################################################################################################################################6 | 99/100 [15:24<00:09,  9.24s/it]
2026-03-02 19:36:11 - INFO - 代  99: 平均适应度 = -0.7029, 最佳适应度 = -0.4803
2026-03-02 19:36:11 - ERROR - 遗传演进: 100%|#######################################################################################################################################| 100/100 [15:33<00:00,  9.09s/it]
2026-03-02 19:36:11 - ERROR - 遗传演进: 100%|#######################################################################################################################################| 100/100 [15:33<00:00,  9.33s/it]
2026-03-02 19:36:11 - INFO - 
============================================================
2026-03-02 19:36:11 - INFO - 遗传算法优化完成！
2026-03-02 19:36:11 - INFO - ============================================================
2026-03-02 19:36:11 - INFO - 最佳适应度: -0.4803
2026-03-02 19:36:11 - INFO - Using categorical units to plot a list of strings that are all parsable as floats or dates. If these strings should be plotted as numbers, cast to the appropriate data type before plotting.
2026-03-02 19:36:11 - INFO - Using categorical units to plot a list of strings that are all parsable as floats or dates. If these strings should be plotted as numbers, cast to the appropriate data type before plotting.
2026-03-02 19:36:11 - ERROR - D:\Projects\AI4RFIC\example\optimization_algorithm.py:540: UserWarning: Glyph 20195 (\N{CJK UNIFIED IDEOGRAPH-4EE3}) missing from font(s) DejaVu Sans.
  plt.tight_layout()

2026-03-02 19:36:11 - ERROR - D:\Projects\AI4RFIC\example\optimization_algorithm.py:540: UserWarning: Glyph 25968 (\N{CJK UNIFIED IDEOGRAPH-6570}) missing from font(s) DejaVu Sans.
  plt.tight_layout()

2026-03-02 19:36:12 - ERROR - D:\Projects\AI4RFIC\example\optimization_algorithm.py:541: UserWarning: Glyph 20195 (\N{CJK UNIFIED IDEOGRAPH-4EE3}) missing from font(s) DejaVu Sans.
  plt.savefig('genetic_optimization_results.png', dpi=300, bbox_inches='tight')

2026-03-02 19:36:12 - ERROR - D:\Projects\AI4RFIC\example\optimization_algorithm.py:541: UserWarning: Glyph 25968 (\N{CJK UNIFIED IDEOGRAPH-6570}) missing from font(s) DejaVu Sans.
  plt.savefig('genetic_optimization_results.png', dpi=300, bbox_inches='tight')

2026-03-02 19:36:12 - INFO - 优化结果汇总:
2026-03-02 19:36:12 - INFO -   目标频率: 8.00-12.00 GHz
2026-03-02 19:36:12 - INFO -   频点数: 5
2026-03-02 19:36:12 - INFO -   最佳适应度: -0.4803
2026-03-02 19:36:12 - INFO -   平均代价: 0.4803
2026-03-02 19:36:12 - INFO -   矩阵密度: 0.515
2026-03-02 19:36:12 - INFO - 
优化结果已保存:
2026-03-02 19:36:12 - INFO -   - JSON文件: optimization_results_20260302_193612.json
2026-03-02 19:36:12 - INFO -   - 矩阵文件: optimized_matrix_20260302_193612.txt
2026-03-02 19:36:12 - INFO -   - 图像文件: optimized_matrix_20260302_193612.png
2026-03-02 19:36:12 - INFO - 
程序运行完成，日志已保存到: logs/training_20260302_192034.log
2026-03-02 19:36:12 - INFO - ============================================================
