2026-03-02 17:26:06 - INFO - 日志文件保存到: logs/training_20260302_172606.log
2026-03-02 17:26:06 - INFO - 选择模型类型 (1: CnnNet, 2: ResidualNet): 
2026-03-02 17:26:07 - INFO - 选择运行模式 (1: 仅训练神经网络, 2: 仅运行遗传算法, 3: 测试S参数曲线: 
2026-03-02 17:26:09 - INFO - 
==================================================
2026-03-02 17:26:09 - INFO - 创建空白模型：
2026-03-02 17:26:09 - INFO - 
==================================================
2026-03-02 17:26:09 - INFO - 
==================================================
2026-03-02 17:26:09 - INFO - 模型加载：
2026-03-02 17:26:09 - INFO - 
==================================================
2026-03-02 17:26:09 - INFO - ModelManager初始化完成，使用设备: cuda
2026-03-02 17:26:09 - INFO - 检查点目录: frequency_checkpoints/best_model.pth
2026-03-02 17:26:09 - INFO - 
============================================================
2026-03-02 17:26:09 - INFO - 启动矩阵结构遗传优化
2026-03-02 17:26:09 - INFO - ============================================================
2026-03-02 17:26:09 - ERROR - Traceback (most recent call last):

2026-03-02 17:26:09 - ERROR -   File "D:\Projects\AI4RFIC\example\main.py", line 598, in <module>

2026-03-02 17:26:09 - ERROR - best_matrix, best_info, best_fitness = run_genetic_optimization(
2026-03-02 17:26:09 - ERROR - ^
2026-03-02 17:26:09 - ERROR - ^
2026-03-02 17:26:09 - ERROR - ^
2026-03-02 17:26:09 - ERROR - ^
2026-03-02 17:26:09 - ERROR - ^
2026-03-02 17:26:09 - ERROR - ^
2026-03-02 17:26:09 - ERROR - ^
2026-03-02 17:26:09 - ERROR - ^
2026-03-02 17:26:09 - ERROR - ^
2026-03-02 17:26:09 - ERROR - ^
2026-03-02 17:26:09 - ERROR - ^
2026-03-02 17:26:09 - ERROR - ^
2026-03-02 17:26:09 - ERROR - ^
2026-03-02 17:26:09 - ERROR - ^
2026-03-02 17:26:09 - ERROR - ^
2026-03-02 17:26:09 - ERROR - ^
2026-03-02 17:26:09 - ERROR - ^
2026-03-02 17:26:09 - ERROR - ^
2026-03-02 17:26:09 - ERROR - ^
2026-03-02 17:26:09 - ERROR - ^
2026-03-02 17:26:09 - ERROR - ^
2026-03-02 17:26:09 - ERROR - ^
2026-03-02 17:26:09 - ERROR - ^
2026-03-02 17:26:09 - ERROR - ^
2026-03-02 17:26:09 - ERROR - ^
2026-03-02 17:26:09 - ERROR -   File "D:\Projects\AI4RFIC\example\main.py", line 409, in run_genetic_optimization

2026-03-02 17:26:09 - ERROR - data_real = np.loadtxt(real_csv, delimiter='\t', skiprows=1)  # 用户数据用tab分隔，有表头
2026-03-02 17:26:09 - ERROR - ^
2026-03-02 17:26:09 - ERROR - ^
2026-03-02 17:26:09 - ERROR - ^
2026-03-02 17:26:09 - ERROR - ^
2026-03-02 17:26:09 - ERROR - ^
2026-03-02 17:26:09 - ERROR - ^
2026-03-02 17:26:09 - ERROR - ^
2026-03-02 17:26:09 - ERROR - ^
2026-03-02 17:26:09 - ERROR - ^
2026-03-02 17:26:09 - ERROR - ^
2026-03-02 17:26:09 - ERROR - ^
2026-03-02 17:26:09 - ERROR - ^
2026-03-02 17:26:09 - ERROR - ^
2026-03-02 17:26:09 - ERROR - ^
2026-03-02 17:26:09 - ERROR - ^
2026-03-02 17:26:09 - ERROR - ^
2026-03-02 17:26:09 - ERROR - ^
2026-03-02 17:26:09 - ERROR - ^
2026-03-02 17:26:09 - ERROR - ^
2026-03-02 17:26:09 - ERROR - ^
2026-03-02 17:26:09 - ERROR - ^
2026-03-02 17:26:09 - ERROR - ^
2026-03-02 17:26:09 - ERROR - ^
2026-03-02 17:26:09 - ERROR - ^
2026-03-02 17:26:09 - ERROR - ^
2026-03-02 17:26:09 - ERROR - ^
2026-03-02 17:26:09 - ERROR - ^
2026-03-02 17:26:09 - ERROR - ^
2026-03-02 17:26:09 - ERROR - ^
2026-03-02 17:26:09 - ERROR - ^
2026-03-02 17:26:09 - ERROR - ^
2026-03-02 17:26:09 - ERROR - ^
2026-03-02 17:26:09 - ERROR - ^
2026-03-02 17:26:09 - ERROR - ^
2026-03-02 17:26:09 - ERROR - ^
2026-03-02 17:26:09 - ERROR - ^
2026-03-02 17:26:09 - ERROR - ^
2026-03-02 17:26:09 - ERROR - ^
2026-03-02 17:26:09 - ERROR - ^
2026-03-02 17:26:09 - ERROR - ^
2026-03-02 17:26:09 - ERROR - ^
2026-03-02 17:26:09 - ERROR - ^
2026-03-02 17:26:09 - ERROR - ^
2026-03-02 17:26:09 - ERROR - ^
2026-03-02 17:26:09 - ERROR - ^
2026-03-02 17:26:09 - ERROR - ^
2026-03-02 17:26:09 - ERROR - ^
2026-03-02 17:26:09 - ERROR - ^
2026-03-02 17:26:09 - ERROR -   File "D:\Projects\AI4RFIC\.venv\Lib\site-packages\numpy\lib\_npyio_impl.py", line 1384, in loadtxt

2026-03-02 17:26:09 - ERROR - arr = _read(fname, dtype=dtype, comment=comment, delimiter=delimiter,
2026-03-02 17:26:09 - ERROR - ^
2026-03-02 17:26:09 - ERROR - ^
2026-03-02 17:26:09 - ERROR - ^
2026-03-02 17:26:09 - ERROR - ^
2026-03-02 17:26:09 - ERROR - ^
2026-03-02 17:26:09 - ERROR - ^
2026-03-02 17:26:09 - ERROR - ^
2026-03-02 17:26:09 - ERROR - ^
2026-03-02 17:26:09 - ERROR - ^
2026-03-02 17:26:09 - ERROR - ^
2026-03-02 17:26:09 - ERROR - ^
2026-03-02 17:26:09 - ERROR - ^
2026-03-02 17:26:09 - ERROR - ^
2026-03-02 17:26:09 - ERROR - ^
2026-03-02 17:26:09 - ERROR - ^
2026-03-02 17:26:09 - ERROR - ^
2026-03-02 17:26:09 - ERROR - ^
2026-03-02 17:26:09 - ERROR - ^
2026-03-02 17:26:09 - ERROR - ^
2026-03-02 17:26:09 - ERROR - ^
2026-03-02 17:26:09 - ERROR - ^
2026-03-02 17:26:09 - ERROR - ^
2026-03-02 17:26:09 - ERROR - ^
2026-03-02 17:26:09 - ERROR - ^
2026-03-02 17:26:09 - ERROR - ^
2026-03-02 17:26:09 - ERROR - ^
2026-03-02 17:26:09 - ERROR - ^
2026-03-02 17:26:09 - ERROR - ^
2026-03-02 17:26:09 - ERROR - ^
2026-03-02 17:26:09 - ERROR - ^
2026-03-02 17:26:09 - ERROR - ^
2026-03-02 17:26:09 - ERROR - ^
2026-03-02 17:26:09 - ERROR - ^
2026-03-02 17:26:09 - ERROR - ^
2026-03-02 17:26:09 - ERROR - ^
2026-03-02 17:26:09 - ERROR - ^
2026-03-02 17:26:09 - ERROR - ^
2026-03-02 17:26:09 - ERROR - ^
2026-03-02 17:26:09 - ERROR - ^
2026-03-02 17:26:09 - ERROR - ^
2026-03-02 17:26:09 - ERROR - ^
2026-03-02 17:26:09 - ERROR - ^
2026-03-02 17:26:09 - ERROR - ^
2026-03-02 17:26:09 - ERROR - ^
2026-03-02 17:26:09 - ERROR - ^
2026-03-02 17:26:09 - ERROR - ^
2026-03-02 17:26:09 - ERROR - ^
2026-03-02 17:26:09 - ERROR - ^
2026-03-02 17:26:09 - ERROR - ^
2026-03-02 17:26:09 - ERROR - ^
2026-03-02 17:26:09 - ERROR - ^
2026-03-02 17:26:09 - ERROR - ^
2026-03-02 17:26:09 - ERROR - ^
2026-03-02 17:26:09 - ERROR - ^
2026-03-02 17:26:09 - ERROR - ^
2026-03-02 17:26:09 - ERROR - ^
2026-03-02 17:26:09 - ERROR - ^
2026-03-02 17:26:09 - ERROR - ^
2026-03-02 17:26:09 - ERROR - ^
2026-03-02 17:26:09 - ERROR - ^
2026-03-02 17:26:09 - ERROR - ^
2026-03-02 17:26:09 - ERROR - ^
2026-03-02 17:26:09 - ERROR - ^
2026-03-02 17:26:09 - ERROR -   File "D:\Projects\AI4RFIC\.venv\Lib\site-packages\numpy\lib\_npyio_impl.py", line 1035, in _read

2026-03-02 17:26:09 - ERROR - arr = _load_from_filelike(
2026-03-02 17:26:09 - ERROR - ^
2026-03-02 17:26:09 - ERROR - ^
2026-03-02 17:26:09 - ERROR - ^
2026-03-02 17:26:09 - ERROR - ^
2026-03-02 17:26:09 - ERROR - ^
2026-03-02 17:26:09 - ERROR - ^
2026-03-02 17:26:09 - ERROR - ^
2026-03-02 17:26:09 - ERROR - ^
2026-03-02 17:26:09 - ERROR - ^
2026-03-02 17:26:09 - ERROR - ^
2026-03-02 17:26:09 - ERROR - ^
2026-03-02 17:26:09 - ERROR - ^
2026-03-02 17:26:09 - ERROR - ^
2026-03-02 17:26:09 - ERROR - ^
2026-03-02 17:26:09 - ERROR - ^
2026-03-02 17:26:09 - ERROR - ^
2026-03-02 17:26:09 - ERROR - ^
2026-03-02 17:26:09 - ERROR - ^
2026-03-02 17:26:09 - ERROR - ^
2026-03-02 17:26:09 - ERROR - ^
2026-03-02 17:26:09 - ERROR - ValueError
2026-03-02 17:26:09 - ERROR - : 
2026-03-02 17:26:09 - ERROR - could not convert string '100000000,68.22325893956832' to float64 at row 0, column 1.
