2026-03-02 17:25:33 - INFO - 日志文件保存到: logs/training_20260302_172533.log
2026-03-02 17:25:33 - INFO - 选择模型类型 (1: CnnNet, 2: ResidualNet): 
2026-03-02 17:25:59 - INFO - 选择运行模式 (1: 仅训练神经网络, 2: 仅运行遗传算法, 3: 测试S参数曲线: 
2026-03-02 17:26:02 - ERROR - Traceback (most recent call last):

2026-03-02 17:26:02 - ERROR -   File "D:\Projects\AI4RFIC\example\main.py", line 573, in <module>

2026-03-02 17:26:02 - ERROR - mode = input("选择运行模式 (1: 仅训练神经网络, 2: 仅运行遗传算法, 3: 测试S参数曲线: ")
2026-03-02 17:26:02 - ERROR - ^
2026-03-02 17:26:02 - ERROR - ^
2026-03-02 17:26:02 - ERROR - ^
2026-03-02 17:26:02 - ERROR - ^
2026-03-02 17:26:02 - ERROR - ^
2026-03-02 17:26:02 - ERROR - ^
2026-03-02 17:26:02 - ERROR - ^
2026-03-02 17:26:02 - ERROR - ^
2026-03-02 17:26:02 - ERROR - ^
2026-03-02 17:26:02 - ERROR - ^
2026-03-02 17:26:02 - ERROR - ^
2026-03-02 17:26:02 - ERROR - ^
2026-03-02 17:26:02 - ERROR - ^
2026-03-02 17:26:02 - ERROR - ^
2026-03-02 17:26:02 - ERROR - ^
2026-03-02 17:26:02 - ERROR - ^
2026-03-02 17:26:02 - ERROR - ^
2026-03-02 17:26:02 - ERROR - ^
2026-03-02 17:26:02 - ERROR - ^
2026-03-02 17:26:02 - ERROR - ^
2026-03-02 17:26:02 - ERROR - ^
2026-03-02 17:26:02 - ERROR - ^
2026-03-02 17:26:02 - ERROR - ^
2026-03-02 17:26:02 - ERROR - ^
2026-03-02 17:26:02 - ERROR - ^
2026-03-02 17:26:02 - ERROR - ^
2026-03-02 17:26:02 - ERROR - ^
2026-03-02 17:26:02 - ERROR - ^
2026-03-02 17:26:02 - ERROR - ^
2026-03-02 17:26:02 - ERROR - ^
2026-03-02 17:26:02 - ERROR - ^
2026-03-02 17:26:02 - ERROR - ^
2026-03-02 17:26:02 - ERROR - ^
2026-03-02 17:26:02 - ERROR - ^
2026-03-02 17:26:02 - ERROR - ^
2026-03-02 17:26:02 - ERROR - ^
2026-03-02 17:26:02 - ERROR - ^
2026-03-02 17:26:02 - ERROR - ^
2026-03-02 17:26:02 - ERROR - ^
2026-03-02 17:26:02 - ERROR - ^
2026-03-02 17:26:02 - ERROR - ^
2026-03-02 17:26:02 - ERROR - ^
2026-03-02 17:26:02 - ERROR - ^
2026-03-02 17:26:02 - ERROR - ^
2026-03-02 17:26:02 - ERROR - ^
2026-03-02 17:26:02 - ERROR - ^
2026-03-02 17:26:02 - ERROR - ^
2026-03-02 17:26:02 - ERROR - ^
2026-03-02 17:26:02 - ERROR - ^
2026-03-02 17:26:02 - ERROR - ^
2026-03-02 17:26:02 - ERROR - ^
2026-03-02 17:26:02 - ERROR - ^
2026-03-02 17:26:02 - ERROR - ^
2026-03-02 17:26:02 - ERROR - ^
2026-03-02 17:26:02 - ERROR - ^
2026-03-02 17:26:02 - ERROR - ^
2026-03-02 17:26:02 - ERROR - ^
2026-03-02 17:26:02 - ERROR - ^
2026-03-02 17:26:02 - ERROR - ^
2026-03-02 17:26:02 - ERROR - ^
2026-03-02 17:26:02 - ERROR - ^
2026-03-02 17:26:02 - ERROR - ^
2026-03-02 17:26:02 - ERROR - ^
2026-03-02 17:26:02 - ERROR - ^
2026-03-02 17:26:02 - ERROR - ^
2026-03-02 17:26:02 - ERROR - ^
2026-03-02 17:26:02 - ERROR - ^
2026-03-02 17:26:02 - ERROR - ^
2026-03-02 17:26:02 - ERROR - ^
2026-03-02 17:26:02 - ERROR - ^
2026-03-02 17:26:02 - ERROR - ^
2026-03-02 17:26:02 - ERROR - ^
2026-03-02 17:26:02 - ERROR - ^
2026-03-02 17:26:02 - ERROR - ^
2026-03-02 17:26:02 - ERROR - ^
2026-03-02 17:26:02 - ERROR - ^
2026-03-02 17:26:02 - ERROR - ^
2026-03-02 17:26:02 - ERROR - ^
2026-03-02 17:26:02 - ERROR - ^
2026-03-02 17:26:02 - ERROR - KeyboardInterrupt
