2025-12-31 11:18:59 - INFO - 日志文件保存到: logs/training_20251231_111859.log
2025-12-31 11:18:59 - INFO - 选择模型类型 (1: CnnNet, 2: ResidualNet): 
2025-12-31 11:19:00 - INFO - 选择运行模式 (1: 仅训练神经网络, 2: 仅运行遗传算法, 3: 完整流程): 
2025-12-31 11:19:01 - INFO - === 训练神经网络仿真器 ===
2025-12-31 11:19:01 - INFO - 使用模型类型: advanced
2025-12-31 11:19:01 - INFO - 使用缓存的预处理数据集: /root/aicp-data/saved_datasets/v1
2025-12-31 11:19:01 - INFO - {'data_loaders': {'train_loader': {'batch_size': 1024, 'shuffle': False, 'num_workers': 4, 'pin_memory': True, 'drop_last': False}, 'val_loader': {'batch_size': 1024, 'shuffle': False, 'num_workers': 4, 'pin_memory': True, 'drop_last': False}, 'test_loader': {'batch_size': 1024, 'shuffle': False, 'num_workers': 4, 'pin_memory': True, 'drop_last': False}}, 'datasets': {'train_dataset': '/root/aicp-data/saved_datasets/v1/train_dataset.pkl', 'val_dataset': '/root/aicp-data/saved_datasets/v1/val_dataset.pkl', 'test_dataset': '/root/aicp-data/saved_datasets/v1/test_dataset.pkl'}, 'metadata': {'timestamp': '2025-12-30T04:24:48', 'dataset_sizes': {'train': 21000000, 'val': 6000000, 'test': 3000000}}}
2025-12-31 11:19:01 - INFO - train_dataset
2025-12-31 11:19:01 - INFO - /root/aicp-data/saved_datasets/v1/train_dataset.pkl
2025-12-31 11:19:30 - INFO - val_dataset
2025-12-31 11:19:30 - INFO - /root/aicp-data/saved_datasets/v1/val_dataset.pkl
2025-12-31 11:19:39 - INFO - test_dataset
2025-12-31 11:19:39 - INFO - /root/aicp-data/saved_datasets/v1/test_dataset.pkl
2025-12-31 11:19:43 - INFO - 数据集已从 /root/aicp-data/saved_datasets/v1 加载
2025-12-31 11:19:43 - INFO - 训练集大小: 21000000
2025-12-31 11:19:43 - INFO - 验证集大小: 6000000
2025-12-31 11:19:43 - INFO - 测试集大小: 3000000
2025-12-31 11:19:43 - INFO - 加载的data_loaders键: ['train_loader', 'val_loader', 'test_loader']
2025-12-31 11:19:43 - INFO - 加载的datasets键: ['train_dataset', 'val_dataset', 'test_dataset']
2025-12-31 11:19:43 - INFO - 训练集批次数量: 20508
2025-12-31 11:19:43 - INFO - 验证集批次数量: 5860
2025-12-31 11:19:43 - INFO - 测试集批次数量: 2930
2025-12-31 11:19:43 - INFO - 
============================================================
2025-12-31 11:19:43 - INFO - 步骤5: 创建神经网络...
2025-12-31 11:19:43 - INFO - ============================================================
2025-12-31 11:19:43 - INFO - 使用Cnn网络
2025-12-31 11:19:43 - INFO - 模型总参数: 11,094,600
2025-12-31 11:19:43 - INFO - 可训练参数: 11,094,600
2025-12-31 11:19:43 - INFO - 
============================================================
2025-12-31 11:19:43 - INFO - 步骤6: 训练...
2025-12-31 11:19:43 - INFO - ============================================================
2025-12-31 11:19:43 - INFO - ModelManager初始化完成，使用设备: cuda
2025-12-31 11:19:43 - INFO - 检查点目录: ./frequency_checkpoints
2025-12-31 11:19:44 - ERROR - /home/hhabu/miniconda/envs/myenv/lib/python3.11/site-packages/torch/optim/lr_scheduler.py:62: UserWarning: The verbose parameter is deprecated. Please use get_last_lr() to access the learning rate.
  warnings.warn(

2025-12-31 11:19:44 - INFO - 训练组件设置完成:
2025-12-31 11:19:44 - INFO - 使用优化器: AdamW
2025-12-31 11:19:44 - INFO - 损失函数: 加权MSE (权重: None)
2025-12-31 11:19:44 - INFO - 使用调度器: ReduceLROnPlateau
2025-12-31 11:19:44 - INFO - 初始学习率: 0.001
2025-12-31 11:19:44 - INFO - 未找到检查点，开始新的训练
2025-12-31 11:19:44 - INFO - 
开始训练，总共 50 个epochs
2025-12-31 11:19:44 - INFO - ================================================================================
2025-12-31 11:31:45 - INFO - Epoch 0: 保存最佳模型 (损失: 0.001871)
2025-12-31 11:31:45 - INFO - Epoch    0: Train Loss = 0.005754, Val Loss = 0.001871, LR = 1.00e-03
2025-12-31 11:31:46 - INFO - 检查点已保存: ./frequency_checkpoints/checkpoint_epoch_0.pth (Epoch 0)
2025-12-31 11:31:46 - INFO - ./frequency_checkpoints/checkpoint_epoch_0.pth
2025-12-31 11:43:49 - INFO - Epoch 1: 保存最佳模型 (损失: 0.001162)
2025-12-31 12:07:54 - INFO - Epoch 3: 保存最佳模型 (损失: 0.000674)
2025-12-31 12:19:58 - INFO - Epoch 4: 保存最佳模型 (损失: 0.000292)
2025-12-31 13:44:28 - INFO - Epoch 11: 保存最佳模型 (损失: 0.000169)
2025-12-31 14:20:38 - INFO - Epoch 14: 保存最佳模型 (损失: 0.000127)
2025-12-31 15:33:02 - INFO - Epoch 20: 保存最佳模型 (损失: 0.000123)
2025-12-31 15:33:02 - INFO - Epoch   20: Train Loss = 0.000219, Val Loss = 0.000123, LR = 8.00e-04
2025-12-31 15:57:09 - INFO - Epoch 22: 保存最佳模型 (损失: 0.000106)
2025-12-31 16:45:24 - INFO - Epoch 26: 保存最佳模型 (损失: 0.000058)
2025-12-31 17:04:47 - INFO - 
训练被用户中断在 epoch 28!
2025-12-31 17:04:47 - INFO - 检查点已保存: ./frequency_checkpoints/interrupted_epoch_28.pth (Epoch 28)
2025-12-31 17:04:47 - INFO - ./frequency_checkpoints/interrupted_epoch_28.pth
2025-12-31 17:04:47 - INFO - ================================================================================
2025-12-31 17:04:47 - INFO - 训练完成！最佳验证损失: 0.000058
2025-12-31 17:04:47 - ERROR - /home/hhabu/work_src/DL_IOMN_src/example/train.py:671: FutureWarning: You are using `torch.load` with `weights_only=False` (the current default value), which uses the default pickle module implicitly. It is possible to construct malicious pickle data which will execute arbitrary code during unpickling (See https://github.com/pytorch/pytorch/blob/main/SECURITY.md#untrusted-models for more details). In a future release, the default value for `weights_only` will be flipped to `True`. This limits the functions that could be executed during unpickling. Arbitrary objects will no longer be allowed to be loaded via this mode unless they are explicitly allowlisted by the user via `torch.serialization.add_safe_globals`. We recommend you start setting `weights_only=True` for any use case where you don't have full control of the loaded file. Please open an issue on GitHub for any issues related to this experimental feature.
  self.model.load_state_dict(torch.load(best_model_path))

2025-12-31 17:04:47 - INFO - 已加载最佳模型
2025-12-31 17:04:47 - INFO - 
============================================================
2025-12-31 17:04:47 - INFO - 步骤7: 在测试集上评估模型性能...
2025-12-31 17:04:47 - INFO - ============================================================
2025-12-31 17:05:20 - INFO - 训练历史图已保存到: plots/training_history.png
2025-12-31 17:05:20 - INFO - ???????????????????????????????????2
2025-12-31 17:05:20 - INFO - ???????????????????????????????????1
2025-12-31 17:05:22 - INFO - ???????????????????????????????????4
2025-12-31 17:17:27 - INFO - 散点对比图已保存到: plots/scatter_comparison.png
2025-12-31 17:17:27 - INFO - ???????????????????????????????????5
2025-12-31 17:17:27 - INFO - ???????????????????????????????????3
2025-12-31 17:17:31 - INFO - 残差分布图已保存到: plots/residual_distribution.png
2025-12-31 17:19:07 - INFO - 频率分析图已保存到: plots/frequency_analysis.png
2025-12-31 17:19:07 - INFO - 开始生成可视化报告...
2025-12-31 17:19:07 - INFO - 1. 生成训练历史图...
2025-12-31 17:19:07 - INFO - ???????????????????????????????????2
2025-12-31 17:19:08 - INFO - 2. 生成散点对比图...
2025-12-31 17:19:09 - INFO - ???????????????????????????????????4
2025-12-31 17:19:09 - INFO - ???????????????????????????????????5
2025-12-31 17:27:28 - INFO - 3. 生成残差分布图...
2025-12-31 17:27:32 - INFO - 4. 生成频率分析图...
2025-12-31 17:28:39 - INFO - 5. 生成汇总报告...
2025-12-31 17:28:40 - INFO - 汇总报告已保存到: plots/comprehensive_report/summary_report.txt
2025-12-31 17:28:40 - INFO - ================================================================================
模型训练与评估汇总报告
================================================================================

生成时间: 2025-12-31 17:28:39

----------------------------------------
训练过程信息
----------------------------------------
总训练轮数: 28
最终训练损失: 0.000216
最终验证损失: 0.000573
最佳验证损失: 0.000058

----------------------------------------
整体测试性能
----------------------------------------
R² 分数: 0.997413
平均绝对误差 (MAE): 0.004996
均方根误差 (RMSE): 0.007594

----------------------------------------
各S参数详细性能
----------------------------------------

S11_real:
  R²: 0.999627
  MAE: 0.005742
  平均相对误差: 27.36%

S11_imag:
  R²: 0.993682
  MAE: 0.007483
  平均相对误差: 81.02%

S21_real:
  R²: 0.999930
  MAE: 0.002879
  平均相对误差: 5289.27%

S21_imag:
  R²: 0.996509
  MAE: 0.003945
  平均相对误差: 2768.04%

S12_real:
  R²: 0.999930
  MAE: 0.002879
  平均相对误差: 5290.17%

S12_imag:
  R²: 0.996509
  MAE: 0.003945
  平均相对误差: 2767.28%

S22_real:
  R²: 0.999644
  MAE: 0.005364
  平均相对误差: 24.50%

S22_imag:
  R²: 0.993345
  MAE: 0.007767
  平均相对误差: 92.14%
2025-12-31 17:28:40 - INFO - 可视化报告生成完成!
2025-12-31 17:28:40 - INFO - 
============================================================
2025-12-31 17:28:40 - INFO - 评估测试集中所有样本的误差
2025-12-31 17:28:40 - INFO - ============================================================
2025-12-31 17:29:38 - INFO - 
============================================================
2025-12-31 17:29:38 - INFO - 测试集误差统计分析
2025-12-31 17:29:38 - INFO - ============================================================
2025-12-31 17:29:57 - INFO - 
S11_real 误差统计:
2025-12-31 17:29:57 - INFO -   最小误差: 0.00%
2025-12-31 17:29:57 - INFO -   最大误差: 2908990.75%
2025-12-31 17:29:57 - INFO -   平均误差: 27.36%
2025-12-31 17:29:57 - INFO -   中位数误差: 0.66%
2025-12-31 17:29:57 - INFO -   误差标准差: 2952.80%
2025-12-31 17:29:57 - INFO -   95%分位数: 27.29%
2025-12-31 17:29:57 - INFO - 
S11_imag 误差统计:
2025-12-31 17:29:57 - INFO -   最小误差: 0.00%
2025-12-31 17:29:57 - INFO -   最大误差: 9205278.00%
2025-12-31 17:29:57 - INFO -   平均误差: 81.02%
2025-12-31 17:29:57 - INFO -   中位数误差: 11.36%
2025-12-31 17:29:57 - INFO -   误差标准差: 8100.05%
2025-12-31 17:29:57 - INFO -   95%分位数: 125.32%
2025-12-31 17:29:57 - INFO - 
S21_real 误差统计:
2025-12-31 17:29:57 - INFO -   最小误差: 0.00%
2025-12-31 17:29:57 - INFO -   最大误差: 498361344.00%
2025-12-31 17:29:57 - INFO -   平均误差: 5289.59%
2025-12-31 17:29:57 - INFO -   中位数误差: 61.79%
2025-12-31 17:29:57 - INFO -   误差标准差: 326897.94%
2025-12-31 17:29:57 - INFO -   95%分位数: 2247.63%
2025-12-31 17:29:57 - INFO - 
S21_imag 误差统计:
2025-12-31 17:29:57 - INFO -   最小误差: 0.00%
2025-12-31 17:29:57 - INFO -   最大误差: 40652648.00%
2025-12-31 17:29:57 - INFO -   平均误差: 2768.08%
2025-12-31 17:29:57 - INFO -   中位数误差: 12.06%
2025-12-31 17:29:57 - INFO -   误差标准差: 103125.20%
2025-12-31 17:29:57 - INFO -   95%分位数: 709.35%
2025-12-31 17:29:57 - INFO - 
S12_real 误差统计:
2025-12-31 17:29:57 - INFO -   最小误差: 0.00%
2025-12-31 17:29:57 - INFO -   最大误差: 498381696.00%
2025-12-31 17:29:57 - INFO -   平均误差: 5290.49%
2025-12-31 17:29:57 - INFO -   中位数误差: 61.80%
2025-12-31 17:29:57 - INFO -   误差标准差: 326922.75%
2025-12-31 17:29:57 - INFO -   95%分位数: 2247.77%
2025-12-31 17:29:57 - INFO - 
S12_imag 误差统计:
2025-12-31 17:29:57 - INFO -   最小误差: 0.00%
2025-12-31 17:29:57 - INFO -   最大误差: 40639460.00%
2025-12-31 17:29:57 - INFO -   平均误差: 2767.32%
2025-12-31 17:29:57 - INFO -   中位数误差: 12.06%
2025-12-31 17:29:57 - INFO -   误差标准差: 103086.66%
2025-12-31 17:29:57 - INFO -   95%分位数: 709.31%
2025-12-31 17:29:57 - INFO - 
S22_real 误差统计:
2025-12-31 17:29:57 - INFO -   最小误差: 0.00%
2025-12-31 17:29:57 - INFO -   最大误差: 1744473.88%
2025-12-31 17:29:57 - INFO -   平均误差: 24.50%
2025-12-31 17:29:57 - INFO -   中位数误差: 0.66%
2025-12-31 17:29:57 - INFO -   误差标准差: 2525.30%
2025-12-31 17:29:57 - INFO -   95%分位数: 22.83%
2025-12-31 17:29:57 - INFO - 
S22_imag 误差统计:
2025-12-31 17:29:57 - INFO -   最小误差: 0.00%
2025-12-31 17:29:57 - INFO -   最大误差: 18337122.00%
2025-12-31 17:29:57 - INFO -   平均误差: 92.14%
2025-12-31 17:29:57 - INFO -   中位数误差: 11.04%
2025-12-31 17:29:57 - INFO -   误差标准差: 12768.25%
2025-12-31 17:29:57 - INFO -   95%分位数: 146.10%
2025-12-31 17:30:00 - INFO - 
============================================================
2025-12-31 17:30:00 - INFO - 样本误差极值分析
2025-12-31 17:30:00 - INFO - ============================================================
2025-12-31 17:30:00 - INFO - 
🎯 最佳预测样本 (索引: 2224773):
2025-12-31 17:30:00 - INFO -   平均相对误差: 0.17%
2025-12-31 17:30:00 - INFO -   频率: 22.2 GHz
2025-12-31 17:30:00 - INFO - 
⚠️ 最差预测样本 (索引: 2795970):
2025-12-31 17:30:00 - INFO -   平均相对误差: 124592896.00%
2025-12-31 17:30:00 - INFO -   频率: 10.0 GHz
2025-12-31 17:30:44 - INFO - 误差分布图已保存到: error_distribution.png
2025-12-31 17:30:44 - INFO - 最终模型已保存: final_frequency_model.pth
2025-12-31 17:30:44 - INFO - 最佳验证损失: 0.000058
2025-12-31 17:34:31 - INFO - ##############

2025-12-31 17:34:31 - INFO - 
================================================================================
2025-12-31 17:34:31 - INFO - 神经网络模型训练总结
2025-12-31 17:34:31 - INFO - ================================================================================
2025-12-31 17:34:31 - INFO - 
📈 训练过程:
2025-12-31 17:34:31 - INFO -   训练轮数: 28
2025-12-31 17:34:31 - INFO -   最终训练损失: 0.000216
2025-12-31 17:34:31 - INFO -   最终验证损失: 0.000573
2025-12-31 17:34:31 - INFO -   最佳验证损失: 0.000058
2025-12-31 17:34:31 - INFO - 
📊 训练集评估结果:
2025-12-31 17:34:31 - INFO -   整体R²: 0.9973
2025-12-31 17:34:31 - INFO -   整体MAE: 0.004790
2025-12-31 17:34:31 - INFO -   整体RMSE: 0.007403
2025-12-31 17:34:31 - INFO - 
📊 测试集评估结果:
2025-12-31 17:34:31 - INFO -   整体R²: 0.9974
2025-12-31 17:34:31 - INFO -   整体MAE: 0.004996
2025-12-31 17:34:31 - INFO -   整体RMSE: 0.007594
2025-12-31 17:34:31 - INFO - 
🎯 各S参数表现对比:
2025-12-31 17:34:31 - INFO -   S11_real: 训练集R²=0.9996, 测试集R²=0.9996
2025-12-31 17:34:31 - INFO -   S11_imag: 训练集R²=0.9937, 测试集R²=0.9937
2025-12-31 17:34:31 - INFO -   S21_real: 训练集R²=0.9999, 测试集R²=0.9999
2025-12-31 17:34:31 - INFO -   S21_imag: 训练集R²=0.9965, 测试集R²=0.9965
2025-12-31 17:34:31 - INFO -   S12_real: 训练集R²=0.9999, 测试集R²=0.9999
2025-12-31 17:34:31 - INFO -   S12_imag: 训练集R²=0.9965, 测试集R²=0.9965
2025-12-31 17:34:31 - INFO -   S22_real: 训练集R²=0.9996, 测试集R²=0.9996
2025-12-31 17:34:31 - INFO -   S22_imag: 训练集R²=0.9934, 测试集R²=0.9933
2025-12-31 17:34:31 - INFO - 
================================================================================
2025-12-31 17:34:36 - INFO - 
程序运行完成，日志已保存到: logs/training_20251231_111859.log
2025-12-31 17:34:36 - INFO - ============================================================
