2026-03-04 12:50:08 - INFO - 日志文件保存到: logs/training_20260304_125008.log
2026-03-04 12:50:08 - INFO - 选择模型类型 (1: CnnNet, 2: ResidualNet): 
2026-03-04 12:50:19 - INFO - 选择运行模式 (1: 仅训练神经网络, 2: 仅运行遗传算法, 3: 测试S参数曲线: 
2026-03-04 12:50:23 - INFO - 
==================================================
2026-03-04 12:50:23 - INFO - 创建空白模型：
2026-03-04 12:50:23 - INFO - 
==================================================
2026-03-04 12:50:23 - INFO - 
==================================================
2026-03-04 12:50:23 - INFO - 模型加载：
2026-03-04 12:50:23 - INFO - 
==================================================
2026-03-04 12:50:23 - INFO - ModelManager初始化完成，使用设备: cuda
2026-03-04 12:50:23 - INFO - 检查点目录: frequency_checkpoints/best_model.pth
2026-03-04 12:50:23 - INFO - 
============================================================
2026-03-04 12:50:23 - INFO - 启动矩阵结构遗传优化
2026-03-04 12:50:23 - INFO - ============================================================
2026-03-04 12:50:23 - INFO - 输出目录: genetic_results/result_20260304_125023
2026-03-04 12:50:23 - ERROR - Traceback (most recent call last):

2026-03-04 12:50:23 - ERROR -   File "D:\Projects\AI4RFIC\example\main.py", line 635, in <module>

2026-03-04 12:50:23 - ERROR - best_matrix, best_info, best_fitness = run_genetic_optimization(
2026-03-04 12:50:23 - ERROR - ^
2026-03-04 12:50:23 - ERROR - ^
2026-03-04 12:50:23 - ERROR - ^
2026-03-04 12:50:23 - ERROR - ^
2026-03-04 12:50:23 - ERROR - ^
2026-03-04 12:50:23 - ERROR - ^
2026-03-04 12:50:23 - ERROR - ^
2026-03-04 12:50:23 - ERROR - ^
2026-03-04 12:50:23 - ERROR - ^
2026-03-04 12:50:23 - ERROR - ^
2026-03-04 12:50:23 - ERROR - ^
2026-03-04 12:50:23 - ERROR - ^
2026-03-04 12:50:23 - ERROR - ^
2026-03-04 12:50:23 - ERROR - ^
2026-03-04 12:50:23 - ERROR - ^
2026-03-04 12:50:23 - ERROR - ^
2026-03-04 12:50:23 - ERROR - ^
2026-03-04 12:50:23 - ERROR - ^
2026-03-04 12:50:23 - ERROR - ^
2026-03-04 12:50:23 - ERROR - ^
2026-03-04 12:50:23 - ERROR - ^
2026-03-04 12:50:23 - ERROR - ^
2026-03-04 12:50:23 - ERROR - ^
2026-03-04 12:50:23 - ERROR - ^
2026-03-04 12:50:23 - ERROR - ^
2026-03-04 12:50:23 - ERROR -   File "D:\Projects\AI4RFIC\example\main.py", line 427, in run_genetic_optimization

2026-03-04 12:50:23 - ERROR - raise ValueError("指定频率范围内无数据点")
2026-03-04 12:50:23 - ERROR - ValueError
2026-03-04 12:50:23 - ERROR - : 
2026-03-04 12:50:23 - ERROR - 指定频率范围内无数据点
