2026-02-10 13:09:49 - INFO - 日志文件保存到: logs/training_20260210_130949.log
2026-02-10 13:09:49 - INFO - 选择模型类型 (1: CnnNet, 2: ResidualNet): 
2026-02-10 13:10:22 - INFO - 选择运行模式 (1: 仅训练神经网络, 2: 仅运行遗传算法, 3: 测试S参数曲线: 
2026-02-10 13:10:26 - ERROR - Traceback (most recent call last):

2026-02-10 13:10:26 - ERROR -   File "D:\Projects\AI4RFIC\example\main.py", line 560, in <module>

2026-02-10 13:10:26 - ERROR - checkpoint = torch.load(model_path)
2026-02-10 13:10:26 - ERROR - ^
2026-02-10 13:10:26 - ERROR - ^
2026-02-10 13:10:26 - ERROR - ^
2026-02-10 13:10:26 - ERROR - ^
2026-02-10 13:10:26 - ERROR - ^
2026-02-10 13:10:26 - ERROR - ^
2026-02-10 13:10:26 - ERROR - ^
2026-02-10 13:10:26 - ERROR - ^
2026-02-10 13:10:26 - ERROR - ^
2026-02-10 13:10:26 - ERROR - ^
2026-02-10 13:10:26 - ERROR - ^
2026-02-10 13:10:26 - ERROR - ^
2026-02-10 13:10:26 - ERROR - ^
2026-02-10 13:10:26 - ERROR - ^
2026-02-10 13:10:26 - ERROR - ^
2026-02-10 13:10:26 - ERROR - ^
2026-02-10 13:10:26 - ERROR - ^
2026-02-10 13:10:26 - ERROR - ^
2026-02-10 13:10:26 - ERROR - ^
2026-02-10 13:10:26 - ERROR - ^
2026-02-10 13:10:26 - ERROR - ^
2026-02-10 13:10:26 - ERROR - ^
2026-02-10 13:10:26 - ERROR -   File "D:\Projects\AI4RFIC\.venv\Lib\site-packages\torch\serialization.py", line 1540, in load

2026-02-10 13:10:26 - ERROR - return _load(
2026-02-10 13:10:26 - ERROR - ^
2026-02-10 13:10:26 - ERROR - ^
2026-02-10 13:10:26 - ERROR - ^
2026-02-10 13:10:26 - ERROR - ^
2026-02-10 13:10:26 - ERROR - ^
2026-02-10 13:10:26 - ERROR - ^
2026-02-10 13:10:26 - ERROR -   File "D:\Projects\AI4RFIC\.venv\Lib\site-packages\torch\serialization.py", line 2143, in _load

2026-02-10 13:10:26 - ERROR - result = unpickler.load()
2026-02-10 13:10:26 - ERROR - ^
2026-02-10 13:10:26 - ERROR - ^
2026-02-10 13:10:26 - ERROR - ^
2026-02-10 13:10:26 - ERROR - ^
2026-02-10 13:10:26 - ERROR - ^
2026-02-10 13:10:26 - ERROR - ^
2026-02-10 13:10:26 - ERROR - ^
2026-02-10 13:10:26 - ERROR - ^
2026-02-10 13:10:26 - ERROR - ^
2026-02-10 13:10:26 - ERROR - ^
2026-02-10 13:10:26 - ERROR - ^
2026-02-10 13:10:26 - ERROR - ^
2026-02-10 13:10:26 - ERROR - ^
2026-02-10 13:10:26 - ERROR - ^
2026-02-10 13:10:26 - ERROR - ^
2026-02-10 13:10:26 - ERROR - ^
2026-02-10 13:10:26 - ERROR -   File "D:\Projects\AI4RFIC\.venv\Lib\site-packages\torch\_weights_only_unpickler.py", line 539, in load

2026-02-10 13:10:26 - ERROR - self.append(self.persistent_load(pid))
2026-02-10 13:10:26 - ERROR - ^
2026-02-10 13:10:26 - ERROR - ^
2026-02-10 13:10:26 - ERROR - ^
2026-02-10 13:10:26 - ERROR - ^
2026-02-10 13:10:26 - ERROR - ^
2026-02-10 13:10:26 - ERROR - ^
2026-02-10 13:10:26 - ERROR - ^
2026-02-10 13:10:26 - ERROR - ^
2026-02-10 13:10:26 - ERROR - ^
2026-02-10 13:10:26 - ERROR - ^
2026-02-10 13:10:26 - ERROR - ^
2026-02-10 13:10:26 - ERROR - ^
2026-02-10 13:10:26 - ERROR - ^
2026-02-10 13:10:26 - ERROR - ^
2026-02-10 13:10:26 - ERROR - ^
2026-02-10 13:10:26 - ERROR - ^
2026-02-10 13:10:26 - ERROR - ^
2026-02-10 13:10:26 - ERROR - ^
2026-02-10 13:10:26 - ERROR - ^
2026-02-10 13:10:26 - ERROR - ^
2026-02-10 13:10:26 - ERROR - ^
2026-02-10 13:10:26 - ERROR - ^
2026-02-10 13:10:26 - ERROR - ^
2026-02-10 13:10:26 - ERROR - ^
2026-02-10 13:10:26 - ERROR - ^
2026-02-10 13:10:26 - ERROR -   File "D:\Projects\AI4RFIC\.venv\Lib\site-packages\torch\serialization.py", line 2107, in persistent_load

2026-02-10 13:10:26 - ERROR - typed_storage = load_tensor(
2026-02-10 13:10:26 - ERROR - ^
2026-02-10 13:10:26 - ERROR - ^
2026-02-10 13:10:26 - ERROR - ^
2026-02-10 13:10:26 - ERROR - ^
2026-02-10 13:10:26 - ERROR - ^
2026-02-10 13:10:26 - ERROR - ^
2026-02-10 13:10:26 - ERROR - ^
2026-02-10 13:10:26 - ERROR - ^
2026-02-10 13:10:26 - ERROR - ^
2026-02-10 13:10:26 - ERROR - ^
2026-02-10 13:10:26 - ERROR - ^
2026-02-10 13:10:26 - ERROR - ^
2026-02-10 13:10:26 - ERROR -   File "D:\Projects\AI4RFIC\.venv\Lib\site-packages\torch\serialization.py", line 2073, in load_tensor

2026-02-10 13:10:26 - ERROR - wrap_storage = restore_location(storage, location)
2026-02-10 13:10:26 - ERROR - ^
2026-02-10 13:10:26 - ERROR - ^
2026-02-10 13:10:26 - ERROR - ^
2026-02-10 13:10:26 - ERROR - ^
2026-02-10 13:10:26 - ERROR - ^
2026-02-10 13:10:26 - ERROR - ^
2026-02-10 13:10:26 - ERROR - ^
2026-02-10 13:10:26 - ERROR - ^
2026-02-10 13:10:26 - ERROR - ^
2026-02-10 13:10:26 - ERROR - ^
2026-02-10 13:10:26 - ERROR - ^
2026-02-10 13:10:26 - ERROR - ^
2026-02-10 13:10:26 - ERROR - ^
2026-02-10 13:10:26 - ERROR - ^
2026-02-10 13:10:26 - ERROR - ^
2026-02-10 13:10:26 - ERROR - ^
2026-02-10 13:10:26 - ERROR - ^
2026-02-10 13:10:26 - ERROR - ^
2026-02-10 13:10:26 - ERROR - ^
2026-02-10 13:10:26 - ERROR - ^
2026-02-10 13:10:26 - ERROR - ^
2026-02-10 13:10:26 - ERROR - ^
2026-02-10 13:10:26 - ERROR - ^
2026-02-10 13:10:26 - ERROR - ^
2026-02-10 13:10:26 - ERROR - ^
2026-02-10 13:10:26 - ERROR - ^
2026-02-10 13:10:26 - ERROR - ^
2026-02-10 13:10:26 - ERROR - ^
2026-02-10 13:10:26 - ERROR - ^
2026-02-10 13:10:26 - ERROR - ^
2026-02-10 13:10:26 - ERROR - ^
2026-02-10 13:10:26 - ERROR - ^
2026-02-10 13:10:26 - ERROR - ^
2026-02-10 13:10:26 - ERROR - ^
2026-02-10 13:10:26 - ERROR - ^
2026-02-10 13:10:26 - ERROR -   File "D:\Projects\AI4RFIC\.venv\Lib\site-packages\torch\serialization.py", line 707, in default_restore_location

2026-02-10 13:10:26 - ERROR - result = fn(storage, location)
2026-02-10 13:10:26 - ERROR - ^
2026-02-10 13:10:26 - ERROR - ^
2026-02-10 13:10:26 - ERROR - ^
2026-02-10 13:10:26 - ERROR - ^
2026-02-10 13:10:26 - ERROR - ^
2026-02-10 13:10:26 - ERROR - ^
2026-02-10 13:10:26 - ERROR - ^
2026-02-10 13:10:26 - ERROR - ^
2026-02-10 13:10:26 - ERROR - ^
2026-02-10 13:10:26 - ERROR - ^
2026-02-10 13:10:26 - ERROR - ^
2026-02-10 13:10:26 - ERROR - ^
2026-02-10 13:10:26 - ERROR - ^
2026-02-10 13:10:26 - ERROR - ^
2026-02-10 13:10:26 - ERROR - ^
2026-02-10 13:10:26 - ERROR - ^
2026-02-10 13:10:26 - ERROR - ^
2026-02-10 13:10:26 - ERROR - ^
2026-02-10 13:10:26 - ERROR - ^
2026-02-10 13:10:26 - ERROR - ^
2026-02-10 13:10:26 - ERROR - ^
2026-02-10 13:10:26 - ERROR -   File "D:\Projects\AI4RFIC\.venv\Lib\site-packages\torch\serialization.py", line 640, in _deserialize

2026-02-10 13:10:26 - ERROR - device = _validate_device(location, backend_name)
2026-02-10 13:10:26 - ERROR - ^
2026-02-10 13:10:26 - ERROR - ^
2026-02-10 13:10:26 - ERROR - ^
2026-02-10 13:10:26 - ERROR - ^
2026-02-10 13:10:26 - ERROR - ^
2026-02-10 13:10:26 - ERROR - ^
2026-02-10 13:10:26 - ERROR - ^
2026-02-10 13:10:26 - ERROR - ^
2026-02-10 13:10:26 - ERROR - ^
2026-02-10 13:10:26 - ERROR - ^
2026-02-10 13:10:26 - ERROR - ^
2026-02-10 13:10:26 - ERROR - ^
2026-02-10 13:10:26 - ERROR - ^
2026-02-10 13:10:26 - ERROR - ^
2026-02-10 13:10:26 - ERROR - ^
2026-02-10 13:10:26 - ERROR - ^
2026-02-10 13:10:26 - ERROR - ^
2026-02-10 13:10:26 - ERROR - ^
2026-02-10 13:10:26 - ERROR - ^
2026-02-10 13:10:26 - ERROR - ^
2026-02-10 13:10:26 - ERROR - ^
2026-02-10 13:10:26 - ERROR - ^
2026-02-10 13:10:26 - ERROR - ^
2026-02-10 13:10:26 - ERROR - ^
2026-02-10 13:10:26 - ERROR - ^
2026-02-10 13:10:26 - ERROR - ^
2026-02-10 13:10:26 - ERROR - ^
2026-02-10 13:10:26 - ERROR - ^
2026-02-10 13:10:26 - ERROR - ^
2026-02-10 13:10:26 - ERROR - ^
2026-02-10 13:10:26 - ERROR - ^
2026-02-10 13:10:26 - ERROR - ^
2026-02-10 13:10:26 - ERROR - ^
2026-02-10 13:10:26 - ERROR - ^
2026-02-10 13:10:26 - ERROR - ^
2026-02-10 13:10:26 - ERROR - ^
2026-02-10 13:10:26 - ERROR - ^
2026-02-10 13:10:26 - ERROR - ^
2026-02-10 13:10:26 - ERROR - ^
2026-02-10 13:10:26 - ERROR - ^
2026-02-10 13:10:26 - ERROR -   File "D:\Projects\AI4RFIC\.venv\Lib\site-packages\torch\serialization.py", line 609, in _validate_device

2026-02-10 13:10:26 - ERROR - raise RuntimeError(
2026-02-10 13:10:26 - ERROR - RuntimeError
2026-02-10 13:10:26 - ERROR - : 
2026-02-10 13:10:26 - ERROR - Attempting to deserialize object on a CUDA device but torch.cuda.is_available() is False. If you are running on a CPU-only machine, please use torch.load with map_location=torch.device('cpu') to map your storages to the CPU.
