2026-01-07 16:44:37 - INFO - 日志文件保存到: logs/training_20260107_164437.log
2026-01-07 16:44:37 - INFO - 选择模型类型 (1: CnnNet, 2: ResidualNet): 
2026-01-07 16:44:38 - INFO - 选择运行模式 (1: 仅训练神经网络, 2: 仅运行遗传算法, 3: 完整流程): 
2026-01-07 16:44:38 - ERROR - /home/hhabu/work_src/DL_IOMN_src/example/main.py:502: FutureWarning: You are using `torch.load` with `weights_only=False` (the current default value), which uses the default pickle module implicitly. It is possible to construct malicious pickle data which will execute arbitrary code during unpickling (See https://github.com/pytorch/pytorch/blob/main/SECURITY.md#untrusted-models for more details). In a future release, the default value for `weights_only` will be flipped to `True`. This limits the functions that could be executed during unpickling. Arbitrary objects will no longer be allowed to be loaded via this mode unless they are explicitly allowlisted by the user via `torch.serialization.add_safe_globals`. We recommend you start setting `weights_only=True` for any use case where you don't have full control of the loaded file. Please open an issue on GitHub for any issues related to this experimental feature.
  checkpoint = torch.load(model_path)

2026-01-07 16:44:39 - INFO - 
==================================================
2026-01-07 16:44:39 - INFO - 创建空白模型：
2026-01-07 16:44:39 - INFO - 
==================================================
2026-01-07 16:44:39 - INFO - 
==================================================
2026-01-07 16:44:39 - INFO - 模型加载：
2026-01-07 16:44:39 - INFO - 
==================================================
2026-01-07 16:44:39 - INFO - ModelManager初始化完成，使用设备: cuda
2026-01-07 16:44:39 - INFO - 检查点目录: frequency_checkpoints/best_model.pth
2026-01-07 16:44:39 - INFO - 
============================================================
2026-01-07 16:44:39 - INFO - 启动矩阵结构遗传优化
2026-01-07 16:44:39 - INFO - ============================================================
2026-01-07 16:44:39 - INFO - ********************************
2026-01-07 16:44:39 - INFO - ================================================================================
2026-01-07 16:44:39 - INFO - 模型参数前10个值检查
2026-01-07 16:44:39 - INFO - ================================================================================
2026-01-07 16:44:39 - INFO - 模型总参数数量: 11,094,600
2026-01-07 16:44:39 - INFO - 前10个参数值:
2026-01-07 16:44:39 - INFO -   参数[0] = 0.00000000
2026-01-07 16:44:39 - INFO -   参数[1] = 0.00000000
2026-01-07 16:44:39 - INFO -   参数[2] = -0.00000000
2026-01-07 16:44:39 - INFO -   参数[3] = -0.00000000
2026-01-07 16:44:39 - INFO -   参数[4] = 0.00000000
2026-01-07 16:44:39 - INFO -   参数[5] = -0.00000000
2026-01-07 16:44:39 - INFO -   参数[6] = 0.00000000
2026-01-07 16:44:39 - INFO -   参数[7] = 0.00000000
2026-01-07 16:44:39 - INFO -   参数[8] = -0.00000000
2026-01-07 16:44:39 - INFO -   参数[9] = -0.00000000
2026-01-07 16:44:39 - INFO -   参数[10] = -0.00000000
2026-01-07 16:44:39 - INFO -   参数[11] = 0.00000000
2026-01-07 16:44:39 - INFO -   参数[12] = -0.00000000
2026-01-07 16:44:39 - INFO -   参数[13] = -0.21231136
2026-01-07 16:44:39 - INFO -   参数[14] = -0.00000000
2026-01-07 16:44:39 - INFO -   参数[15] = -0.00000000
2026-01-07 16:44:39 - INFO -   参数[16] = 0.00000000
2026-01-07 16:44:39 - INFO -   参数[17] = -0.00000000
2026-01-07 16:44:39 - INFO -   参数[18] = -0.00000000
2026-01-07 16:44:39 - INFO -   参数[19] = 0.00000000
2026-01-07 16:44:39 - INFO -   参数[20] = -0.00000000
2026-01-07 16:44:39 - INFO -   参数[21] = -0.00000000
2026-01-07 16:44:39 - INFO -   参数[22] = 0.00000000
2026-01-07 16:44:39 - INFO -   参数[23] = 0.00000000
2026-01-07 16:44:39 - INFO -   参数[24] = -0.00000000
2026-01-07 16:44:39 - INFO -   参数[25] = -0.00000000
2026-01-07 16:44:39 - INFO -   参数[26] = -0.00000000
2026-01-07 16:44:39 - INFO -   参数[27] = 0.00000000
2026-01-07 16:44:39 - INFO -   参数[28] = -0.00000000
2026-01-07 16:44:39 - INFO -   参数[29] = -0.00000000
2026-01-07 16:44:39 - INFO -   参数[30] = -0.00000000
2026-01-07 16:44:39 - INFO -   参数[31] = -0.00000000
2026-01-07 16:44:39 - INFO -   参数[32] = 0.00000000
2026-01-07 16:44:39 - INFO -   参数[33] = 0.00000000
2026-01-07 16:44:39 - INFO -   参数[34] = 0.00000000
2026-01-07 16:44:39 - INFO -   参数[35] = 0.00000000
2026-01-07 16:44:39 - INFO -   参数[36] = -0.00000000
2026-01-07 16:44:39 - INFO -   参数[37] = 0.00000000
2026-01-07 16:44:39 - INFO -   参数[38] = 0.00000000
2026-01-07 16:44:39 - INFO -   参数[39] = -0.00000000
2026-01-07 16:44:39 - INFO -   参数[40] = 0.00000000
2026-01-07 16:44:39 - INFO -   参数[41] = -0.00000000
2026-01-07 16:44:39 - INFO -   参数[42] = -0.00000000
2026-01-07 16:44:39 - INFO -   参数[43] = -0.00000000
2026-01-07 16:44:39 - INFO -   参数[44] = 0.00000000
2026-01-07 16:44:39 - INFO -   参数[45] = -0.00000000
2026-01-07 16:44:39 - INFO -   参数[46] = -0.00000000
2026-01-07 16:44:39 - INFO -   参数[47] = 0.00000000
2026-01-07 16:44:39 - INFO -   参数[48] = -0.00000000
2026-01-07 16:44:39 - INFO -   参数[49] = 0.00000000
2026-01-07 16:44:39 - INFO - 
参数统计:
2026-01-07 16:44:39 - INFO -   最小值: -0.21231136
2026-01-07 16:44:39 - INFO -   最大值: 0.00000000
2026-01-07 16:44:39 - INFO -   平均值: -0.00424623
2026-01-07 16:44:39 - INFO -   标准差: 0.02972359
2026-01-07 16:44:39 - INFO - 矩阵遗传算法初始化完成
2026-01-07 16:44:39 - INFO - 矩阵形状: (19, 19)
2026-01-07 16:44:39 - INFO - 总像素数: 361
2026-01-07 16:44:39 - INFO - 使用设备: cuda
2026-01-07 16:44:39 - ERROR - Traceback (most recent call last):

2026-01-07 16:44:39 - ERROR -   File "/home/hhabu/work_src/DL_IOMN_src/example/main.py", line 517, in <module>

2026-01-07 16:44:39 - ERROR - best_matrix, best_info, best_fitness = run_genetic_optimization(manager, target_freq=TARGET_CONFIG['target_freq'], 
2026-01-07 16:44:39 - ERROR - ^
2026-01-07 16:44:39 - ERROR - ^
2026-01-07 16:44:39 - ERROR - ^
2026-01-07 16:44:39 - ERROR - ^
2026-01-07 16:44:39 - ERROR - ^
2026-01-07 16:44:39 - ERROR - ^
2026-01-07 16:44:39 - ERROR - ^
2026-01-07 16:44:39 - ERROR - ^
2026-01-07 16:44:39 - ERROR - ^
2026-01-07 16:44:39 - ERROR - ^
2026-01-07 16:44:39 - ERROR - ^
2026-01-07 16:44:39 - ERROR - ^
2026-01-07 16:44:39 - ERROR - ^
2026-01-07 16:44:39 - ERROR - ^
2026-01-07 16:44:39 - ERROR - ^
2026-01-07 16:44:39 - ERROR - ^
2026-01-07 16:44:39 - ERROR - ^
2026-01-07 16:44:39 - ERROR - ^
2026-01-07 16:44:39 - ERROR - ^
2026-01-07 16:44:39 - ERROR - ^
2026-01-07 16:44:39 - ERROR - ^
2026-01-07 16:44:39 - ERROR - ^
2026-01-07 16:44:39 - ERROR - ^
2026-01-07 16:44:39 - ERROR - ^
2026-01-07 16:44:39 - ERROR - ^
2026-01-07 16:44:39 - ERROR - ^
2026-01-07 16:44:39 - ERROR - ^
2026-01-07 16:44:39 - ERROR - ^
2026-01-07 16:44:39 - ERROR - ^
2026-01-07 16:44:39 - ERROR - ^
2026-01-07 16:44:39 - ERROR - ^
2026-01-07 16:44:39 - ERROR - ^
2026-01-07 16:44:39 - ERROR - ^
2026-01-07 16:44:39 - ERROR - ^
2026-01-07 16:44:39 - ERROR - ^
2026-01-07 16:44:39 - ERROR - ^
2026-01-07 16:44:39 - ERROR - ^
2026-01-07 16:44:39 - ERROR - ^
2026-01-07 16:44:39 - ERROR - ^
2026-01-07 16:44:39 - ERROR - ^
2026-01-07 16:44:39 - ERROR - ^
2026-01-07 16:44:39 - ERROR - ^
2026-01-07 16:44:39 - ERROR - ^
2026-01-07 16:44:39 - ERROR - ^
2026-01-07 16:44:39 - ERROR - ^
2026-01-07 16:44:39 - ERROR - ^
2026-01-07 16:44:39 - ERROR - ^
2026-01-07 16:44:39 - ERROR - ^
2026-01-07 16:44:39 - ERROR - ^
2026-01-07 16:44:39 - ERROR - ^
2026-01-07 16:44:39 - ERROR - ^
2026-01-07 16:44:39 - ERROR - ^
2026-01-07 16:44:39 - ERROR - ^
2026-01-07 16:44:39 - ERROR - ^
2026-01-07 16:44:39 - ERROR - ^
2026-01-07 16:44:39 - ERROR - ^
2026-01-07 16:44:39 - ERROR - ^
2026-01-07 16:44:39 - ERROR - ^
2026-01-07 16:44:39 - ERROR - ^
2026-01-07 16:44:39 - ERROR - ^
2026-01-07 16:44:39 - ERROR - ^
2026-01-07 16:44:39 - ERROR - ^
2026-01-07 16:44:39 - ERROR - ^
2026-01-07 16:44:39 - ERROR - ^
2026-01-07 16:44:39 - ERROR - ^
2026-01-07 16:44:39 - ERROR - ^
2026-01-07 16:44:39 - ERROR - ^
2026-01-07 16:44:39 - ERROR - ^
2026-01-07 16:44:39 - ERROR - ^
2026-01-07 16:44:39 - ERROR - ^
2026-01-07 16:44:39 - ERROR - ^
2026-01-07 16:44:39 - ERROR - ^
2026-01-07 16:44:39 - ERROR - ^
2026-01-07 16:44:39 - ERROR - ^
2026-01-07 16:44:39 - ERROR - ^
2026-01-07 16:44:39 - ERROR -   File "/home/hhabu/work_src/DL_IOMN_src/example/main.py", line 399, in run_genetic_optimization

2026-01-07 16:44:39 - ERROR - best_matrix, best_info, best_fitness, fitness_history, best_fitness_history = ga.optimize(
2026-01-07 16:44:39 - ERROR - ^
2026-01-07 16:44:39 - ERROR - ^
2026-01-07 16:44:39 - ERROR - ^
2026-01-07 16:44:39 - ERROR - ^
2026-01-07 16:44:39 - ERROR - ^
2026-01-07 16:44:39 - ERROR - ^
2026-01-07 16:44:39 - ERROR - ^
2026-01-07 16:44:39 - ERROR - ^
2026-01-07 16:44:39 - ERROR - ^
2026-01-07 16:44:39 - ERROR - ^
2026-01-07 16:44:39 - ERROR - ^
2026-01-07 16:44:39 - ERROR - ^
2026-01-07 16:44:39 - ERROR -   File "/home/hhabu/work_src/DL_IOMN_src/example/optimization_algorithm.py", line 439, in optimize

2026-01-07 16:44:39 - ERROR - print_model_first_10_params(self.model_manager.model)
2026-01-07 16:44:39 - ERROR - ^
2026-01-07 16:44:39 - ERROR - ^
2026-01-07 16:44:39 - ERROR - ^
2026-01-07 16:44:39 - ERROR - ^
2026-01-07 16:44:39 - ERROR - ^
2026-01-07 16:44:39 - ERROR - ^
2026-01-07 16:44:39 - ERROR - ^
2026-01-07 16:44:39 - ERROR - ^
2026-01-07 16:44:39 - ERROR - ^
2026-01-07 16:44:39 - ERROR - ^
2026-01-07 16:44:39 - ERROR - ^
2026-01-07 16:44:39 - ERROR - ^
2026-01-07 16:44:39 - ERROR - ^
2026-01-07 16:44:39 - ERROR - ^
2026-01-07 16:44:39 - ERROR - ^
2026-01-07 16:44:39 - ERROR - ^
2026-01-07 16:44:39 - ERROR - ^
2026-01-07 16:44:39 - ERROR - ^
2026-01-07 16:44:39 - ERROR - ^
2026-01-07 16:44:39 - ERROR - ^
2026-01-07 16:44:39 - ERROR - ^
2026-01-07 16:44:39 - ERROR - ^
2026-01-07 16:44:39 - ERROR - ^
2026-01-07 16:44:39 - ERROR - ^
2026-01-07 16:44:39 - ERROR - ^
2026-01-07 16:44:39 - ERROR - ^
2026-01-07 16:44:39 - ERROR - ^
2026-01-07 16:44:39 - ERROR - NameError
2026-01-07 16:44:39 - ERROR - : 
2026-01-07 16:44:39 - ERROR - name 'print_model_first_10_params' is not defined
