2026-01-07 12:39:01 - INFO - 日志文件保存到: logs/training_20260107_123901.log
2026-01-07 12:39:01 - INFO - 选择模型类型 (1: CnnNet, 2: ResidualNet): 
2026-01-07 12:39:03 - INFO - 选择运行模式 (1: 仅训练神经网络, 2: 仅运行遗传算法, 3: 完整流程): 
2026-01-07 12:39:04 - ERROR - /home/hhabu/work_src/DL_IOMN_src/example/main.py:462: FutureWarning: You are using `torch.load` with `weights_only=False` (the current default value), which uses the default pickle module implicitly. It is possible to construct malicious pickle data which will execute arbitrary code during unpickling (See https://github.com/pytorch/pytorch/blob/main/SECURITY.md#untrusted-models for more details). In a future release, the default value for `weights_only` will be flipped to `True`. This limits the functions that could be executed during unpickling. Arbitrary objects will no longer be allowed to be loaded via this mode unless they are explicitly allowlisted by the user via `torch.serialization.add_safe_globals`. We recommend you start setting `weights_only=True` for any use case where you don't have full control of the loaded file. Please open an issue on GitHub for any issues related to this experimental feature.
  checkpoint = torch.load(model_path)

2026-01-07 12:39:04 - INFO - odict_keys(['freq_embedding.0.weight', 'freq_embedding.0.bias', 'freq_embedding.1.weight', 'freq_embedding.1.bias', 'freq_embedding.1.running_mean', 'freq_embedding.1.running_var', 'freq_embedding.1.num_batches_tracked', 'freq_embedding.3.weight', 'freq_embedding.3.bias', 'freq_embedding.4.weight', 'freq_embedding.4.bias', 'freq_embedding.4.running_mean', 'freq_embedding.4.running_var', 'freq_embedding.4.num_batches_tracked', 'freq_embedding.6.weight', 'freq_embedding.6.bias', 'freq_embedding.7.weight', 'freq_embedding.7.bias', 'freq_embedding.7.running_mean', 'freq_embedding.7.running_var', 'freq_embedding.7.num_batches_tracked', 'conv_block1.0.weight', 'conv_block1.0.bias', 'conv_block1.1.weight', 'conv_block1.1.bias', 'conv_block1.1.running_mean', 'conv_block1.1.running_var', 'conv_block1.1.num_batches_tracked', 'conv_block1.3.weight', 'conv_block1.3.bias', 'conv_block1.4.weight', 'conv_block1.4.bias', 'conv_block1.4.running_mean', 'conv_block1.4.running_var', 'conv_block1.4.num_batches_tracked', 'conv_block2.0.weight', 'conv_block2.0.bias', 'conv_block2.1.weight', 'conv_block2.1.bias', 'conv_block2.1.running_mean', 'conv_block2.1.running_var', 'conv_block2.1.num_batches_tracked', 'conv_block2.3.weight', 'conv_block2.3.bias', 'conv_block2.4.weight', 'conv_block2.4.bias', 'conv_block2.4.running_mean', 'conv_block2.4.running_var', 'conv_block2.4.num_batches_tracked', 'conv_block3.0.weight', 'conv_block3.0.bias', 'conv_block3.1.weight', 'conv_block3.1.bias', 'conv_block3.1.running_mean', 'conv_block3.1.running_var', 'conv_block3.1.num_batches_tracked', 'conv_block3.3.weight', 'conv_block3.3.bias', 'conv_block3.4.weight', 'conv_block3.4.bias', 'conv_block3.4.running_mean', 'conv_block3.4.running_var', 'conv_block3.4.num_batches_tracked', 'conv_block3.6.weight', 'conv_block3.6.bias', 'conv_block3.7.weight', 'conv_block3.7.bias', 'conv_block3.7.running_mean', 'conv_block3.7.running_var', 'conv_block3.7.num_batches_tracked', 'fusion_module.0.weight', 'fusion_module.0.bias', 'fusion_module.1.weight', 'fusion_module.1.bias', 'fusion_module.1.running_mean', 'fusion_module.1.running_var', 'fusion_module.1.num_batches_tracked', 'fusion_module.4.weight', 'fusion_module.4.bias', 'fusion_module.5.weight', 'fusion_module.5.bias', 'fusion_module.5.running_mean', 'fusion_module.5.running_var', 'fusion_module.5.num_batches_tracked', 'fusion_module.8.weight', 'fusion_module.8.bias', 'fusion_module.9.weight', 'fusion_module.9.bias', 'fusion_module.9.running_mean', 'fusion_module.9.running_var', 'fusion_module.9.num_batches_tracked', 'fusion_module.12.weight', 'fusion_module.12.bias', 'fusion_module.13.weight', 'fusion_module.13.bias', 'fusion_module.13.running_mean', 'fusion_module.13.running_var', 'fusion_module.13.num_batches_tracked', 'fusion_module.15.weight', 'fusion_module.15.bias', 'fusion_module.16.weight', 'fusion_module.16.bias', 'fusion_module.16.running_mean', 'fusion_module.16.running_var', 'fusion_module.16.num_batches_tracked', 'fusion_module.18.weight', 'fusion_module.18.bias'])
2026-01-07 12:39:04 - INFO - 
==================================================
2026-01-07 12:39:04 - INFO - 创建空白模型：
2026-01-07 12:39:04 - INFO - 
==================================================
2026-01-07 12:39:04 - INFO - 
==================================================
2026-01-07 12:39:04 - INFO - 模型加载：
2026-01-07 12:39:04 - INFO - 
==================================================
2026-01-07 12:39:04 - INFO - ModelManager初始化完成，使用设备: cuda
2026-01-07 12:39:04 - INFO - 检查点目录: frequency_checkpoints/best_model.pth
2026-01-07 12:39:04 - INFO - 
============================================================
2026-01-07 12:39:04 - INFO - 启动矩阵结构遗传优化
2026-01-07 12:39:04 - INFO - ============================================================
2026-01-07 12:39:04 - INFO - 矩阵遗传算法初始化完成
2026-01-07 12:39:04 - INFO - 矩阵形状: (19, 19)
2026-01-07 12:39:04 - INFO - 总像素数: 361
2026-01-07 12:39:04 - INFO - 使用设备: cuda
2026-01-07 12:39:04 - INFO - 
============================================================
2026-01-07 12:39:04 - INFO - 启动遗传算法优化
2026-01-07 12:39:04 - INFO - ============================================================
2026-01-07 12:39:04 - INFO - 目标频率: 10 GHz
2026-01-07 12:39:04 - INFO - 目标参数: {'gamma_opt': {'origin_value': 1, 'magnitude_db': 1, 'weight': 1.0}, 's11_real': -0.0445877, 's11_imag': 0.0125595, 's21_real': 0.914061, 's21_imag': -0.241433, 's12_real': 0.914061, 's12_imag': -0.241433, 's22_real': -0.04327, 's22_imag': 0.0114308, 'S21': {'magnitude_db': 0, 'weight': 0}, 'S11': {'magnitude_db': 0, 'weight': 0}, 'S22': {'magnitude_db': 0, 'weight': 0}, 'symmetry': {'weight': 0.3}, 'complexity': {'weight': 0.1}}
2026-01-07 12:39:04 - INFO - 种群大小: 1024
2026-01-07 12:39:04 - INFO - 进化代数: 100
2026-01-07 12:39:04 - INFO - 变异率: 0.1
2026-01-07 12:39:04 - INFO - 交叉率: 0.8
2026-01-07 12:39:04 - INFO - 精英数量: 5
2026-01-07 12:39:04 - INFO - tournament_size: 256
2026-01-07 12:39:04 - INFO - ============================================================
2026-01-07 12:39:04 - INFO - 创建初始种群 (大小: 4096)...
2026-01-07 12:39:04 - ERROR - 创建种群:   0%|          | 0/4096 [00:00<?, ?it/s]
2026-01-07 12:39:04 - ERROR - 创建种群: 100%|##########| 4096/4096 [00:00<00:00, 184527.39it/s]
2026-01-07 12:39:04 - ERROR - 遗传演进:   0%|          | 0/100 [00:00<?, ?it/s]
2026-01-07 12:39:08 - INFO - 矩阵形状：
2026-01-07 12:39:08 - INFO - (19, 19)
2026-01-07 12:39:08 - INFO - [[1 1 1 0 1 1 1 1 1 1 1 1 0 0 1 0 1 1 0]
 [0 1 1 1 0 0 1 1 1 0 1 1 1 0 1 1 0 0 0]
 [0 1 0 0 1 0 0 1 1 1 1 0 1 1 1 0 1 0 0]
 [1 0 1 0 1 1 1 0 1 0 0 1 0 0 1 0 0 1 1]
 [1 1 0 0 1 0 1 1 0 1 0 0 0 1 0 0 0 1 0]
 [1 0 0 0 1 1 1 0 0 0 1 1 1 0 1 0 0 0 0]
 [0 1 1 0 1 0 0 1 0 1 0 1 0 0 1 0 0 1 1]
 [1 0 0 1 0 1 1 0 0 0 1 0 0 1 0 1 0 1 0]
 [0 1 0 0 0 1 0 1 0 1 1 0 1 1 1 0 1 1 0]
 [1 0 1 0 0 1 1 1 0 0 0 0 1 0 0 1 0 1 1]
 [1 1 0 1 1 0 0 0 0 1 0 0 1 1 1 0 0 1 0]
 [0 0 1 0 0 1 0 1 1 0 0 0 0 0 0 1 0 0 1]
 [0 1 0 1 0 0 0 1 1 1 1 1 0 1 0 1 0 1 0]
 [0 1 0 1 0 0 1 0 0 1 1 1 1 0 1 1 1 0 1]
 [0 1 0 0 0 1 1 1 0 1 0 1 1 1 1 1 0 0 1]
 [0 1 1 1 1 0 0 0 0 0 1 1 0 0 1 1 1 0 1]
 [0 1 1 0 1 1 1 0 0 1 0 1 0 0 0 1 0 0 0]
 [1 1 1 1 0 1 1 1 1 1 1 0 1 0 0 1 0 0 0]
 [0 1 0 1 1 0 0 0 0 1 0 0 1 1 1 1 0 0 1]]
2026-01-07 12:39:08 - INFO - 代   0: 平均适应度 = -6.2117, 最佳适应度 = -5.9594
2026-01-07 12:39:08 - INFO -       S11 = 0.81 dB, S21 = 2.48 dB, 密度 = 0.507
2026-01-07 12:39:08 - INFO - s_params =

2026-01-07 12:39:08 - INFO - {'S11_real': np.float32(0.45837232), 'S11_imag': np.float32(-0.9973363), 'S21_real': np.float32(0.999989), 'S21_imag': np.float32(0.8786973), 'S12_real': np.float32(0.999989), 'S12_imag': np.float32(0.8786972), 'S22_real': np.float32(0.9844617), 'S22_imag': np.float32(-0.99527663)}
2026-01-07 12:39:08 - ERROR - 遗传演进:   1%|1         | 1/100 [00:04<07:20,  4.45s/it]
2026-01-07 12:39:10 - INFO - 矩阵形状：
2026-01-07 12:39:10 - INFO - (19, 19)
2026-01-07 12:39:10 - INFO - [[1. 1. 1. 0. 1. 1. 1. 1. 0. 1. 1. 1. 0. 0. 1. 0. 1. 1. 0.]
 [0. 1. 1. 1. 0. 0. 1. 1. 1. 0. 1. 1. 1. 0. 1. 1. 1. 0. 0.]
 [0. 1. 0. 0. 1. 0. 1. 1. 0. 1. 1. 0. 1. 1. 1. 0. 1. 0. 0.]
 [1. 0. 1. 0. 1. 0. 0. 0. 0. 1. 0. 1. 0. 0. 1. 0. 0. 1. 1.]
 [1. 1. 0. 0. 1. 1. 1. 1. 0. 1. 1. 0. 0. 1. 0. 0. 0. 1. 0.]
 [1. 0. 1. 0. 1. 1. 1. 1. 1. 0. 0. 1. 1. 0. 1. 0. 1. 0. 0.]
 [0. 1. 1. 0. 1. 0. 0. 0. 1. 1. 0. 1. 0. 0. 1. 0. 0. 1. 1.]
 [1. 0. 1. 1. 0. 1. 1. 1. 1. 0. 0. 0. 0. 1. 1. 1. 0. 1. 0.]
 [0. 1. 1. 1. 0. 1. 0. 1. 0. 1. 1. 0. 1. 1. 1. 0. 1. 1. 0.]
 [1. 0. 1. 1. 0. 1. 1. 1. 0. 0. 1. 0. 1. 0. 0. 1. 0. 1. 0.]
 [1. 1. 1. 1. 1. 0. 0. 0. 0. 1. 1. 0. 1. 1. 1. 0. 0. 1. 0.]
 [1. 0. 1. 1. 0. 1. 1. 1. 1. 0. 0. 0. 0. 0. 0. 1. 0. 0. 1.]
 [0. 0. 0. 1. 1. 0. 0. 1. 1. 1. 0. 1. 0. 1. 0. 0. 0. 1. 1.]
 [0. 1. 1. 0. 0. 0. 1. 0. 0. 1. 1. 1. 1. 0. 1. 0. 1. 0. 1.]
 [0. 1. 0. 0. 0. 1. 1. 1. 0. 1. 0. 1. 1. 1. 1. 1. 0. 1. 1.]
 [0. 1. 1. 0. 1. 0. 0. 0. 0. 0. 1. 1. 1. 0. 1. 1. 1. 0. 1.]
 [0. 1. 1. 0. 0. 1. 1. 0. 0. 1. 0. 1. 0. 0. 1. 1. 1. 0. 0.]
 [1. 1. 1. 1. 0. 1. 1. 1. 1. 1. 0. 1. 0. 0. 1. 1. 0. 1. 0.]
 [0. 1. 0. 0. 1. 0. 1. 0. 0. 1. 0. 0. 1. 1. 1. 1. 0. 0. 1.]]
2026-01-07 12:39:10 - ERROR - 遗传演进:   2%|2         | 2/100 [00:05<04:07,  2.52s/it]
2026-01-07 12:39:11 - INFO - 矩阵形状：
2026-01-07 12:39:11 - INFO - (19, 19)
2026-01-07 12:39:11 - INFO - [[0. 0. 0. 0. 0. 0. 1. 0. 1. 0. 0. 0. 1. 0. 1. 0. 0. 0. 0.]
 [1. 1. 0. 0. 0. 0. 1. 1. 1. 0. 1. 1. 0. 1. 1. 1. 1. 1. 0.]
 [0. 1. 0. 0. 1. 1. 0. 0. 1. 1. 0. 0. 1. 0. 0. 1. 0. 1. 0.]
 [1. 1. 0. 1. 0. 1. 1. 1. 0. 1. 0. 1. 0. 0. 0. 1. 1. 1. 1.]
 [1. 1. 1. 1. 1. 0. 1. 1. 0. 0. 1. 0. 1. 0. 1. 1. 1. 1. 1.]
 [0. 0. 0. 0. 1. 1. 0. 1. 0. 1. 1. 0. 1. 0. 1. 0. 1. 1. 0.]
 [1. 0. 1. 1. 1. 1. 0. 1. 0. 0. 0. 0. 1. 1. 1. 0. 0. 1. 1.]
 [1. 1. 0. 0. 1. 0. 0. 1. 0. 1. 0. 1. 0. 1. 1. 1. 1. 1. 0.]
 [1. 0. 0. 0. 0. 1. 1. 1. 0. 0. 0. 0. 1. 0. 0. 1. 0. 1. 1.]
 [1. 0. 0. 0. 0. 0. 1. 0. 0. 0. 1. 0. 0. 0. 0. 0. 1. 1. 1.]
 [1. 1. 1. 1. 0. 1. 0. 0. 1. 0. 0. 1. 1. 0. 0. 1. 1. 1. 1.]
 [1. 0. 1. 0. 1. 1. 0. 1. 1. 1. 1. 1. 0. 1. 0. 0. 1. 1. 1.]
 [0. 1. 0. 0. 1. 1. 1. 1. 0. 1. 1. 0. 0. 1. 1. 0. 0. 1. 1.]
 [0. 1. 0. 0. 1. 1. 1. 1. 0. 1. 1. 0. 0. 1. 0. 1. 1. 1. 0.]
 [1. 1. 1. 0. 0. 1. 0. 0. 0. 1. 1. 0. 1. 0. 1. 0. 1. 0. 1.]
 [1. 1. 0. 1. 0. 0. 0. 0. 0. 1. 0. 1. 1. 0. 1. 1. 1. 1. 0.]
 [0. 0. 1. 0. 0. 0. 1. 1. 0. 1. 1. 0. 0. 1. 1. 0. 1. 1. 1.]
 [0. 1. 0. 1. 1. 1. 0. 0. 0. 0. 0. 1. 1. 1. 1. 0. 1. 0. 1.]
 [0. 1. 1. 0. 1. 1. 1. 1. 1. 1. 1. 0. 0. 1. 1. 1. 1. 0. 1.]]
2026-01-07 12:39:11 - ERROR - 遗传演进:   3%|3         | 3/100 [00:06<03:04,  1.90s/it]
2026-01-07 12:39:12 - INFO - 矩阵形状：
2026-01-07 12:39:12 - INFO - (19, 19)
2026-01-07 12:39:12 - INFO - [[0. 0. 0. 0. 0. 0. 1. 0. 1. 0. 0. 0. 1. 0. 1. 0. 0. 0. 0.]
 [1. 1. 0. 0. 0. 0. 1. 1. 1. 0. 1. 1. 0. 1. 1. 1. 1. 1. 0.]
 [0. 1. 0. 0. 1. 1. 0. 0. 1. 1. 0. 0. 1. 0. 0. 1. 0. 1. 0.]
 [1. 1. 0. 1. 0. 1. 1. 1. 0. 1. 0. 1. 0. 0. 0. 1. 1. 1. 1.]
 [1. 1. 1. 1. 1. 0. 1. 1. 0. 0. 1. 0. 1. 0. 1. 1. 1. 1. 1.]
 [0. 0. 0. 0. 1. 1. 0. 1. 0. 1. 1. 0. 1. 0. 1. 0. 1. 1. 0.]
 [1. 0. 1. 1. 1. 1. 0. 1. 0. 0. 0. 0. 1. 1. 1. 0. 0. 1. 1.]
 [1. 1. 0. 0. 1. 0. 0. 1. 0. 1. 0. 1. 0. 1. 1. 1. 1. 1. 0.]
 [1. 0. 0. 0. 0. 1. 1. 1. 0. 0. 0. 0. 1. 0. 0. 1. 0. 1. 1.]
 [1. 0. 0. 0. 0. 0. 1. 0. 0. 0. 1. 0. 0. 0. 0. 0. 1. 1. 1.]
 [1. 1. 1. 1. 0. 1. 0. 0. 1. 0. 0. 1. 1. 0. 0. 1. 1. 1. 1.]
 [1. 0. 1. 0. 1. 1. 0. 1. 1. 1. 1. 1. 0. 1. 0. 0. 1. 1. 1.]
 [0. 1. 0. 0. 1. 1. 1. 1. 0. 1. 1. 0. 0. 1. 1. 0. 0. 1. 1.]
 [0. 1. 0. 0. 1. 1. 1. 1. 0. 1. 1. 0. 0. 1. 0. 1. 1. 1. 0.]
 [1. 1. 1. 0. 0. 1. 0. 0. 0. 1. 1. 0. 1. 0. 1. 0. 1. 0. 1.]
 [1. 1. 0. 1. 0. 0. 0. 0. 0. 1. 0. 1. 1. 0. 1. 1. 1. 1. 0.]
 [0. 0. 1. 0. 0. 0. 1. 1. 0. 1. 1. 0. 0. 1. 1. 0. 1. 1. 1.]
 [0. 1. 0. 1. 1. 1. 0. 0. 0. 0. 0. 1. 1. 1. 1. 0. 1. 0. 1.]
 [0. 1. 1. 0. 1. 1. 1. 1. 1. 1. 1. 0. 0. 1. 1. 1. 1. 0. 1.]]
2026-01-07 12:39:12 - ERROR - 遗传演进:   4%|4         | 4/100 [00:07<02:34,  1.61s/it]
2026-01-07 12:39:13 - INFO - 矩阵形状：
2026-01-07 12:39:13 - INFO - (19, 19)
2026-01-07 12:39:13 - INFO - [[0. 0. 0. 0. 0. 1. 1. 1. 1. 0. 0. 0. 1. 0. 0. 0. 0. 0. 1.]
 [1. 1. 0. 0. 0. 0. 1. 1. 1. 0. 1. 1. 0. 1. 1. 1. 1. 1. 0.]
 [0. 1. 0. 0. 1. 1. 1. 0. 1. 1. 0. 0. 0. 1. 0. 1. 0. 0. 0.]
 [1. 1. 0. 1. 1. 1. 1. 1. 0. 1. 0. 1. 0. 0. 0. 1. 1. 1. 1.]
 [1. 1. 1. 1. 1. 0. 1. 0. 0. 0. 1. 1. 0. 1. 1. 0. 1. 1. 1.]
 [0. 0. 0. 0. 1. 0. 0. 1. 0. 1. 0. 0. 1. 0. 1. 0. 1. 1. 0.]
 [1. 0. 1. 1. 0. 1. 1. 1. 0. 0. 0. 0. 1. 1. 1. 0. 0. 1. 1.]
 [1. 1. 0. 0. 1. 0. 0. 1. 0. 1. 0. 1. 0. 1. 1. 1. 1. 0. 0.]
 [1. 1. 0. 0. 0. 1. 1. 1. 0. 0. 0. 0. 1. 0. 1. 1. 0. 1. 1.]
 [1. 0. 1. 0. 0. 0. 1. 0. 0. 0. 1. 0. 0. 0. 0. 0. 1. 1. 1.]
 [1. 1. 1. 0. 0. 1. 0. 1. 1. 0. 0. 1. 1. 0. 0. 1. 0. 1. 0.]
 [1. 0. 1. 1. 0. 1. 0. 0. 1. 1. 1. 1. 0. 1. 0. 0. 1. 1. 1.]
 [0. 1. 0. 0. 0. 1. 1. 1. 0. 0. 0. 0. 0. 1. 1. 0. 0. 1. 1.]
 [0. 1. 0. 0. 1. 1. 1. 1. 0. 0. 1. 0. 0. 1. 0. 1. 1. 0. 0.]
 [1. 1. 1. 0. 0. 1. 0. 1. 0. 1. 1. 1. 1. 0. 1. 0. 0. 0. 1.]
 [1. 1. 0. 0. 1. 0. 0. 1. 0. 1. 0. 1. 1. 1. 0. 1. 1. 1. 0.]
 [0. 1. 1. 0. 0. 0. 1. 1. 0. 1. 1. 0. 0. 1. 1. 0. 1. 1. 1.]
 [0. 1. 0. 1. 1. 1. 0. 0. 0. 0. 0. 1. 1. 1. 1. 0. 1. 0. 1.]
 [0. 1. 1. 0. 1. 1. 1. 1. 1. 1. 1. 0. 0. 0. 1. 1. 1. 0. 1.]]
2026-01-07 12:39:13 - ERROR - 遗传演进:   5%|5         | 5/100 [00:09<02:17,  1.45s/it]
2026-01-07 12:39:14 - INFO - 矩阵形状：
2026-01-07 12:39:14 - INFO - (19, 19)
2026-01-07 12:39:14 - INFO - [[0. 0. 0. 0. 0. 1. 1. 1. 1. 0. 0. 0. 1. 0. 0. 0. 0. 0. 1.]
 [1. 1. 0. 0. 0. 0. 1. 1. 1. 0. 1. 1. 0. 1. 1. 1. 1. 1. 0.]
 [0. 1. 0. 0. 1. 1. 1. 0. 1. 1. 0. 0. 0. 1. 0. 1. 0. 0. 0.]
 [1. 1. 0. 1. 1. 1. 1. 1. 0. 1. 0. 1. 0. 0. 0. 1. 1. 1. 1.]
 [1. 1. 1. 1. 1. 0. 1. 0. 0. 0. 1. 1. 0. 1. 1. 0. 1. 1. 1.]
 [0. 0. 0. 0. 1. 0. 0. 1. 0. 1. 0. 0. 1. 0. 1. 0. 1. 1. 0.]
 [1. 0. 1. 1. 0. 1. 1. 1. 0. 0. 0. 0. 1. 1. 1. 0. 0. 1. 1.]
 [1. 1. 0. 0. 1. 0. 0. 1. 0. 1. 0. 1. 0. 1. 1. 1. 1. 0. 0.]
 [1. 1. 0. 0. 0. 1. 1. 1. 0. 0. 0. 0. 1. 0. 1. 1. 0. 1. 1.]
 [1. 0. 1. 0. 0. 0. 1. 0. 0. 0. 1. 0. 0. 0. 0. 0. 1. 1. 1.]
 [1. 1. 1. 0. 0. 1. 0. 1. 1. 0. 0. 1. 1. 0. 0. 1. 0. 1. 0.]
 [1. 0. 1. 1. 0. 1. 0. 0. 1. 1. 1. 1. 0. 1. 0. 0. 1. 1. 1.]
 [0. 1. 0. 0. 0. 1. 1. 1. 0. 0. 0. 0. 0. 1. 1. 0. 0. 1. 1.]
 [0. 1. 0. 0. 1. 1. 1. 1. 0. 0. 1. 0. 0. 1. 0. 1. 1. 0. 0.]
 [1. 1. 1. 0. 0. 1. 0. 1. 0. 1. 1. 1. 1. 0. 1. 0. 0. 0. 1.]
 [1. 1. 0. 0. 1. 0. 0. 1. 0. 1. 0. 1. 1. 1. 0. 1. 1. 1. 0.]
 [0. 1. 1. 0. 0. 0. 1. 1. 0. 1. 1. 0. 0. 1. 1. 0. 1. 1. 1.]
 [0. 1. 0. 1. 1. 1. 0. 0. 0. 0. 0. 1. 1. 1. 1. 0. 1. 0. 1.]
 [0. 1. 1. 0. 1. 1. 1. 1. 1. 1. 1. 0. 0. 0. 1. 1. 1. 0. 1.]]
2026-01-07 12:39:14 - ERROR - 遗传演进:   6%|6         | 6/100 [00:10<02:07,  1.36s/it]
2026-01-07 12:39:15 - INFO - 矩阵形状：
2026-01-07 12:39:15 - INFO - (19, 19)
2026-01-07 12:39:15 - INFO - [[0. 0. 1. 0. 0. 1. 1. 1. 0. 1. 1. 0. 1. 1. 0. 1. 0. 0. 0.]
 [1. 0. 0. 1. 0. 0. 1. 1. 1. 0. 0. 1. 0. 1. 1. 1. 1. 1. 0.]
 [1. 1. 1. 0. 1. 0. 0. 1. 1. 1. 1. 0. 1. 0. 0. 0. 1. 1. 1.]
 [1. 1. 1. 1. 0. 1. 1. 0. 0. 0. 1. 1. 1. 1. 1. 0. 0. 1. 0.]
 [1. 1. 1. 1. 0. 0. 1. 0. 0. 1. 1. 0. 1. 0. 1. 1. 1. 1. 1.]
 [1. 0. 0. 1. 0. 1. 0. 1. 0. 0. 0. 0. 0. 0. 0. 1. 1. 0. 0.]
 [1. 0. 0. 1. 1. 1. 1. 0. 1. 0. 0. 0. 0. 1. 1. 0. 1. 1. 0.]
 [1. 1. 0. 0. 1. 0. 0. 1. 0. 1. 0. 1. 0. 1. 0. 1. 0. 0. 1.]
 [0. 1. 1. 0. 0. 1. 1. 1. 0. 0. 0. 0. 1. 0. 0. 1. 0. 1. 0.]
 [1. 0. 0. 0. 1. 0. 1. 0. 0. 0. 0. 0. 0. 1. 0. 1. 1. 1. 1.]
 [0. 1. 0. 1. 1. 1. 0. 0. 1. 0. 1. 0. 1. 1. 0. 1. 0. 1. 1.]
 [1. 0. 0. 1. 1. 1. 0. 1. 1. 0. 0. 1. 0. 0. 0. 0. 0. 1. 1.]
 [1. 1. 1. 0. 1. 1. 1. 1. 1. 1. 1. 0. 1. 1. 1. 0. 0. 1. 0.]
 [1. 1. 1. 1. 0. 1. 1. 1. 0. 1. 1. 0. 0. 1. 0. 1. 1. 1. 1.]
 [1. 1. 0. 0. 1. 0. 0. 0. 0. 1. 0. 0. 0. 0. 1. 0. 1. 0. 1.]
 [1. 0. 0. 1. 0. 0. 0. 0. 1. 0. 1. 1. 1. 1. 1. 0. 0. 1. 0.]
 [0. 0. 1. 1. 1. 0. 1. 1. 0. 1. 1. 0. 0. 1. 1. 1. 1. 1. 1.]
 [0. 1. 0. 0. 1. 1. 0. 0. 0. 1. 0. 1. 1. 0. 1. 0. 1. 0. 1.]
 [1. 1. 1. 1. 1. 1. 0. 1. 1. 1. 1. 0. 1. 1. 1. 1. 1. 0. 1.]]
2026-01-07 12:39:16 - ERROR - 遗传演进:   7%|7         | 7/100 [00:11<02:00,  1.29s/it]
2026-01-07 12:39:17 - INFO - 矩阵形状：
2026-01-07 12:39:17 - INFO - (19, 19)
2026-01-07 12:39:17 - INFO - [[0. 0. 1. 0. 0. 1. 1. 1. 0. 1. 1. 0. 1. 1. 0. 1. 0. 0. 0.]
 [1. 0. 0. 1. 0. 0. 1. 0. 1. 0. 0. 0. 0. 1. 1. 1. 1. 1. 1.]
 [1. 1. 1. 0. 1. 0. 0. 1. 1. 1. 1. 1. 1. 0. 0. 0. 1. 1. 1.]
 [1. 0. 1. 1. 0. 1. 1. 0. 0. 0. 1. 1. 1. 1. 0. 1. 0. 1. 0.]
 [1. 1. 1. 0. 1. 1. 1. 0. 0. 1. 1. 0. 1. 0. 1. 1. 1. 1. 0.]
 [0. 0. 0. 1. 0. 1. 0. 1. 0. 0. 0. 0. 0. 1. 0. 1. 1. 1. 0.]
 [1. 0. 0. 1. 1. 1. 1. 0. 1. 0. 0. 0. 0. 1. 1. 0. 0. 1. 0.]
 [1. 0. 0. 0. 1. 1. 0. 1. 0. 1. 0. 1. 0. 1. 0. 1. 0. 0. 1.]
 [0. 1. 1. 0. 0. 1. 0. 1. 0. 0. 0. 0. 1. 0. 0. 1. 0. 1. 1.]
 [1. 1. 0. 0. 1. 0. 1. 0. 1. 0. 0. 0. 0. 1. 0. 1. 1. 1. 1.]
 [0. 1. 0. 1. 1. 1. 0. 0. 1. 0. 1. 1. 1. 1. 0. 1. 0. 1. 1.]
 [1. 0. 0. 1. 1. 1. 0. 1. 1. 0. 0. 1. 0. 0. 0. 1. 0. 1. 1.]
 [1. 1. 1. 0. 1. 1. 1. 1. 1. 1. 1. 0. 1. 1. 1. 0. 0. 1. 0.]
 [1. 1. 1. 1. 0. 1. 1. 1. 0. 1. 1. 0. 0. 1. 0. 1. 1. 1. 1.]
 [1. 1. 0. 0. 1. 1. 0. 0. 0. 1. 0. 0. 0. 0. 1. 0. 1. 0. 1.]
 [1. 0. 0. 1. 0. 0. 0. 0. 1. 0. 1. 1. 0. 1. 1. 0. 0. 1. 0.]
 [1. 0. 1. 1. 1. 0. 1. 1. 0. 1. 1. 0. 0. 1. 1. 1. 1. 1. 1.]
 [0. 1. 1. 0. 1. 1. 1. 0. 0. 1. 0. 1. 1. 0. 1. 0. 1. 0. 1.]
 [1. 1. 1. 1. 1. 1. 0. 1. 1. 1. 1. 0. 0. 1. 1. 1. 1. 0. 1.]]
2026-01-07 12:39:17 - ERROR - 遗传演进:   8%|8         | 8/100 [00:12<01:55,  1.25s/it]
2026-01-07 12:39:18 - INFO - 矩阵形状：
2026-01-07 12:39:18 - INFO - (19, 19)
2026-01-07 12:39:18 - INFO - [[0. 0. 1. 0. 0. 1. 1. 1. 0. 0. 1. 0. 1. 1. 0. 0. 0. 0. 0.]
 [1. 0. 0. 1. 0. 1. 1. 0. 1. 0. 0. 1. 0. 1. 1. 1. 1. 1. 1.]
 [1. 1. 1. 0. 1. 0. 0. 1. 1. 1. 1. 1. 1. 0. 0. 0. 1. 1. 1.]
 [1. 0. 1. 1. 0. 1. 1. 0. 0. 0. 1. 1. 1. 1. 0. 0. 0. 1. 0.]
 [1. 1. 1. 0. 1. 0. 1. 0. 0. 1. 1. 0. 1. 0. 1. 0. 1. 1. 0.]
 [0. 0. 0. 1. 0. 0. 0. 1. 0. 0. 0. 0. 0. 1. 0. 1. 1. 1. 0.]
 [1. 1. 0. 1. 1. 1. 1. 0. 1. 0. 0. 0. 0. 1. 1. 0. 0. 1. 0.]
 [1. 0. 0. 0. 1. 1. 0. 1. 0. 1. 0. 1. 1. 0. 0. 1. 0. 0. 0.]
 [1. 1. 1. 0. 1. 1. 0. 1. 0. 0. 0. 0. 1. 0. 1. 1. 0. 1. 0.]
 [1. 1. 1. 0. 1. 0. 1. 0. 1. 0. 0. 0. 0. 1. 0. 1. 1. 1. 1.]
 [0. 1. 0. 0. 1. 1. 0. 0. 1. 0. 1. 1. 1. 0. 0. 1. 1. 1. 1.]
 [1. 0. 0. 1. 1. 1. 0. 1. 1. 0. 0. 1. 0. 0. 0. 0. 0. 1. 1.]
 [1. 1. 1. 0. 0. 1. 1. 0. 1. 1. 1. 0. 0. 1. 1. 0. 0. 1. 1.]
 [1. 1. 1. 1. 0. 1. 1. 1. 0. 1. 1. 0. 0. 1. 0. 1. 1. 1. 1.]
 [1. 1. 0. 0. 0. 1. 0. 0. 0. 1. 0. 0. 0. 0. 1. 0. 1. 0. 1.]
 [1. 0. 1. 1. 0. 1. 0. 0. 1. 0. 1. 1. 0. 1. 1. 1. 0. 0. 0.]
 [0. 1. 1. 1. 1. 0. 0. 1. 0. 1. 1. 0. 0. 1. 1. 1. 1. 1. 1.]
 [0. 1. 0. 0. 1. 1. 1. 0. 0. 1. 0. 1. 1. 0. 0. 0. 1. 0. 1.]
 [1. 1. 1. 1. 1. 1. 0. 1. 1. 1. 1. 0. 0. 1. 1. 1. 1. 0. 0.]]
2026-01-07 12:39:18 - ERROR - 遗传演进:   9%|9         | 9/100 [00:13<01:51,  1.23s/it]
2026-01-07 12:39:19 - INFO - 矩阵形状：
2026-01-07 12:39:19 - INFO - (19, 19)
2026-01-07 12:39:19 - INFO - [[1. 0. 1. 1. 1. 1. 1. 0. 0. 0. 1. 0. 1. 1. 1. 1. 1. 0. 0.]
 [0. 0. 0. 1. 0. 0. 1. 0. 1. 0. 0. 1. 0. 1. 1. 1. 0. 0. 0.]
 [1. 1. 1. 0. 1. 1. 0. 1. 1. 0. 1. 0. 1. 1. 1. 0. 1. 0. 0.]
 [1. 0. 1. 1. 0. 0. 1. 0. 1. 1. 1. 1. 0. 0. 1. 0. 0. 1. 1.]
 [1. 1. 1. 0. 1. 1. 1. 0. 0. 1. 1. 0. 0. 0. 1. 1. 1. 1. 1.]
 [0. 0. 0. 1. 1. 1. 0. 1. 0. 0. 0. 0. 0. 0. 0. 1. 1. 0. 1.]
 [1. 0. 0. 1. 0. 1. 1. 0. 1. 0. 0. 0. 0. 1. 1. 0. 1. 0. 0.]
 [1. 0. 0. 0. 1. 0. 0. 1. 0. 1. 0. 1. 0. 0. 0. 1. 0. 0. 1.]
 [0. 1. 1. 0. 0. 1. 1. 1. 0. 1. 0. 0. 1. 0. 0. 1. 0. 1. 0.]
 [1. 1. 0. 0. 1. 0. 1. 0. 0. 0. 0. 0. 0. 1. 0. 1. 1. 1. 1.]
 [0. 1. 0. 1. 1. 1. 0. 0. 1. 0. 0. 0. 1. 1. 0. 0. 1. 1. 0.]
 [1. 0. 0. 1. 1. 1. 0. 1. 1. 0. 0. 1. 0. 0. 0. 0. 0. 1. 0.]
 [1. 1. 0. 0. 0. 1. 1. 1. 1. 1. 1. 0. 1. 1. 1. 0. 0. 1. 0.]
 [1. 1. 1. 1. 0. 1. 1. 1. 0. 0. 1. 0. 0. 1. 0. 1. 1. 1. 1.]
 [1. 1. 1. 1. 1. 1. 0. 0. 0. 1. 0. 0. 0. 0. 1. 0. 0. 0. 1.]
 [1. 0. 0. 1. 1. 0. 0. 0. 1. 0. 1. 1. 1. 1. 1. 0. 0. 1. 0.]
 [1. 0. 1. 1. 1. 0. 1. 1. 0. 1. 1. 0. 0. 1. 1. 1. 1. 1. 1.]
 [0. 1. 1. 0. 1. 1. 1. 1. 0. 1. 0. 1. 1. 0. 0. 1. 0. 0. 1.]
 [1. 1. 1. 1. 1. 1. 0. 1. 1. 1. 1. 0. 0. 1. 1. 1. 1. 0. 0.]]
2026-01-07 12:39:19 - ERROR - 遗传演进:  10%|#         | 10/100 [00:14<01:48,  1.21s/it]
2026-01-07 12:39:20 - INFO - 矩阵形状：
2026-01-07 12:39:20 - INFO - (19, 19)
2026-01-07 12:39:20 - INFO - [[1. 0. 1. 1. 1. 1. 1. 0. 0. 0. 1. 0. 1. 1. 1. 1. 1. 0. 0.]
 [0. 0. 0. 1. 0. 0. 1. 0. 1. 0. 0. 1. 0. 1. 1. 1. 0. 0. 0.]
 [1. 1. 1. 0. 1. 1. 0. 1. 1. 0. 1. 0. 1. 1. 1. 0. 1. 0. 0.]
 [1. 0. 1. 1. 0. 0. 1. 0. 1. 1. 1. 1. 0. 0. 1. 0. 0. 1. 1.]
 [1. 1. 1. 0. 1. 1. 1. 0. 0. 1. 1. 0. 0. 0. 1. 1. 1. 1. 1.]
 [0. 0. 0. 1. 1. 1. 0. 1. 0. 0. 0. 0. 0. 0. 0. 1. 1. 0. 1.]
 [1. 0. 0. 1. 0. 1. 1. 0. 1. 0. 0. 0. 0. 1. 1. 0. 1. 0. 0.]
 [1. 0. 0. 0. 1. 0. 0. 1. 0. 1. 0. 1. 0. 0. 0. 1. 0. 0. 1.]
 [0. 1. 1. 0. 0. 1. 1. 1. 0. 1. 0. 0. 1. 0. 0. 1. 0. 1. 0.]
 [1. 1. 0. 0. 1. 0. 1. 0. 0. 0. 0. 0. 0. 1. 0. 1. 1. 1. 1.]
 [0. 1. 0. 1. 1. 1. 0. 0. 1. 0. 0. 0. 1. 1. 0. 0. 1. 1. 0.]
 [1. 0. 0. 1. 1. 1. 0. 1. 1. 0. 0. 1. 0. 0. 0. 0. 0. 1. 0.]
 [1. 1. 0. 0. 0. 1. 1. 1. 1. 1. 1. 0. 1. 1. 1. 0. 0. 1. 0.]
 [1. 1. 1. 1. 0. 1. 1. 1. 0. 0. 1. 0. 0. 1. 0. 1. 1. 1. 1.]
 [1. 1. 1. 1. 1. 1. 0. 0. 0. 1. 0. 0. 0. 0. 1. 0. 0. 0. 1.]
 [1. 0. 0. 1. 1. 0. 0. 0. 1. 0. 1. 1. 1. 1. 1. 0. 0. 1. 0.]
 [1. 0. 1. 1. 1. 0. 1. 1. 0. 1. 1. 0. 0. 1. 1. 1. 1. 1. 1.]
 [0. 1. 1. 0. 1. 1. 1. 1. 0. 1. 0. 1. 1. 0. 0. 1. 0. 0. 1.]
 [1. 1. 1. 1. 1. 1. 0. 1. 1. 1. 1. 0. 0. 1. 1. 1. 1. 0. 0.]]
2026-01-07 12:39:20 - INFO - 代  10: 平均适应度 = -6.0452, 最佳适应度 = -5.7099
2026-01-07 12:39:20 - INFO -       S11 = 0.23 dB, S21 = 2.44 dB, 密度 = 0.540
2026-01-07 12:39:20 - INFO - s_params =

2026-01-07 12:39:20 - INFO - {'S11_real': np.float32(0.24388306), 'S11_imag': np.float32(-0.9972795), 'S21_real': np.float32(0.99999166), 'S21_imag': np.float32(0.8684221), 'S12_real': np.float32(0.99999166), 'S12_imag': np.float32(0.86842203), 'S22_real': np.float32(0.97027045), 'S22_imag': np.float32(-0.9950292)}
2026-01-07 12:39:20 - ERROR - 遗传演进:  11%|#1        | 11/100 [00:16<01:46,  1.19s/it]
2026-01-07 12:39:21 - INFO - 矩阵形状：
2026-01-07 12:39:21 - INFO - (19, 19)
2026-01-07 12:39:21 - INFO - [[1. 0. 1. 1. 1. 1. 1. 0. 0. 0. 1. 0. 1. 1. 1. 1. 1. 0. 0.]
 [0. 0. 0. 1. 0. 0. 1. 0. 1. 0. 0. 1. 0. 1. 1. 1. 0. 0. 0.]
 [1. 1. 1. 0. 1. 1. 0. 1. 1. 0. 1. 0. 1. 1. 1. 0. 1. 0. 0.]
 [1. 0. 1. 1. 0. 0. 1. 0. 1. 1. 1. 1. 0. 0. 1. 0. 0. 1. 1.]
 [1. 1. 1. 0. 1. 1. 1. 0. 0. 1. 1. 0. 0. 0. 1. 1. 1. 1. 1.]
 [0. 0. 0. 1. 1. 1. 0. 1. 0. 0. 0. 0. 0. 0. 0. 1. 1. 0. 1.]
 [1. 0. 0. 1. 0. 1. 1. 0. 1. 0. 0. 0. 0. 1. 1. 0. 1. 0. 0.]
 [1. 0. 0. 0. 1. 0. 0. 1. 0. 1. 0. 1. 0. 0. 0. 1. 0. 0. 1.]
 [0. 1. 1. 0. 0. 1. 1. 1. 0. 1. 0. 0. 1. 0. 0. 1. 0. 1. 0.]
 [1. 1. 0. 0. 1. 0. 1. 0. 0. 0. 0. 0. 0. 1. 0. 1. 1. 1. 1.]
 [0. 1. 0. 1. 1. 1. 0. 0. 1. 0. 0. 0. 1. 1. 0. 0. 1. 1. 0.]
 [1. 0. 0. 1. 1. 1. 0. 1. 1. 0. 0. 1. 0. 0. 0. 0. 0. 1. 0.]
 [1. 1. 0. 0. 0. 1. 1. 1. 1. 1. 1. 0. 1. 1. 1. 0. 0. 1. 0.]
 [1. 1. 1. 1. 0. 1. 1. 1. 0. 0. 1. 0. 0. 1. 0. 1. 1. 1. 1.]
 [1. 1. 1. 1. 1. 1. 0. 0. 0. 1. 0. 0. 0. 0. 1. 0. 0. 0. 1.]
 [1. 0. 0. 1. 1. 0. 0. 0. 1. 0. 1. 1. 1. 1. 1. 0. 0. 1. 0.]
 [1. 0. 1. 1. 1. 0. 1. 1. 0. 1. 1. 0. 0. 1. 1. 1. 1. 1. 1.]
 [0. 1. 1. 0. 1. 1. 1. 1. 0. 1. 0. 1. 1. 0. 0. 1. 0. 0. 1.]
 [1. 1. 1. 1. 1. 1. 0. 1. 1. 1. 1. 0. 0. 1. 1. 1. 1. 0. 0.]]
2026-01-07 12:39:21 - ERROR - 遗传演进:  12%|#2        | 12/100 [00:17<01:44,  1.19s/it]
2026-01-07 12:39:22 - INFO - 矩阵形状：
2026-01-07 12:39:22 - INFO - (19, 19)
2026-01-07 12:39:22 - INFO - [[1. 0. 1. 1. 1. 1. 1. 0. 0. 0. 1. 0. 1. 1. 1. 1. 1. 0. 0.]
 [0. 0. 0. 1. 0. 0. 1. 0. 1. 0. 0. 1. 0. 1. 1. 1. 0. 0. 0.]
 [1. 1. 1. 0. 1. 1. 0. 1. 1. 0. 1. 0. 1. 1. 1. 0. 1. 0. 0.]
 [1. 0. 1. 1. 0. 0. 1. 0. 1. 1. 1. 1. 0. 0. 1. 0. 0. 1. 1.]
 [1. 1. 1. 0. 1. 1. 1. 0. 0. 1. 1. 0. 0. 0. 1. 1. 1. 1. 1.]
 [0. 0. 0. 1. 1. 1. 0. 1. 0. 0. 0. 0. 0. 0. 0. 1. 1. 0. 1.]
 [1. 0. 0. 1. 0. 1. 1. 0. 1. 0. 0. 0. 0. 1. 1. 0. 1. 0. 0.]
 [1. 0. 0. 0. 1. 0. 0. 1. 0. 1. 0. 1. 0. 0. 0. 1. 0. 0. 1.]
 [0. 1. 1. 0. 0. 1. 1. 1. 0. 1. 0. 0. 1. 0. 0. 1. 0. 1. 0.]
 [1. 1. 0. 0. 1. 0. 1. 0. 0. 0. 0. 0. 0. 1. 0. 1. 1. 1. 1.]
 [0. 1. 0. 1. 1. 1. 0. 0. 1. 0. 0. 0. 1. 1. 0. 0. 1. 1. 0.]
 [1. 0. 0. 1. 1. 1. 0. 1. 1. 0. 0. 1. 0. 0. 0. 0. 0. 1. 0.]
 [1. 1. 0. 0. 0. 1. 1. 1. 1. 1. 1. 0. 1. 1. 1. 0. 0. 1. 0.]
 [1. 1. 1. 1. 0. 1. 1. 1. 0. 0. 1. 0. 0. 1. 0. 1. 1. 1. 1.]
 [1. 1. 1. 1. 1. 1. 0. 0. 0. 1. 0. 0. 0. 0. 1. 0. 0. 0. 1.]
 [1. 0. 0. 1. 1. 0. 0. 0. 1. 0. 1. 1. 1. 1. 1. 0. 0. 1. 0.]
 [1. 0. 1. 1. 1. 0. 1. 1. 0. 1. 1. 0. 0. 1. 1. 1. 1. 1. 1.]
 [0. 1. 1. 0. 1. 1. 1. 1. 0. 1. 0. 1. 1. 0. 0. 1. 0. 0. 1.]
 [1. 1. 1. 1. 1. 1. 0. 1. 1. 1. 1. 0. 0. 1. 1. 1. 1. 0. 0.]]
2026-01-07 12:39:22 - ERROR - 遗传演进:  13%|#3        | 13/100 [00:18<01:42,  1.18s/it]
2026-01-07 12:39:24 - INFO - 矩阵形状：
2026-01-07 12:39:24 - INFO - (19, 19)
2026-01-07 12:39:24 - INFO - [[1. 0. 1. 1. 1. 1. 1. 0. 0. 0. 1. 0. 1. 1. 1. 1. 1. 0. 0.]
 [0. 0. 0. 1. 0. 0. 1. 0. 1. 0. 0. 1. 0. 1. 1. 1. 0. 0. 0.]
 [1. 1. 1. 0. 1. 1. 0. 1. 1. 0. 1. 0. 1. 1. 1. 0. 1. 0. 0.]
 [1. 0. 1. 1. 0. 0. 1. 0. 1. 1. 1. 1. 0. 0. 1. 0. 0. 1. 1.]
 [1. 1. 1. 0. 1. 1. 1. 0. 0. 1. 1. 0. 0. 0. 1. 1. 1. 1. 1.]
 [0. 0. 0. 1. 1. 1. 0. 1. 0. 0. 0. 0. 0. 0. 0. 1. 1. 0. 1.]
 [1. 0. 0. 1. 0. 1. 1. 0. 1. 0. 0. 0. 0. 1. 1. 0. 1. 0. 0.]
 [1. 0. 0. 0. 1. 0. 0. 1. 0. 1. 0. 1. 0. 0. 0. 1. 0. 0. 1.]
 [0. 1. 1. 0. 0. 1. 1. 1. 0. 1. 0. 0. 1. 0. 0. 1. 0. 1. 0.]
 [1. 1. 0. 0. 1. 0. 1. 0. 0. 0. 0. 0. 0. 1. 0. 1. 1. 1. 1.]
 [0. 1. 0. 1. 1. 1. 0. 0. 1. 0. 0. 0. 1. 1. 0. 0. 1. 1. 0.]
 [1. 0. 0. 1. 1. 1. 0. 1. 1. 0. 0. 1. 0. 0. 0. 0. 0. 1. 0.]
 [1. 1. 0. 0. 0. 1. 1. 1. 1. 1. 1. 0. 1. 1. 1. 0. 0. 1. 0.]
 [1. 1. 1. 1. 0. 1. 1. 1. 0. 0. 1. 0. 0. 1. 0. 1. 1. 1. 1.]
 [1. 1. 1. 1. 1. 1. 0. 0. 0. 1. 0. 0. 0. 0. 1. 0. 0. 0. 1.]
 [1. 0. 0. 1. 1. 0. 0. 0. 1. 0. 1. 1. 1. 1. 1. 0. 0. 1. 0.]
 [1. 0. 1. 1. 1. 0. 1. 1. 0. 1. 1. 0. 0. 1. 1. 1. 1. 1. 1.]
 [0. 1. 1. 0. 1. 1. 1. 1. 0. 1. 0. 1. 1. 0. 0. 1. 0. 0. 1.]
 [1. 1. 1. 1. 1. 1. 0. 1. 1. 1. 1. 0. 0. 1. 1. 1. 1. 0. 0.]]
2026-01-07 12:39:24 - ERROR - 遗传演进:  14%|#4        | 14/100 [00:19<01:40,  1.17s/it]
2026-01-07 12:39:25 - INFO - 矩阵形状：
2026-01-07 12:39:25 - INFO - (19, 19)
2026-01-07 12:39:25 - INFO - [[1. 0. 1. 1. 1. 1. 1. 0. 0. 0. 1. 0. 1. 1. 1. 1. 1. 0. 0.]
 [0. 0. 0. 1. 0. 0. 1. 0. 1. 0. 0. 1. 0. 1. 1. 1. 0. 0. 0.]
 [1. 1. 1. 0. 1. 1. 0. 1. 1. 0. 1. 0. 1. 1. 1. 0. 1. 0. 0.]
 [1. 0. 1. 1. 0. 0. 1. 0. 1. 1. 1. 1. 0. 0. 1. 0. 0. 1. 1.]
 [1. 1. 1. 0. 1. 1. 1. 0. 0. 1. 1. 0. 0. 0. 1. 1. 1. 1. 1.]
 [0. 0. 0. 1. 1. 1. 0. 1. 0. 0. 0. 0. 0. 0. 0. 1. 1. 0. 1.]
 [1. 0. 0. 1. 0. 1. 1. 0. 1. 0. 0. 0. 0. 1. 1. 0. 1. 0. 0.]
 [1. 0. 0. 0. 1. 0. 0. 1. 0. 1. 0. 1. 0. 0. 0. 1. 0. 0. 1.]
 [0. 1. 1. 0. 0. 1. 1. 1. 0. 1. 0. 0. 1. 0. 0. 1. 0. 1. 0.]
 [1. 1. 0. 0. 1. 0. 1. 0. 0. 0. 0. 0. 0. 1. 0. 1. 1. 1. 1.]
 [0. 1. 0. 1. 1. 1. 0. 0. 1. 0. 0. 0. 1. 1. 0. 0. 1. 1. 0.]
 [1. 0. 0. 1. 1. 1. 0. 1. 1. 0. 0. 1. 0. 0. 0. 0. 0. 1. 0.]
 [1. 1. 0. 0. 0. 1. 1. 1. 1. 1. 1. 0. 1. 1. 1. 0. 0. 1. 0.]
 [1. 1. 1. 1. 0. 1. 1. 1. 0. 0. 1. 0. 0. 1. 0. 1. 1. 1. 1.]
 [1. 1. 1. 1. 1. 1. 0. 0. 0. 1. 0. 0. 0. 0. 1. 0. 0. 0. 1.]
 [1. 0. 0. 1. 1. 0. 0. 0. 1. 0. 1. 1. 1. 1. 1. 0. 0. 1. 0.]
 [1. 0. 1. 1. 1. 0. 1. 1. 0. 1. 1. 0. 0. 1. 1. 1. 1. 1. 1.]
 [0. 1. 1. 0. 1. 1. 1. 1. 0. 1. 0. 1. 1. 0. 0. 1. 0. 0. 1.]
 [1. 1. 1. 1. 1. 1. 0. 1. 1. 1. 1. 0. 0. 1. 1. 1. 1. 0. 0.]]
2026-01-07 12:39:25 - ERROR - 遗传演进:  15%|#5        | 15/100 [00:20<01:39,  1.17s/it]
2026-01-07 12:39:26 - INFO - 矩阵形状：
2026-01-07 12:39:26 - INFO - (19, 19)
2026-01-07 12:39:26 - INFO - [[1. 0. 1. 1. 1. 1. 1. 0. 0. 0. 1. 0. 1. 1. 1. 1. 1. 0. 0.]
 [0. 0. 0. 1. 0. 0. 1. 0. 1. 0. 0. 1. 0. 1. 1. 1. 0. 0. 0.]
 [1. 1. 1. 0. 1. 1. 0. 1. 1. 0. 1. 0. 1. 1. 1. 0. 1. 0. 0.]
 [1. 0. 1. 1. 0. 0. 1. 0. 1. 1. 1. 1. 0. 0. 1. 0. 0. 1. 1.]
 [1. 1. 1. 0. 1. 1. 1. 0. 0. 1. 1. 0. 0. 0. 1. 1. 1. 1. 1.]
 [0. 0. 0. 1. 1. 1. 0. 1. 0. 0. 0. 0. 0. 0. 0. 1. 1. 0. 1.]
 [1. 0. 0. 1. 0. 1. 1. 0. 1. 0. 0. 0. 0. 1. 1. 0. 1. 0. 0.]
 [1. 0. 0. 0. 1. 0. 0. 1. 0. 1. 0. 1. 0. 0. 0. 1. 0. 0. 1.]
 [0. 1. 1. 0. 0. 1. 1. 1. 0. 1. 0. 0. 1. 0. 0. 1. 0. 1. 0.]
 [1. 1. 0. 0. 1. 0. 1. 0. 0. 0. 0. 0. 0. 1. 0. 1. 1. 1. 1.]
 [0. 1. 0. 1. 1. 1. 0. 0. 1. 0. 0. 0. 1. 1. 0. 0. 1. 1. 0.]
 [1. 0. 0. 1. 1. 1. 0. 1. 1. 0. 0. 1. 0. 0. 0. 0. 0. 1. 0.]
 [1. 1. 0. 0. 0. 1. 1. 1. 1. 1. 1. 0. 1. 1. 1. 0. 0. 1. 0.]
 [1. 1. 1. 1. 0. 1. 1. 1. 0. 0. 1. 0. 0. 1. 0. 1. 1. 1. 1.]
 [1. 1. 1. 1. 1. 1. 0. 0. 0. 1. 0. 0. 0. 0. 1. 0. 0. 0. 1.]
 [1. 0. 0. 1. 1. 0. 0. 0. 1. 0. 1. 1. 1. 1. 1. 0. 0. 1. 0.]
 [1. 0. 1. 1. 1. 0. 1. 1. 0. 1. 1. 0. 0. 1. 1. 1. 1. 1. 1.]
 [0. 1. 1. 0. 1. 1. 1. 1. 0. 1. 0. 1. 1. 0. 0. 1. 0. 0. 1.]
 [1. 1. 1. 1. 1. 1. 0. 1. 1. 1. 1. 0. 0. 1. 1. 1. 1. 0. 0.]]
2026-01-07 12:39:26 - ERROR - 遗传演进:  16%|#6        | 16/100 [00:21<01:38,  1.17s/it]
2026-01-07 12:39:27 - INFO - 矩阵形状：
2026-01-07 12:39:27 - INFO - (19, 19)
2026-01-07 12:39:27 - INFO - [[1. 0. 1. 1. 1. 1. 1. 0. 0. 0. 1. 0. 1. 1. 1. 1. 1. 0. 0.]
 [0. 0. 0. 1. 0. 0. 1. 0. 1. 0. 0. 1. 0. 1. 1. 1. 0. 0. 0.]
 [1. 1. 1. 0. 1. 1. 0. 1. 1. 0. 1. 0. 1. 1. 1. 0. 1. 0. 0.]
 [1. 0. 1. 1. 0. 0. 1. 0. 1. 1. 1. 1. 0. 0. 1. 0. 0. 1. 1.]
 [1. 1. 1. 0. 1. 1. 1. 0. 0. 1. 1. 0. 0. 0. 1. 1. 1. 1. 1.]
 [0. 0. 0. 1. 1. 1. 0. 1. 0. 0. 0. 0. 0. 0. 0. 1. 1. 0. 1.]
 [1. 0. 0. 1. 0. 1. 1. 0. 1. 0. 0. 0. 0. 1. 1. 0. 1. 0. 0.]
 [1. 0. 0. 0. 1. 0. 0. 1. 0. 1. 0. 1. 0. 0. 0. 1. 0. 0. 1.]
 [0. 1. 1. 0. 0. 1. 1. 1. 0. 1. 0. 0. 1. 0. 0. 1. 0. 1. 0.]
 [1. 1. 0. 0. 1. 0. 1. 0. 0. 0. 0. 0. 0. 1. 0. 1. 1. 1. 1.]
 [0. 1. 0. 1. 1. 1. 0. 0. 1. 0. 0. 0. 1. 1. 0. 0. 1. 1. 0.]
 [1. 0. 0. 1. 1. 1. 0. 1. 1. 0. 0. 1. 0. 0. 0. 0. 0. 1. 0.]
 [1. 1. 0. 0. 0. 1. 1. 1. 1. 1. 1. 0. 1. 1. 1. 0. 0. 1. 0.]
 [1. 1. 1. 1. 0. 1. 1. 1. 0. 0. 1. 0. 0. 1. 0. 1. 1. 1. 1.]
 [1. 1. 1. 1. 1. 1. 0. 0. 0. 1. 0. 0. 0. 0. 1. 0. 0. 0. 1.]
 [1. 0. 0. 1. 1. 0. 0. 0. 1. 0. 1. 1. 1. 1. 1. 0. 0. 1. 0.]
 [1. 0. 1. 1. 1. 0. 1. 1. 0. 1. 1. 0. 0. 1. 1. 1. 1. 1. 1.]
 [0. 1. 1. 0. 1. 1. 1. 1. 0. 1. 0. 1. 1. 0. 0. 1. 0. 0. 1.]
 [1. 1. 1. 1. 1. 1. 0. 1. 1. 1. 1. 0. 0. 1. 1. 1. 1. 0. 0.]]
2026-01-07 12:39:27 - ERROR - 遗传演进:  17%|#7        | 17/100 [00:23<01:36,  1.16s/it]
2026-01-07 12:39:28 - INFO - 矩阵形状：
2026-01-07 12:39:28 - INFO - (19, 19)
2026-01-07 12:39:28 - INFO - [[1. 0. 1. 1. 1. 1. 1. 0. 0. 0. 1. 0. 1. 1. 1. 1. 1. 0. 0.]
 [0. 0. 0. 1. 0. 0. 1. 0. 1. 0. 0. 1. 0. 1. 1. 1. 0. 0. 0.]
 [1. 1. 1. 0. 1. 1. 0. 1. 1. 0. 1. 0. 1. 1. 1. 0. 1. 0. 0.]
 [1. 0. 1. 1. 0. 0. 1. 0. 1. 1. 1. 1. 0. 0. 1. 0. 0. 1. 1.]
 [1. 1. 1. 0. 1. 1. 1. 0. 0. 1. 1. 0. 0. 0. 1. 1. 1. 1. 1.]
 [0. 0. 0. 1. 1. 1. 0. 1. 0. 0. 0. 0. 0. 0. 0. 1. 1. 0. 1.]
 [1. 0. 0. 1. 0. 1. 1. 0. 1. 0. 0. 0. 0. 1. 1. 0. 1. 0. 0.]
 [1. 0. 0. 0. 1. 0. 0. 1. 0. 1. 0. 1. 0. 0. 0. 1. 0. 0. 1.]
 [0. 1. 1. 0. 0. 1. 1. 1. 0. 1. 0. 0. 1. 0. 0. 1. 0. 1. 0.]
 [1. 1. 0. 0. 1. 0. 1. 0. 0. 0. 0. 0. 0. 1. 0. 1. 1. 1. 1.]
 [0. 1. 0. 1. 1. 1. 0. 0. 1. 0. 0. 0. 1. 1. 0. 0. 1. 1. 0.]
 [1. 0. 0. 1. 1. 1. 0. 1. 1. 0. 0. 1. 0. 0. 0. 0. 0. 1. 0.]
 [1. 1. 0. 0. 0. 1. 1. 1. 1. 1. 1. 0. 1. 1. 1. 0. 0. 1. 0.]
 [1. 1. 1. 1. 0. 1. 1. 1. 0. 0. 1. 0. 0. 1. 0. 1. 1. 1. 1.]
 [1. 1. 1. 1. 1. 1. 0. 0. 0. 1. 0. 0. 0. 0. 1. 0. 0. 0. 1.]
 [1. 0. 0. 1. 1. 0. 0. 0. 1. 0. 1. 1. 1. 1. 1. 0. 0. 1. 0.]
 [1. 0. 1. 1. 1. 0. 1. 1. 0. 1. 1. 0. 0. 1. 1. 1. 1. 1. 1.]
 [0. 1. 1. 0. 1. 1. 1. 1. 0. 1. 0. 1. 1. 0. 0. 1. 0. 0. 1.]
 [1. 1. 1. 1. 1. 1. 0. 1. 1. 1. 1. 0. 0. 1. 1. 1. 1. 0. 0.]]
2026-01-07 12:39:28 - ERROR - 遗传演进:  18%|#8        | 18/100 [00:24<01:35,  1.16s/it]
2026-01-07 12:39:29 - INFO - 矩阵形状：
2026-01-07 12:39:29 - INFO - (19, 19)
2026-01-07 12:39:29 - INFO - [[1. 0. 1. 1. 1. 1. 1. 0. 0. 0. 1. 0. 1. 1. 1. 1. 1. 0. 0.]
 [0. 0. 0. 1. 0. 0. 1. 0. 1. 0. 0. 1. 0. 1. 1. 1. 0. 0. 0.]
 [1. 1. 1. 0. 1. 1. 0. 1. 1. 0. 1. 0. 1. 1. 1. 0. 1. 0. 0.]
 [1. 0. 1. 1. 0. 0. 1. 0. 1. 1. 1. 1. 0. 0. 1. 0. 0. 1. 1.]
 [1. 1. 1. 0. 1. 1. 1. 0. 0. 1. 1. 0. 0. 0. 1. 1. 1. 1. 1.]
 [0. 0. 0. 1. 1. 1. 0. 1. 0. 0. 0. 0. 0. 0. 0. 1. 1. 0. 1.]
 [1. 0. 0. 1. 0. 1. 1. 0. 1. 0. 0. 0. 0. 1. 1. 0. 1. 0. 0.]
 [1. 0. 0. 0. 1. 0. 0. 1. 0. 1. 0. 1. 0. 0. 0. 1. 0. 0. 1.]
 [0. 1. 1. 0. 0. 1. 1. 1. 0. 1. 0. 0. 1. 0. 0. 1. 0. 1. 0.]
 [1. 1. 0. 0. 1. 0. 1. 0. 0. 0. 0. 0. 0. 1. 0. 1. 1. 1. 1.]
 [0. 1. 0. 1. 1. 1. 0. 0. 1. 0. 0. 0. 1. 1. 0. 0. 1. 1. 0.]
 [1. 0. 0. 1. 1. 1. 0. 1. 1. 0. 0. 1. 0. 0. 0. 0. 0. 1. 0.]
 [1. 1. 0. 0. 0. 1. 1. 1. 1. 1. 1. 0. 1. 1. 1. 0. 0. 1. 0.]
 [1. 1. 1. 1. 0. 1. 1. 1. 0. 0. 1. 0. 0. 1. 0. 1. 1. 1. 1.]
 [1. 1. 1. 1. 1. 1. 0. 0. 0. 1. 0. 0. 0. 0. 1. 0. 0. 0. 1.]
 [1. 0. 0. 1. 1. 0. 0. 0. 1. 0. 1. 1. 1. 1. 1. 0. 0. 1. 0.]
 [1. 0. 1. 1. 1. 0. 1. 1. 0. 1. 1. 0. 0. 1. 1. 1. 1. 1. 1.]
 [0. 1. 1. 0. 1. 1. 1. 1. 0. 1. 0. 1. 1. 0. 0. 1. 0. 0. 1.]
 [1. 1. 1. 1. 1. 1. 0. 1. 1. 1. 1. 0. 0. 1. 1. 1. 1. 0. 0.]]
2026-01-07 12:39:29 - ERROR - 遗传演进:  19%|#9        | 19/100 [00:25<01:34,  1.16s/it]
2026-01-07 12:39:30 - ERROR - 遗传演进:  19%|#9        | 19/100 [00:25<01:49,  1.35s/it]
2026-01-07 12:39:30 - ERROR - Traceback (most recent call last):

2026-01-07 12:39:30 - ERROR -   File "/home/hhabu/work_src/DL_IOMN_src/example/main.py", line 477, in <module>

2026-01-07 12:39:30 - ERROR - best_matrix, best_info, best_fitness = run_genetic_optimization(manager, target_freq=TARGET_CONFIG['target_freq'], 
2026-01-07 12:39:30 - ERROR - ^
2026-01-07 12:39:30 - ERROR - ^
2026-01-07 12:39:30 - ERROR - ^
2026-01-07 12:39:30 - ERROR - ^
2026-01-07 12:39:30 - ERROR - ^
2026-01-07 12:39:30 - ERROR - ^
2026-01-07 12:39:30 - ERROR - ^
2026-01-07 12:39:30 - ERROR - ^
2026-01-07 12:39:30 - ERROR - ^
2026-01-07 12:39:30 - ERROR - ^
2026-01-07 12:39:30 - ERROR - ^
2026-01-07 12:39:30 - ERROR - ^
2026-01-07 12:39:30 - ERROR - ^
2026-01-07 12:39:30 - ERROR - ^
2026-01-07 12:39:30 - ERROR - ^
2026-01-07 12:39:30 - ERROR - ^
2026-01-07 12:39:30 - ERROR - ^
2026-01-07 12:39:30 - ERROR - ^
2026-01-07 12:39:30 - ERROR - ^
2026-01-07 12:39:30 - ERROR - ^
2026-01-07 12:39:30 - ERROR - ^
2026-01-07 12:39:30 - ERROR - ^
2026-01-07 12:39:30 - ERROR - ^
2026-01-07 12:39:30 - ERROR - ^
2026-01-07 12:39:30 - ERROR - ^
2026-01-07 12:39:30 - ERROR - ^
2026-01-07 12:39:30 - ERROR - ^
2026-01-07 12:39:30 - ERROR - ^
2026-01-07 12:39:30 - ERROR - ^
2026-01-07 12:39:30 - ERROR - ^
2026-01-07 12:39:30 - ERROR - ^
2026-01-07 12:39:30 - ERROR - ^
2026-01-07 12:39:30 - ERROR - ^
2026-01-07 12:39:30 - ERROR - ^
2026-01-07 12:39:30 - ERROR - ^
2026-01-07 12:39:30 - ERROR - ^
2026-01-07 12:39:30 - ERROR - ^
2026-01-07 12:39:30 - ERROR - ^
2026-01-07 12:39:30 - ERROR - ^
2026-01-07 12:39:30 - ERROR - ^
2026-01-07 12:39:30 - ERROR - ^
2026-01-07 12:39:30 - ERROR - ^
2026-01-07 12:39:30 - ERROR - ^
2026-01-07 12:39:30 - ERROR - ^
2026-01-07 12:39:30 - ERROR - ^
2026-01-07 12:39:30 - ERROR - ^
2026-01-07 12:39:30 - ERROR - ^
2026-01-07 12:39:30 - ERROR - ^
2026-01-07 12:39:30 - ERROR - ^
2026-01-07 12:39:30 - ERROR - ^
2026-01-07 12:39:30 - ERROR - ^
2026-01-07 12:39:30 - ERROR - ^
2026-01-07 12:39:30 - ERROR - ^
2026-01-07 12:39:30 - ERROR - ^
2026-01-07 12:39:30 - ERROR - ^
2026-01-07 12:39:30 - ERROR - ^
2026-01-07 12:39:30 - ERROR - ^
2026-01-07 12:39:30 - ERROR - ^
2026-01-07 12:39:30 - ERROR - ^
2026-01-07 12:39:30 - ERROR - ^
2026-01-07 12:39:30 - ERROR - ^
2026-01-07 12:39:30 - ERROR - ^
2026-01-07 12:39:30 - ERROR - ^
2026-01-07 12:39:30 - ERROR - ^
2026-01-07 12:39:30 - ERROR - ^
2026-01-07 12:39:30 - ERROR - ^
2026-01-07 12:39:30 - ERROR - ^
2026-01-07 12:39:30 - ERROR - ^
2026-01-07 12:39:30 - ERROR - ^
2026-01-07 12:39:30 - ERROR - ^
2026-01-07 12:39:30 - ERROR - ^
2026-01-07 12:39:30 - ERROR - ^
2026-01-07 12:39:30 - ERROR - ^
2026-01-07 12:39:30 - ERROR - ^
2026-01-07 12:39:30 - ERROR - ^
2026-01-07 12:39:30 - ERROR -   File "/home/hhabu/work_src/DL_IOMN_src/example/main.py", line 369, in run_genetic_optimization

2026-01-07 12:39:30 - ERROR - best_matrix, best_info, best_fitness, fitness_history, best_fitness_history = ga.optimize(
2026-01-07 12:39:30 - ERROR - ^
2026-01-07 12:39:30 - ERROR - ^
2026-01-07 12:39:30 - ERROR - ^
2026-01-07 12:39:30 - ERROR - ^
2026-01-07 12:39:30 - ERROR - ^
2026-01-07 12:39:30 - ERROR - ^
2026-01-07 12:39:30 - ERROR - ^
2026-01-07 12:39:30 - ERROR - ^
2026-01-07 12:39:30 - ERROR - ^
2026-01-07 12:39:30 - ERROR - ^
2026-01-07 12:39:30 - ERROR - ^
2026-01-07 12:39:30 - ERROR - ^
2026-01-07 12:39:30 - ERROR -   File "/home/hhabu/work_src/DL_IOMN_src/example/optimization_algorithm.py", line 470, in optimize

2026-01-07 12:39:30 - ERROR - fitness, info = self.fitness_function(matrix, target_freq, target_params)
2026-01-07 12:39:30 - ERROR - ^
2026-01-07 12:39:30 - ERROR - ^
2026-01-07 12:39:30 - ERROR - ^
2026-01-07 12:39:30 - ERROR - ^
2026-01-07 12:39:30 - ERROR - ^
2026-01-07 12:39:30 - ERROR - ^
2026-01-07 12:39:30 - ERROR - ^
2026-01-07 12:39:30 - ERROR - ^
2026-01-07 12:39:30 - ERROR - ^
2026-01-07 12:39:30 - ERROR - ^
2026-01-07 12:39:30 - ERROR - ^
2026-01-07 12:39:30 - ERROR - ^
2026-01-07 12:39:30 - ERROR - ^
2026-01-07 12:39:30 - ERROR - ^
2026-01-07 12:39:30 - ERROR - ^
2026-01-07 12:39:30 - ERROR - ^
2026-01-07 12:39:30 - ERROR - ^
2026-01-07 12:39:30 - ERROR - ^
2026-01-07 12:39:30 - ERROR - ^
2026-01-07 12:39:30 - ERROR - ^
2026-01-07 12:39:30 - ERROR - ^
2026-01-07 12:39:30 - ERROR - ^
2026-01-07 12:39:30 - ERROR - ^
2026-01-07 12:39:30 - ERROR - ^
2026-01-07 12:39:30 - ERROR - ^
2026-01-07 12:39:30 - ERROR - ^
2026-01-07 12:39:30 - ERROR - ^
2026-01-07 12:39:30 - ERROR - ^
2026-01-07 12:39:30 - ERROR - ^
2026-01-07 12:39:30 - ERROR - ^
2026-01-07 12:39:30 - ERROR - ^
2026-01-07 12:39:30 - ERROR - ^
2026-01-07 12:39:30 - ERROR - ^
2026-01-07 12:39:30 - ERROR - ^
2026-01-07 12:39:30 - ERROR - ^
2026-01-07 12:39:30 - ERROR - ^
2026-01-07 12:39:30 - ERROR - ^
2026-01-07 12:39:30 - ERROR - ^
2026-01-07 12:39:30 - ERROR - ^
2026-01-07 12:39:30 - ERROR - ^
2026-01-07 12:39:30 - ERROR - ^
2026-01-07 12:39:30 - ERROR - ^
2026-01-07 12:39:30 - ERROR - ^
2026-01-07 12:39:30 - ERROR - ^
2026-01-07 12:39:30 - ERROR - ^
2026-01-07 12:39:30 - ERROR - ^
2026-01-07 12:39:30 - ERROR - ^
2026-01-07 12:39:30 - ERROR - ^
2026-01-07 12:39:30 - ERROR - ^
2026-01-07 12:39:30 - ERROR - ^
2026-01-07 12:39:30 - ERROR - ^
2026-01-07 12:39:30 - ERROR - ^
2026-01-07 12:39:30 - ERROR - ^
2026-01-07 12:39:30 - ERROR - ^
2026-01-07 12:39:30 - ERROR - ^
2026-01-07 12:39:30 - ERROR - ^
2026-01-07 12:39:30 - ERROR - ^
2026-01-07 12:39:30 - ERROR -   File "/home/hhabu/work_src/DL_IOMN_src/example/optimization_algorithm.py", line 149, in fitness_function

2026-01-07 12:39:30 - ERROR - s_params = self.predict_s_params(matrix, frequency)
2026-01-07 12:39:30 - ERROR - ^
2026-01-07 12:39:30 - ERROR - ^
2026-01-07 12:39:30 - ERROR - ^
2026-01-07 12:39:30 - ERROR - ^
2026-01-07 12:39:30 - ERROR - ^
2026-01-07 12:39:30 - ERROR - ^
2026-01-07 12:39:30 - ERROR - ^
2026-01-07 12:39:30 - ERROR - ^
2026-01-07 12:39:30 - ERROR - ^
2026-01-07 12:39:30 - ERROR - ^
2026-01-07 12:39:30 - ERROR - ^
2026-01-07 12:39:30 - ERROR - ^
2026-01-07 12:39:30 - ERROR - ^
2026-01-07 12:39:30 - ERROR - ^
2026-01-07 12:39:30 - ERROR - ^
2026-01-07 12:39:30 - ERROR - ^
2026-01-07 12:39:30 - ERROR - ^
2026-01-07 12:39:30 - ERROR - ^
2026-01-07 12:39:30 - ERROR - ^
2026-01-07 12:39:30 - ERROR - ^
2026-01-07 12:39:30 - ERROR - ^
2026-01-07 12:39:30 - ERROR - ^
2026-01-07 12:39:30 - ERROR - ^
2026-01-07 12:39:30 - ERROR - ^
2026-01-07 12:39:30 - ERROR - ^
2026-01-07 12:39:30 - ERROR - ^
2026-01-07 12:39:30 - ERROR - ^
2026-01-07 12:39:30 - ERROR - ^
2026-01-07 12:39:30 - ERROR - ^
2026-01-07 12:39:30 - ERROR - ^
2026-01-07 12:39:30 - ERROR - ^
2026-01-07 12:39:30 - ERROR - ^
2026-01-07 12:39:30 - ERROR - ^
2026-01-07 12:39:30 - ERROR - ^
2026-01-07 12:39:30 - ERROR - ^
2026-01-07 12:39:30 - ERROR - ^
2026-01-07 12:39:30 - ERROR - ^
2026-01-07 12:39:30 - ERROR - ^
2026-01-07 12:39:30 - ERROR - ^
2026-01-07 12:39:30 - ERROR - ^
2026-01-07 12:39:30 - ERROR -   File "/home/hhabu/work_src/DL_IOMN_src/example/optimization_algorithm.py", line 99, in predict_s_params

2026-01-07 12:39:30 - ERROR - s_params = self.model_manager.predict_single_sample(matrix, frequency)
2026-01-07 12:39:30 - ERROR - ^
2026-01-07 12:39:30 - ERROR - ^
2026-01-07 12:39:30 - ERROR - ^
2026-01-07 12:39:30 - ERROR - ^
2026-01-07 12:39:30 - ERROR - ^
2026-01-07 12:39:30 - ERROR - ^
2026-01-07 12:39:30 - ERROR - ^
2026-01-07 12:39:30 - ERROR - ^
2026-01-07 12:39:30 - ERROR - ^
2026-01-07 12:39:30 - ERROR - ^
2026-01-07 12:39:30 - ERROR - ^
2026-01-07 12:39:30 - ERROR - ^
2026-01-07 12:39:30 - ERROR - ^
2026-01-07 12:39:30 - ERROR - ^
2026-01-07 12:39:30 - ERROR - ^
2026-01-07 12:39:30 - ERROR - ^
2026-01-07 12:39:30 - ERROR - ^
2026-01-07 12:39:30 - ERROR - ^
2026-01-07 12:39:30 - ERROR - ^
2026-01-07 12:39:30 - ERROR - ^
2026-01-07 12:39:30 - ERROR - ^
2026-01-07 12:39:30 - ERROR - ^
2026-01-07 12:39:30 - ERROR - ^
2026-01-07 12:39:30 - ERROR - ^
2026-01-07 12:39:30 - ERROR - ^
2026-01-07 12:39:30 - ERROR - ^
2026-01-07 12:39:30 - ERROR - ^
2026-01-07 12:39:30 - ERROR - ^
2026-01-07 12:39:30 - ERROR - ^
2026-01-07 12:39:30 - ERROR - ^
2026-01-07 12:39:30 - ERROR - ^
2026-01-07 12:39:30 - ERROR - ^
2026-01-07 12:39:30 - ERROR - ^
2026-01-07 12:39:30 - ERROR - ^
2026-01-07 12:39:30 - ERROR - ^
2026-01-07 12:39:30 - ERROR - ^
2026-01-07 12:39:30 - ERROR - ^
2026-01-07 12:39:30 - ERROR - ^
2026-01-07 12:39:30 - ERROR - ^
2026-01-07 12:39:30 - ERROR - ^
2026-01-07 12:39:30 - ERROR - ^
2026-01-07 12:39:30 - ERROR - ^
2026-01-07 12:39:30 - ERROR - ^
2026-01-07 12:39:30 - ERROR - ^
2026-01-07 12:39:30 - ERROR - ^
2026-01-07 12:39:30 - ERROR - ^
2026-01-07 12:39:30 - ERROR - ^
2026-01-07 12:39:30 - ERROR - ^
2026-01-07 12:39:30 - ERROR - ^
2026-01-07 12:39:30 - ERROR - ^
2026-01-07 12:39:30 - ERROR - ^
2026-01-07 12:39:30 - ERROR - ^
2026-01-07 12:39:30 - ERROR - ^
2026-01-07 12:39:30 - ERROR - ^
2026-01-07 12:39:30 - ERROR - ^
2026-01-07 12:39:30 - ERROR - ^
2026-01-07 12:39:30 - ERROR - ^
2026-01-07 12:39:30 - ERROR - ^
2026-01-07 12:39:30 - ERROR - ^
2026-01-07 12:39:30 - ERROR -   File "/home/hhabu/work_src/DL_IOMN_src/example/train.py", line 524, in predict_single_sample

2026-01-07 12:39:30 - ERROR - predictions = self.model(matrix, frequency)
2026-01-07 12:39:30 - ERROR - ^
2026-01-07 12:39:30 - ERROR - ^
2026-01-07 12:39:30 - ERROR - ^
2026-01-07 12:39:30 - ERROR - ^
2026-01-07 12:39:30 - ERROR - ^
2026-01-07 12:39:30 - ERROR - ^
2026-01-07 12:39:30 - ERROR - ^
2026-01-07 12:39:30 - ERROR - ^
2026-01-07 12:39:30 - ERROR - ^
2026-01-07 12:39:30 - ERROR - ^
2026-01-07 12:39:30 - ERROR - ^
2026-01-07 12:39:30 - ERROR - ^
2026-01-07 12:39:30 - ERROR - ^
2026-01-07 12:39:30 - ERROR - ^
2026-01-07 12:39:30 - ERROR - ^
2026-01-07 12:39:30 - ERROR - ^
2026-01-07 12:39:30 - ERROR - ^
2026-01-07 12:39:30 - ERROR - ^
2026-01-07 12:39:30 - ERROR - ^
2026-01-07 12:39:30 - ERROR - ^
2026-01-07 12:39:30 - ERROR - ^
2026-01-07 12:39:30 - ERROR - ^
2026-01-07 12:39:30 - ERROR - ^
2026-01-07 12:39:30 - ERROR - ^
2026-01-07 12:39:30 - ERROR - ^
2026-01-07 12:39:30 - ERROR - ^
2026-01-07 12:39:30 - ERROR - ^
2026-01-07 12:39:30 - ERROR - ^
2026-01-07 12:39:30 - ERROR - ^
2026-01-07 12:39:30 - ERROR -   File "/home/hhabu/miniconda/envs/myenv/lib/python3.11/site-packages/torch/nn/modules/module.py", line 1736, in _wrapped_call_impl

2026-01-07 12:39:30 - ERROR - return self._call_impl(*args, **kwargs)
2026-01-07 12:39:30 - ERROR - ^
2026-01-07 12:39:30 - ERROR - ^
2026-01-07 12:39:30 - ERROR - ^
2026-01-07 12:39:30 - ERROR - ^
2026-01-07 12:39:30 - ERROR - ^
2026-01-07 12:39:30 - ERROR - ^
2026-01-07 12:39:30 - ERROR - ^
2026-01-07 12:39:30 - ERROR - ^
2026-01-07 12:39:30 - ERROR - ^
2026-01-07 12:39:30 - ERROR - ^
2026-01-07 12:39:30 - ERROR - ^
2026-01-07 12:39:30 - ERROR - ^
2026-01-07 12:39:30 - ERROR - ^
2026-01-07 12:39:30 - ERROR - ^
2026-01-07 12:39:30 - ERROR - ^
2026-01-07 12:39:30 - ERROR - ^
2026-01-07 12:39:30 - ERROR - ^
2026-01-07 12:39:30 - ERROR - ^
2026-01-07 12:39:30 - ERROR - ^
2026-01-07 12:39:30 - ERROR - ^
2026-01-07 12:39:30 - ERROR - ^
2026-01-07 12:39:30 - ERROR - ^
2026-01-07 12:39:30 - ERROR - ^
2026-01-07 12:39:30 - ERROR - ^
2026-01-07 12:39:30 - ERROR - ^
2026-01-07 12:39:30 - ERROR - ^
2026-01-07 12:39:30 - ERROR - ^
2026-01-07 12:39:30 - ERROR - ^
2026-01-07 12:39:30 - ERROR - ^
2026-01-07 12:39:30 - ERROR - ^
2026-01-07 12:39:30 - ERROR - ^
2026-01-07 12:39:30 - ERROR - ^
2026-01-07 12:39:30 - ERROR -   File "/home/hhabu/miniconda/envs/myenv/lib/python3.11/site-packages/torch/nn/modules/module.py", line 1747, in _call_impl

2026-01-07 12:39:30 - ERROR - return forward_call(*args, **kwargs)
2026-01-07 12:39:30 - ERROR - ^
2026-01-07 12:39:30 - ERROR - ^
2026-01-07 12:39:30 - ERROR - ^
2026-01-07 12:39:30 - ERROR - ^
2026-01-07 12:39:30 - ERROR - ^
2026-01-07 12:39:30 - ERROR - ^
2026-01-07 12:39:30 - ERROR - ^
2026-01-07 12:39:30 - ERROR - ^
2026-01-07 12:39:30 - ERROR - ^
2026-01-07 12:39:30 - ERROR - ^
2026-01-07 12:39:30 - ERROR - ^
2026-01-07 12:39:30 - ERROR - ^
2026-01-07 12:39:30 - ERROR - ^
2026-01-07 12:39:30 - ERROR - ^
2026-01-07 12:39:30 - ERROR - ^
2026-01-07 12:39:30 - ERROR - ^
2026-01-07 12:39:30 - ERROR - ^
2026-01-07 12:39:30 - ERROR - ^
2026-01-07 12:39:30 - ERROR - ^
2026-01-07 12:39:30 - ERROR - ^
2026-01-07 12:39:30 - ERROR - ^
2026-01-07 12:39:30 - ERROR - ^
2026-01-07 12:39:30 - ERROR - ^
2026-01-07 12:39:30 - ERROR - ^
2026-01-07 12:39:30 - ERROR - ^
2026-01-07 12:39:30 - ERROR - ^
2026-01-07 12:39:30 - ERROR - ^
2026-01-07 12:39:30 - ERROR - ^
2026-01-07 12:39:30 - ERROR - ^
2026-01-07 12:39:30 - ERROR -   File "/home/hhabu/work_src/DL_IOMN_src/example/model.py", line 195, in forward

2026-01-07 12:39:30 - ERROR - output = self.fusion_module(combined)
2026-01-07 12:39:30 - ERROR - ^
2026-01-07 12:39:30 - ERROR - ^
2026-01-07 12:39:30 - ERROR - ^
2026-01-07 12:39:30 - ERROR - ^
2026-01-07 12:39:30 - ERROR - ^
2026-01-07 12:39:30 - ERROR - ^
2026-01-07 12:39:30 - ERROR - ^
2026-01-07 12:39:30 - ERROR - ^
2026-01-07 12:39:30 - ERROR - ^
2026-01-07 12:39:30 - ERROR - ^
2026-01-07 12:39:30 - ERROR - ^
2026-01-07 12:39:30 - ERROR - ^
2026-01-07 12:39:30 - ERROR - ^
2026-01-07 12:39:30 - ERROR - ^
2026-01-07 12:39:30 - ERROR - ^
2026-01-07 12:39:30 - ERROR - ^
2026-01-07 12:39:30 - ERROR - ^
2026-01-07 12:39:30 - ERROR - ^
2026-01-07 12:39:30 - ERROR - ^
2026-01-07 12:39:30 - ERROR - ^
2026-01-07 12:39:30 - ERROR - ^
2026-01-07 12:39:30 - ERROR - ^
2026-01-07 12:39:30 - ERROR - ^
2026-01-07 12:39:30 - ERROR - ^
2026-01-07 12:39:30 - ERROR - ^
2026-01-07 12:39:30 - ERROR - ^
2026-01-07 12:39:30 - ERROR - ^
2026-01-07 12:39:30 - ERROR - ^
2026-01-07 12:39:30 - ERROR -   File "/home/hhabu/miniconda/envs/myenv/lib/python3.11/site-packages/torch/nn/modules/module.py", line 1736, in _wrapped_call_impl

2026-01-07 12:39:30 - ERROR - return self._call_impl(*args, **kwargs)
2026-01-07 12:39:30 - ERROR - ^
2026-01-07 12:39:30 - ERROR - ^
2026-01-07 12:39:30 - ERROR - ^
2026-01-07 12:39:30 - ERROR - ^
2026-01-07 12:39:30 - ERROR - ^
2026-01-07 12:39:30 - ERROR - ^
2026-01-07 12:39:30 - ERROR - ^
2026-01-07 12:39:30 - ERROR - ^
2026-01-07 12:39:30 - ERROR - ^
2026-01-07 12:39:30 - ERROR - ^
2026-01-07 12:39:30 - ERROR - ^
2026-01-07 12:39:30 - ERROR - ^
2026-01-07 12:39:30 - ERROR - ^
2026-01-07 12:39:30 - ERROR - ^
2026-01-07 12:39:30 - ERROR - ^
2026-01-07 12:39:30 - ERROR - ^
2026-01-07 12:39:30 - ERROR - ^
2026-01-07 12:39:30 - ERROR - ^
2026-01-07 12:39:30 - ERROR - ^
2026-01-07 12:39:30 - ERROR - ^
2026-01-07 12:39:30 - ERROR - ^
2026-01-07 12:39:30 - ERROR - ^
2026-01-07 12:39:30 - ERROR - ^
2026-01-07 12:39:30 - ERROR - ^
2026-01-07 12:39:30 - ERROR - ^
2026-01-07 12:39:30 - ERROR - ^
2026-01-07 12:39:30 - ERROR - ^
2026-01-07 12:39:30 - ERROR - ^
2026-01-07 12:39:30 - ERROR - ^
2026-01-07 12:39:30 - ERROR - ^
2026-01-07 12:39:30 - ERROR - ^
2026-01-07 12:39:30 - ERROR - ^
2026-01-07 12:39:30 - ERROR -   File "/home/hhabu/miniconda/envs/myenv/lib/python3.11/site-packages/torch/nn/modules/module.py", line 1747, in _call_impl

2026-01-07 12:39:30 - ERROR - return forward_call(*args, **kwargs)
2026-01-07 12:39:30 - ERROR - ^
2026-01-07 12:39:30 - ERROR - ^
2026-01-07 12:39:30 - ERROR - ^
2026-01-07 12:39:30 - ERROR - ^
2026-01-07 12:39:30 - ERROR - ^
2026-01-07 12:39:30 - ERROR - ^
2026-01-07 12:39:30 - ERROR - ^
2026-01-07 12:39:30 - ERROR - ^
2026-01-07 12:39:30 - ERROR - ^
2026-01-07 12:39:30 - ERROR - ^
2026-01-07 12:39:30 - ERROR - ^
2026-01-07 12:39:30 - ERROR - ^
2026-01-07 12:39:30 - ERROR - ^
2026-01-07 12:39:30 - ERROR - ^
2026-01-07 12:39:30 - ERROR - ^
2026-01-07 12:39:30 - ERROR - ^
2026-01-07 12:39:30 - ERROR - ^
2026-01-07 12:39:30 - ERROR - ^
2026-01-07 12:39:30 - ERROR - ^
2026-01-07 12:39:30 - ERROR - ^
2026-01-07 12:39:30 - ERROR - ^
2026-01-07 12:39:30 - ERROR - ^
2026-01-07 12:39:30 - ERROR - ^
2026-01-07 12:39:30 - ERROR - ^
2026-01-07 12:39:30 - ERROR - ^
2026-01-07 12:39:30 - ERROR - ^
2026-01-07 12:39:30 - ERROR - ^
2026-01-07 12:39:30 - ERROR - ^
2026-01-07 12:39:30 - ERROR - ^
2026-01-07 12:39:30 - ERROR -   File "/home/hhabu/miniconda/envs/myenv/lib/python3.11/site-packages/torch/nn/modules/container.py", line 250, in forward

2026-01-07 12:39:30 - ERROR - input = module(input)
2026-01-07 12:39:30 - ERROR - ^
2026-01-07 12:39:30 - ERROR - ^
2026-01-07 12:39:30 - ERROR - ^
2026-01-07 12:39:30 - ERROR - ^
2026-01-07 12:39:30 - ERROR - ^
2026-01-07 12:39:30 - ERROR - ^
2026-01-07 12:39:30 - ERROR - ^
2026-01-07 12:39:30 - ERROR - ^
2026-01-07 12:39:30 - ERROR - ^
2026-01-07 12:39:30 - ERROR - ^
2026-01-07 12:39:30 - ERROR - ^
2026-01-07 12:39:30 - ERROR - ^
2026-01-07 12:39:30 - ERROR - ^
2026-01-07 12:39:30 - ERROR - KeyboardInterrupt
