2026-01-07 15:42:44 - INFO - 日志文件保存到: logs/training_20260107_154244.log
2026-01-07 15:42:44 - INFO - 选择模型类型 (1: CnnNet, 2: ResidualNet): 
2026-01-07 15:42:45 - INFO - 选择运行模式 (1: 仅训练神经网络, 2: 仅运行遗传算法, 3: 完整流程): 
2026-01-07 15:42:46 - INFO - === 训练神经网络仿真器 ===
2026-01-07 15:42:46 - INFO - 使用模型类型: advanced
2026-01-07 15:42:46 - INFO - 使用缓存的预处理数据集: /root/aicp-data/saved_datasets/v1
2026-01-07 15:42:46 - INFO - {'data_loaders': {'train_loader': {'batch_size': 1024, 'shuffle': False, 'num_workers': 4, 'pin_memory': True, 'drop_last': False}, 'val_loader': {'batch_size': 1024, 'shuffle': False, 'num_workers': 4, 'pin_memory': True, 'drop_last': False}, 'test_loader': {'batch_size': 1024, 'shuffle': False, 'num_workers': 4, 'pin_memory': True, 'drop_last': False}}, 'datasets': {'train_dataset': '/root/aicp-data/saved_datasets/v1/train_dataset.pkl', 'val_dataset': '/root/aicp-data/saved_datasets/v1/val_dataset.pkl', 'test_dataset': '/root/aicp-data/saved_datasets/v1/test_dataset.pkl'}, 'metadata': {'timestamp': '2025-12-30T04:24:48', 'dataset_sizes': {'train': 21000000, 'val': 6000000, 'test': 3000000}}}
2026-01-07 15:42:46 - INFO - train_dataset
2026-01-07 15:42:46 - INFO - /root/aicp-data/saved_datasets/v1/train_dataset.pkl
2026-01-07 15:43:16 - INFO - val_dataset
2026-01-07 15:43:16 - INFO - /root/aicp-data/saved_datasets/v1/val_dataset.pkl
2026-01-07 15:43:24 - INFO - test_dataset
2026-01-07 15:43:24 - INFO - /root/aicp-data/saved_datasets/v1/test_dataset.pkl
2026-01-07 15:43:28 - INFO - 数据集已从 /root/aicp-data/saved_datasets/v1 加载
2026-01-07 15:43:28 - INFO - 训练集大小: 21000000
2026-01-07 15:43:28 - INFO - 验证集大小: 6000000
2026-01-07 15:43:28 - INFO - 测试集大小: 3000000
2026-01-07 15:43:28 - INFO - 加载的data_loaders键: ['train_loader', 'val_loader', 'test_loader']
2026-01-07 15:43:28 - INFO - 加载的datasets键: ['train_dataset', 'val_dataset', 'test_dataset']
2026-01-07 15:43:28 - INFO - 训练集批次数量: 20508
2026-01-07 15:43:28 - INFO - 验证集批次数量: 5860
2026-01-07 15:43:28 - INFO - 测试集批次数量: 2930
2026-01-07 15:43:28 - INFO - 
============================================================
2026-01-07 15:43:28 - INFO - 步骤5: 创建神经网络...
2026-01-07 15:43:28 - INFO - ============================================================
2026-01-07 15:43:28 - INFO - 使用Cnn网络
2026-01-07 15:43:28 - INFO - 模型总参数: 11,094,600
2026-01-07 15:43:28 - INFO - 可训练参数: 11,094,600
2026-01-07 15:43:28 - INFO - 
============================================================
2026-01-07 15:43:28 - INFO - 步骤6: 训练...
2026-01-07 15:43:28 - INFO - ============================================================
2026-01-07 15:43:28 - INFO - ModelManager初始化完成，使用设备: cuda
2026-01-07 15:43:28 - INFO - 检查点目录: ./frequency_checkpoints
2026-01-07 15:43:29 - ERROR - /home/hhabu/miniconda/envs/myenv/lib/python3.11/site-packages/torch/optim/lr_scheduler.py:62: UserWarning: The verbose parameter is deprecated. Please use get_last_lr() to access the learning rate.
  warnings.warn(

2026-01-07 15:43:29 - INFO - 训练组件设置完成:
2026-01-07 15:43:29 - INFO - 使用优化器: AdamW
2026-01-07 15:43:29 - INFO - 损失函数: 加权MSE (权重: None)
2026-01-07 15:43:29 - INFO - 使用调度器: ReduceLROnPlateau
2026-01-07 15:43:29 - INFO - 初始学习率: 0.001
2026-01-07 15:43:29 - INFO - 从检查点恢复训练: ./frequency_checkpoints/checkpoint_epoch_399.pth
2026-01-07 15:43:29 - ERROR - /home/hhabu/work_src/DL_IOMN_src/example/utils.py:43: FutureWarning: You are using `torch.load` with `weights_only=False` (the current default value), which uses the default pickle module implicitly. It is possible to construct malicious pickle data which will execute arbitrary code during unpickling (See https://github.com/pytorch/pytorch/blob/main/SECURITY.md#untrusted-models for more details). In a future release, the default value for `weights_only` will be flipped to `True`. This limits the functions that could be executed during unpickling. Arbitrary objects will no longer be allowed to be loaded via this mode unless they are explicitly allowlisted by the user via `torch.serialization.add_safe_globals`. We recommend you start setting `weights_only=True` for any use case where you don't have full control of the loaded file. Please open an issue on GitHub for any issues related to this experimental feature.
  checkpoint = torch.load(checkpoint_path)

2026-01-07 15:43:29 - INFO - 从 epoch 400 继续训练
2026-01-07 15:43:29 - INFO - 
开始训练，总共 400 个epochs
2026-01-07 15:43:29 - INFO - ================================================================================
2026-01-07 15:43:29 - INFO - ================================================================================
2026-01-07 15:43:29 - INFO - 训练完成！最佳验证损失: 0.000000
2026-01-07 15:43:29 - ERROR - /home/hhabu/work_src/DL_IOMN_src/example/train.py:814: FutureWarning: You are using `torch.load` with `weights_only=False` (the current default value), which uses the default pickle module implicitly. It is possible to construct malicious pickle data which will execute arbitrary code during unpickling (See https://github.com/pytorch/pytorch/blob/main/SECURITY.md#untrusted-models for more details). In a future release, the default value for `weights_only` will be flipped to `True`. This limits the functions that could be executed during unpickling. Arbitrary objects will no longer be allowed to be loaded via this mode unless they are explicitly allowlisted by the user via `torch.serialization.add_safe_globals`. We recommend you start setting `weights_only=True` for any use case where you don't have full control of the loaded file. Please open an issue on GitHub for any issues related to this experimental feature.
  self.model.load_state_dict(torch.load(best_model_path))

2026-01-07 15:43:29 - INFO - 已加载最佳模型
2026-01-07 15:43:29 - INFO - 
============================================================
2026-01-07 15:43:29 - INFO - 步骤7: 在测试集上评估模型性能...
2026-01-07 15:43:29 - INFO - ============================================================
2026-01-07 15:43:59 - INFO - [[-3.97796258e-02  1.39507186e-03  9.43667948e-01 -1.30515277e-01
   9.43667948e-01 -1.30515292e-01 -3.83958891e-02  2.08824873e-04]
 [-3.58694308e-02 -9.72002745e-05  9.49331045e-01 -1.11816585e-01
   9.49331045e-01 -1.11816593e-01 -3.47767510e-02 -1.28295203e-03]
 [ 8.65740538e-01 -1.73257336e-01 -2.03391351e-03  6.84893969e-03
  -2.03391537e-03  6.84893597e-03  9.96729016e-01 -2.25271098e-02]
 [-4.09546383e-02 -1.69655518e-03  9.21198428e-01 -2.36510187e-01
   9.21198368e-01 -2.36510202e-01 -4.44201715e-02  1.23659836e-03]
 [ 8.19821417e-01 -2.29422763e-01 -2.46621668e-04  7.40766758e-03
  -2.46620737e-04  7.40766758e-03  9.99002337e-01 -1.43250488e-02]
 [ 7.29726553e-01 -4.37025398e-01  8.47342052e-03  3.39332819e-02
   8.47341679e-03  3.39332782e-02  9.92925763e-01 -6.39308393e-02]
 [-2.85322983e-02 -1.66918151e-02  9.62692738e-01 -7.63024837e-02
   9.62692738e-01 -7.63024911e-02 -2.90877949e-02 -1.60500072e-02]
 [ 9.97337282e-01 -2.20518522e-02 -1.18208525e-03  6.23360788e-03
  -1.18208898e-03  6.23360416e-03  8.54360223e-01 -1.92141309e-01]
 [ 9.94544387e-01 -5.50527908e-02  6.34915894e-03  2.56214570e-02
   6.34915335e-03  2.56214496e-02  6.99774742e-01 -4.70452011e-01]
 [ 9.95498836e-01 -4.98814732e-02  4.80157835e-03  2.73445230e-02
   4.80159698e-03  2.73445304e-02  7.58766174e-01 -3.94353211e-01]]
2026-01-07 15:44:02 - INFO - ******************************************************
2026-01-07 15:44:02 - INFO - 训练历史图已保存到: plots/training_history.png
2026-01-07 15:44:02 - INFO - ???????????????????????????????????2
2026-01-07 15:44:02 - INFO - ???????????????????????????????????1
2026-01-07 15:44:04 - INFO - ???????????????????????????????????4
2026-01-07 15:44:04 - ERROR - Traceback (most recent call last):

2026-01-07 15:44:04 - ERROR -   File "/home/hhabu/work_src/DL_IOMN_src/example/main.py", line 477, in <module>

2026-01-07 15:44:04 - ERROR - train_neural_network(model_type_name, create_report=True,use_cached_dataset=True, dataset_version='v1')
2026-01-07 15:44:04 - ERROR -   File "/home/hhabu/work_src/DL_IOMN_src/example/main.py", line 269, in train_neural_network

2026-01-07 15:44:04 - ERROR - model_manager.plot_scatter_comparison(predictions, targets, frequencies,
2026-01-07 15:44:04 - ERROR -   File "/home/hhabu/work_src/DL_IOMN_src/example/train.py", line 1078, in plot_scatter_comparison

2026-01-07 15:44:04 - ERROR - plt.savefig(save_path, dpi=300, bbox_inches='tight')
2026-01-07 15:44:04 - ERROR -   File "/home/hhabu/miniconda/envs/myenv/lib/python3.11/site-packages/matplotlib/pyplot.py", line 1251, in savefig

2026-01-07 15:44:04 - ERROR - res = fig.savefig(*args, **kwargs)  # type: ignore[func-returns-value]
2026-01-07 15:44:04 - ERROR - ^
2026-01-07 15:44:04 - ERROR - ^
2026-01-07 15:44:04 - ERROR - ^
2026-01-07 15:44:04 - ERROR - ^
2026-01-07 15:44:04 - ERROR - ^
2026-01-07 15:44:04 - ERROR - ^
2026-01-07 15:44:04 - ERROR - ^
2026-01-07 15:44:04 - ERROR - ^
2026-01-07 15:44:04 - ERROR - ^
2026-01-07 15:44:04 - ERROR - ^
2026-01-07 15:44:04 - ERROR - ^
2026-01-07 15:44:04 - ERROR - ^
2026-01-07 15:44:04 - ERROR - ^
2026-01-07 15:44:04 - ERROR - ^
2026-01-07 15:44:04 - ERROR - ^
2026-01-07 15:44:04 - ERROR - ^
2026-01-07 15:44:04 - ERROR - ^
2026-01-07 15:44:04 - ERROR - ^
2026-01-07 15:44:04 - ERROR - ^
2026-01-07 15:44:04 - ERROR - ^
2026-01-07 15:44:04 - ERROR - ^
2026-01-07 15:44:04 - ERROR - ^
2026-01-07 15:44:04 - ERROR - ^
2026-01-07 15:44:04 - ERROR - ^
2026-01-07 15:44:04 - ERROR - ^
2026-01-07 15:44:04 - ERROR - ^
2026-01-07 15:44:04 - ERROR - ^
2026-01-07 15:44:04 - ERROR - ^
2026-01-07 15:44:04 - ERROR -   File "/home/hhabu/miniconda/envs/myenv/lib/python3.11/site-packages/matplotlib/figure.py", line 3490, in savefig

2026-01-07 15:44:04 - ERROR - self.canvas.print_figure(fname, **kwargs)
2026-01-07 15:44:04 - ERROR -   File "/home/hhabu/miniconda/envs/myenv/lib/python3.11/site-packages/matplotlib/backend_bases.py", line 2157, in print_figure

2026-01-07 15:44:04 - ERROR - self.figure.draw(renderer)
2026-01-07 15:44:04 - ERROR -   File "/home/hhabu/miniconda/envs/myenv/lib/python3.11/site-packages/matplotlib/artist.py", line 94, in draw_wrapper

2026-01-07 15:44:04 - ERROR - result = draw(artist, renderer, *args, **kwargs)
2026-01-07 15:44:04 - ERROR - ^
2026-01-07 15:44:04 - ERROR - ^
2026-01-07 15:44:04 - ERROR - ^
2026-01-07 15:44:04 - ERROR - ^
2026-01-07 15:44:04 - ERROR - ^
2026-01-07 15:44:04 - ERROR - ^
2026-01-07 15:44:04 - ERROR - ^
2026-01-07 15:44:04 - ERROR - ^
2026-01-07 15:44:04 - ERROR - ^
2026-01-07 15:44:04 - ERROR - ^
2026-01-07 15:44:04 - ERROR - ^
2026-01-07 15:44:04 - ERROR - ^
2026-01-07 15:44:04 - ERROR - ^
2026-01-07 15:44:04 - ERROR - ^
2026-01-07 15:44:04 - ERROR - ^
2026-01-07 15:44:04 - ERROR - ^
2026-01-07 15:44:04 - ERROR - ^
2026-01-07 15:44:04 - ERROR - ^
2026-01-07 15:44:04 - ERROR - ^
2026-01-07 15:44:04 - ERROR - ^
2026-01-07 15:44:04 - ERROR - ^
2026-01-07 15:44:04 - ERROR - ^
2026-01-07 15:44:04 - ERROR - ^
2026-01-07 15:44:04 - ERROR - ^
2026-01-07 15:44:04 - ERROR - ^
2026-01-07 15:44:04 - ERROR - ^
2026-01-07 15:44:04 - ERROR - ^
2026-01-07 15:44:04 - ERROR - ^
2026-01-07 15:44:04 - ERROR - ^
2026-01-07 15:44:04 - ERROR - ^
2026-01-07 15:44:04 - ERROR - ^
2026-01-07 15:44:04 - ERROR - ^
2026-01-07 15:44:04 - ERROR - ^
2026-01-07 15:44:04 - ERROR - ^
2026-01-07 15:44:04 - ERROR - ^
2026-01-07 15:44:04 - ERROR - ^
2026-01-07 15:44:04 - ERROR - ^
2026-01-07 15:44:04 - ERROR - ^
2026-01-07 15:44:04 - ERROR - ^
2026-01-07 15:44:04 - ERROR -   File "/home/hhabu/miniconda/envs/myenv/lib/python3.11/site-packages/matplotlib/artist.py", line 71, in draw_wrapper

2026-01-07 15:44:04 - ERROR - return draw(artist, renderer)
2026-01-07 15:44:04 - ERROR - ^
2026-01-07 15:44:04 - ERROR - ^
2026-01-07 15:44:04 - ERROR - ^
2026-01-07 15:44:04 - ERROR - ^
2026-01-07 15:44:04 - ERROR - ^
2026-01-07 15:44:04 - ERROR - ^
2026-01-07 15:44:04 - ERROR - ^
2026-01-07 15:44:04 - ERROR - ^
2026-01-07 15:44:04 - ERROR - ^
2026-01-07 15:44:04 - ERROR - ^
2026-01-07 15:44:04 - ERROR - ^
2026-01-07 15:44:04 - ERROR - ^
2026-01-07 15:44:04 - ERROR - ^
2026-01-07 15:44:04 - ERROR - ^
2026-01-07 15:44:04 - ERROR - ^
2026-01-07 15:44:04 - ERROR - ^
2026-01-07 15:44:04 - ERROR - ^
2026-01-07 15:44:04 - ERROR - ^
2026-01-07 15:44:04 - ERROR - ^
2026-01-07 15:44:04 - ERROR - ^
2026-01-07 15:44:04 - ERROR - ^
2026-01-07 15:44:04 - ERROR - ^
2026-01-07 15:44:04 - ERROR -   File "/home/hhabu/miniconda/envs/myenv/lib/python3.11/site-packages/matplotlib/figure.py", line 3257, in draw

2026-01-07 15:44:04 - ERROR - mimage._draw_list_compositing_images(
2026-01-07 15:44:04 - ERROR -   File "/home/hhabu/miniconda/envs/myenv/lib/python3.11/site-packages/matplotlib/image.py", line 134, in _draw_list_compositing_images

2026-01-07 15:44:04 - ERROR - a.draw(renderer)
2026-01-07 15:44:04 - ERROR -   File "/home/hhabu/miniconda/envs/myenv/lib/python3.11/site-packages/matplotlib/artist.py", line 71, in draw_wrapper

2026-01-07 15:44:04 - ERROR - return draw(artist, renderer)
2026-01-07 15:44:04 - ERROR - ^
2026-01-07 15:44:04 - ERROR - ^
2026-01-07 15:44:04 - ERROR - ^
2026-01-07 15:44:04 - ERROR - ^
2026-01-07 15:44:04 - ERROR - ^
2026-01-07 15:44:04 - ERROR - ^
2026-01-07 15:44:04 - ERROR - ^
2026-01-07 15:44:04 - ERROR - ^
2026-01-07 15:44:04 - ERROR - ^
2026-01-07 15:44:04 - ERROR - ^
2026-01-07 15:44:04 - ERROR - ^
2026-01-07 15:44:04 - ERROR - ^
2026-01-07 15:44:04 - ERROR - ^
2026-01-07 15:44:04 - ERROR - ^
2026-01-07 15:44:04 - ERROR - ^
2026-01-07 15:44:04 - ERROR - ^
2026-01-07 15:44:04 - ERROR - ^
2026-01-07 15:44:04 - ERROR - ^
2026-01-07 15:44:04 - ERROR - ^
2026-01-07 15:44:04 - ERROR - ^
2026-01-07 15:44:04 - ERROR - ^
2026-01-07 15:44:04 - ERROR - ^
2026-01-07 15:44:04 - ERROR -   File "/home/hhabu/miniconda/envs/myenv/lib/python3.11/site-packages/matplotlib/axes/_base.py", line 3226, in draw

2026-01-07 15:44:04 - ERROR - mimage._draw_list_compositing_images(
2026-01-07 15:44:04 - ERROR -   File "/home/hhabu/miniconda/envs/myenv/lib/python3.11/site-packages/matplotlib/image.py", line 134, in _draw_list_compositing_images

2026-01-07 15:44:04 - ERROR - a.draw(renderer)
2026-01-07 15:44:04 - ERROR -   File "/home/hhabu/miniconda/envs/myenv/lib/python3.11/site-packages/matplotlib/artist.py", line 71, in draw_wrapper

2026-01-07 15:44:04 - ERROR - return draw(artist, renderer)
2026-01-07 15:44:04 - ERROR - ^
2026-01-07 15:44:04 - ERROR - ^
2026-01-07 15:44:04 - ERROR - ^
2026-01-07 15:44:04 - ERROR - ^
2026-01-07 15:44:04 - ERROR - ^
2026-01-07 15:44:04 - ERROR - ^
2026-01-07 15:44:04 - ERROR - ^
2026-01-07 15:44:04 - ERROR - ^
2026-01-07 15:44:04 - ERROR - ^
2026-01-07 15:44:04 - ERROR - ^
2026-01-07 15:44:04 - ERROR - ^
2026-01-07 15:44:04 - ERROR - ^
2026-01-07 15:44:04 - ERROR - ^
2026-01-07 15:44:04 - ERROR - ^
2026-01-07 15:44:04 - ERROR - ^
2026-01-07 15:44:04 - ERROR - ^
2026-01-07 15:44:04 - ERROR - ^
2026-01-07 15:44:04 - ERROR - ^
2026-01-07 15:44:04 - ERROR - ^
2026-01-07 15:44:04 - ERROR - ^
2026-01-07 15:44:04 - ERROR - ^
2026-01-07 15:44:04 - ERROR - ^
2026-01-07 15:44:04 - ERROR -   File "/home/hhabu/miniconda/envs/myenv/lib/python3.11/site-packages/matplotlib/collections.py", line 1008, in draw

2026-01-07 15:44:04 - ERROR - super().draw(renderer)
2026-01-07 15:44:04 - ERROR -   File "/home/hhabu/miniconda/envs/myenv/lib/python3.11/site-packages/matplotlib/artist.py", line 71, in draw_wrapper

2026-01-07 15:44:04 - ERROR - return draw(artist, renderer)
2026-01-07 15:44:04 - ERROR - ^
2026-01-07 15:44:04 - ERROR - ^
2026-01-07 15:44:04 - ERROR - ^
2026-01-07 15:44:04 - ERROR - ^
2026-01-07 15:44:04 - ERROR - ^
2026-01-07 15:44:04 - ERROR - ^
2026-01-07 15:44:04 - ERROR - ^
2026-01-07 15:44:04 - ERROR - ^
2026-01-07 15:44:04 - ERROR - ^
2026-01-07 15:44:04 - ERROR - ^
2026-01-07 15:44:04 - ERROR - ^
2026-01-07 15:44:04 - ERROR - ^
2026-01-07 15:44:04 - ERROR - ^
2026-01-07 15:44:04 - ERROR - ^
2026-01-07 15:44:04 - ERROR - ^
2026-01-07 15:44:04 - ERROR - ^
2026-01-07 15:44:04 - ERROR - ^
2026-01-07 15:44:04 - ERROR - ^
2026-01-07 15:44:04 - ERROR - ^
2026-01-07 15:44:04 - ERROR - ^
2026-01-07 15:44:04 - ERROR - ^
2026-01-07 15:44:04 - ERROR - ^
2026-01-07 15:44:04 - ERROR -   File "/home/hhabu/miniconda/envs/myenv/lib/python3.11/site-packages/matplotlib/collections.py", line 358, in draw

2026-01-07 15:44:04 - ERROR - self.update_scalarmappable()
2026-01-07 15:44:04 - ERROR -   File "/home/hhabu/miniconda/envs/myenv/lib/python3.11/site-packages/matplotlib/collections.py", line 923, in update_scalarmappable

2026-01-07 15:44:04 - ERROR - self._mapped_colors = self.to_rgba(self._A, self._alpha)
2026-01-07 15:44:04 - ERROR - ^
2026-01-07 15:44:04 - ERROR - ^
2026-01-07 15:44:04 - ERROR - ^
2026-01-07 15:44:04 - ERROR - ^
2026-01-07 15:44:04 - ERROR - ^
2026-01-07 15:44:04 - ERROR - ^
2026-01-07 15:44:04 - ERROR - ^
2026-01-07 15:44:04 - ERROR - ^
2026-01-07 15:44:04 - ERROR - ^
2026-01-07 15:44:04 - ERROR - ^
2026-01-07 15:44:04 - ERROR - ^
2026-01-07 15:44:04 - ERROR - ^
2026-01-07 15:44:04 - ERROR - ^
2026-01-07 15:44:04 - ERROR - ^
2026-01-07 15:44:04 - ERROR - ^
2026-01-07 15:44:04 - ERROR - ^
2026-01-07 15:44:04 - ERROR - ^
2026-01-07 15:44:04 - ERROR - ^
2026-01-07 15:44:04 - ERROR - ^
2026-01-07 15:44:04 - ERROR - ^
2026-01-07 15:44:04 - ERROR - ^
2026-01-07 15:44:04 - ERROR - ^
2026-01-07 15:44:04 - ERROR - ^
2026-01-07 15:44:04 - ERROR - ^
2026-01-07 15:44:04 - ERROR - ^
2026-01-07 15:44:04 - ERROR - ^
2026-01-07 15:44:04 - ERROR - ^
2026-01-07 15:44:04 - ERROR - ^
2026-01-07 15:44:04 - ERROR - ^
2026-01-07 15:44:04 - ERROR - ^
2026-01-07 15:44:04 - ERROR - ^
2026-01-07 15:44:04 - ERROR - ^
2026-01-07 15:44:04 - ERROR - ^
2026-01-07 15:44:04 - ERROR - ^
2026-01-07 15:44:04 - ERROR -   File "/home/hhabu/miniconda/envs/myenv/lib/python3.11/site-packages/matplotlib/colorizer.py", line 367, in to_rgba

2026-01-07 15:44:04 - ERROR - return self._colorizer.to_rgba(x, alpha=alpha, bytes=bytes, norm=norm)
2026-01-07 15:44:04 - ERROR - ^
2026-01-07 15:44:04 - ERROR - ^
2026-01-07 15:44:04 - ERROR - ^
2026-01-07 15:44:04 - ERROR - ^
2026-01-07 15:44:04 - ERROR - ^
2026-01-07 15:44:04 - ERROR - ^
2026-01-07 15:44:04 - ERROR - ^
2026-01-07 15:44:04 - ERROR - ^
2026-01-07 15:44:04 - ERROR - ^
2026-01-07 15:44:04 - ERROR - ^
2026-01-07 15:44:04 - ERROR - ^
2026-01-07 15:44:04 - ERROR - ^
2026-01-07 15:44:04 - ERROR - ^
2026-01-07 15:44:04 - ERROR - ^
2026-01-07 15:44:04 - ERROR - ^
2026-01-07 15:44:04 - ERROR - ^
2026-01-07 15:44:04 - ERROR - ^
2026-01-07 15:44:04 - ERROR - ^
2026-01-07 15:44:04 - ERROR - ^
2026-01-07 15:44:04 - ERROR - ^
2026-01-07 15:44:04 - ERROR - ^
2026-01-07 15:44:04 - ERROR - ^
2026-01-07 15:44:04 - ERROR - ^
2026-01-07 15:44:04 - ERROR - ^
2026-01-07 15:44:04 - ERROR - ^
2026-01-07 15:44:04 - ERROR - ^
2026-01-07 15:44:04 - ERROR - ^
2026-01-07 15:44:04 - ERROR - ^
2026-01-07 15:44:04 - ERROR - ^
2026-01-07 15:44:04 - ERROR - ^
2026-01-07 15:44:04 - ERROR - ^
2026-01-07 15:44:04 - ERROR - ^
2026-01-07 15:44:04 - ERROR - ^
2026-01-07 15:44:04 - ERROR - ^
2026-01-07 15:44:04 - ERROR - ^
2026-01-07 15:44:04 - ERROR - ^
2026-01-07 15:44:04 - ERROR - ^
2026-01-07 15:44:04 - ERROR - ^
2026-01-07 15:44:04 - ERROR - ^
2026-01-07 15:44:04 - ERROR - ^
2026-01-07 15:44:04 - ERROR - ^
2026-01-07 15:44:04 - ERROR - ^
2026-01-07 15:44:04 - ERROR - ^
2026-01-07 15:44:04 - ERROR - ^
2026-01-07 15:44:04 - ERROR - ^
2026-01-07 15:44:04 - ERROR - ^
2026-01-07 15:44:04 - ERROR - ^
2026-01-07 15:44:04 - ERROR - ^
2026-01-07 15:44:04 - ERROR - ^
2026-01-07 15:44:04 - ERROR - ^
2026-01-07 15:44:04 - ERROR - ^
2026-01-07 15:44:04 - ERROR - ^
2026-01-07 15:44:04 - ERROR - ^
2026-01-07 15:44:04 - ERROR - ^
2026-01-07 15:44:04 - ERROR - ^
2026-01-07 15:44:04 - ERROR - ^
2026-01-07 15:44:04 - ERROR - ^
2026-01-07 15:44:04 - ERROR - ^
2026-01-07 15:44:04 - ERROR - ^
2026-01-07 15:44:04 - ERROR - ^
2026-01-07 15:44:04 - ERROR - ^
2026-01-07 15:44:04 - ERROR - ^
2026-01-07 15:44:04 - ERROR - ^
2026-01-07 15:44:04 - ERROR -   File "/home/hhabu/miniconda/envs/myenv/lib/python3.11/site-packages/matplotlib/colorizer.py", line 157, in to_rgba

2026-01-07 15:44:04 - ERROR - x = self.norm(x)
2026-01-07 15:44:04 - ERROR - ^
2026-01-07 15:44:04 - ERROR - ^
2026-01-07 15:44:04 - ERROR - ^
2026-01-07 15:44:04 - ERROR - ^
2026-01-07 15:44:04 - ERROR - ^
2026-01-07 15:44:04 - ERROR - ^
2026-01-07 15:44:04 - ERROR - ^
2026-01-07 15:44:04 - ERROR - ^
2026-01-07 15:44:04 - ERROR - ^
2026-01-07 15:44:04 - ERROR - ^
2026-01-07 15:44:04 - ERROR - ^
2026-01-07 15:44:04 - ERROR - ^
2026-01-07 15:44:04 - ERROR -   File "/home/hhabu/miniconda/envs/myenv/lib/python3.11/site-packages/matplotlib/colors.py", line 2296, in __call__

2026-01-07 15:44:04 - ERROR - result = np.ma.array(resdat, mask=result.mask, copy=False)
2026-01-07 15:44:04 - ERROR - ^
2026-01-07 15:44:04 - ERROR - ^
2026-01-07 15:44:04 - ERROR - ^
2026-01-07 15:44:04 - ERROR - ^
2026-01-07 15:44:04 - ERROR - ^
2026-01-07 15:44:04 - ERROR - ^
2026-01-07 15:44:04 - ERROR - ^
2026-01-07 15:44:04 - ERROR - ^
2026-01-07 15:44:04 - ERROR - ^
2026-01-07 15:44:04 - ERROR - ^
2026-01-07 15:44:04 - ERROR - ^
2026-01-07 15:44:04 - ERROR -   File "/home/hhabu/miniconda/envs/myenv/lib/python3.11/site-packages/numpy/ma/core.py", line 3593, in mask

2026-01-07 15:44:04 - ERROR - @property
2026-01-07 15:44:04 - ERROR - KeyboardInterrupt
