2026-01-07 09:56:51 - INFO - 日志文件保存到: logs/training_20260107_095651.log
2026-01-07 09:56:51 - INFO - 选择模型类型 (1: CnnNet, 2: ResidualNet): 
2026-01-07 09:56:52 - INFO - 选择运行模式 (1: 仅训练神经网络, 2: 仅运行遗传算法, 3: 完整流程): 
2026-01-07 09:56:53 - ERROR - /home/hhabu/work_src/DL_IOMN_src/example/main.py:462: FutureWarning: You are using `torch.load` with `weights_only=False` (the current default value), which uses the default pickle module implicitly. It is possible to construct malicious pickle data which will execute arbitrary code during unpickling (See https://github.com/pytorch/pytorch/blob/main/SECURITY.md#untrusted-models for more details). In a future release, the default value for `weights_only` will be flipped to `True`. This limits the functions that could be executed during unpickling. Arbitrary objects will no longer be allowed to be loaded via this mode unless they are explicitly allowlisted by the user via `torch.serialization.add_safe_globals`. We recommend you start setting `weights_only=True` for any use case where you don't have full control of the loaded file. Please open an issue on GitHub for any issues related to this experimental feature.
  checkpoint = torch.load(model_path)

2026-01-07 09:56:53 - INFO - odict_keys(['freq_embedding.0.weight', 'freq_embedding.0.bias', 'freq_embedding.1.weight', 'freq_embedding.1.bias', 'freq_embedding.1.running_mean', 'freq_embedding.1.running_var', 'freq_embedding.1.num_batches_tracked', 'freq_embedding.3.weight', 'freq_embedding.3.bias', 'freq_embedding.4.weight', 'freq_embedding.4.bias', 'freq_embedding.4.running_mean', 'freq_embedding.4.running_var', 'freq_embedding.4.num_batches_tracked', 'freq_embedding.6.weight', 'freq_embedding.6.bias', 'freq_embedding.7.weight', 'freq_embedding.7.bias', 'freq_embedding.7.running_mean', 'freq_embedding.7.running_var', 'freq_embedding.7.num_batches_tracked', 'conv_block1.0.weight', 'conv_block1.0.bias', 'conv_block1.1.weight', 'conv_block1.1.bias', 'conv_block1.1.running_mean', 'conv_block1.1.running_var', 'conv_block1.1.num_batches_tracked', 'conv_block1.3.weight', 'conv_block1.3.bias', 'conv_block1.4.weight', 'conv_block1.4.bias', 'conv_block1.4.running_mean', 'conv_block1.4.running_var', 'conv_block1.4.num_batches_tracked', 'conv_block2.0.weight', 'conv_block2.0.bias', 'conv_block2.1.weight', 'conv_block2.1.bias', 'conv_block2.1.running_mean', 'conv_block2.1.running_var', 'conv_block2.1.num_batches_tracked', 'conv_block2.3.weight', 'conv_block2.3.bias', 'conv_block2.4.weight', 'conv_block2.4.bias', 'conv_block2.4.running_mean', 'conv_block2.4.running_var', 'conv_block2.4.num_batches_tracked', 'conv_block3.0.weight', 'conv_block3.0.bias', 'conv_block3.1.weight', 'conv_block3.1.bias', 'conv_block3.1.running_mean', 'conv_block3.1.running_var', 'conv_block3.1.num_batches_tracked', 'conv_block3.3.weight', 'conv_block3.3.bias', 'conv_block3.4.weight', 'conv_block3.4.bias', 'conv_block3.4.running_mean', 'conv_block3.4.running_var', 'conv_block3.4.num_batches_tracked', 'conv_block3.6.weight', 'conv_block3.6.bias', 'conv_block3.7.weight', 'conv_block3.7.bias', 'conv_block3.7.running_mean', 'conv_block3.7.running_var', 'conv_block3.7.num_batches_tracked', 'fusion_module.0.weight', 'fusion_module.0.bias', 'fusion_module.1.weight', 'fusion_module.1.bias', 'fusion_module.1.running_mean', 'fusion_module.1.running_var', 'fusion_module.1.num_batches_tracked', 'fusion_module.4.weight', 'fusion_module.4.bias', 'fusion_module.5.weight', 'fusion_module.5.bias', 'fusion_module.5.running_mean', 'fusion_module.5.running_var', 'fusion_module.5.num_batches_tracked', 'fusion_module.8.weight', 'fusion_module.8.bias', 'fusion_module.9.weight', 'fusion_module.9.bias', 'fusion_module.9.running_mean', 'fusion_module.9.running_var', 'fusion_module.9.num_batches_tracked', 'fusion_module.12.weight', 'fusion_module.12.bias', 'fusion_module.13.weight', 'fusion_module.13.bias', 'fusion_module.13.running_mean', 'fusion_module.13.running_var', 'fusion_module.13.num_batches_tracked', 'fusion_module.15.weight', 'fusion_module.15.bias', 'fusion_module.16.weight', 'fusion_module.16.bias', 'fusion_module.16.running_mean', 'fusion_module.16.running_var', 'fusion_module.16.num_batches_tracked', 'fusion_module.18.weight', 'fusion_module.18.bias'])
2026-01-07 09:56:53 - INFO - 
==================================================
2026-01-07 09:56:53 - INFO - 创建空白模型：
2026-01-07 09:56:53 - INFO - 
==================================================
2026-01-07 09:56:53 - INFO - 
==================================================
2026-01-07 09:56:53 - INFO - 模型加载：
2026-01-07 09:56:53 - INFO - 
==================================================
2026-01-07 09:56:53 - INFO - ModelManager初始化完成，使用设备: cuda
2026-01-07 09:56:53 - INFO - 检查点目录: frequency_checkpoints/best_model.pth
2026-01-07 09:56:53 - INFO - 
============================================================
2026-01-07 09:56:53 - INFO - 启动矩阵结构遗传优化
2026-01-07 09:56:53 - INFO - ============================================================
2026-01-07 09:56:53 - INFO - 矩阵遗传算法初始化完成
2026-01-07 09:56:53 - INFO - 矩阵形状: (19, 19)
2026-01-07 09:56:53 - INFO - 总像素数: 361
2026-01-07 09:56:53 - INFO - 使用设备: cuda
2026-01-07 09:56:53 - INFO - 
============================================================
2026-01-07 09:56:53 - INFO - 启动遗传算法优化
2026-01-07 09:56:53 - INFO - ============================================================
2026-01-07 09:56:53 - INFO - 目标频率: 10 GHz
2026-01-07 09:56:53 - INFO - 目标参数: {'gamma_opt': {'origin_value': 1, 'magnitude_db': 1, 'weight': 1.0}, 's11_real': -0.0445877, 's11_imag': 0.0125595, 's21_real': 0.914061, 's21_imag': -0.241433, 's12_real': 0.914061, 's12_imag': -0.241433, 's22_real': -0.04327, 's22_imag': 0.0114308, 'S21': {'magnitude_db': 0, 'weight': 0}, 'S11': {'magnitude_db': 0, 'weight': 0}, 'S22': {'magnitude_db': 0, 'weight': 0}, 'symmetry': {'weight': 0.3}, 'complexity': {'weight': 0.1}}
2026-01-07 09:56:53 - INFO - 种群大小: 1024
2026-01-07 09:56:53 - INFO - 进化代数: 100
2026-01-07 09:56:53 - INFO - 变异率: 0.1
2026-01-07 09:56:53 - INFO - 交叉率: 0.8
2026-01-07 09:56:53 - INFO - 精英数量: 5
2026-01-07 09:56:53 - INFO - tournament_size: 256
2026-01-07 09:56:53 - INFO - ============================================================
2026-01-07 09:56:53 - INFO - 创建初始种群 (大小: 4096)...
2026-01-07 09:56:53 - ERROR - 创建种群:   0%|          | 0/4096 [00:00<?, ?it/s]
2026-01-07 09:56:53 - ERROR - 创建种群: 100%|##########| 4096/4096 [00:00<00:00, 183871.71it/s]
2026-01-07 09:56:53 - ERROR - 遗传演进:   0%|          | 0/100 [00:00<?, ?it/s]
2026-01-07 09:56:57 - INFO - 代   0: 平均适应度 = -6.2103, 最佳适应度 = -5.9609
2026-01-07 09:56:57 - INFO -       S11 = 0.82 dB, S21 = 2.48 dB, 密度 = 0.510
2026-01-07 09:56:57 - INFO - s_params =

2026-01-07 09:56:57 - INFO - {'S11_real': np.float32(0.46114263), 'S11_imag': np.float32(-0.9973411), 'S21_real': np.float32(0.99998885), 'S21_imag': np.float32(0.8779478), 'S12_real': np.float32(0.99998885), 'S12_imag': np.float32(0.8779478), 'S22_real': np.float32(0.9847443), 'S22_imag': np.float32(-0.9952439)}
2026-01-07 09:56:57 - ERROR - 遗传演进:   1%|1         | 1/100 [00:04<07:05,  4.30s/it]
2026-01-07 09:56:59 - ERROR - 遗传演进:   2%|2         | 2/100 [00:05<03:59,  2.44s/it]
2026-01-07 09:57:00 - ERROR - 遗传演进:   3%|3         | 3/100 [00:06<02:58,  1.85s/it]
2026-01-07 09:57:01 - ERROR - 遗传演进:   4%|4         | 4/100 [00:07<02:30,  1.56s/it]
2026-01-07 09:57:02 - ERROR - 遗传演进:   5%|5         | 5/100 [00:08<02:14,  1.41s/it]
2026-01-07 09:57:03 - ERROR - 遗传演进:   6%|6         | 6/100 [00:09<02:03,  1.32s/it]
2026-01-07 09:57:04 - ERROR - 遗传演进:   7%|7         | 7/100 [00:11<01:57,  1.26s/it]
2026-01-07 09:57:05 - ERROR - 遗传演进:   8%|8         | 8/100 [00:12<01:52,  1.22s/it]
2026-01-07 09:57:06 - ERROR - 遗传演进:   9%|9         | 9/100 [00:13<01:48,  1.19s/it]
2026-01-07 09:57:08 - ERROR - 遗传演进:  10%|#         | 10/100 [00:14<01:45,  1.17s/it]
2026-01-07 09:57:09 - INFO - 代  10: 平均适应度 = -6.0052, 最佳适应度 = -5.7262
2026-01-07 09:57:09 - INFO -       S11 = 0.26 dB, S21 = 2.43 dB, 密度 = 0.590
2026-01-07 09:57:09 - INFO - s_params =

2026-01-07 09:57:09 - INFO - {'S11_real': np.float32(0.25980344), 'S11_imag': np.float32(-0.99731153), 'S21_real': np.float32(0.9999911), 'S21_imag': np.float32(0.8666487), 'S12_real': np.float32(0.9999911), 'S12_imag': np.float32(0.8666486), 'S22_real': np.float32(0.97414976), 'S22_imag': np.float32(-0.99506533)}
2026-01-07 09:57:09 - ERROR - 遗传演进:  11%|#1        | 11/100 [00:15<01:43,  1.16s/it]
2026-01-07 09:57:10 - ERROR - 遗传演进:  12%|#2        | 12/100 [00:16<01:41,  1.16s/it]
2026-01-07 09:57:11 - ERROR - 遗传演进:  13%|#3        | 13/100 [00:17<01:40,  1.15s/it]
2026-01-07 09:57:12 - ERROR - 遗传演进:  14%|#4        | 14/100 [00:19<01:38,  1.14s/it]
2026-01-07 09:57:13 - ERROR - 遗传演进:  15%|#5        | 15/100 [00:20<01:37,  1.14s/it]
2026-01-07 09:57:14 - ERROR - 遗传演进:  16%|#6        | 16/100 [00:21<01:35,  1.14s/it]
2026-01-07 09:57:16 - ERROR - 遗传演进:  17%|#7        | 17/100 [00:22<01:34,  1.14s/it]
2026-01-07 09:57:17 - ERROR - 遗传演进:  18%|#8        | 18/100 [00:23<01:33,  1.14s/it]
2026-01-07 09:57:18 - ERROR - 遗传演进:  19%|#9        | 19/100 [00:24<01:32,  1.14s/it]
2026-01-07 09:57:19 - ERROR - 遗传演进:  20%|##        | 20/100 [00:25<01:30,  1.14s/it]
2026-01-07 09:57:20 - INFO - 代  20: 平均适应度 = -6.0117, 最佳适应度 = -5.7200
2026-01-07 09:57:20 - INFO -       S11 = 0.25 dB, S21 = 2.43 dB, 密度 = 0.579
2026-01-07 09:57:20 - INFO - s_params =

2026-01-07 09:57:20 - INFO - {'S11_real': np.float32(0.25378844), 'S11_imag': np.float32(-0.99730754), 'S21_real': np.float32(0.99999034), 'S21_imag': np.float32(0.8669609), 'S12_real': np.float32(0.99999034), 'S12_imag': np.float32(0.86696076), 'S22_real': np.float32(0.97333944), 'S22_imag': np.float32(-0.99505085)}
2026-01-07 09:57:20 - ERROR - 遗传演进:  21%|##1       | 21/100 [00:27<01:29,  1.14s/it]
2026-01-07 09:57:21 - ERROR - 遗传演进:  22%|##2       | 22/100 [00:28<01:28,  1.14s/it]
2026-01-07 09:57:22 - ERROR - 遗传演进:  23%|##3       | 23/100 [00:29<01:27,  1.14s/it]
2026-01-07 09:57:24 - ERROR - 遗传演进:  24%|##4       | 24/100 [00:30<01:26,  1.14s/it]
2026-01-07 09:57:25 - ERROR - 遗传演进:  25%|##5       | 25/100 [00:31<01:25,  1.14s/it]
2026-01-07 09:57:26 - ERROR - 遗传演进:  26%|##6       | 26/100 [00:32<01:23,  1.13s/it]
2026-01-07 09:57:27 - ERROR - 遗传演进:  27%|##7       | 27/100 [00:33<01:22,  1.13s/it]
2026-01-07 09:57:28 - ERROR - 遗传演进:  28%|##8       | 28/100 [00:34<01:21,  1.13s/it]
2026-01-07 09:57:29 - ERROR - 遗传演进:  29%|##9       | 29/100 [00:36<01:20,  1.14s/it]
2026-01-07 09:57:30 - ERROR - 遗传演进:  30%|###       | 30/100 [00:37<01:19,  1.14s/it]
2026-01-07 09:57:31 - INFO - 代  30: 平均适应度 = -5.9851, 最佳适应度 = -5.7035
2026-01-07 09:57:31 - INFO -       S11 = 0.21 dB, S21 = 2.44 dB, 密度 = 0.565
2026-01-07 09:57:31 - INFO - s_params =

2026-01-07 09:57:31 - INFO - {'S11_real': np.float32(0.23348655), 'S11_imag': np.float32(-0.99733084), 'S21_real': np.float32(0.9999921), 'S21_imag': np.float32(0.8686304), 'S12_real': np.float32(0.9999921), 'S12_imag': np.float32(0.8686303), 'S22_real': np.float32(0.974022), 'S22_imag': np.float32(-0.9948557)}
2026-01-07 09:57:31 - ERROR - 遗传演进:  31%|###1      | 31/100 [00:38<01:18,  1.13s/it]
2026-01-07 09:57:33 - ERROR - 遗传演进:  32%|###2      | 32/100 [00:39<01:16,  1.13s/it]
2026-01-07 09:57:34 - ERROR - 遗传演进:  33%|###3      | 33/100 [00:40<01:15,  1.13s/it]
2026-01-07 09:57:35 - ERROR - 遗传演进:  34%|###4      | 34/100 [00:41<01:14,  1.13s/it]
2026-01-07 09:57:36 - ERROR - 遗传演进:  35%|###5      | 35/100 [00:42<01:13,  1.13s/it]
2026-01-07 09:57:37 - ERROR - 遗传演进:  36%|###6      | 36/100 [00:44<01:12,  1.13s/it]
2026-01-07 09:57:38 - ERROR - 遗传演进:  37%|###7      | 37/100 [00:45<01:11,  1.13s/it]
2026-01-07 09:57:39 - ERROR - 遗传演进:  38%|###8      | 38/100 [00:46<01:10,  1.13s/it]
2026-01-07 09:57:41 - ERROR - 遗传演进:  39%|###9      | 39/100 [00:47<01:09,  1.13s/it]
2026-01-07 09:57:42 - ERROR - 遗传演进:  40%|####      | 40/100 [00:48<01:07,  1.13s/it]
2026-01-07 09:57:43 - INFO - 代  40: 平均适应度 = -5.9968, 最佳适应度 = -5.6908
2026-01-07 09:57:43 - INFO -       S11 = 0.21 dB, S21 = 2.41 dB, 密度 = 0.598
2026-01-07 09:57:43 - INFO - s_params =

2026-01-07 09:57:43 - INFO - {'S11_real': np.float32(0.23377913), 'S11_imag': np.float32(-0.9973256), 'S21_real': np.float32(0.999991), 'S21_imag': np.float32(0.8619462), 'S12_real': np.float32(0.999991), 'S12_imag': np.float32(0.86194617), 'S22_real': np.float32(0.97437435), 'S22_imag': np.float32(-0.9948167)}
2026-01-07 09:57:43 - ERROR - 遗传演进:  41%|####1     | 41/100 [00:49<01:06,  1.13s/it]
2026-01-07 09:57:44 - ERROR - 遗传演进:  42%|####2     | 42/100 [00:50<01:05,  1.13s/it]
2026-01-07 09:57:45 - ERROR - 遗传演进:  43%|####3     | 43/100 [00:51<01:04,  1.13s/it]
2026-01-07 09:57:46 - ERROR - 遗传演进:  44%|####4     | 44/100 [00:53<01:03,  1.13s/it]
2026-01-07 09:57:47 - ERROR - 遗传演进:  45%|####5     | 45/100 [00:54<01:02,  1.13s/it]
2026-01-07 09:57:48 - ERROR - 遗传演进:  46%|####6     | 46/100 [00:55<01:01,  1.13s/it]
2026-01-07 09:57:50 - ERROR - 遗传演进:  47%|####6     | 47/100 [00:56<01:00,  1.14s/it]
2026-01-07 09:57:51 - ERROR - 遗传演进:  48%|####8     | 48/100 [00:57<00:59,  1.14s/it]
2026-01-07 09:57:52 - ERROR - 遗传演进:  49%|####9     | 49/100 [00:58<00:57,  1.14s/it]
2026-01-07 09:57:53 - ERROR - 遗传演进:  50%|#####     | 50/100 [00:59<00:56,  1.14s/it]
2026-01-07 09:57:54 - INFO - 代  50: 平均适应度 = -5.9795, 最佳适应度 = -5.6908
2026-01-07 09:57:54 - INFO -       S11 = 0.21 dB, S21 = 2.41 dB, 密度 = 0.598
2026-01-07 09:57:54 - INFO - s_params =

2026-01-07 09:57:54 - INFO - {'S11_real': np.float32(0.23377913), 'S11_imag': np.float32(-0.9973256), 'S21_real': np.float32(0.999991), 'S21_imag': np.float32(0.8619462), 'S12_real': np.float32(0.999991), 'S12_imag': np.float32(0.86194617), 'S22_real': np.float32(0.97437435), 'S22_imag': np.float32(-0.9948167)}
2026-01-07 09:57:54 - ERROR - 遗传演进:  51%|#####1    | 51/100 [01:01<00:55,  1.14s/it]
2026-01-07 09:57:55 - ERROR - 遗传演进:  52%|#####2    | 52/100 [01:02<00:54,  1.14s/it]
2026-01-07 09:57:56 - ERROR - 遗传演进:  53%|#####3    | 53/100 [01:03<00:53,  1.14s/it]
2026-01-07 09:57:58 - ERROR - 遗传演进:  54%|#####4    | 54/100 [01:04<00:52,  1.14s/it]
2026-01-07 09:57:59 - ERROR - 遗传演进:  55%|#####5    | 55/100 [01:05<00:51,  1.14s/it]
2026-01-07 09:58:00 - ERROR - 遗传演进:  56%|#####6    | 56/100 [01:06<00:50,  1.14s/it]
2026-01-07 09:58:01 - ERROR - 遗传演进:  57%|#####6    | 57/100 [01:07<00:49,  1.14s/it]
2026-01-07 09:58:02 - ERROR - 遗传演进:  58%|#####8    | 58/100 [01:09<00:47,  1.14s/it]
2026-01-07 09:58:03 - ERROR - 遗传演进:  59%|#####8    | 59/100 [01:10<00:46,  1.14s/it]
2026-01-07 09:58:04 - ERROR - 遗传演进:  60%|######    | 60/100 [01:11<00:45,  1.14s/it]
2026-01-07 09:58:06 - INFO - 代  60: 平均适应度 = -5.9843, 最佳适应度 = -5.6483
2026-01-07 09:58:06 - INFO -       S11 = 0.13 dB, S21 = 2.43 dB, 密度 = 0.609
2026-01-07 09:58:06 - INFO - s_params =

2026-01-07 09:58:06 - INFO - {'S11_real': np.float32(0.18663193), 'S11_imag': np.float32(-0.99735916), 'S21_real': np.float32(0.99999076), 'S21_imag': np.float32(0.8660183), 'S12_real': np.float32(0.99999076), 'S12_imag': np.float32(0.8660182), 'S22_real': np.float32(0.9708732), 'S22_imag': np.float32(-0.9948684)}
2026-01-07 09:58:06 - ERROR - 遗传演进:  61%|######1   | 61/100 [01:12<00:44,  1.14s/it]
2026-01-07 09:58:07 - ERROR - 遗传演进:  62%|######2   | 62/100 [01:13<00:43,  1.14s/it]
2026-01-07 09:58:08 - ERROR - 遗传演进:  63%|######3   | 63/100 [01:14<00:42,  1.14s/it]
2026-01-07 09:58:09 - ERROR - 遗传演进:  64%|######4   | 64/100 [01:15<00:41,  1.14s/it]
2026-01-07 09:58:10 - ERROR - 遗传演进:  65%|######5   | 65/100 [01:17<00:39,  1.14s/it]
2026-01-07 09:58:11 - ERROR - 遗传演进:  66%|######6   | 66/100 [01:18<00:38,  1.14s/it]
2026-01-07 09:58:12 - ERROR - 遗传演进:  67%|######7   | 67/100 [01:19<00:37,  1.14s/it]
2026-01-07 09:58:14 - ERROR - 遗传演进:  68%|######8   | 68/100 [01:20<00:36,  1.14s/it]
2026-01-07 09:58:15 - ERROR - 遗传演进:  69%|######9   | 69/100 [01:21<00:35,  1.14s/it]
2026-01-07 09:58:16 - ERROR - 遗传演进:  70%|#######   | 70/100 [01:22<00:34,  1.14s/it]
2026-01-07 09:58:17 - INFO - 代  70: 平均适应度 = -5.9860, 最佳适应度 = -5.6254
2026-01-07 09:58:17 - INFO -       S11 = 0.09 dB, S21 = 2.42 dB, 密度 = 0.587
2026-01-07 09:58:17 - INFO - s_params =

2026-01-07 09:58:17 - INFO - {'S11_real': np.float32(0.16513272), 'S11_imag': np.float32(-0.99736506), 'S21_real': np.float32(0.9999918), 'S21_imag': np.float32(0.8640621), 'S12_real': np.float32(0.9999918), 'S12_imag': np.float32(0.864062), 'S22_real': np.float32(0.97344005), 'S22_imag': np.float32(-0.9947147)}
2026-01-07 09:58:17 - ERROR - 遗传演进:  71%|#######1  | 71/100 [01:23<00:33,  1.14s/it]
2026-01-07 09:58:18 - ERROR - 遗传演进:  72%|#######2  | 72/100 [01:25<00:32,  1.14s/it]
2026-01-07 09:58:19 - ERROR - 遗传演进:  73%|#######3  | 73/100 [01:26<00:30,  1.15s/it]
2026-01-07 09:58:20 - ERROR - 遗传演进:  74%|#######4  | 74/100 [01:27<00:29,  1.14s/it]
2026-01-07 09:58:22 - ERROR - 遗传演进:  75%|#######5  | 75/100 [01:28<00:28,  1.14s/it]
2026-01-07 09:58:23 - ERROR - 遗传演进:  76%|#######6  | 76/100 [01:29<00:27,  1.15s/it]
2026-01-07 09:58:24 - ERROR - 遗传演进:  77%|#######7  | 77/100 [01:30<00:26,  1.15s/it]
2026-01-07 09:58:25 - ERROR - 遗传演进:  78%|#######8  | 78/100 [01:31<00:25,  1.15s/it]
2026-01-07 09:58:26 - ERROR - 遗传演进:  79%|#######9  | 79/100 [01:33<00:24,  1.15s/it]
2026-01-07 09:58:27 - ERROR - 遗传演进:  80%|########  | 80/100 [01:34<00:22,  1.14s/it]
2026-01-07 09:58:28 - INFO - 代  80: 平均适应度 = -5.9790, 最佳适应度 = -5.6254
2026-01-07 09:58:28 - INFO -       S11 = 0.09 dB, S21 = 2.42 dB, 密度 = 0.587
2026-01-07 09:58:28 - INFO - s_params =

2026-01-07 09:58:28 - INFO - {'S11_real': np.float32(0.16513272), 'S11_imag': np.float32(-0.99736506), 'S21_real': np.float32(0.9999918), 'S21_imag': np.float32(0.8640621), 'S12_real': np.float32(0.9999918), 'S12_imag': np.float32(0.864062), 'S22_real': np.float32(0.97344005), 'S22_imag': np.float32(-0.9947147)}
2026-01-07 09:58:28 - ERROR - 遗传演进:  81%|########1 | 81/100 [01:35<00:21,  1.15s/it]
2026-01-07 09:58:30 - ERROR - 遗传演进:  82%|########2 | 82/100 [01:36<00:20,  1.15s/it]
2026-01-07 09:58:31 - ERROR - 遗传演进:  83%|########2 | 83/100 [01:37<00:19,  1.15s/it]
2026-01-07 09:58:32 - ERROR - 遗传演进:  84%|########4 | 84/100 [01:38<00:18,  1.15s/it]
2026-01-07 09:58:33 - ERROR - 遗传演进:  85%|########5 | 85/100 [01:39<00:17,  1.14s/it]
2026-01-07 09:58:34 - ERROR - 遗传演进:  86%|########6 | 86/100 [01:41<00:15,  1.14s/it]
2026-01-07 09:58:35 - ERROR - 遗传演进:  87%|########7 | 87/100 [01:42<00:14,  1.14s/it]
2026-01-07 09:58:36 - ERROR - 遗传演进:  88%|########8 | 88/100 [01:43<00:13,  1.15s/it]
2026-01-07 09:58:38 - ERROR - 遗传演进:  89%|########9 | 89/100 [01:44<00:12,  1.15s/it]
2026-01-07 09:58:39 - ERROR - 遗传演进:  90%|######### | 90/100 [01:45<00:11,  1.15s/it]
2026-01-07 09:58:40 - INFO - 代  90: 平均适应度 = -5.9884, 最佳适应度 = -5.6254
2026-01-07 09:58:40 - INFO -       S11 = 0.09 dB, S21 = 2.42 dB, 密度 = 0.587
2026-01-07 09:58:40 - INFO - s_params =

2026-01-07 09:58:40 - INFO - {'S11_real': np.float32(0.16513272), 'S11_imag': np.float32(-0.99736506), 'S21_real': np.float32(0.9999918), 'S21_imag': np.float32(0.8640621), 'S12_real': np.float32(0.9999918), 'S12_imag': np.float32(0.864062), 'S22_real': np.float32(0.97344005), 'S22_imag': np.float32(-0.9947147)}
2026-01-07 09:58:40 - ERROR - 遗传演进:  91%|#########1| 91/100 [01:46<00:10,  1.15s/it]
2026-01-07 09:58:41 - ERROR - 遗传演进:  92%|#########2| 92/100 [01:47<00:09,  1.15s/it]
2026-01-07 09:58:42 - ERROR - 遗传演进:  93%|#########3| 93/100 [01:49<00:08,  1.15s/it]
2026-01-07 09:58:43 - ERROR - 遗传演进:  94%|#########3| 94/100 [01:50<00:06,  1.15s/it]
2026-01-07 09:58:45 - ERROR - 遗传演进:  95%|#########5| 95/100 [01:51<00:05,  1.15s/it]
2026-01-07 09:58:46 - ERROR - 遗传演进:  96%|#########6| 96/100 [01:52<00:04,  1.15s/it]
2026-01-07 09:58:47 - ERROR - 遗传演进:  97%|#########7| 97/100 [01:53<00:03,  1.15s/it]
2026-01-07 09:58:48 - ERROR - 遗传演进:  98%|#########8| 98/100 [01:54<00:02,  1.15s/it]
2026-01-07 09:58:49 - ERROR - 遗传演进:  99%|#########9| 99/100 [01:56<00:01,  1.15s/it]
2026-01-07 09:58:50 - INFO - 代  99: 平均适应度 = -5.9783, 最佳适应度 = -5.6254
2026-01-07 09:58:50 - INFO -       S11 = 0.09 dB, S21 = 2.42 dB, 密度 = 0.587
2026-01-07 09:58:50 - INFO - s_params =

2026-01-07 09:58:50 - INFO - {'S11_real': np.float32(0.16513272), 'S11_imag': np.float32(-0.99736506), 'S21_real': np.float32(0.9999918), 'S21_imag': np.float32(0.8640621), 'S12_real': np.float32(0.9999918), 'S12_imag': np.float32(0.864062), 'S22_real': np.float32(0.97344005), 'S22_imag': np.float32(-0.9947147)}
2026-01-07 09:58:50 - ERROR - 遗传演进: 100%|##########| 100/100 [01:57<00:00,  1.15s/it]
2026-01-07 09:58:50 - ERROR - 遗传演进: 100%|##########| 100/100 [01:57<00:00,  1.17s/it]
2026-01-07 09:58:50 - INFO - 
============================================================
2026-01-07 09:58:50 - INFO - 遗传算法优化完成！
2026-01-07 09:58:50 - INFO - ============================================================
2026-01-07 09:58:50 - INFO - 最佳适应度: -5.6254
2026-01-07 09:58:50 - INFO - 
最佳个体的S参数 (在 10 GHz):
2026-01-07 09:58:50 - INFO -   |S11| = 0.09 dB
2026-01-07 09:58:50 - INFO -   |S21| = 2.42 dB
2026-01-07 09:58:50 - INFO -   |S12| = 2.42 dB
2026-01-07 09:58:50 - INFO -   |S22| = 2.87 dB
2026-01-07 09:58:50 - INFO -   S11相位 = -80.6°
2026-01-07 09:58:50 - INFO -   S21相位 = 40.8°
2026-01-07 09:58:50 - INFO -   矩阵密度 = 0.587
2026-01-07 09:58:50 - INFO - Using categorical units to plot a list of strings that are all parsable as floats or dates. If these strings should be plotted as numbers, cast to the appropriate data type before plotting.
2026-01-07 09:58:50 - INFO - Using categorical units to plot a list of strings that are all parsable as floats or dates. If these strings should be plotted as numbers, cast to the appropriate data type before plotting.
2026-01-07 09:58:50 - ERROR - /home/hhabu/work_src/DL_IOMN_src/example/optimization_algorithm.py:578: UserWarning: Glyph 20248 (\N{CJK UNIFIED IDEOGRAPH-4F18}) missing from font(s) DejaVu Sans.
  plt.tight_layout()

2026-01-07 09:58:50 - ERROR - /home/hhabu/work_src/DL_IOMN_src/example/optimization_algorithm.py:578: UserWarning: Glyph 21270 (\N{CJK UNIFIED IDEOGRAPH-5316}) missing from font(s) DejaVu Sans.
  plt.tight_layout()

2026-01-07 09:58:50 - ERROR - /home/hhabu/work_src/DL_IOMN_src/example/optimization_algorithm.py:578: UserWarning: Glyph 24471 (\N{CJK UNIFIED IDEOGRAPH-5F97}) missing from font(s) DejaVu Sans.
  plt.tight_layout()

2026-01-07 09:58:50 - ERROR - /home/hhabu/work_src/DL_IOMN_src/example/optimization_algorithm.py:578: UserWarning: Glyph 21040 (\N{CJK UNIFIED IDEOGRAPH-5230}) missing from font(s) DejaVu Sans.
  plt.tight_layout()

2026-01-07 09:58:50 - ERROR - /home/hhabu/work_src/DL_IOMN_src/example/optimization_algorithm.py:578: UserWarning: Glyph 30340 (\N{CJK UNIFIED IDEOGRAPH-7684}) missing from font(s) DejaVu Sans.
  plt.tight_layout()

2026-01-07 09:58:50 - ERROR - /home/hhabu/work_src/DL_IOMN_src/example/optimization_algorithm.py:578: UserWarning: Glyph 30697 (\N{CJK UNIFIED IDEOGRAPH-77E9}) missing from font(s) DejaVu Sans.
  plt.tight_layout()

2026-01-07 09:58:50 - ERROR - /home/hhabu/work_src/DL_IOMN_src/example/optimization_algorithm.py:578: UserWarning: Glyph 38453 (\N{CJK UNIFIED IDEOGRAPH-9635}) missing from font(s) DejaVu Sans.
  plt.tight_layout()

2026-01-07 09:58:50 - ERROR - /home/hhabu/work_src/DL_IOMN_src/example/optimization_algorithm.py:578: UserWarning: Glyph 23494 (\N{CJK UNIFIED IDEOGRAPH-5BC6}) missing from font(s) DejaVu Sans.
  plt.tight_layout()

2026-01-07 09:58:50 - ERROR - /home/hhabu/work_src/DL_IOMN_src/example/optimization_algorithm.py:578: UserWarning: Glyph 24230 (\N{CJK UNIFIED IDEOGRAPH-5EA6}) missing from font(s) DejaVu Sans.
  plt.tight_layout()

2026-01-07 09:58:50 - ERROR - /home/hhabu/work_src/DL_IOMN_src/example/optimization_algorithm.py:578: UserWarning: Glyph 20195 (\N{CJK UNIFIED IDEOGRAPH-4EE3}) missing from font(s) DejaVu Sans.
  plt.tight_layout()

2026-01-07 09:58:50 - ERROR - /home/hhabu/work_src/DL_IOMN_src/example/optimization_algorithm.py:578: UserWarning: Glyph 25968 (\N{CJK UNIFIED IDEOGRAPH-6570}) missing from font(s) DejaVu Sans.
  plt.tight_layout()

2026-01-07 09:58:50 - ERROR - /home/hhabu/work_src/DL_IOMN_src/example/optimization_algorithm.py:578: UserWarning: Glyph 36866 (\N{CJK UNIFIED IDEOGRAPH-9002}) missing from font(s) DejaVu Sans.
  plt.tight_layout()

2026-01-07 09:58:50 - ERROR - /home/hhabu/work_src/DL_IOMN_src/example/optimization_algorithm.py:578: UserWarning: Glyph 24212 (\N{CJK UNIFIED IDEOGRAPH-5E94}) missing from font(s) DejaVu Sans.
  plt.tight_layout()

2026-01-07 09:58:50 - ERROR - /home/hhabu/work_src/DL_IOMN_src/example/optimization_algorithm.py:578: UserWarning: Glyph 36827 (\N{CJK UNIFIED IDEOGRAPH-8FDB}) missing from font(s) DejaVu Sans.
  plt.tight_layout()

2026-01-07 09:58:50 - ERROR - /home/hhabu/work_src/DL_IOMN_src/example/optimization_algorithm.py:578: UserWarning: Glyph 36807 (\N{CJK UNIFIED IDEOGRAPH-8FC7}) missing from font(s) DejaVu Sans.
  plt.tight_layout()

2026-01-07 09:58:50 - ERROR - /home/hhabu/work_src/DL_IOMN_src/example/optimization_algorithm.py:578: UserWarning: Glyph 31243 (\N{CJK UNIFIED IDEOGRAPH-7A0B}) missing from font(s) DejaVu Sans.
  plt.tight_layout()

2026-01-07 09:58:50 - ERROR - /home/hhabu/work_src/DL_IOMN_src/example/optimization_algorithm.py:578: UserWarning: Glyph 24179 (\N{CJK UNIFIED IDEOGRAPH-5E73}) missing from font(s) DejaVu Sans.
  plt.tight_layout()

2026-01-07 09:58:50 - ERROR - /home/hhabu/work_src/DL_IOMN_src/example/optimization_algorithm.py:578: UserWarning: Glyph 22343 (\N{CJK UNIFIED IDEOGRAPH-5747}) missing from font(s) DejaVu Sans.
  plt.tight_layout()

2026-01-07 09:58:50 - ERROR - /home/hhabu/work_src/DL_IOMN_src/example/optimization_algorithm.py:578: UserWarning: Glyph 26368 (\N{CJK UNIFIED IDEOGRAPH-6700}) missing from font(s) DejaVu Sans.
  plt.tight_layout()

2026-01-07 09:58:50 - ERROR - /home/hhabu/work_src/DL_IOMN_src/example/optimization_algorithm.py:578: UserWarning: Glyph 20339 (\N{CJK UNIFIED IDEOGRAPH-4F73}) missing from font(s) DejaVu Sans.
  plt.tight_layout()

2026-01-07 09:58:50 - ERROR - /home/hhabu/work_src/DL_IOMN_src/example/optimization_algorithm.py:578: UserWarning: Glyph 27604 (\N{CJK UNIFIED IDEOGRAPH-6BD4}) missing from font(s) DejaVu Sans.
  plt.tight_layout()

2026-01-07 09:58:50 - ERROR - /home/hhabu/work_src/DL_IOMN_src/example/optimization_algorithm.py:578: UserWarning: Glyph 20363 (\N{CJK UNIFIED IDEOGRAPH-4F8B}) missing from font(s) DejaVu Sans.
  plt.tight_layout()

2026-01-07 09:58:50 - ERROR - /home/hhabu/work_src/DL_IOMN_src/example/optimization_algorithm.py:578: UserWarning: Glyph 20687 (\N{CJK UNIFIED IDEOGRAPH-50CF}) missing from font(s) DejaVu Sans.
  plt.tight_layout()

2026-01-07 09:58:50 - ERROR - /home/hhabu/work_src/DL_IOMN_src/example/optimization_algorithm.py:578: UserWarning: Glyph 32032 (\N{CJK UNIFIED IDEOGRAPH-7D20}) missing from font(s) DejaVu Sans.
  plt.tight_layout()

2026-01-07 09:58:50 - ERROR - /home/hhabu/work_src/DL_IOMN_src/example/optimization_algorithm.py:578: UserWarning: Glyph 20540 (\N{CJK UNIFIED IDEOGRAPH-503C}) missing from font(s) DejaVu Sans.
  plt.tight_layout()

2026-01-07 09:58:50 - ERROR - /home/hhabu/work_src/DL_IOMN_src/example/optimization_algorithm.py:578: UserWarning: Glyph 20998 (\N{CJK UNIFIED IDEOGRAPH-5206}) missing from font(s) DejaVu Sans.
  plt.tight_layout()

2026-01-07 09:58:50 - ERROR - /home/hhabu/work_src/DL_IOMN_src/example/optimization_algorithm.py:578: UserWarning: Glyph 24067 (\N{CJK UNIFIED IDEOGRAPH-5E03}) missing from font(s) DejaVu Sans.
  plt.tight_layout()

2026-01-07 09:58:50 - ERROR - /home/hhabu/work_src/DL_IOMN_src/example/optimization_algorithm.py:578: UserWarning: Glyph 32456 (\N{CJK UNIFIED IDEOGRAPH-7EC8}) missing from font(s) DejaVu Sans.
  plt.tight_layout()

2026-01-07 09:58:50 - ERROR - /home/hhabu/work_src/DL_IOMN_src/example/optimization_algorithm.py:578: UserWarning: Glyph 24635 (\N{CJK UNIFIED IDEOGRAPH-603B}) missing from font(s) DejaVu Sans.
  plt.tight_layout()

2026-01-07 09:58:50 - ERROR - /home/hhabu/work_src/DL_IOMN_src/example/optimization_algorithm.py:579: UserWarning: Glyph 20248 (\N{CJK UNIFIED IDEOGRAPH-4F18}) missing from font(s) DejaVu Sans.
  plt.savefig('genetic_optimization_results.png', dpi=300, bbox_inches='tight')

2026-01-07 09:58:50 - ERROR - /home/hhabu/work_src/DL_IOMN_src/example/optimization_algorithm.py:579: UserWarning: Glyph 21270 (\N{CJK UNIFIED IDEOGRAPH-5316}) missing from font(s) DejaVu Sans.
  plt.savefig('genetic_optimization_results.png', dpi=300, bbox_inches='tight')

2026-01-07 09:58:50 - ERROR - /home/hhabu/work_src/DL_IOMN_src/example/optimization_algorithm.py:579: UserWarning: Glyph 24471 (\N{CJK UNIFIED IDEOGRAPH-5F97}) missing from font(s) DejaVu Sans.
  plt.savefig('genetic_optimization_results.png', dpi=300, bbox_inches='tight')

2026-01-07 09:58:50 - ERROR - /home/hhabu/work_src/DL_IOMN_src/example/optimization_algorithm.py:579: UserWarning: Glyph 21040 (\N{CJK UNIFIED IDEOGRAPH-5230}) missing from font(s) DejaVu Sans.
  plt.savefig('genetic_optimization_results.png', dpi=300, bbox_inches='tight')

2026-01-07 09:58:50 - ERROR - /home/hhabu/work_src/DL_IOMN_src/example/optimization_algorithm.py:579: UserWarning: Glyph 30340 (\N{CJK UNIFIED IDEOGRAPH-7684}) missing from font(s) DejaVu Sans.
  plt.savefig('genetic_optimization_results.png', dpi=300, bbox_inches='tight')

2026-01-07 09:58:50 - ERROR - /home/hhabu/work_src/DL_IOMN_src/example/optimization_algorithm.py:579: UserWarning: Glyph 30697 (\N{CJK UNIFIED IDEOGRAPH-77E9}) missing from font(s) DejaVu Sans.
  plt.savefig('genetic_optimization_results.png', dpi=300, bbox_inches='tight')

2026-01-07 09:58:50 - ERROR - /home/hhabu/work_src/DL_IOMN_src/example/optimization_algorithm.py:579: UserWarning: Glyph 38453 (\N{CJK UNIFIED IDEOGRAPH-9635}) missing from font(s) DejaVu Sans.
  plt.savefig('genetic_optimization_results.png', dpi=300, bbox_inches='tight')

2026-01-07 09:58:50 - ERROR - /home/hhabu/work_src/DL_IOMN_src/example/optimization_algorithm.py:579: UserWarning: Glyph 23494 (\N{CJK UNIFIED IDEOGRAPH-5BC6}) missing from font(s) DejaVu Sans.
  plt.savefig('genetic_optimization_results.png', dpi=300, bbox_inches='tight')

2026-01-07 09:58:50 - ERROR - /home/hhabu/work_src/DL_IOMN_src/example/optimization_algorithm.py:579: UserWarning: Glyph 24230 (\N{CJK UNIFIED IDEOGRAPH-5EA6}) missing from font(s) DejaVu Sans.
  plt.savefig('genetic_optimization_results.png', dpi=300, bbox_inches='tight')

2026-01-07 09:58:51 - ERROR - /home/hhabu/work_src/DL_IOMN_src/example/optimization_algorithm.py:579: UserWarning: Glyph 36866 (\N{CJK UNIFIED IDEOGRAPH-9002}) missing from font(s) DejaVu Sans.
  plt.savefig('genetic_optimization_results.png', dpi=300, bbox_inches='tight')

2026-01-07 09:58:51 - ERROR - /home/hhabu/work_src/DL_IOMN_src/example/optimization_algorithm.py:579: UserWarning: Glyph 24212 (\N{CJK UNIFIED IDEOGRAPH-5E94}) missing from font(s) DejaVu Sans.
  plt.savefig('genetic_optimization_results.png', dpi=300, bbox_inches='tight')

2026-01-07 09:58:51 - ERROR - /home/hhabu/work_src/DL_IOMN_src/example/optimization_algorithm.py:579: UserWarning: Glyph 36827 (\N{CJK UNIFIED IDEOGRAPH-8FDB}) missing from font(s) DejaVu Sans.
  plt.savefig('genetic_optimization_results.png', dpi=300, bbox_inches='tight')

2026-01-07 09:58:51 - ERROR - /home/hhabu/work_src/DL_IOMN_src/example/optimization_algorithm.py:579: UserWarning: Glyph 36807 (\N{CJK UNIFIED IDEOGRAPH-8FC7}) missing from font(s) DejaVu Sans.
  plt.savefig('genetic_optimization_results.png', dpi=300, bbox_inches='tight')

2026-01-07 09:58:51 - ERROR - /home/hhabu/work_src/DL_IOMN_src/example/optimization_algorithm.py:579: UserWarning: Glyph 31243 (\N{CJK UNIFIED IDEOGRAPH-7A0B}) missing from font(s) DejaVu Sans.
  plt.savefig('genetic_optimization_results.png', dpi=300, bbox_inches='tight')

2026-01-07 09:58:51 - ERROR - /home/hhabu/work_src/DL_IOMN_src/example/optimization_algorithm.py:579: UserWarning: Glyph 20195 (\N{CJK UNIFIED IDEOGRAPH-4EE3}) missing from font(s) DejaVu Sans.
  plt.savefig('genetic_optimization_results.png', dpi=300, bbox_inches='tight')

2026-01-07 09:58:51 - ERROR - /home/hhabu/work_src/DL_IOMN_src/example/optimization_algorithm.py:579: UserWarning: Glyph 25968 (\N{CJK UNIFIED IDEOGRAPH-6570}) missing from font(s) DejaVu Sans.
  plt.savefig('genetic_optimization_results.png', dpi=300, bbox_inches='tight')

2026-01-07 09:58:51 - ERROR - /home/hhabu/work_src/DL_IOMN_src/example/optimization_algorithm.py:579: UserWarning: Glyph 24179 (\N{CJK UNIFIED IDEOGRAPH-5E73}) missing from font(s) DejaVu Sans.
  plt.savefig('genetic_optimization_results.png', dpi=300, bbox_inches='tight')

2026-01-07 09:58:51 - ERROR - /home/hhabu/work_src/DL_IOMN_src/example/optimization_algorithm.py:579: UserWarning: Glyph 22343 (\N{CJK UNIFIED IDEOGRAPH-5747}) missing from font(s) DejaVu Sans.
  plt.savefig('genetic_optimization_results.png', dpi=300, bbox_inches='tight')

2026-01-07 09:58:51 - ERROR - /home/hhabu/work_src/DL_IOMN_src/example/optimization_algorithm.py:579: UserWarning: Glyph 26368 (\N{CJK UNIFIED IDEOGRAPH-6700}) missing from font(s) DejaVu Sans.
  plt.savefig('genetic_optimization_results.png', dpi=300, bbox_inches='tight')

2026-01-07 09:58:51 - ERROR - /home/hhabu/work_src/DL_IOMN_src/example/optimization_algorithm.py:579: UserWarning: Glyph 20339 (\N{CJK UNIFIED IDEOGRAPH-4F73}) missing from font(s) DejaVu Sans.
  plt.savefig('genetic_optimization_results.png', dpi=300, bbox_inches='tight')

2026-01-07 09:58:51 - ERROR - /home/hhabu/work_src/DL_IOMN_src/example/optimization_algorithm.py:579: UserWarning: Glyph 27604 (\N{CJK UNIFIED IDEOGRAPH-6BD4}) missing from font(s) DejaVu Sans.
  plt.savefig('genetic_optimization_results.png', dpi=300, bbox_inches='tight')

2026-01-07 09:58:51 - ERROR - /home/hhabu/work_src/DL_IOMN_src/example/optimization_algorithm.py:579: UserWarning: Glyph 20363 (\N{CJK UNIFIED IDEOGRAPH-4F8B}) missing from font(s) DejaVu Sans.
  plt.savefig('genetic_optimization_results.png', dpi=300, bbox_inches='tight')

2026-01-07 09:58:51 - ERROR - /home/hhabu/work_src/DL_IOMN_src/example/optimization_algorithm.py:579: UserWarning: Glyph 20687 (\N{CJK UNIFIED IDEOGRAPH-50CF}) missing from font(s) DejaVu Sans.
  plt.savefig('genetic_optimization_results.png', dpi=300, bbox_inches='tight')

2026-01-07 09:58:51 - ERROR - /home/hhabu/work_src/DL_IOMN_src/example/optimization_algorithm.py:579: UserWarning: Glyph 32032 (\N{CJK UNIFIED IDEOGRAPH-7D20}) missing from font(s) DejaVu Sans.
  plt.savefig('genetic_optimization_results.png', dpi=300, bbox_inches='tight')

2026-01-07 09:58:51 - ERROR - /home/hhabu/work_src/DL_IOMN_src/example/optimization_algorithm.py:579: UserWarning: Glyph 20540 (\N{CJK UNIFIED IDEOGRAPH-503C}) missing from font(s) DejaVu Sans.
  plt.savefig('genetic_optimization_results.png', dpi=300, bbox_inches='tight')

2026-01-07 09:58:51 - ERROR - /home/hhabu/work_src/DL_IOMN_src/example/optimization_algorithm.py:579: UserWarning: Glyph 20998 (\N{CJK UNIFIED IDEOGRAPH-5206}) missing from font(s) DejaVu Sans.
  plt.savefig('genetic_optimization_results.png', dpi=300, bbox_inches='tight')

2026-01-07 09:58:51 - ERROR - /home/hhabu/work_src/DL_IOMN_src/example/optimization_algorithm.py:579: UserWarning: Glyph 24067 (\N{CJK UNIFIED IDEOGRAPH-5E03}) missing from font(s) DejaVu Sans.
  plt.savefig('genetic_optimization_results.png', dpi=300, bbox_inches='tight')

2026-01-07 09:58:51 - ERROR - /home/hhabu/work_src/DL_IOMN_src/example/optimization_algorithm.py:579: UserWarning: Glyph 32456 (\N{CJK UNIFIED IDEOGRAPH-7EC8}) missing from font(s) DejaVu Sans.
  plt.savefig('genetic_optimization_results.png', dpi=300, bbox_inches='tight')

2026-01-07 09:58:51 - ERROR - /home/hhabu/work_src/DL_IOMN_src/example/optimization_algorithm.py:579: UserWarning: Glyph 24635 (\N{CJK UNIFIED IDEOGRAPH-603B}) missing from font(s) DejaVu Sans.
  plt.savefig('genetic_optimization_results.png', dpi=300, bbox_inches='tight')

2026-01-07 09:58:51 - ERROR - Traceback (most recent call last):

2026-01-07 09:58:51 - ERROR -   File "/home/hhabu/work_src/DL_IOMN_src/example/main.py", line 477, in <module>

2026-01-07 09:58:51 - ERROR - best_matrix, best_info, best_fitness = run_genetic_optimization(manager, target_freq=TARGET_CONFIG['target_freq'], 
2026-01-07 09:58:51 - ERROR - ^
2026-01-07 09:58:51 - ERROR - ^
2026-01-07 09:58:51 - ERROR - ^
2026-01-07 09:58:51 - ERROR - ^
2026-01-07 09:58:51 - ERROR - ^
2026-01-07 09:58:51 - ERROR - ^
2026-01-07 09:58:51 - ERROR - ^
2026-01-07 09:58:51 - ERROR - ^
2026-01-07 09:58:51 - ERROR - ^
2026-01-07 09:58:51 - ERROR - ^
2026-01-07 09:58:51 - ERROR - ^
2026-01-07 09:58:51 - ERROR - ^
2026-01-07 09:58:51 - ERROR - ^
2026-01-07 09:58:51 - ERROR - ^
2026-01-07 09:58:51 - ERROR - ^
2026-01-07 09:58:51 - ERROR - ^
2026-01-07 09:58:51 - ERROR - ^
2026-01-07 09:58:51 - ERROR - ^
2026-01-07 09:58:51 - ERROR - ^
2026-01-07 09:58:51 - ERROR - ^
2026-01-07 09:58:51 - ERROR - ^
2026-01-07 09:58:51 - ERROR - ^
2026-01-07 09:58:51 - ERROR - ^
2026-01-07 09:58:51 - ERROR - ^
2026-01-07 09:58:51 - ERROR - ^
2026-01-07 09:58:51 - ERROR - ^
2026-01-07 09:58:51 - ERROR - ^
2026-01-07 09:58:51 - ERROR - ^
2026-01-07 09:58:51 - ERROR - ^
2026-01-07 09:58:51 - ERROR - ^
2026-01-07 09:58:51 - ERROR - ^
2026-01-07 09:58:51 - ERROR - ^
2026-01-07 09:58:51 - ERROR - ^
2026-01-07 09:58:51 - ERROR - ^
2026-01-07 09:58:51 - ERROR - ^
2026-01-07 09:58:51 - ERROR - ^
2026-01-07 09:58:51 - ERROR - ^
2026-01-07 09:58:51 - ERROR - ^
2026-01-07 09:58:51 - ERROR - ^
2026-01-07 09:58:51 - ERROR - ^
2026-01-07 09:58:51 - ERROR - ^
2026-01-07 09:58:51 - ERROR - ^
2026-01-07 09:58:51 - ERROR - ^
2026-01-07 09:58:51 - ERROR - ^
2026-01-07 09:58:51 - ERROR - ^
2026-01-07 09:58:51 - ERROR - ^
2026-01-07 09:58:51 - ERROR - ^
2026-01-07 09:58:51 - ERROR - ^
2026-01-07 09:58:51 - ERROR - ^
2026-01-07 09:58:51 - ERROR - ^
2026-01-07 09:58:51 - ERROR - ^
2026-01-07 09:58:51 - ERROR - ^
2026-01-07 09:58:51 - ERROR - ^
2026-01-07 09:58:51 - ERROR - ^
2026-01-07 09:58:51 - ERROR - ^
2026-01-07 09:58:51 - ERROR - ^
2026-01-07 09:58:51 - ERROR - ^
2026-01-07 09:58:51 - ERROR - ^
2026-01-07 09:58:51 - ERROR - ^
2026-01-07 09:58:51 - ERROR - ^
2026-01-07 09:58:51 - ERROR - ^
2026-01-07 09:58:51 - ERROR - ^
2026-01-07 09:58:51 - ERROR - ^
2026-01-07 09:58:51 - ERROR - ^
2026-01-07 09:58:51 - ERROR - ^
2026-01-07 09:58:51 - ERROR - ^
2026-01-07 09:58:51 - ERROR - ^
2026-01-07 09:58:51 - ERROR - ^
2026-01-07 09:58:51 - ERROR - ^
2026-01-07 09:58:51 - ERROR - ^
2026-01-07 09:58:51 - ERROR - ^
2026-01-07 09:58:51 - ERROR - ^
2026-01-07 09:58:51 - ERROR - ^
2026-01-07 09:58:51 - ERROR - ^
2026-01-07 09:58:51 - ERROR - ^
2026-01-07 09:58:51 - ERROR -   File "/home/hhabu/work_src/DL_IOMN_src/example/main.py", line 378, in run_genetic_optimization

2026-01-07 09:58:51 - ERROR - ga.visualize_results(best_matrix, fitness_history, best_fitness_history)
2026-01-07 09:58:51 - ERROR -   File "/home/hhabu/work_src/DL_IOMN_src/example/optimization_algorithm.py", line 585, in visualize_results

2026-01-07 09:58:51 - ERROR - plt.title(f'Optimized Binary Matrix (Frequency: {self.target_freq} GHz)')
2026-01-07 09:58:51 - ERROR - ^
2026-01-07 09:58:51 - ERROR - ^
2026-01-07 09:58:51 - ERROR - ^
2026-01-07 09:58:51 - ERROR - ^
2026-01-07 09:58:51 - ERROR - ^
2026-01-07 09:58:51 - ERROR - ^
2026-01-07 09:58:51 - ERROR - ^
2026-01-07 09:58:51 - ERROR - ^
2026-01-07 09:58:51 - ERROR - ^
2026-01-07 09:58:51 - ERROR - ^
2026-01-07 09:58:51 - ERROR - ^
2026-01-07 09:58:51 - ERROR - ^
2026-01-07 09:58:51 - ERROR - ^
2026-01-07 09:58:51 - ERROR - ^
2026-01-07 09:58:51 - ERROR - ^
2026-01-07 09:58:51 - ERROR - ^
2026-01-07 09:58:51 - ERROR - AttributeError
2026-01-07 09:58:51 - ERROR - : 
2026-01-07 09:58:51 - ERROR - 'GeneticAlgorithm' object has no attribute 'target_freq'
