2026-01-06 17:31:29 - INFO - 日志文件保存到: logs/training_20260106_173129.log
2026-01-06 17:31:29 - INFO - 选择模型类型 (1: CnnNet, 2: ResidualNet): 
2026-01-06 17:31:30 - INFO - 选择运行模式 (1: 仅训练神经网络, 2: 仅运行遗传算法, 3: 完整流程): 
2026-01-06 17:31:32 - ERROR - /home/hhabu/work_src/DL_IOMN_src/example/main.py:462: FutureWarning: You are using `torch.load` with `weights_only=False` (the current default value), which uses the default pickle module implicitly. It is possible to construct malicious pickle data which will execute arbitrary code during unpickling (See https://github.com/pytorch/pytorch/blob/main/SECURITY.md#untrusted-models for more details). In a future release, the default value for `weights_only` will be flipped to `True`. This limits the functions that could be executed during unpickling. Arbitrary objects will no longer be allowed to be loaded via this mode unless they are explicitly allowlisted by the user via `torch.serialization.add_safe_globals`. We recommend you start setting `weights_only=True` for any use case where you don't have full control of the loaded file. Please open an issue on GitHub for any issues related to this experimental feature.
  checkpoint = torch.load(model_path)

2026-01-06 17:31:32 - INFO - odict_keys(['freq_embedding.0.weight', 'freq_embedding.0.bias', 'freq_embedding.1.weight', 'freq_embedding.1.bias', 'freq_embedding.1.running_mean', 'freq_embedding.1.running_var', 'freq_embedding.1.num_batches_tracked', 'freq_embedding.3.weight', 'freq_embedding.3.bias', 'freq_embedding.4.weight', 'freq_embedding.4.bias', 'freq_embedding.4.running_mean', 'freq_embedding.4.running_var', 'freq_embedding.4.num_batches_tracked', 'freq_embedding.6.weight', 'freq_embedding.6.bias', 'freq_embedding.7.weight', 'freq_embedding.7.bias', 'freq_embedding.7.running_mean', 'freq_embedding.7.running_var', 'freq_embedding.7.num_batches_tracked', 'conv_block1.0.weight', 'conv_block1.0.bias', 'conv_block1.1.weight', 'conv_block1.1.bias', 'conv_block1.1.running_mean', 'conv_block1.1.running_var', 'conv_block1.1.num_batches_tracked', 'conv_block1.3.weight', 'conv_block1.3.bias', 'conv_block1.4.weight', 'conv_block1.4.bias', 'conv_block1.4.running_mean', 'conv_block1.4.running_var', 'conv_block1.4.num_batches_tracked', 'conv_block2.0.weight', 'conv_block2.0.bias', 'conv_block2.1.weight', 'conv_block2.1.bias', 'conv_block2.1.running_mean', 'conv_block2.1.running_var', 'conv_block2.1.num_batches_tracked', 'conv_block2.3.weight', 'conv_block2.3.bias', 'conv_block2.4.weight', 'conv_block2.4.bias', 'conv_block2.4.running_mean', 'conv_block2.4.running_var', 'conv_block2.4.num_batches_tracked', 'conv_block3.0.weight', 'conv_block3.0.bias', 'conv_block3.1.weight', 'conv_block3.1.bias', 'conv_block3.1.running_mean', 'conv_block3.1.running_var', 'conv_block3.1.num_batches_tracked', 'conv_block3.3.weight', 'conv_block3.3.bias', 'conv_block3.4.weight', 'conv_block3.4.bias', 'conv_block3.4.running_mean', 'conv_block3.4.running_var', 'conv_block3.4.num_batches_tracked', 'conv_block3.6.weight', 'conv_block3.6.bias', 'conv_block3.7.weight', 'conv_block3.7.bias', 'conv_block3.7.running_mean', 'conv_block3.7.running_var', 'conv_block3.7.num_batches_tracked', 'fusion_module.0.weight', 'fusion_module.0.bias', 'fusion_module.1.weight', 'fusion_module.1.bias', 'fusion_module.1.running_mean', 'fusion_module.1.running_var', 'fusion_module.1.num_batches_tracked', 'fusion_module.4.weight', 'fusion_module.4.bias', 'fusion_module.5.weight', 'fusion_module.5.bias', 'fusion_module.5.running_mean', 'fusion_module.5.running_var', 'fusion_module.5.num_batches_tracked', 'fusion_module.8.weight', 'fusion_module.8.bias', 'fusion_module.9.weight', 'fusion_module.9.bias', 'fusion_module.9.running_mean', 'fusion_module.9.running_var', 'fusion_module.9.num_batches_tracked', 'fusion_module.12.weight', 'fusion_module.12.bias', 'fusion_module.13.weight', 'fusion_module.13.bias', 'fusion_module.13.running_mean', 'fusion_module.13.running_var', 'fusion_module.13.num_batches_tracked', 'fusion_module.15.weight', 'fusion_module.15.bias', 'fusion_module.16.weight', 'fusion_module.16.bias', 'fusion_module.16.running_mean', 'fusion_module.16.running_var', 'fusion_module.16.num_batches_tracked', 'fusion_module.18.weight', 'fusion_module.18.bias'])
2026-01-06 17:31:32 - INFO - 
==================================================
2026-01-06 17:31:32 - INFO - 创建空白模型：
2026-01-06 17:31:32 - INFO - 
==================================================
2026-01-06 17:31:32 - INFO - 
==================================================
2026-01-06 17:31:32 - INFO - 模型加载：
2026-01-06 17:31:32 - INFO - 
==================================================
2026-01-06 17:31:32 - INFO - ModelManager初始化完成，使用设备: cuda
2026-01-06 17:31:32 - INFO - 检查点目录: frequency_checkpoints/best_model.pth
2026-01-06 17:31:32 - INFO - 
============================================================
2026-01-06 17:31:32 - INFO - 启动矩阵结构遗传优化
2026-01-06 17:31:32 - INFO - ============================================================
2026-01-06 17:31:32 - INFO - 矩阵遗传算法初始化完成
2026-01-06 17:31:32 - INFO - 矩阵形状: (19, 19)
2026-01-06 17:31:32 - INFO - 总像素数: 361
2026-01-06 17:31:32 - INFO - 使用设备: cuda
2026-01-06 17:31:32 - INFO - 
============================================================
2026-01-06 17:31:32 - INFO - 启动遗传算法优化
2026-01-06 17:31:32 - INFO - ============================================================
2026-01-06 17:31:32 - INFO - 目标频率: 10 GHz
2026-01-06 17:31:32 - INFO - 目标参数: {'gamma_opt': {'origin_value': 1, 'magnitude_db': 1, 'weight': 1.0}, 's11_real': -0.0445877, 's11_imag': 0.0125595, 's21_real': 0.914061, 's21_imag': -0.241433, 's12_real': 0.914061, 's12_imag': -0.241433, 's22_real': -0.04327, 's22_imag': 0.0114308, 'S21': {'magnitude_db': 0, 'weight': 0}, 'S11': {'magnitude_db': 0, 'weight': 0}, 'S22': {'magnitude_db': 0, 'weight': 0}, 'symmetry': {'weight': 0.3}, 'complexity': {'weight': 0.1}}
2026-01-06 17:31:32 - INFO - 种群大小: 1024
2026-01-06 17:31:32 - INFO - 进化代数: 100
2026-01-06 17:31:32 - INFO - 变异率: 0.1
2026-01-06 17:31:32 - INFO - 交叉率: 0.8
2026-01-06 17:31:32 - INFO - 精英数量: 5
2026-01-06 17:31:32 - INFO - tournament_size: 256
2026-01-06 17:31:32 - INFO - ============================================================
2026-01-06 17:31:32 - INFO - 创建初始种群 (大小: 4096)...
2026-01-06 17:31:32 - ERROR - 创建种群:   0%|          | 0/4096 [00:00<?, ?it/s]
2026-01-06 17:31:32 - ERROR - 创建种群: 100%|##########| 4096/4096 [00:00<00:00, 201400.54it/s]
2026-01-06 17:31:32 - ERROR - 遗传演进:   0%|          | 0/100 [00:00<?, ?it/s]
2026-01-06 17:31:37 - INFO - 代   0: 平均适应度 = -6.2103, 最佳适应度 = -5.9609
2026-01-06 17:31:37 - INFO -       S11 = 0.82 dB, S21 = 2.48 dB, 密度 = 0.510
2026-01-06 17:31:37 - ERROR - 遗传演进:   1%|1         | 1/100 [00:04<07:09,  4.34s/it]
2026-01-06 17:31:38 - ERROR - 遗传演进:   2%|2         | 2/100 [00:05<04:02,  2.47s/it]
2026-01-06 17:31:39 - ERROR - 遗传演进:   3%|3         | 3/100 [00:06<03:01,  1.87s/it]
2026-01-06 17:31:40 - ERROR - 遗传演进:   4%|4         | 4/100 [00:07<02:31,  1.58s/it]
2026-01-06 17:31:41 - ERROR - 遗传演进:   5%|5         | 5/100 [00:08<02:15,  1.43s/it]
2026-01-06 17:31:42 - ERROR - 遗传演进:   6%|6         | 6/100 [00:10<02:05,  1.33s/it]
2026-01-06 17:31:44 - ERROR - 遗传演进:   7%|7         | 7/100 [00:11<01:58,  1.27s/it]
2026-01-06 17:31:45 - ERROR - 遗传演进:   8%|8         | 8/100 [00:12<01:53,  1.23s/it]
2026-01-06 17:31:46 - ERROR - 遗传演进:   9%|9         | 9/100 [00:13<01:49,  1.21s/it]
2026-01-06 17:31:47 - ERROR - 遗传演进:  10%|#         | 10/100 [00:14<01:46,  1.19s/it]
2026-01-06 17:31:48 - INFO - 代  10: 平均适应度 = -6.0052, 最佳适应度 = -5.7262
2026-01-06 17:31:48 - INFO -       S11 = 0.26 dB, S21 = 2.43 dB, 密度 = 0.590
2026-01-06 17:31:48 - ERROR - 遗传演进:  11%|#1        | 11/100 [00:15<01:44,  1.17s/it]
2026-01-06 17:31:49 - ERROR - 遗传演进:  12%|#2        | 12/100 [00:16<01:42,  1.17s/it]
2026-01-06 17:31:50 - ERROR - 遗传演进:  13%|#3        | 13/100 [00:18<01:41,  1.16s/it]
2026-01-06 17:31:52 - ERROR - 遗传演进:  14%|#4        | 14/100 [00:19<01:39,  1.16s/it]
2026-01-06 17:31:53 - ERROR - 遗传演进:  15%|#5        | 15/100 [00:20<01:38,  1.16s/it]
2026-01-06 17:31:54 - ERROR - 遗传演进:  16%|#6        | 16/100 [00:21<01:36,  1.15s/it]
2026-01-06 17:31:55 - ERROR - 遗传演进:  17%|#7        | 17/100 [00:22<01:35,  1.15s/it]
2026-01-06 17:31:56 - ERROR - 遗传演进:  18%|#8        | 18/100 [00:23<01:34,  1.15s/it]
2026-01-06 17:31:57 - ERROR - 遗传演进:  19%|#9        | 19/100 [00:25<01:33,  1.15s/it]
2026-01-06 17:31:59 - ERROR - 遗传演进:  20%|##        | 20/100 [00:26<01:31,  1.15s/it]
2026-01-06 17:32:00 - INFO - 代  20: 平均适应度 = -6.0117, 最佳适应度 = -5.7200
2026-01-06 17:32:00 - INFO -       S11 = 0.25 dB, S21 = 2.43 dB, 密度 = 0.579
2026-01-06 17:32:00 - ERROR - 遗传演进:  21%|##1       | 21/100 [00:27<01:30,  1.15s/it]
2026-01-06 17:32:01 - ERROR - 遗传演进:  22%|##2       | 22/100 [00:28<01:29,  1.15s/it]
2026-01-06 17:32:02 - ERROR - 遗传演进:  23%|##3       | 23/100 [00:29<01:28,  1.15s/it]
2026-01-06 17:32:03 - ERROR - 遗传演进:  24%|##4       | 24/100 [00:30<01:27,  1.15s/it]
2026-01-06 17:32:04 - ERROR - 遗传演进:  25%|##5       | 25/100 [00:31<01:26,  1.15s/it]
2026-01-06 17:32:05 - ERROR - 遗传演进:  26%|##6       | 26/100 [00:33<01:25,  1.15s/it]
2026-01-06 17:32:07 - ERROR - 遗传演进:  27%|##7       | 27/100 [00:34<01:23,  1.15s/it]
2026-01-06 17:32:08 - ERROR - 遗传演进:  28%|##8       | 28/100 [00:35<01:22,  1.15s/it]
2026-01-06 17:32:09 - ERROR - 遗传演进:  29%|##9       | 29/100 [00:36<01:21,  1.15s/it]
2026-01-06 17:32:10 - ERROR - 遗传演进:  30%|###       | 30/100 [00:37<01:20,  1.15s/it]
2026-01-06 17:32:11 - INFO - 代  30: 平均适应度 = -5.9851, 最佳适应度 = -5.7035
2026-01-06 17:32:11 - INFO -       S11 = 0.21 dB, S21 = 2.44 dB, 密度 = 0.565
2026-01-06 17:32:11 - ERROR - 遗传演进:  31%|###1      | 31/100 [00:38<01:19,  1.15s/it]
2026-01-06 17:32:12 - ERROR - 遗传演进:  32%|###2      | 32/100 [00:39<01:18,  1.15s/it]
2026-01-06 17:32:13 - ERROR - 遗传演进:  33%|###3      | 33/100 [00:41<01:16,  1.15s/it]
2026-01-06 17:32:15 - ERROR - 遗传演进:  34%|###4      | 34/100 [00:42<01:15,  1.15s/it]
2026-01-06 17:32:16 - ERROR - 遗传演进:  35%|###5      | 35/100 [00:43<01:14,  1.14s/it]
2026-01-06 17:32:17 - ERROR - 遗传演进:  36%|###6      | 36/100 [00:44<01:13,  1.14s/it]
2026-01-06 17:32:18 - ERROR - 遗传演进:  37%|###7      | 37/100 [00:45<01:12,  1.14s/it]
2026-01-06 17:32:19 - ERROR - 遗传演进:  38%|###8      | 38/100 [00:46<01:10,  1.14s/it]
2026-01-06 17:32:20 - ERROR - 遗传演进:  39%|###9      | 39/100 [00:47<01:09,  1.14s/it]
2026-01-06 17:32:21 - ERROR - 遗传演进:  40%|####      | 40/100 [00:49<01:08,  1.14s/it]
2026-01-06 17:32:23 - INFO - 代  40: 平均适应度 = -5.9968, 最佳适应度 = -5.6908
2026-01-06 17:32:23 - INFO -       S11 = 0.21 dB, S21 = 2.41 dB, 密度 = 0.598
2026-01-06 17:32:23 - ERROR - 遗传演进:  41%|####1     | 41/100 [00:50<01:07,  1.14s/it]
2026-01-06 17:32:24 - ERROR - 遗传演进:  42%|####2     | 42/100 [00:51<01:06,  1.14s/it]
2026-01-06 17:32:25 - ERROR - 遗传演进:  43%|####3     | 43/100 [00:52<01:05,  1.14s/it]
2026-01-06 17:32:26 - ERROR - 遗传演进:  44%|####4     | 44/100 [00:53<01:04,  1.14s/it]
2026-01-06 17:32:27 - ERROR - 遗传演进:  45%|####5     | 45/100 [00:54<01:03,  1.15s/it]
2026-01-06 17:32:28 - ERROR - 遗传演进:  46%|####6     | 46/100 [00:55<01:01,  1.15s/it]
2026-01-06 17:32:29 - ERROR - 遗传演进:  47%|####6     | 47/100 [00:57<01:00,  1.15s/it]
2026-01-06 17:32:31 - ERROR - 遗传演进:  48%|####8     | 48/100 [00:58<00:59,  1.15s/it]
2026-01-06 17:32:32 - ERROR - 遗传演进:  49%|####9     | 49/100 [00:59<00:58,  1.15s/it]
2026-01-06 17:32:33 - ERROR - 遗传演进:  50%|#####     | 50/100 [01:00<00:57,  1.15s/it]
2026-01-06 17:32:34 - INFO - 代  50: 平均适应度 = -5.9795, 最佳适应度 = -5.6908
2026-01-06 17:32:34 - INFO -       S11 = 0.21 dB, S21 = 2.41 dB, 密度 = 0.598
2026-01-06 17:32:34 - ERROR - 遗传演进:  51%|#####1    | 51/100 [01:01<00:56,  1.15s/it]
2026-01-06 17:32:35 - ERROR - 遗传演进:  52%|#####2    | 52/100 [01:02<00:54,  1.15s/it]
2026-01-06 17:32:36 - ERROR - 遗传演进:  53%|#####3    | 53/100 [01:04<00:53,  1.14s/it]
2026-01-06 17:32:38 - ERROR - 遗传演进:  54%|#####4    | 54/100 [01:05<00:52,  1.14s/it]
2026-01-06 17:32:39 - ERROR - 遗传演进:  55%|#####5    | 55/100 [01:06<00:51,  1.15s/it]
2026-01-06 17:32:40 - ERROR - 遗传演进:  56%|#####6    | 56/100 [01:07<00:50,  1.15s/it]
2026-01-06 17:32:41 - ERROR - 遗传演进:  57%|#####6    | 57/100 [01:08<00:49,  1.14s/it]
2026-01-06 17:32:42 - ERROR - 遗传演进:  58%|#####8    | 58/100 [01:09<00:47,  1.14s/it]
2026-01-06 17:32:43 - ERROR - 遗传演进:  59%|#####8    | 59/100 [01:10<00:46,  1.14s/it]
2026-01-06 17:32:44 - ERROR - 遗传演进:  60%|######    | 60/100 [01:12<00:45,  1.14s/it]
2026-01-06 17:32:46 - INFO - 代  60: 平均适应度 = -5.9843, 最佳适应度 = -5.6483
2026-01-06 17:32:46 - INFO -       S11 = 0.13 dB, S21 = 2.43 dB, 密度 = 0.609
2026-01-06 17:32:46 - ERROR - 遗传演进:  61%|######1   | 61/100 [01:13<00:44,  1.14s/it]
2026-01-06 17:32:47 - ERROR - 遗传演进:  62%|######2   | 62/100 [01:14<00:43,  1.14s/it]
2026-01-06 17:32:48 - ERROR - 遗传演进:  63%|######3   | 63/100 [01:15<00:42,  1.14s/it]
2026-01-06 17:32:49 - ERROR - 遗传演进:  64%|######4   | 64/100 [01:16<00:41,  1.17s/it]
2026-01-06 17:32:50 - ERROR - 遗传演进:  65%|######5   | 65/100 [01:17<00:40,  1.16s/it]
2026-01-06 17:32:51 - ERROR - 遗传演进:  66%|######6   | 66/100 [01:18<00:39,  1.16s/it]
2026-01-06 17:32:52 - ERROR - 遗传演进:  67%|######7   | 67/100 [01:20<00:38,  1.16s/it]
2026-01-06 17:32:54 - ERROR - 遗传演进:  68%|######8   | 68/100 [01:21<00:36,  1.15s/it]
2026-01-06 17:32:55 - ERROR - 遗传演进:  69%|######9   | 69/100 [01:22<00:35,  1.15s/it]
2026-01-06 17:32:56 - ERROR - 遗传演进:  70%|#######   | 70/100 [01:23<00:34,  1.15s/it]
2026-01-06 17:32:57 - INFO - 代  70: 平均适应度 = -5.9860, 最佳适应度 = -5.6254
2026-01-06 17:32:57 - INFO -       S11 = 0.09 dB, S21 = 2.42 dB, 密度 = 0.587
2026-01-06 17:32:57 - ERROR - 遗传演进:  71%|#######1  | 71/100 [01:24<00:33,  1.15s/it]
2026-01-06 17:32:58 - ERROR - 遗传演进:  72%|#######2  | 72/100 [01:25<00:32,  1.15s/it]
2026-01-06 17:32:59 - ERROR - 遗传演进:  73%|#######3  | 73/100 [01:26<00:31,  1.15s/it]
2026-01-06 17:33:00 - ERROR - 遗传演进:  74%|#######4  | 74/100 [01:28<00:29,  1.15s/it]
2026-01-06 17:33:02 - ERROR - 遗传演进:  75%|#######5  | 75/100 [01:29<00:28,  1.15s/it]
2026-01-06 17:33:03 - ERROR - 遗传演进:  76%|#######6  | 76/100 [01:30<00:27,  1.15s/it]
2026-01-06 17:33:04 - ERROR - 遗传演进:  77%|#######7  | 77/100 [01:31<00:26,  1.15s/it]
2026-01-06 17:33:05 - ERROR - 遗传演进:  78%|#######8  | 78/100 [01:32<00:25,  1.15s/it]
2026-01-06 17:33:06 - ERROR - 遗传演进:  79%|#######9  | 79/100 [01:33<00:24,  1.15s/it]
2026-01-06 17:33:07 - ERROR - 遗传演进:  80%|########  | 80/100 [01:35<00:23,  1.15s/it]
2026-01-06 17:33:09 - INFO - 代  80: 平均适应度 = -5.9790, 最佳适应度 = -5.6254
2026-01-06 17:33:09 - INFO -       S11 = 0.09 dB, S21 = 2.42 dB, 密度 = 0.587
2026-01-06 17:33:09 - ERROR - 遗传演进:  81%|########1 | 81/100 [01:36<00:21,  1.15s/it]
2026-01-06 17:33:10 - ERROR - 遗传演进:  82%|########2 | 82/100 [01:37<00:20,  1.15s/it]
2026-01-06 17:33:11 - ERROR - 遗传演进:  83%|########2 | 83/100 [01:38<00:19,  1.15s/it]
2026-01-06 17:33:12 - ERROR - 遗传演进:  84%|########4 | 84/100 [01:39<00:18,  1.15s/it]
2026-01-06 17:33:13 - ERROR - 遗传演进:  85%|########5 | 85/100 [01:40<00:17,  1.15s/it]
2026-01-06 17:33:14 - ERROR - 遗传演进:  86%|########6 | 86/100 [01:41<00:16,  1.15s/it]
2026-01-06 17:33:15 - ERROR - 遗传演进:  87%|########7 | 87/100 [01:43<00:14,  1.15s/it]
2026-01-06 17:33:17 - ERROR - 遗传演进:  88%|########8 | 88/100 [01:44<00:13,  1.15s/it]
2026-01-06 17:33:18 - ERROR - 遗传演进:  89%|########9 | 89/100 [01:45<00:12,  1.15s/it]
2026-01-06 17:33:19 - ERROR - 遗传演进:  90%|######### | 90/100 [01:46<00:11,  1.15s/it]
2026-01-06 17:33:20 - INFO - 代  90: 平均适应度 = -5.9884, 最佳适应度 = -5.6254
2026-01-06 17:33:20 - INFO -       S11 = 0.09 dB, S21 = 2.42 dB, 密度 = 0.587
2026-01-06 17:33:20 - ERROR - 遗传演进:  91%|#########1| 91/100 [01:47<00:10,  1.15s/it]
2026-01-06 17:33:21 - ERROR - 遗传演进:  92%|#########2| 92/100 [01:48<00:09,  1.15s/it]
2026-01-06 17:33:22 - ERROR - 遗传演进:  93%|#########3| 93/100 [01:49<00:08,  1.15s/it]
2026-01-06 17:33:23 - ERROR - 遗传演进:  94%|#########3| 94/100 [01:51<00:06,  1.15s/it]
2026-01-06 17:33:25 - ERROR - 遗传演进:  95%|#########5| 95/100 [01:52<00:05,  1.15s/it]
2026-01-06 17:33:26 - ERROR - 遗传演进:  96%|#########6| 96/100 [01:53<00:04,  1.15s/it]
2026-01-06 17:33:27 - ERROR - 遗传演进:  97%|#########7| 97/100 [01:54<00:03,  1.15s/it]
2026-01-06 17:33:28 - ERROR - 遗传演进:  98%|#########8| 98/100 [01:55<00:02,  1.15s/it]
2026-01-06 17:33:29 - ERROR - 遗传演进:  99%|#########9| 99/100 [01:56<00:01,  1.15s/it]
2026-01-06 17:33:30 - INFO - 代  99: 平均适应度 = -5.9783, 最佳适应度 = -5.6254
2026-01-06 17:33:30 - INFO -       S11 = 0.09 dB, S21 = 2.42 dB, 密度 = 0.587
2026-01-06 17:33:30 - ERROR - 遗传演进: 100%|##########| 100/100 [01:57<00:00,  1.15s/it]
2026-01-06 17:33:30 - ERROR - 遗传演进: 100%|##########| 100/100 [01:57<00:00,  1.18s/it]
2026-01-06 17:33:30 - INFO - 
============================================================
2026-01-06 17:33:30 - INFO - 遗传算法优化完成！
2026-01-06 17:33:30 - INFO - ============================================================
2026-01-06 17:33:30 - INFO - 最佳适应度: -5.6254
2026-01-06 17:33:30 - INFO - 
最佳个体的S参数 (在 10 GHz):
2026-01-06 17:33:30 - INFO -   |S11| = 0.09 dB
2026-01-06 17:33:30 - INFO -   |S21| = 2.42 dB
2026-01-06 17:33:30 - INFO -   |S12| = 2.42 dB
2026-01-06 17:33:30 - INFO -   |S22| = 2.87 dB
2026-01-06 17:33:30 - INFO -   S11相位 = -80.6°
2026-01-06 17:33:30 - INFO -   S21相位 = 40.8°
2026-01-06 17:33:30 - INFO -   矩阵密度 = 0.587
2026-01-06 17:33:30 - ERROR - Traceback (most recent call last):

2026-01-06 17:33:30 - ERROR -   File "/home/hhabu/work_src/DL_IOMN_src/example/main.py", line 477, in <module>

2026-01-06 17:33:30 - ERROR - best_matrix, best_info, best_fitness = run_genetic_optimization(manager, target_freq=TARGET_CONFIG['target_freq'], 
2026-01-06 17:33:30 - ERROR - ^
2026-01-06 17:33:30 - ERROR - ^
2026-01-06 17:33:30 - ERROR - ^
2026-01-06 17:33:30 - ERROR - ^
2026-01-06 17:33:30 - ERROR - ^
2026-01-06 17:33:30 - ERROR - ^
2026-01-06 17:33:30 - ERROR - ^
2026-01-06 17:33:30 - ERROR - ^
2026-01-06 17:33:30 - ERROR - ^
2026-01-06 17:33:30 - ERROR - ^
2026-01-06 17:33:30 - ERROR - ^
2026-01-06 17:33:30 - ERROR - ^
2026-01-06 17:33:30 - ERROR - ^
2026-01-06 17:33:30 - ERROR - ^
2026-01-06 17:33:30 - ERROR - ^
2026-01-06 17:33:30 - ERROR - ^
2026-01-06 17:33:30 - ERROR - ^
2026-01-06 17:33:30 - ERROR - ^
2026-01-06 17:33:30 - ERROR - ^
2026-01-06 17:33:30 - ERROR - ^
2026-01-06 17:33:30 - ERROR - ^
2026-01-06 17:33:30 - ERROR - ^
2026-01-06 17:33:30 - ERROR - ^
2026-01-06 17:33:30 - ERROR - ^
2026-01-06 17:33:30 - ERROR - ^
2026-01-06 17:33:30 - ERROR - ^
2026-01-06 17:33:30 - ERROR - ^
2026-01-06 17:33:30 - ERROR - ^
2026-01-06 17:33:30 - ERROR - ^
2026-01-06 17:33:30 - ERROR - ^
2026-01-06 17:33:30 - ERROR - ^
2026-01-06 17:33:30 - ERROR - ^
2026-01-06 17:33:30 - ERROR - ^
2026-01-06 17:33:30 - ERROR - ^
2026-01-06 17:33:30 - ERROR - ^
2026-01-06 17:33:30 - ERROR - ^
2026-01-06 17:33:30 - ERROR - ^
2026-01-06 17:33:30 - ERROR - ^
2026-01-06 17:33:30 - ERROR - ^
2026-01-06 17:33:30 - ERROR - ^
2026-01-06 17:33:30 - ERROR - ^
2026-01-06 17:33:30 - ERROR - ^
2026-01-06 17:33:30 - ERROR - ^
2026-01-06 17:33:30 - ERROR - ^
2026-01-06 17:33:30 - ERROR - ^
2026-01-06 17:33:30 - ERROR - ^
2026-01-06 17:33:30 - ERROR - ^
2026-01-06 17:33:30 - ERROR - ^
2026-01-06 17:33:30 - ERROR - ^
2026-01-06 17:33:30 - ERROR - ^
2026-01-06 17:33:30 - ERROR - ^
2026-01-06 17:33:30 - ERROR - ^
2026-01-06 17:33:30 - ERROR - ^
2026-01-06 17:33:30 - ERROR - ^
2026-01-06 17:33:30 - ERROR - ^
2026-01-06 17:33:30 - ERROR - ^
2026-01-06 17:33:30 - ERROR - ^
2026-01-06 17:33:30 - ERROR - ^
2026-01-06 17:33:30 - ERROR - ^
2026-01-06 17:33:30 - ERROR - ^
2026-01-06 17:33:30 - ERROR - ^
2026-01-06 17:33:30 - ERROR - ^
2026-01-06 17:33:30 - ERROR - ^
2026-01-06 17:33:30 - ERROR - ^
2026-01-06 17:33:30 - ERROR - ^
2026-01-06 17:33:30 - ERROR - ^
2026-01-06 17:33:30 - ERROR - ^
2026-01-06 17:33:30 - ERROR - ^
2026-01-06 17:33:30 - ERROR - ^
2026-01-06 17:33:30 - ERROR - ^
2026-01-06 17:33:30 - ERROR - ^
2026-01-06 17:33:30 - ERROR - ^
2026-01-06 17:33:30 - ERROR - ^
2026-01-06 17:33:30 - ERROR - ^
2026-01-06 17:33:30 - ERROR - ^
2026-01-06 17:33:30 - ERROR -   File "/home/hhabu/work_src/DL_IOMN_src/example/main.py", line 378, in run_genetic_optimization

2026-01-06 17:33:30 - ERROR - ga.visualize_results(best_matrix, fitness_history, best_fitness_history)
2026-01-06 17:33:30 - ERROR -   File "/home/hhabu/work_src/DL_IOMN_src/example/optimization_algorithm.py", line 541, in visualize_results

2026-01-06 17:33:30 - ERROR - fig, axes = plt.subplots(2, 2, figsize=(12, 10))
2026-01-06 17:33:30 - ERROR - ^
2026-01-06 17:33:30 - ERROR - ^
2026-01-06 17:33:30 - ERROR - ^
2026-01-06 17:33:30 - ERROR - ^
2026-01-06 17:33:30 - ERROR - ^
2026-01-06 17:33:30 - ERROR - ^
2026-01-06 17:33:30 - ERROR - ^
2026-01-06 17:33:30 - ERROR - ^
2026-01-06 17:33:30 - ERROR - ^
2026-01-06 17:33:30 - ERROR - ^
2026-01-06 17:33:30 - ERROR - ^
2026-01-06 17:33:30 - ERROR - ^
2026-01-06 17:33:30 - ERROR - AttributeError
2026-01-06 17:33:30 - ERROR - : 
2026-01-06 17:33:30 - ERROR - module 'plistlib' has no attribute 'subplots'
