2026-01-12 18:55:46 - INFO - 日志文件保存到: logs/training_20260112_185546.log
2026-01-12 18:55:46 - INFO - 选择模型类型 (1: CnnNet, 2: ResidualNet): 
2026-01-12 18:55:52 - ERROR - Traceback (most recent call last):

2026-01-12 18:55:52 - ERROR -   File "/home/hhabu/work_src/DL_IOMN_src/example/main.py", line 508, in <module>

2026-01-12 18:55:52 - ERROR - model_type = input("选择模型类型 (1: CnnNet, 2: ResidualNet): ").strip()
2026-01-12 18:55:52 - ERROR - ^
2026-01-12 18:55:52 - ERROR - ^
2026-01-12 18:55:52 - ERROR - ^
2026-01-12 18:55:52 - ERROR - ^
2026-01-12 18:55:52 - ERROR - ^
2026-01-12 18:55:52 - ERROR - ^
2026-01-12 18:55:52 - ERROR - ^
2026-01-12 18:55:52 - ERROR - ^
2026-01-12 18:55:52 - ERROR - ^
2026-01-12 18:55:52 - ERROR - ^
2026-01-12 18:55:52 - ERROR - ^
2026-01-12 18:55:52 - ERROR - ^
2026-01-12 18:55:52 - ERROR - ^
2026-01-12 18:55:52 - ERROR - ^
2026-01-12 18:55:52 - ERROR - ^
2026-01-12 18:55:52 - ERROR - ^
2026-01-12 18:55:52 - ERROR - ^
2026-01-12 18:55:52 - ERROR - ^
2026-01-12 18:55:52 - ERROR - ^
2026-01-12 18:55:52 - ERROR - ^
2026-01-12 18:55:52 - ERROR - ^
2026-01-12 18:55:52 - ERROR - ^
2026-01-12 18:55:52 - ERROR - ^
2026-01-12 18:55:52 - ERROR - ^
2026-01-12 18:55:52 - ERROR - ^
2026-01-12 18:55:52 - ERROR - ^
2026-01-12 18:55:52 - ERROR - ^
2026-01-12 18:55:52 - ERROR - ^
2026-01-12 18:55:52 - ERROR - ^
2026-01-12 18:55:52 - ERROR - ^
2026-01-12 18:55:52 - ERROR - ^
2026-01-12 18:55:52 - ERROR - ^
2026-01-12 18:55:52 - ERROR - ^
2026-01-12 18:55:52 - ERROR - ^
2026-01-12 18:55:52 - ERROR - ^
2026-01-12 18:55:52 - ERROR - ^
2026-01-12 18:55:52 - ERROR - ^
2026-01-12 18:55:52 - ERROR - ^
2026-01-12 18:55:52 - ERROR - ^
2026-01-12 18:55:52 - ERROR - ^
2026-01-12 18:55:52 - ERROR - ^
2026-01-12 18:55:52 - ERROR - ^
2026-01-12 18:55:52 - ERROR - ^
2026-01-12 18:55:52 - ERROR - ^
2026-01-12 18:55:52 - ERROR - ^
2026-01-12 18:55:52 - ERROR - ^
2026-01-12 18:55:52 - ERROR - ^
2026-01-12 18:55:52 - ERROR - ^
2026-01-12 18:55:52 - ERROR - ^
2026-01-12 18:55:52 - ERROR - ^
2026-01-12 18:55:52 - ERROR - ^
2026-01-12 18:55:52 - ERROR - KeyboardInterrupt
