2026-01-07 17:10:55 - INFO - 日志文件保存到: logs/training_20260107_171055.log
2026-01-07 17:10:55 - INFO - 选择模型类型 (1: CnnNet, 2: ResidualNet): 
2026-01-07 17:10:57 - INFO - 选择运行模式 (1: 仅训练神经网络, 2: 仅运行遗传算法, 3: 完整流程): 
2026-01-07 17:10:58 - INFO - === 训练神经网络仿真器 ===
2026-01-07 17:10:58 - INFO - 使用模型类型: advanced
2026-01-07 17:10:58 - INFO - 使用缓存的预处理数据集: /root/aicp-data/saved_datasets/v1
2026-01-07 17:10:58 - INFO - {'data_loaders': {'train_loader': {'batch_size': 1024, 'shuffle': False, 'num_workers': 4, 'pin_memory': True, 'drop_last': False}, 'val_loader': {'batch_size': 1024, 'shuffle': False, 'num_workers': 4, 'pin_memory': True, 'drop_last': False}, 'test_loader': {'batch_size': 1024, 'shuffle': False, 'num_workers': 4, 'pin_memory': True, 'drop_last': False}}, 'datasets': {'train_dataset': '/root/aicp-data/saved_datasets/v1/train_dataset.pkl', 'val_dataset': '/root/aicp-data/saved_datasets/v1/val_dataset.pkl', 'test_dataset': '/root/aicp-data/saved_datasets/v1/test_dataset.pkl'}, 'metadata': {'timestamp': '2025-12-30T04:24:48', 'dataset_sizes': {'train': 21000000, 'val': 6000000, 'test': 3000000}}}
2026-01-07 17:10:58 - INFO - train_dataset
2026-01-07 17:10:58 - INFO - /root/aicp-data/saved_datasets/v1/train_dataset.pkl
2026-01-07 17:11:43 - INFO - val_dataset
2026-01-07 17:11:43 - INFO - /root/aicp-data/saved_datasets/v1/val_dataset.pkl
2026-01-07 17:11:51 - INFO - test_dataset
2026-01-07 17:11:51 - INFO - /root/aicp-data/saved_datasets/v1/test_dataset.pkl
2026-01-07 17:11:56 - INFO - 数据集已从 /root/aicp-data/saved_datasets/v1 加载
2026-01-07 17:11:56 - INFO - 训练集大小: 21000000
2026-01-07 17:11:56 - INFO - 验证集大小: 6000000
2026-01-07 17:11:56 - INFO - 测试集大小: 3000000
2026-01-07 17:11:56 - INFO - 加载的data_loaders键: ['train_loader', 'val_loader', 'test_loader']
2026-01-07 17:11:56 - INFO - 加载的datasets键: ['train_dataset', 'val_dataset', 'test_dataset']
2026-01-07 17:11:56 - INFO - 训练集批次数量: 20508
2026-01-07 17:11:56 - INFO - 验证集批次数量: 5860
2026-01-07 17:11:56 - INFO - 测试集批次数量: 2930
2026-01-07 17:11:56 - INFO - 
============================================================
2026-01-07 17:11:56 - INFO - 步骤5: 创建神经网络...
2026-01-07 17:11:56 - INFO - ============================================================
2026-01-07 17:11:56 - INFO - 使用Cnn网络
2026-01-07 17:11:56 - INFO - 模型总参数: 11,094,600
2026-01-07 17:11:56 - INFO - 可训练参数: 11,094,600
2026-01-07 17:11:56 - INFO - 
============================================================
2026-01-07 17:11:56 - INFO - 步骤6: 训练...
2026-01-07 17:11:56 - INFO - ============================================================
2026-01-07 17:11:56 - INFO - ModelManager初始化完成，使用设备: cuda
2026-01-07 17:11:56 - INFO - 检查点目录: ./frequency_checkpoints
2026-01-07 17:11:56 - ERROR - /home/hhabu/miniconda/envs/myenv/lib/python3.11/site-packages/torch/optim/lr_scheduler.py:62: UserWarning: The verbose parameter is deprecated. Please use get_last_lr() to access the learning rate.
  warnings.warn(

2026-01-07 17:11:57 - INFO - 训练组件设置完成:
2026-01-07 17:11:57 - INFO - 使用优化器: AdamW
2026-01-07 17:11:57 - INFO - 损失函数: 加权MSE (权重: None)
2026-01-07 17:11:57 - INFO - 使用调度器: ReduceLROnPlateau
2026-01-07 17:11:57 - INFO - 初始学习率: 0.001
2026-01-07 17:11:57 - ERROR - /home/hhabu/work_src/DL_IOMN_src/example/train.py:842: FutureWarning: You are using `torch.load` with `weights_only=False` (the current default value), which uses the default pickle module implicitly. It is possible to construct malicious pickle data which will execute arbitrary code during unpickling (See https://github.com/pytorch/pytorch/blob/main/SECURITY.md#untrusted-models for more details). In a future release, the default value for `weights_only` will be flipped to `True`. This limits the functions that could be executed during unpickling. Arbitrary objects will no longer be allowed to be loaded via this mode unless they are explicitly allowlisted by the user via `torch.serialization.add_safe_globals`. We recommend you start setting `weights_only=True` for any use case where you don't have full control of the loaded file. Please open an issue on GitHub for any issues related to this experimental feature.
  self.model.load_state_dict(torch.load(best_model_path))

2026-01-07 17:11:57 - INFO - 已加载最佳模型
2026-01-07 17:11:57 - INFO - ================================================================================
2026-01-07 17:11:57 - INFO - 模型参数前10个值检查
2026-01-07 17:11:57 - INFO - ================================================================================
2026-01-07 17:11:57 - INFO - 模型总参数数量: 11,094,600
2026-01-07 17:11:57 - INFO - 前10个参数值:
2026-01-07 17:11:57 - INFO -   参数[0] = 0.00000000
2026-01-07 17:11:57 - INFO -   参数[1] = 0.00000000
2026-01-07 17:11:57 - INFO -   参数[2] = -0.00000000
2026-01-07 17:11:57 - INFO -   参数[3] = -0.00000000
2026-01-07 17:11:57 - INFO -   参数[4] = 0.00000000
2026-01-07 17:11:57 - INFO -   参数[5] = -0.00000000
2026-01-07 17:11:57 - INFO -   参数[6] = 0.00000000
2026-01-07 17:11:57 - INFO -   参数[7] = 0.00000000
2026-01-07 17:11:57 - INFO -   参数[8] = -0.00000000
2026-01-07 17:11:57 - INFO -   参数[9] = -0.00000000
2026-01-07 17:11:57 - INFO -   参数[10] = -0.00000000
2026-01-07 17:11:57 - INFO -   参数[11] = 0.00000000
2026-01-07 17:11:57 - INFO -   参数[12] = -0.00000000
2026-01-07 17:11:57 - INFO -   参数[13] = -0.21231136
2026-01-07 17:11:57 - INFO -   参数[14] = -0.00000000
2026-01-07 17:11:57 - INFO -   参数[15] = -0.00000000
2026-01-07 17:11:57 - INFO -   参数[16] = 0.00000000
2026-01-07 17:11:57 - INFO -   参数[17] = -0.00000000
2026-01-07 17:11:57 - INFO -   参数[18] = -0.00000000
2026-01-07 17:11:57 - INFO -   参数[19] = 0.00000000
2026-01-07 17:11:57 - INFO -   参数[20] = -0.00000000
2026-01-07 17:11:57 - INFO -   参数[21] = -0.00000000
2026-01-07 17:11:57 - INFO -   参数[22] = 0.00000000
2026-01-07 17:11:57 - INFO -   参数[23] = 0.00000000
2026-01-07 17:11:57 - INFO -   参数[24] = -0.00000000
2026-01-07 17:11:57 - INFO -   参数[25] = -0.00000000
2026-01-07 17:11:57 - INFO -   参数[26] = -0.00000000
2026-01-07 17:11:57 - INFO -   参数[27] = 0.00000000
2026-01-07 17:11:57 - INFO -   参数[28] = -0.00000000
2026-01-07 17:11:57 - INFO -   参数[29] = -0.00000000
2026-01-07 17:11:57 - INFO -   参数[30] = -0.00000000
2026-01-07 17:11:57 - INFO -   参数[31] = -0.00000000
2026-01-07 17:11:57 - INFO -   参数[32] = 0.00000000
2026-01-07 17:11:57 - INFO -   参数[33] = 0.00000000
2026-01-07 17:11:57 - INFO -   参数[34] = 0.00000000
2026-01-07 17:11:57 - INFO -   参数[35] = 0.00000000
2026-01-07 17:11:57 - INFO -   参数[36] = -0.00000000
2026-01-07 17:11:57 - INFO -   参数[37] = 0.00000000
2026-01-07 17:11:57 - INFO -   参数[38] = 0.00000000
2026-01-07 17:11:57 - INFO -   参数[39] = -0.00000000
2026-01-07 17:11:57 - INFO -   参数[40] = 0.00000000
2026-01-07 17:11:57 - INFO -   参数[41] = -0.00000000
2026-01-07 17:11:57 - INFO -   参数[42] = -0.00000000
2026-01-07 17:11:57 - INFO -   参数[43] = -0.00000000
2026-01-07 17:11:57 - INFO -   参数[44] = 0.00000000
2026-01-07 17:11:57 - INFO -   参数[45] = -0.00000000
2026-01-07 17:11:57 - INFO -   参数[46] = -0.00000000
2026-01-07 17:11:57 - INFO -   参数[47] = 0.00000000
2026-01-07 17:11:57 - INFO -   参数[48] = -0.00000000
2026-01-07 17:11:57 - INFO -   参数[49] = 0.00000000
2026-01-07 17:11:57 - INFO -   参数[50] = -0.00000000
2026-01-07 17:11:57 - INFO -   参数[51] = -0.00000000
2026-01-07 17:11:57 - INFO -   参数[52] = 0.00000000
2026-01-07 17:11:57 - INFO -   参数[53] = -0.00000000
2026-01-07 17:11:57 - INFO -   参数[54] = -0.00000000
2026-01-07 17:11:57 - INFO -   参数[55] = 0.00000000
2026-01-07 17:11:57 - INFO -   参数[56] = 0.00000000
2026-01-07 17:11:57 - INFO -   参数[57] = 0.00000000
2026-01-07 17:11:57 - INFO -   参数[58] = -0.00000000
2026-01-07 17:11:57 - INFO -   参数[59] = 0.00000000
2026-01-07 17:11:57 - INFO -   参数[60] = -0.00000000
2026-01-07 17:11:57 - INFO -   参数[61] = -0.00000000
2026-01-07 17:11:57 - INFO -   参数[62] = 0.00000000
2026-01-07 17:11:57 - INFO -   参数[63] = 0.00000000
2026-01-07 17:11:57 - INFO -   参数[64] = 0.00000000
2026-01-07 17:11:57 - INFO -   参数[65] = -0.00736809
2026-01-07 17:11:57 - INFO -   参数[66] = -0.00000000
2026-01-07 17:11:57 - INFO -   参数[67] = -0.00000000
2026-01-07 17:11:57 - INFO -   参数[68] = 0.00000000
2026-01-07 17:11:57 - INFO -   参数[69] = 0.14319557
2026-01-07 17:11:57 - INFO -   参数[70] = -0.00000000
2026-01-07 17:11:57 - INFO -   参数[71] = 0.00000000
2026-01-07 17:11:57 - INFO -   参数[72] = -0.00000000
2026-01-07 17:11:57 - INFO -   参数[73] = -0.00000000
2026-01-07 17:11:57 - INFO -   参数[74] = 0.00000000
2026-01-07 17:11:57 - INFO -   参数[75] = 0.00000000
2026-01-07 17:11:57 - INFO -   参数[76] = -0.00000000
2026-01-07 17:11:57 - INFO -   参数[77] = 0.00000000
2026-01-07 17:11:57 - INFO -   参数[78] = -0.00000000
2026-01-07 17:11:57 - INFO -   参数[79] = -0.00000000
2026-01-07 17:11:57 - INFO -   参数[80] = 0.00000000
2026-01-07 17:11:57 - INFO -   参数[81] = 0.00000000
2026-01-07 17:11:57 - INFO -   参数[82] = 0.00000000
2026-01-07 17:11:57 - INFO -   参数[83] = 0.00000000
2026-01-07 17:11:57 - INFO -   参数[84] = 0.00000000
2026-01-07 17:11:57 - INFO -   参数[85] = -0.00000000
2026-01-07 17:11:57 - INFO -   参数[86] = -0.00000000
2026-01-07 17:11:57 - INFO -   参数[87] = -0.00000000
2026-01-07 17:11:57 - INFO -   参数[88] = -0.00000000
2026-01-07 17:11:57 - INFO -   参数[89] = 0.00000000
2026-01-07 17:11:57 - INFO -   参数[90] = 0.00000000
2026-01-07 17:11:57 - INFO -   参数[91] = -0.00000000
2026-01-07 17:11:57 - INFO -   参数[92] = 0.00000000
2026-01-07 17:11:57 - INFO -   参数[93] = -0.00000000
2026-01-07 17:11:57 - INFO -   参数[94] = -0.00000000
2026-01-07 17:11:57 - INFO -   参数[95] = -0.00000000
2026-01-07 17:11:57 - INFO -   参数[96] = 0.00000000
2026-01-07 17:11:57 - INFO -   参数[97] = 0.00000000
2026-01-07 17:11:57 - INFO -   参数[98] = 0.00000000
2026-01-07 17:11:57 - INFO -   参数[99] = 0.00000000
2026-01-07 17:11:57 - INFO -   参数[100] = 0.00000000
2026-01-07 17:11:57 - INFO -   参数[101] = -0.00000000
2026-01-07 17:11:57 - INFO -   参数[102] = 0.00000000
2026-01-07 17:11:57 - INFO -   参数[103] = -0.00000000
2026-01-07 17:11:57 - INFO -   参数[104] = -0.00000000
2026-01-07 17:11:57 - INFO -   参数[105] = -0.00000000
2026-01-07 17:11:57 - INFO -   参数[106] = -0.00000000
2026-01-07 17:11:57 - INFO -   参数[107] = 0.00000000
2026-01-07 17:11:57 - INFO -   参数[108] = -0.00000000
2026-01-07 17:11:57 - INFO -   参数[109] = -0.00000000
2026-01-07 17:11:57 - INFO -   参数[110] = -0.00000000
2026-01-07 17:11:57 - INFO -   参数[111] = -0.00000000
2026-01-07 17:11:57 - INFO -   参数[112] = -0.00000000
2026-01-07 17:11:57 - INFO -   参数[113] = 0.00000000
2026-01-07 17:11:57 - INFO -   参数[114] = -0.00000000
2026-01-07 17:11:57 - INFO -   参数[115] = -0.00000000
2026-01-07 17:11:57 - INFO -   参数[116] = -0.00000000
2026-01-07 17:11:57 - INFO -   参数[117] = 0.00000000
2026-01-07 17:11:57 - INFO -   参数[118] = -0.00000000
2026-01-07 17:11:57 - INFO -   参数[119] = -0.00000000
2026-01-07 17:11:57 - INFO -   参数[120] = 0.00000000
2026-01-07 17:11:57 - INFO -   参数[121] = -0.00000000
2026-01-07 17:11:57 - INFO -   参数[122] = 0.00000000
2026-01-07 17:11:57 - INFO -   参数[123] = -0.00000000
2026-01-07 17:11:57 - INFO -   参数[124] = -0.00906361
2026-01-07 17:11:57 - INFO -   参数[125] = -0.00000000
2026-01-07 17:11:57 - INFO -   参数[126] = 0.00000000
2026-01-07 17:11:57 - INFO -   参数[127] = -0.00000000
2026-01-07 17:11:57 - INFO -   参数[128] = 0.00001099
2026-01-07 17:11:57 - INFO -   参数[129] = -0.00000258
2026-01-07 17:11:57 - INFO -   参数[130] = 0.00001338
2026-01-07 17:11:57 - INFO -   参数[131] = 0.00000426
2026-01-07 17:11:57 - INFO -   参数[132] = -0.00001046
2026-01-07 17:11:57 - INFO -   参数[133] = 0.00000805
2026-01-07 17:11:57 - INFO -   参数[134] = -0.00001365
2026-01-07 17:11:57 - INFO -   参数[135] = -0.00000516
2026-01-07 17:11:57 - INFO -   参数[136] = -0.00001224
2026-01-07 17:11:57 - INFO -   参数[137] = -0.00000035
2026-01-07 17:11:57 - INFO -   参数[138] = 0.00001109
2026-01-07 17:11:57 - INFO -   参数[139] = -0.00000063
2026-01-07 17:11:57 - INFO -   参数[140] = 0.00000641
2026-01-07 17:11:57 - INFO -   参数[141] = -0.00027966
2026-01-07 17:11:57 - INFO -   参数[142] = 0.00000767
2026-01-07 17:11:57 - INFO -   参数[143] = -0.00000950
2026-01-07 17:11:57 - INFO -   参数[144] = -0.00000059
2026-01-07 17:11:57 - INFO -   参数[145] = -0.00000288
2026-01-07 17:11:57 - INFO -   参数[146] = 0.00001022
2026-01-07 17:11:57 - INFO -   参数[147] = 0.00000952
2026-01-07 17:11:57 - INFO -   参数[148] = 0.00001968
2026-01-07 17:11:57 - INFO -   参数[149] = -0.00000752
2026-01-07 17:11:57 - INFO -   参数[150] = 0.00000046
2026-01-07 17:11:57 - INFO -   参数[151] = -0.00000480
2026-01-07 17:11:57 - INFO -   参数[152] = -0.00000251
2026-01-07 17:11:57 - INFO -   参数[153] = -0.00000788
2026-01-07 17:11:57 - INFO -   参数[154] = 0.00001707
2026-01-07 17:11:57 - INFO -   参数[155] = -0.00001040
2026-01-07 17:11:57 - INFO -   参数[156] = 0.00000532
2026-01-07 17:11:57 - INFO -   参数[157] = 0.00000449
2026-01-07 17:11:57 - INFO -   参数[158] = 0.00000362
2026-01-07 17:11:57 - INFO -   参数[159] = -0.00000487
2026-01-07 17:11:57 - INFO -   参数[160] = 0.00000802
2026-01-07 17:11:57 - INFO -   参数[161] = 0.00000167
2026-01-07 17:11:57 - INFO -   参数[162] = 0.00000258
2026-01-07 17:11:57 - INFO -   参数[163] = -0.00001877
2026-01-07 17:11:57 - INFO -   参数[164] = -0.00010665
2026-01-07 17:11:57 - INFO -   参数[165] = -0.00001195
2026-01-07 17:11:57 - INFO -   参数[166] = -0.00000628
2026-01-07 17:11:57 - INFO -   参数[167] = 0.00000789
2026-01-07 17:11:57 - INFO -   参数[168] = 0.00000224
2026-01-07 17:11:57 - INFO -   参数[169] = -0.00001116
2026-01-07 17:11:57 - INFO -   参数[170] = -0.00000727
2026-01-07 17:11:57 - INFO -   参数[171] = -0.00000377
2026-01-07 17:11:57 - INFO -   参数[172] = 0.00000730
2026-01-07 17:11:57 - INFO -   参数[173] = 0.00000008
2026-01-07 17:11:57 - INFO -   参数[174] = -0.00000728
2026-01-07 17:11:57 - INFO -   参数[175] = -0.00000389
2026-01-07 17:11:57 - INFO -   参数[176] = -0.00000977
2026-01-07 17:11:57 - INFO -   参数[177] = 0.00000598
2026-01-07 17:11:57 - INFO -   参数[178] = 0.00001027
2026-01-07 17:11:57 - INFO -   参数[179] = -0.00001010
2026-01-07 17:11:57 - INFO -   参数[180] = 0.00001736
2026-01-07 17:11:57 - INFO -   参数[181] = 0.00001182
2026-01-07 17:11:57 - INFO -   参数[182] = 0.00000312
2026-01-07 17:11:57 - INFO -   参数[183] = -0.00000470
2026-01-07 17:11:57 - INFO -   参数[184] = 0.00000752
2026-01-07 17:11:57 - INFO -   参数[185] = 0.00000824
2026-01-07 17:11:57 - INFO -   参数[186] = 0.00000675
2026-01-07 17:11:57 - INFO -   参数[187] = -0.00000515
2026-01-07 17:11:57 - INFO -   参数[188] = -0.00000431
2026-01-07 17:11:57 - INFO -   参数[189] = 0.00000515
2026-01-07 17:11:57 - INFO -   参数[190] = -0.00000185
2026-01-07 17:11:57 - INFO -   参数[191] = -0.00000220
2026-01-07 17:11:57 - INFO -   参数[192] = 0.00001037
2026-01-07 17:11:57 - INFO -   参数[193] = 0.00004476
2026-01-07 17:11:57 - INFO -   参数[194] = 0.00000140
2026-01-07 17:11:57 - INFO -   参数[195] = -0.00000224
2026-01-07 17:11:57 - INFO -   参数[196] = -0.00003850
2026-01-07 17:11:57 - INFO -   参数[197] = -0.00011811
2026-01-07 17:11:57 - INFO -   参数[198] = 0.00000056
2026-01-07 17:11:57 - INFO -   参数[199] = 0.00000371
2026-01-07 17:11:57 - INFO -   参数[200] = -0.00001467
2026-01-07 17:11:57 - INFO -   参数[201] = -0.00000519
2026-01-07 17:11:57 - INFO -   参数[202] = 0.00000757
2026-01-07 17:11:57 - INFO -   参数[203] = 0.00000526
2026-01-07 17:11:57 - INFO -   参数[204] = -0.00000091
2026-01-07 17:11:57 - INFO -   参数[205] = -0.00001009
2026-01-07 17:11:57 - INFO -   参数[206] = -0.00000622
2026-01-07 17:11:57 - INFO -   参数[207] = -0.00001395
2026-01-07 17:11:57 - INFO -   参数[208] = -0.00001242
2026-01-07 17:11:57 - INFO -   参数[209] = 0.00000711
2026-01-07 17:11:57 - INFO -   参数[210] = 0.00001457
2026-01-07 17:11:57 - INFO -   参数[211] = 0.00000571
2026-01-07 17:11:57 - INFO -   参数[212] = -0.00001493
2026-01-07 17:11:57 - INFO -   参数[213] = 0.00001041
2026-01-07 17:11:57 - INFO -   参数[214] = -0.00000133
2026-01-07 17:11:57 - INFO -   参数[215] = 0.00001196
2026-01-07 17:11:57 - INFO -   参数[216] = 0.00000204
2026-01-07 17:11:57 - INFO -   参数[217] = -0.00000755
2026-01-07 17:11:57 - INFO -   参数[218] = -0.00000518
2026-01-07 17:11:57 - INFO -   参数[219] = -0.00002063
2026-01-07 17:11:57 - INFO -   参数[220] = -0.00000755
2026-01-07 17:11:57 - INFO -   参数[221] = 0.00000948
2026-01-07 17:11:57 - INFO -   参数[222] = -0.00000512
2026-01-07 17:11:57 - INFO -   参数[223] = -0.00000263
2026-01-07 17:11:57 - INFO -   参数[224] = -0.00001236
2026-01-07 17:11:57 - INFO -   参数[225] = 0.00000822
2026-01-07 17:11:57 - INFO -   参数[226] = 0.00000999
2026-01-07 17:11:57 - INFO -   参数[227] = 0.00000371
2026-01-07 17:11:57 - INFO -   参数[228] = -0.00000945
2026-01-07 17:11:57 - INFO -   参数[229] = -0.00001463
2026-01-07 17:11:57 - INFO -   参数[230] = -0.00001077
2026-01-07 17:11:57 - INFO -   参数[231] = 0.00001026
2026-01-07 17:11:57 - INFO -   参数[232] = 0.00000726
2026-01-07 17:11:57 - INFO -   参数[233] = 0.00001021
2026-01-07 17:11:57 - INFO -   参数[234] = 0.00000803
2026-01-07 17:11:57 - INFO -   参数[235] = 0.00000845
2026-01-07 17:11:57 - INFO -   参数[236] = 0.00000567
2026-01-07 17:11:57 - INFO -   参数[237] = -0.00001166
2026-01-07 17:11:57 - INFO -   参数[238] = -0.00000720
2026-01-07 17:11:57 - INFO -   参数[239] = -0.00002254
2026-01-07 17:11:57 - INFO -   参数[240] = 0.00001325
2026-01-07 17:11:57 - INFO -   参数[241] = -0.00000603
2026-01-07 17:11:57 - INFO -   参数[242] = 0.00000250
2026-01-07 17:11:57 - INFO -   参数[243] = -0.00000376
2026-01-07 17:11:57 - INFO -   参数[244] = -0.00000376
2026-01-07 17:11:57 - INFO -   参数[245] = -0.00000904
2026-01-07 17:11:57 - INFO -   参数[246] = -0.00001575
2026-01-07 17:11:57 - INFO -   参数[247] = 0.00000414
2026-01-07 17:11:57 - INFO -   参数[248] = -0.00001165
2026-01-07 17:11:57 - INFO -   参数[249] = -0.00000368
2026-01-07 17:11:57 - INFO -   参数[250] = 0.00000190
2026-01-07 17:11:57 - INFO -   参数[251] = -0.00001231
2026-01-07 17:11:57 - INFO -   参数[252] = -0.00105988
2026-01-07 17:11:57 - INFO -   参数[253] = -0.00000534
2026-01-07 17:11:57 - INFO -   参数[254] = -0.00000356
2026-01-07 17:11:57 - INFO -   参数[255] = -0.00000996
2026-01-07 17:11:57 - INFO -   参数[256] = 0.00000000
2026-01-07 17:11:57 - INFO -   参数[257] = -0.00000000
2026-01-07 17:11:57 - INFO -   参数[258] = 0.00000000
2026-01-07 17:11:57 - INFO -   参数[259] = 0.00000000
2026-01-07 17:11:57 - INFO -   参数[260] = -0.00000000
2026-01-07 17:11:57 - INFO -   参数[261] = -0.00000000
2026-01-07 17:11:57 - INFO -   参数[262] = 0.00000000
2026-01-07 17:11:57 - INFO -   参数[263] = -0.00000000
2026-01-07 17:11:57 - INFO -   参数[264] = -0.00000000
2026-01-07 17:11:57 - INFO -   参数[265] = -0.00000000
2026-01-07 17:11:57 - INFO -   参数[266] = -0.00000000
2026-01-07 17:11:57 - INFO -   参数[267] = -0.00000000
2026-01-07 17:11:57 - INFO -   参数[268] = -0.00000000
2026-01-07 17:11:57 - INFO -   参数[269] = 0.04207377
2026-01-07 17:11:57 - INFO -   参数[270] = 0.00000000
2026-01-07 17:11:57 - INFO -   参数[271] = 0.00000000
2026-01-07 17:11:57 - INFO -   参数[272] = 0.00000000
2026-01-07 17:11:57 - INFO -   参数[273] = 0.00000000
2026-01-07 17:11:57 - INFO -   参数[274] = 0.00000000
2026-01-07 17:11:57 - INFO -   参数[275] = 0.00000000
2026-01-07 17:11:57 - INFO -   参数[276] = 0.00000000
2026-01-07 17:11:57 - INFO -   参数[277] = 0.00000000
2026-01-07 17:11:57 - INFO -   参数[278] = 0.00000000
2026-01-07 17:11:57 - INFO -   参数[279] = 0.00000000
2026-01-07 17:11:57 - INFO -   参数[280] = 0.00000000
2026-01-07 17:11:57 - INFO -   参数[281] = -0.00000000
2026-01-07 17:11:57 - INFO -   参数[282] = -0.00000000
2026-01-07 17:11:57 - INFO -   参数[283] = -0.00000000
2026-01-07 17:11:57 - INFO -   参数[284] = 0.00000000
2026-01-07 17:11:57 - INFO -   参数[285] = -0.00000000
2026-01-07 17:11:57 - INFO -   参数[286] = -0.00000000
2026-01-07 17:11:57 - INFO -   参数[287] = 0.00000000
2026-01-07 17:11:57 - INFO -   参数[288] = -0.00000000
2026-01-07 17:11:57 - INFO -   参数[289] = 0.00000000
2026-01-07 17:11:57 - INFO -   参数[290] = -0.00000000
2026-01-07 17:11:57 - INFO -   参数[291] = 0.00000000
2026-01-07 17:11:57 - INFO -   参数[292] = -0.00000000
2026-01-07 17:11:57 - INFO -   参数[293] = -0.00000000
2026-01-07 17:11:57 - INFO -   参数[294] = 0.00000000
2026-01-07 17:11:57 - INFO -   参数[295] = -0.00000000
2026-01-07 17:11:57 - INFO -   参数[296] = 0.00000000
2026-01-07 17:11:57 - INFO -   参数[297] = 0.00000000
2026-01-07 17:11:57 - INFO -   参数[298] = -0.00000000
2026-01-07 17:11:57 - INFO -   参数[299] = -0.00000000
2026-01-07 17:11:57 - INFO -   参数[300] = -0.00000000
2026-01-07 17:11:57 - INFO -   参数[301] = -0.00000000
2026-01-07 17:11:57 - INFO -   参数[302] = -0.00000000
2026-01-07 17:11:57 - INFO -   参数[303] = 0.00000000
2026-01-07 17:11:57 - INFO -   参数[304] = 0.00000000
2026-01-07 17:11:57 - INFO -   参数[305] = 0.00000000
2026-01-07 17:11:57 - INFO -   参数[306] = 0.00000000
2026-01-07 17:11:57 - INFO -   参数[307] = -0.00000000
2026-01-07 17:11:57 - INFO -   参数[308] = -0.00000000
2026-01-07 17:11:57 - INFO -   参数[309] = -0.00000000
2026-01-07 17:11:57 - INFO -   参数[310] = 0.00000000
2026-01-07 17:11:57 - INFO -   参数[311] = -0.00000000
2026-01-07 17:11:57 - INFO -   参数[312] = -0.00000000
2026-01-07 17:11:57 - INFO -   参数[313] = -0.00000000
2026-01-07 17:11:57 - INFO -   参数[314] = -0.00000000
2026-01-07 17:11:57 - INFO -   参数[315] = -0.00000000
2026-01-07 17:11:57 - INFO -   参数[316] = -0.00000000
2026-01-07 17:11:57 - INFO -   参数[317] = -0.00000000
2026-01-07 17:11:57 - INFO -   参数[318] = -0.00000000
2026-01-07 17:11:57 - INFO -   参数[319] = 0.00000000
2026-01-07 17:11:57 - INFO -   参数[320] = 0.00000000
2026-01-07 17:11:57 - INFO -   参数[321] = 0.06845506
2026-01-07 17:11:57 - INFO -   参数[322] = 0.00000000
2026-01-07 17:11:57 - INFO -   参数[323] = 0.00000000
2026-01-07 17:11:57 - INFO -   参数[324] = 0.00000000
2026-01-07 17:11:57 - INFO -   参数[325] = -0.04340304
2026-01-07 17:11:57 - INFO -   参数[326] = 0.00000000
2026-01-07 17:11:57 - INFO -   参数[327] = 0.00000000
2026-01-07 17:11:57 - INFO -   参数[328] = 0.00000000
2026-01-07 17:11:57 - INFO -   参数[329] = 0.00000000
2026-01-07 17:11:57 - INFO -   参数[330] = 0.00000000
2026-01-07 17:11:57 - INFO -   参数[331] = -0.00000000
2026-01-07 17:11:57 - INFO -   参数[332] = 0.00000000
2026-01-07 17:11:57 - INFO -   参数[333] = 0.00000000
2026-01-07 17:11:57 - INFO -   参数[334] = 0.00000000
2026-01-07 17:11:57 - INFO -   参数[335] = -0.00000000
2026-01-07 17:11:57 - INFO -   参数[336] = -0.00000000
2026-01-07 17:11:57 - INFO -   参数[337] = 0.00000000
2026-01-07 17:11:57 - INFO -   参数[338] = 0.00000000
2026-01-07 17:11:57 - INFO -   参数[339] = -0.00000000
2026-01-07 17:11:57 - INFO -   参数[340] = 0.00000000
2026-01-07 17:11:57 - INFO -   参数[341] = 0.00000000
2026-01-07 17:11:57 - INFO -   参数[342] = 0.00000000
2026-01-07 17:11:57 - INFO -   参数[343] = -0.00000000
2026-01-07 17:11:57 - INFO -   参数[344] = -0.00000000
2026-01-07 17:11:57 - INFO -   参数[345] = 0.00000000
2026-01-07 17:11:57 - INFO -   参数[346] = 0.00000000
2026-01-07 17:11:57 - INFO -   参数[347] = 0.00000000
2026-01-07 17:11:57 - INFO -   参数[348] = -0.00000000
2026-01-07 17:11:57 - INFO -   参数[349] = 0.00000000
2026-01-07 17:11:57 - INFO -   参数[350] = 0.00000000
2026-01-07 17:11:57 - INFO -   参数[351] = 0.00000000
2026-01-07 17:11:57 - INFO -   参数[352] = -0.00000000
2026-01-07 17:11:57 - INFO -   参数[353] = 0.00000000
2026-01-07 17:11:57 - INFO -   参数[354] = 0.00000000
2026-01-07 17:11:57 - INFO -   参数[355] = 0.00000000
2026-01-07 17:11:57 - INFO -   参数[356] = 0.00000000
2026-01-07 17:11:57 - INFO -   参数[357] = -0.00000000
2026-01-07 17:11:57 - INFO -   参数[358] = -0.00000000
2026-01-07 17:11:57 - INFO -   参数[359] = 0.00000000
2026-01-07 17:11:57 - INFO -   参数[360] = -0.00000000
2026-01-07 17:11:57 - INFO -   参数[361] = 0.00000000
2026-01-07 17:11:57 - INFO -   参数[362] = -0.00000000
2026-01-07 17:11:57 - INFO -   参数[363] = 0.00000000
2026-01-07 17:11:57 - INFO -   参数[364] = -0.00000000
2026-01-07 17:11:57 - INFO -   参数[365] = -0.00000000
2026-01-07 17:11:57 - INFO -   参数[366] = -0.00000000
2026-01-07 17:11:57 - INFO -   参数[367] = -0.00000000
2026-01-07 17:11:57 - INFO -   参数[368] = -0.00000000
2026-01-07 17:11:57 - INFO -   参数[369] = -0.00000000
2026-01-07 17:11:57 - INFO -   参数[370] = -0.00000000
2026-01-07 17:11:57 - INFO -   参数[371] = 0.00000000
2026-01-07 17:11:57 - INFO -   参数[372] = -0.00000000
2026-01-07 17:11:57 - INFO -   参数[373] = -0.00000000
2026-01-07 17:11:57 - INFO -   参数[374] = -0.00000000
2026-01-07 17:11:57 - INFO -   参数[375] = 0.00000000
2026-01-07 17:11:57 - INFO -   参数[376] = -0.00000000
2026-01-07 17:11:57 - INFO -   参数[377] = 0.00000000
2026-01-07 17:11:57 - INFO -   参数[378] = 0.00000000
2026-01-07 17:11:57 - INFO -   参数[379] = 0.00000000
2026-01-07 17:11:57 - INFO -   参数[380] = 0.09013961
2026-01-07 17:11:57 - INFO -   参数[381] = -0.00000000
2026-01-07 17:11:57 - INFO -   参数[382] = 0.00000000
2026-01-07 17:11:57 - INFO -   参数[383] = -0.00000000
2026-01-07 17:11:57 - INFO -   参数[384] = -0.00260105
2026-01-07 17:11:57 - INFO -   参数[385] = -0.00048141
2026-01-07 17:11:57 - INFO -   参数[386] = -0.00296080
2026-01-07 17:11:57 - INFO -   参数[387] = -0.00385165
2026-01-07 17:11:57 - INFO -   参数[388] = -0.00004183
2026-01-07 17:11:57 - INFO -   参数[389] = -0.00181409
2026-01-07 17:11:57 - INFO -   参数[390] = 0.00383816
2026-01-07 17:11:57 - INFO -   参数[391] = 0.00485308
2026-01-07 17:11:57 - INFO -   参数[392] = -0.00298186
2026-01-07 17:11:57 - INFO -   参数[393] = 0.00380419
2026-01-07 17:11:57 - INFO -   参数[394] = -0.00434377
2026-01-07 17:11:57 - INFO -   参数[395] = -0.00258617
2026-01-07 17:11:57 - INFO -   参数[396] = -0.00304074
2026-01-07 17:11:57 - INFO -   参数[397] = 0.00963754
2026-01-07 17:11:57 - INFO -   参数[398] = -0.00384419
2026-01-07 17:11:57 - INFO -   参数[399] = -0.00033342
2026-01-07 17:11:57 - INFO -   参数[400] = -0.00441659
2026-01-07 17:11:57 - INFO -   参数[401] = -0.00154166
2026-01-07 17:11:57 - INFO -   参数[402] = -0.00316698
2026-01-07 17:11:57 - INFO -   参数[403] = -0.00257094
2026-01-07 17:11:57 - INFO -   参数[404] = 0.00509088
2026-01-07 17:11:57 - INFO -   参数[405] = -0.00448664
2026-01-07 17:11:57 - INFO -   参数[406] = -0.00264743
2026-01-07 17:11:57 - INFO -   参数[407] = -0.00082888
2026-01-07 17:11:57 - INFO -   参数[408] = -0.00383699
2026-01-07 17:11:57 - INFO -   参数[409] = -0.00308293
2026-01-07 17:11:57 - INFO -   参数[410] = -0.00693576
2026-01-07 17:11:57 - INFO -   参数[411] = -0.00386222
2026-01-07 17:11:57 - INFO -   参数[412] = -0.00267769
2026-01-07 17:11:57 - INFO -   参数[413] = -0.00002270
2026-01-07 17:11:57 - INFO -   参数[414] = -0.00266722
2026-01-07 17:11:57 - INFO -   参数[415] = -0.00506587
2026-01-07 17:11:57 - INFO -   参数[416] = -0.00376959
2026-01-07 17:11:57 - INFO -   参数[417] = -0.00275072
2026-01-07 17:11:57 - INFO -   参数[418] = -0.00383892
2026-01-07 17:11:57 - INFO -   参数[419] = -0.00267602
2026-01-07 17:11:57 - INFO -   参数[420] = -0.00528178
2026-01-07 17:11:57 - INFO -   参数[421] = 0.00520860
2026-01-07 17:11:57 - INFO -   参数[422] = -0.00527691
2026-01-07 17:11:57 - INFO -   参数[423] = -0.00396041
2026-01-07 17:11:57 - INFO -   参数[424] = -0.00264484
2026-01-07 17:11:57 - INFO -   参数[425] = -0.00530193
2026-01-07 17:11:57 - INFO -   参数[426] = -0.00457479
2026-01-07 17:11:57 - INFO -   参数[427] = -0.00516984
2026-01-07 17:11:57 - INFO -   参数[428] = -0.00000747
2026-01-07 17:11:57 - INFO -   参数[429] = -0.00243144
2026-01-07 17:11:57 - INFO -   参数[430] = -0.00242662
2026-01-07 17:11:57 - INFO -   参数[431] = -0.00063002
2026-01-07 17:11:57 - INFO -   参数[432] = -0.00012616
2026-01-07 17:11:57 - INFO -   参数[433] = -0.00294416
2026-01-07 17:11:57 - INFO -   参数[434] = -0.00191186
2026-01-07 17:11:57 - INFO -   参数[435] = -0.00388461
2026-01-07 17:11:57 - INFO -   参数[436] = -0.00262885
2026-01-07 17:11:57 - INFO -   参数[437] = -0.01046894
2026-01-07 17:11:57 - INFO -   参数[438] = -0.00284523
2026-01-07 17:11:57 - INFO -   参数[439] = -0.00134161
2026-01-07 17:11:57 - INFO -   参数[440] = -0.00192860
2026-01-07 17:11:57 - INFO -   参数[441] = -0.00486322
2026-01-07 17:11:57 - INFO -   参数[442] = -0.00482546
2026-01-07 17:11:57 - INFO -   参数[443] = -0.00561542
2026-01-07 17:11:57 - INFO -   参数[444] = -0.00238171
2026-01-07 17:11:57 - INFO -   参数[445] = -0.00271132
2026-01-07 17:11:57 - INFO -   参数[446] = -0.00145273
2026-01-07 17:11:57 - INFO -   参数[447] = -0.00383487
2026-01-07 17:11:57 - INFO -   参数[448] = -0.00253477
2026-01-07 17:11:57 - INFO -   参数[449] = -0.01827805
2026-01-07 17:11:57 - INFO -   参数[450] = -0.00294403
2026-01-07 17:11:57 - INFO -   参数[451] = -0.00263742
2026-01-07 17:11:57 - INFO -   参数[452] = -0.00645777
2026-01-07 17:11:57 - INFO -   参数[453] = -0.01114655
2026-01-07 17:11:57 - INFO -   参数[454] = -0.00237104
2026-01-07 17:11:57 - INFO -   参数[455] = 0.00395241
2026-01-07 17:11:57 - INFO -   参数[456] = -0.00327651
2026-01-07 17:11:57 - INFO -   参数[457] = -0.00377503
2026-01-07 17:11:57 - INFO -   参数[458] = -0.00375040
2026-01-07 17:11:57 - INFO -   参数[459] = -0.00264487
2026-01-07 17:11:57 - INFO -   参数[460] = -0.00368177
2026-01-07 17:11:57 - INFO -   参数[461] = -0.00306637
2026-01-07 17:11:57 - INFO -   参数[462] = -0.00231214
2026-01-07 17:11:57 - INFO -   参数[463] = -0.00399014
2026-01-07 17:11:57 - INFO -   参数[464] = -0.00590416
2026-01-07 17:11:57 - INFO -   参数[465] = -0.00368548
2026-01-07 17:11:57 - INFO -   参数[466] = -0.00373144
2026-01-07 17:11:57 - INFO -   参数[467] = -0.00002676
2026-01-07 17:11:57 - INFO -   参数[468] = -0.00820844
2026-01-07 17:11:57 - INFO -   参数[469] = -0.00449703
2026-01-07 17:11:57 - INFO -   参数[470] = -0.00084505
2026-01-07 17:11:57 - INFO -   参数[471] = -0.00411372
2026-01-07 17:11:57 - INFO -   参数[472] = -0.00253353
2026-01-07 17:11:57 - INFO -   参数[473] = -0.00402112
2026-01-07 17:11:57 - INFO -   参数[474] = 0.00616044
2026-01-07 17:11:57 - INFO -   参数[475] = 0.00649794
2026-01-07 17:11:57 - INFO -   参数[476] = -0.00166929
2026-01-07 17:11:57 - INFO -   参数[477] = -0.00000717
2026-01-07 17:11:57 - INFO -   参数[478] = -0.00289513
2026-01-07 17:11:57 - INFO -   参数[479] = -0.00072576
2026-01-07 17:11:57 - INFO -   参数[480] = -0.00016102
2026-01-07 17:11:57 - INFO -   参数[481] = -0.00267840
2026-01-07 17:11:57 - INFO -   参数[482] = -0.00262871
2026-01-07 17:11:57 - INFO -   参数[483] = -0.00166644
2026-01-07 17:11:57 - INFO -   参数[484] = -0.00245867
2026-01-07 17:11:57 - INFO -   参数[485] = -0.00524076
2026-01-07 17:11:57 - INFO -   参数[486] = 0.00520700
2026-01-07 17:11:57 - INFO -   参数[487] = -0.00096721
2026-01-07 17:11:57 - INFO -   参数[488] = -0.00298959
2026-01-07 17:11:57 - INFO -   参数[489] = -0.00281172
2026-01-07 17:11:57 - INFO -   参数[490] = -0.00408363
2026-01-07 17:11:57 - INFO -   参数[491] = -0.00188558
2026-01-07 17:11:57 - INFO -   参数[492] = -0.00525951
2026-01-07 17:11:57 - INFO -   参数[493] = -0.00362469
2026-01-07 17:11:57 - INFO -   参数[494] = -0.00373093
2026-01-07 17:11:57 - INFO -   参数[495] = -0.00517218
2026-01-07 17:11:57 - INFO -   参数[496] = 0.00393618
2026-01-07 17:11:57 - INFO -   参数[497] = -0.00192796
2026-01-07 17:11:57 - INFO -   参数[498] = -0.00380723
2026-01-07 17:11:57 - INFO -   参数[499] = -0.00317343
2026-01-07 17:11:57 - INFO - 
参数统计:
2026-01-07 17:11:57 - INFO -   最小值: -0.21231136
2026-01-07 17:11:57 - INFO -   最大值: 0.14319557
2026-01-07 17:11:57 - INFO -   平均值: -0.00044587
2026-01-07 17:11:57 - INFO -   标准差: 0.01297703
2026-01-07 17:11:57 - INFO - 
============================================================
2026-01-07 17:11:57 - INFO - 步骤7: 在测试集上评估模型性能...
2026-01-07 17:11:57 - INFO - ============================================================
2026-01-07 17:11:57 - INFO - ================================================================================
2026-01-07 17:11:57 - INFO - 模型参数前10个值检查
2026-01-07 17:11:57 - INFO - ================================================================================
2026-01-07 17:11:57 - INFO - 模型总参数数量: 11,094,600
2026-01-07 17:11:57 - INFO - 前10个参数值:
2026-01-07 17:11:57 - INFO -   参数[0] = 0.00000000
2026-01-07 17:11:57 - INFO -   参数[1] = 0.00000000
2026-01-07 17:11:57 - INFO -   参数[2] = -0.00000000
2026-01-07 17:11:57 - INFO -   参数[3] = -0.00000000
2026-01-07 17:11:57 - INFO -   参数[4] = 0.00000000
2026-01-07 17:11:57 - INFO -   参数[5] = -0.00000000
2026-01-07 17:11:57 - INFO -   参数[6] = 0.00000000
2026-01-07 17:11:57 - INFO -   参数[7] = 0.00000000
2026-01-07 17:11:57 - INFO -   参数[8] = -0.00000000
2026-01-07 17:11:57 - INFO -   参数[9] = -0.00000000
2026-01-07 17:11:57 - INFO -   参数[10] = -0.00000000
2026-01-07 17:11:57 - INFO -   参数[11] = 0.00000000
2026-01-07 17:11:57 - INFO -   参数[12] = -0.00000000
2026-01-07 17:11:57 - INFO -   参数[13] = -0.21231136
2026-01-07 17:11:57 - INFO -   参数[14] = -0.00000000
2026-01-07 17:11:57 - INFO -   参数[15] = -0.00000000
2026-01-07 17:11:57 - INFO -   参数[16] = 0.00000000
2026-01-07 17:11:57 - INFO -   参数[17] = -0.00000000
2026-01-07 17:11:57 - INFO -   参数[18] = -0.00000000
2026-01-07 17:11:57 - INFO -   参数[19] = 0.00000000
2026-01-07 17:11:57 - INFO -   参数[20] = -0.00000000
2026-01-07 17:11:57 - INFO -   参数[21] = -0.00000000
2026-01-07 17:11:57 - INFO -   参数[22] = 0.00000000
2026-01-07 17:11:57 - INFO -   参数[23] = 0.00000000
2026-01-07 17:11:57 - INFO -   参数[24] = -0.00000000
2026-01-07 17:11:57 - INFO -   参数[25] = -0.00000000
2026-01-07 17:11:57 - INFO -   参数[26] = -0.00000000
2026-01-07 17:11:57 - INFO -   参数[27] = 0.00000000
2026-01-07 17:11:57 - INFO -   参数[28] = -0.00000000
2026-01-07 17:11:57 - INFO -   参数[29] = -0.00000000
2026-01-07 17:11:57 - INFO -   参数[30] = -0.00000000
2026-01-07 17:11:57 - INFO -   参数[31] = -0.00000000
2026-01-07 17:11:57 - INFO -   参数[32] = 0.00000000
2026-01-07 17:11:57 - INFO -   参数[33] = 0.00000000
2026-01-07 17:11:57 - INFO -   参数[34] = 0.00000000
2026-01-07 17:11:57 - INFO -   参数[35] = 0.00000000
2026-01-07 17:11:57 - INFO -   参数[36] = -0.00000000
2026-01-07 17:11:57 - INFO -   参数[37] = 0.00000000
2026-01-07 17:11:57 - INFO -   参数[38] = 0.00000000
2026-01-07 17:11:57 - INFO -   参数[39] = -0.00000000
2026-01-07 17:11:57 - INFO -   参数[40] = 0.00000000
2026-01-07 17:11:57 - INFO -   参数[41] = -0.00000000
2026-01-07 17:11:57 - INFO -   参数[42] = -0.00000000
2026-01-07 17:11:57 - INFO -   参数[43] = -0.00000000
2026-01-07 17:11:57 - INFO -   参数[44] = 0.00000000
2026-01-07 17:11:57 - INFO -   参数[45] = -0.00000000
2026-01-07 17:11:57 - INFO -   参数[46] = -0.00000000
2026-01-07 17:11:57 - INFO -   参数[47] = 0.00000000
2026-01-07 17:11:57 - INFO -   参数[48] = -0.00000000
2026-01-07 17:11:57 - INFO -   参数[49] = 0.00000000
2026-01-07 17:11:57 - INFO - 
参数统计:
2026-01-07 17:11:57 - INFO -   最小值: -0.21231136
2026-01-07 17:11:57 - INFO -   最大值: 0.00000000
2026-01-07 17:11:57 - INFO -   平均值: -0.00424623
2026-01-07 17:11:57 - INFO -   标准差: 0.02972359
2026-01-07 17:12:28 - INFO - [[-3.97796258e-02  1.39507186e-03  9.43667948e-01 -1.30515277e-01
   9.43667948e-01 -1.30515292e-01 -3.83958891e-02  2.08824873e-04]
 [-3.58694308e-02 -9.72002745e-05  9.49331045e-01 -1.11816585e-01
   9.49331045e-01 -1.11816593e-01 -3.47767510e-02 -1.28295203e-03]
 [ 8.65740538e-01 -1.73257336e-01 -2.03391351e-03  6.84893969e-03
  -2.03391537e-03  6.84893597e-03  9.96729016e-01 -2.25271098e-02]
 [-4.09546383e-02 -1.69655518e-03  9.21198428e-01 -2.36510187e-01
   9.21198368e-01 -2.36510202e-01 -4.44201715e-02  1.23659836e-03]
 [ 8.19821417e-01 -2.29422763e-01 -2.46621668e-04  7.40766758e-03
  -2.46620737e-04  7.40766758e-03  9.99002337e-01 -1.43250488e-02]
 [ 7.29726553e-01 -4.37025398e-01  8.47342052e-03  3.39332819e-02
   8.47341679e-03  3.39332782e-02  9.92925763e-01 -6.39308393e-02]
 [-2.85322983e-02 -1.66918151e-02  9.62692738e-01 -7.63024837e-02
   9.62692738e-01 -7.63024911e-02 -2.90877949e-02 -1.60500072e-02]
 [ 9.97337282e-01 -2.20518522e-02 -1.18208525e-03  6.23360788e-03
  -1.18208898e-03  6.23360416e-03  8.54360223e-01 -1.92141309e-01]
 [ 9.94544387e-01 -5.50527908e-02  6.34915894e-03  2.56214570e-02
   6.34915335e-03  2.56214496e-02  6.99774742e-01 -4.70452011e-01]
 [ 9.95498836e-01 -4.98814732e-02  4.80157835e-03  2.73445230e-02
   4.80159698e-03  2.73445304e-02  7.58766174e-01 -3.94353211e-01]]
2026-01-07 17:12:31 - INFO - ******************************************************
2026-01-07 17:12:32 - INFO - 训练历史图已保存到: plots/training_history.png
2026-01-07 17:12:32 - INFO - ???????????????????????????????????2
2026-01-07 17:12:32 - INFO - ???????????????????????????????????1
2026-01-07 17:12:33 - INFO - ???????????????????????????????????4
2026-01-07 17:12:47 - ERROR - Traceback (most recent call last):

2026-01-07 17:12:47 - ERROR -   File "/home/hhabu/work_src/DL_IOMN_src/example/main.py", line 495, in <module>

2026-01-07 17:12:47 - ERROR - train_neural_network(model_type_name, create_report=True,use_cached_dataset=True, dataset_version='v1')
2026-01-07 17:12:47 - ERROR -   File "/home/hhabu/work_src/DL_IOMN_src/example/main.py", line 297, in train_neural_network

2026-01-07 17:12:47 - ERROR - model_manager.plot_scatter_comparison(predictions, targets, frequencies,
2026-01-07 17:12:47 - ERROR -   File "/home/hhabu/work_src/DL_IOMN_src/example/train.py", line 1106, in plot_scatter_comparison

2026-01-07 17:12:47 - ERROR - plt.savefig(save_path, dpi=300, bbox_inches='tight')
2026-01-07 17:12:47 - ERROR -   File "/home/hhabu/miniconda/envs/myenv/lib/python3.11/site-packages/matplotlib/pyplot.py", line 1251, in savefig

2026-01-07 17:12:47 - ERROR - res = fig.savefig(*args, **kwargs)  # type: ignore[func-returns-value]
2026-01-07 17:12:47 - ERROR - ^
2026-01-07 17:12:47 - ERROR - ^
2026-01-07 17:12:47 - ERROR - ^
2026-01-07 17:12:47 - ERROR - ^
2026-01-07 17:12:47 - ERROR - ^
2026-01-07 17:12:47 - ERROR - ^
2026-01-07 17:12:47 - ERROR - ^
2026-01-07 17:12:47 - ERROR - ^
2026-01-07 17:12:47 - ERROR - ^
2026-01-07 17:12:47 - ERROR - ^
2026-01-07 17:12:47 - ERROR - ^
2026-01-07 17:12:47 - ERROR - ^
2026-01-07 17:12:47 - ERROR - ^
2026-01-07 17:12:47 - ERROR - ^
2026-01-07 17:12:47 - ERROR - ^
2026-01-07 17:12:47 - ERROR - ^
2026-01-07 17:12:47 - ERROR - ^
2026-01-07 17:12:47 - ERROR - ^
2026-01-07 17:12:47 - ERROR - ^
2026-01-07 17:12:47 - ERROR - ^
2026-01-07 17:12:47 - ERROR - ^
2026-01-07 17:12:47 - ERROR - ^
2026-01-07 17:12:47 - ERROR - ^
2026-01-07 17:12:47 - ERROR - ^
2026-01-07 17:12:47 - ERROR - ^
2026-01-07 17:12:47 - ERROR - ^
2026-01-07 17:12:47 - ERROR - ^
2026-01-07 17:12:47 - ERROR - ^
2026-01-07 17:12:47 - ERROR -   File "/home/hhabu/miniconda/envs/myenv/lib/python3.11/site-packages/matplotlib/figure.py", line 3490, in savefig

2026-01-07 17:12:47 - ERROR - self.canvas.print_figure(fname, **kwargs)
2026-01-07 17:12:47 - ERROR -   File "/home/hhabu/miniconda/envs/myenv/lib/python3.11/site-packages/matplotlib/backend_bases.py", line 2186, in print_figure

2026-01-07 17:12:47 - ERROR - result = print_method(
2026-01-07 17:12:47 - ERROR - ^
2026-01-07 17:12:47 - ERROR - ^
2026-01-07 17:12:47 - ERROR - ^
2026-01-07 17:12:47 - ERROR - ^
2026-01-07 17:12:47 - ERROR - ^
2026-01-07 17:12:47 - ERROR - ^
2026-01-07 17:12:47 - ERROR - ^
2026-01-07 17:12:47 - ERROR - ^
2026-01-07 17:12:47 - ERROR - ^
2026-01-07 17:12:47 - ERROR - ^
2026-01-07 17:12:47 - ERROR - ^
2026-01-07 17:12:47 - ERROR - ^
2026-01-07 17:12:47 - ERROR - ^
2026-01-07 17:12:47 - ERROR -   File "/home/hhabu/miniconda/envs/myenv/lib/python3.11/site-packages/matplotlib/backend_bases.py", line 2042, in <lambda>

2026-01-07 17:12:47 - ERROR - print_method = functools.wraps(meth)(lambda *args, **kwargs: meth(
2026-01-07 17:12:47 - ERROR - ^
2026-01-07 17:12:47 - ERROR - ^
2026-01-07 17:12:47 - ERROR - ^
2026-01-07 17:12:47 - ERROR - ^
2026-01-07 17:12:47 - ERROR - ^
2026-01-07 17:12:47 - ERROR -   File "/home/hhabu/miniconda/envs/myenv/lib/python3.11/site-packages/matplotlib/backends/backend_agg.py", line 481, in print_png

2026-01-07 17:12:47 - ERROR - self._print_pil(filename_or_obj, "png", pil_kwargs, metadata)
2026-01-07 17:12:47 - ERROR -   File "/home/hhabu/miniconda/envs/myenv/lib/python3.11/site-packages/matplotlib/backends/backend_agg.py", line 429, in _print_pil

2026-01-07 17:12:47 - ERROR - FigureCanvasAgg.draw(self)
2026-01-07 17:12:47 - ERROR -   File "/home/hhabu/miniconda/envs/myenv/lib/python3.11/site-packages/matplotlib/backends/backend_agg.py", line 382, in draw

2026-01-07 17:12:47 - ERROR - self.figure.draw(self.renderer)
2026-01-07 17:12:47 - ERROR -   File "/home/hhabu/miniconda/envs/myenv/lib/python3.11/site-packages/matplotlib/artist.py", line 94, in draw_wrapper

2026-01-07 17:12:47 - ERROR - result = draw(artist, renderer, *args, **kwargs)
2026-01-07 17:12:47 - ERROR - ^
2026-01-07 17:12:47 - ERROR - ^
2026-01-07 17:12:47 - ERROR - ^
2026-01-07 17:12:47 - ERROR - ^
2026-01-07 17:12:47 - ERROR - ^
2026-01-07 17:12:47 - ERROR - ^
2026-01-07 17:12:47 - ERROR - ^
2026-01-07 17:12:47 - ERROR - ^
2026-01-07 17:12:47 - ERROR - ^
2026-01-07 17:12:47 - ERROR - ^
2026-01-07 17:12:47 - ERROR - ^
2026-01-07 17:12:47 - ERROR - ^
2026-01-07 17:12:47 - ERROR - ^
2026-01-07 17:12:47 - ERROR - ^
2026-01-07 17:12:47 - ERROR - ^
2026-01-07 17:12:47 - ERROR - ^
2026-01-07 17:12:47 - ERROR - ^
2026-01-07 17:12:47 - ERROR - ^
2026-01-07 17:12:47 - ERROR - ^
2026-01-07 17:12:47 - ERROR - ^
2026-01-07 17:12:47 - ERROR - ^
2026-01-07 17:12:47 - ERROR - ^
2026-01-07 17:12:47 - ERROR - ^
2026-01-07 17:12:47 - ERROR - ^
2026-01-07 17:12:47 - ERROR - ^
2026-01-07 17:12:47 - ERROR - ^
2026-01-07 17:12:47 - ERROR - ^
2026-01-07 17:12:47 - ERROR - ^
2026-01-07 17:12:47 - ERROR - ^
2026-01-07 17:12:47 - ERROR - ^
2026-01-07 17:12:47 - ERROR - ^
2026-01-07 17:12:47 - ERROR - ^
2026-01-07 17:12:47 - ERROR - ^
2026-01-07 17:12:47 - ERROR - ^
2026-01-07 17:12:47 - ERROR - ^
2026-01-07 17:12:47 - ERROR - ^
2026-01-07 17:12:47 - ERROR - ^
2026-01-07 17:12:47 - ERROR - ^
2026-01-07 17:12:47 - ERROR - ^
2026-01-07 17:12:47 - ERROR -   File "/home/hhabu/miniconda/envs/myenv/lib/python3.11/site-packages/matplotlib/artist.py", line 71, in draw_wrapper

2026-01-07 17:12:47 - ERROR - return draw(artist, renderer)
2026-01-07 17:12:47 - ERROR - ^
2026-01-07 17:12:47 - ERROR - ^
2026-01-07 17:12:47 - ERROR - ^
2026-01-07 17:12:47 - ERROR - ^
2026-01-07 17:12:47 - ERROR - ^
2026-01-07 17:12:47 - ERROR - ^
2026-01-07 17:12:47 - ERROR - ^
2026-01-07 17:12:47 - ERROR - ^
2026-01-07 17:12:47 - ERROR - ^
2026-01-07 17:12:47 - ERROR - ^
2026-01-07 17:12:47 - ERROR - ^
2026-01-07 17:12:47 - ERROR - ^
2026-01-07 17:12:47 - ERROR - ^
2026-01-07 17:12:47 - ERROR - ^
2026-01-07 17:12:47 - ERROR - ^
2026-01-07 17:12:47 - ERROR - ^
2026-01-07 17:12:47 - ERROR - ^
2026-01-07 17:12:47 - ERROR - ^
2026-01-07 17:12:47 - ERROR - ^
2026-01-07 17:12:47 - ERROR - ^
2026-01-07 17:12:47 - ERROR - ^
2026-01-07 17:12:47 - ERROR - ^
2026-01-07 17:12:47 - ERROR -   File "/home/hhabu/miniconda/envs/myenv/lib/python3.11/site-packages/matplotlib/figure.py", line 3257, in draw

2026-01-07 17:12:47 - ERROR - mimage._draw_list_compositing_images(
2026-01-07 17:12:47 - ERROR -   File "/home/hhabu/miniconda/envs/myenv/lib/python3.11/site-packages/matplotlib/image.py", line 134, in _draw_list_compositing_images

2026-01-07 17:12:47 - ERROR - a.draw(renderer)
2026-01-07 17:12:47 - ERROR -   File "/home/hhabu/miniconda/envs/myenv/lib/python3.11/site-packages/matplotlib/artist.py", line 71, in draw_wrapper

2026-01-07 17:12:47 - ERROR - return draw(artist, renderer)
2026-01-07 17:12:47 - ERROR - ^
2026-01-07 17:12:47 - ERROR - ^
2026-01-07 17:12:47 - ERROR - ^
2026-01-07 17:12:47 - ERROR - ^
2026-01-07 17:12:47 - ERROR - ^
2026-01-07 17:12:47 - ERROR - ^
2026-01-07 17:12:47 - ERROR - ^
2026-01-07 17:12:47 - ERROR - ^
2026-01-07 17:12:47 - ERROR - ^
2026-01-07 17:12:47 - ERROR - ^
2026-01-07 17:12:47 - ERROR - ^
2026-01-07 17:12:47 - ERROR - ^
2026-01-07 17:12:47 - ERROR - ^
2026-01-07 17:12:47 - ERROR - ^
2026-01-07 17:12:47 - ERROR - ^
2026-01-07 17:12:47 - ERROR - ^
2026-01-07 17:12:47 - ERROR - ^
2026-01-07 17:12:47 - ERROR - ^
2026-01-07 17:12:47 - ERROR - ^
2026-01-07 17:12:47 - ERROR - ^
2026-01-07 17:12:47 - ERROR - ^
2026-01-07 17:12:47 - ERROR - ^
2026-01-07 17:12:47 - ERROR -   File "/home/hhabu/miniconda/envs/myenv/lib/python3.11/site-packages/matplotlib/axes/_base.py", line 3226, in draw

2026-01-07 17:12:47 - ERROR - mimage._draw_list_compositing_images(
2026-01-07 17:12:47 - ERROR -   File "/home/hhabu/miniconda/envs/myenv/lib/python3.11/site-packages/matplotlib/image.py", line 134, in _draw_list_compositing_images

2026-01-07 17:12:47 - ERROR - a.draw(renderer)
2026-01-07 17:12:47 - ERROR -   File "/home/hhabu/miniconda/envs/myenv/lib/python3.11/site-packages/matplotlib/artist.py", line 71, in draw_wrapper

2026-01-07 17:12:47 - ERROR - return draw(artist, renderer)
2026-01-07 17:12:47 - ERROR - ^
2026-01-07 17:12:47 - ERROR - ^
2026-01-07 17:12:47 - ERROR - ^
2026-01-07 17:12:47 - ERROR - ^
2026-01-07 17:12:47 - ERROR - ^
2026-01-07 17:12:47 - ERROR - ^
2026-01-07 17:12:47 - ERROR - ^
2026-01-07 17:12:47 - ERROR - ^
2026-01-07 17:12:47 - ERROR - ^
2026-01-07 17:12:47 - ERROR - ^
2026-01-07 17:12:47 - ERROR - ^
2026-01-07 17:12:47 - ERROR - ^
2026-01-07 17:12:47 - ERROR - ^
2026-01-07 17:12:47 - ERROR - ^
2026-01-07 17:12:47 - ERROR - ^
2026-01-07 17:12:47 - ERROR - ^
2026-01-07 17:12:47 - ERROR - ^
2026-01-07 17:12:47 - ERROR - ^
2026-01-07 17:12:47 - ERROR - ^
2026-01-07 17:12:47 - ERROR - ^
2026-01-07 17:12:47 - ERROR - ^
2026-01-07 17:12:47 - ERROR - ^
2026-01-07 17:12:47 - ERROR -   File "/home/hhabu/miniconda/envs/myenv/lib/python3.11/site-packages/matplotlib/collections.py", line 1008, in draw

2026-01-07 17:12:47 - ERROR - super().draw(renderer)
2026-01-07 17:12:47 - ERROR -   File "/home/hhabu/miniconda/envs/myenv/lib/python3.11/site-packages/matplotlib/artist.py", line 71, in draw_wrapper

2026-01-07 17:12:47 - ERROR - return draw(artist, renderer)
2026-01-07 17:12:47 - ERROR - ^
2026-01-07 17:12:47 - ERROR - ^
2026-01-07 17:12:47 - ERROR - ^
2026-01-07 17:12:47 - ERROR - ^
2026-01-07 17:12:47 - ERROR - ^
2026-01-07 17:12:47 - ERROR - ^
2026-01-07 17:12:47 - ERROR - ^
2026-01-07 17:12:47 - ERROR - ^
2026-01-07 17:12:47 - ERROR - ^
2026-01-07 17:12:47 - ERROR - ^
2026-01-07 17:12:47 - ERROR - ^
2026-01-07 17:12:47 - ERROR - ^
2026-01-07 17:12:47 - ERROR - ^
2026-01-07 17:12:47 - ERROR - ^
2026-01-07 17:12:47 - ERROR - ^
2026-01-07 17:12:47 - ERROR - ^
2026-01-07 17:12:47 - ERROR - ^
2026-01-07 17:12:47 - ERROR - ^
2026-01-07 17:12:47 - ERROR - ^
2026-01-07 17:12:47 - ERROR - ^
2026-01-07 17:12:47 - ERROR - ^
2026-01-07 17:12:47 - ERROR - ^
2026-01-07 17:12:47 - ERROR -   File "/home/hhabu/miniconda/envs/myenv/lib/python3.11/site-packages/matplotlib/collections.py", line 430, in draw

2026-01-07 17:12:47 - ERROR - renderer.draw_path_collection(
2026-01-07 17:12:47 - ERROR -   File "/home/hhabu/miniconda/envs/myenv/lib/python3.11/site-packages/matplotlib/path.py", line 211, in vertices

2026-01-07 17:12:47 - ERROR - @property
2026-01-07 17:12:47 - ERROR - KeyboardInterrupt
