2026-03-03 17:15:52 - INFO - 日志文件保存到: logs/training_20260303_171552.log
2026-03-03 17:15:52 - INFO - 选择模型类型 (1: CnnNet, 2: ResidualNet): 
2026-03-03 17:15:54 - INFO - 选择运行模式 (1: 仅训练神经网络, 2: 仅运行遗传算法, 3: 测试S参数曲线: 
2026-03-03 17:15:56 - INFO - 
==================================================
2026-03-03 17:15:56 - INFO - 创建空白模型：
2026-03-03 17:15:56 - INFO - 
==================================================
2026-03-03 17:15:56 - INFO - 
==================================================
2026-03-03 17:15:56 - INFO - 模型加载：
2026-03-03 17:15:56 - INFO - 
==================================================
2026-03-03 17:15:56 - INFO - ModelManager初始化完成，使用设备: cuda
2026-03-03 17:15:56 - INFO - 检查点目录: frequency_checkpoints/best_model.pth
2026-03-03 17:15:56 - INFO - [[0, 0, 0, 0, 0, 0, 0, 0, 0, 0, 0, 0, 0, 0, 0, 0, 0, 0, 0], [0, 0, 0, 0, 0, 0, 0, 0, 0, 0, 0, 0, 0, 0, 0, 0, 0, 0, 0], [0, 0, 0, 0, 0, 0, 0, 0, 0, 0, 0, 0, 0, 0, 0, 0, 0, 0, 0], [0, 0, 0, 0, 0, 0, 0, 0, 0, 0, 0, 0, 0, 0, 0, 0, 0, 0, 0], [0, 0, 0, 0, 0, 0, 0, 0, 0, 0, 0, 0, 0, 0, 0, 0, 0, 0, 0], [0, 0, 0, 0, 0, 0, 0, 0, 0, 0, 0, 0, 0, 0, 0, 0, 0, 0, 0], [0, 0, 0, 0, 0, 0, 0, 0, 0, 0, 0, 0, 0, 0, 0, 0, 0, 0, 0], [0, 0, 0, 0, 0, 0, 0, 0, 0, 0, 0, 0, 0, 0, 0, 0, 0, 0, 0], [0, 0, 0, 0, 0, 0, 0, 0, 0, 0, 0, 0, 0, 0, 0, 0, 0, 0, 0], [0, 0, 0, 0, 0, 0, 0, 0, 0, 0, 0, 0, 0, 0, 0, 0, 0, 0, 0], [0, 0, 0, 0, 0, 0, 0, 0, 0, 0, 0, 0, 0, 0, 0, 0, 0, 0, 0], [0, 0, 0, 0, 0, 0, 0, 0, 0, 0, 0, 0, 0, 0, 0, 0, 0, 0, 0], [0, 0, 0, 0, 0, 0, 0, 0, 0, 0, 0, 0, 0, 0, 0, 0, 0, 0, 0], [0, 0, 0, 0, 0, 0, 0, 0, 0, 0, 0, 0, 0, 0, 0, 0, 0, 0, 0], [0, 0, 0, 0, 0, 0, 0, 0, 0, 0, 0, 0, 0, 0, 0, 0, 0, 0, 0], [0, 0, 0, 0, 0, 0, 0, 0, 0, 0, 0, 0, 0, 0, 0, 0, 0, 0, 0], [0, 0, 0, 0, 0, 0, 0, 0, 0, 0, 0, 0, 0, 0, 0, 0, 0, 0, 0], [0, 0, 0, 0, 0, 0, 0, 0, 0, 0, 0, 0, 0, 0, 0, 0, 0, 0, 0], [0, 0, 0, 0, 0, 0, 0, 0, 0, 0, 0, 0, 0, 0, 0, 0, 0, 0, 0]]
2026-03-03 17:15:56 - INFO - 
================================================================================
2026-03-03 17:15:56 - INFO - 开始完整的S参数模型评估
2026-03-03 17:15:56 - INFO - ================================================================================
2026-03-03 17:15:56 - INFO - 加载真实数据: s_params_varification.txt
2026-03-03 17:15:56 - INFO - 数据加载成功，形状: (301, 10)
2026-03-03 17:15:56 - INFO - 列名: ['ID', 'Freq(Hz)', 'S11_real', 'S11_imag', 'S21_real', 'S21_imag', 'S12_real', 'S12_imag', 'S22_real', 'S22_imag']
2026-03-03 17:15:56 - INFO - 频率范围: 0.00e+00 Hz 到 3.00e+10 Hz
2026-03-03 17:15:56 - INFO - 频率范围: 0.00 GHz 到 30.00 GHz
2026-03-03 17:15:56 - INFO - 数据点数: 301
2026-03-03 17:15:56 - INFO - 开始预测 301 个频率点的S参数...
2026-03-03 17:15:56 - INFO -   预测进度: 1/301
2026-03-03 17:15:56 - INFO -   预测进度: 101/301
2026-03-03 17:15:57 - INFO -   预测进度: 201/301
2026-03-03 17:15:57 - INFO -   预测进度: 301/301
2026-03-03 17:15:57 - INFO - {'S11_real': array([0.99955833, 0.99945849, 0.99938303, 0.99930972, 0.99922776,
       0.99914849, 0.99909675, 0.99903959, 0.99894673, 0.99879712,
       0.99864209, 0.99846154, 0.9983089 , 0.99842596, 0.99852675,
       0.99864167, 0.99875194, 0.99881899, 0.99883568, 0.99881935,
       0.99879366, 0.99875337, 0.99869031, 0.99862492, 0.99855876,
       0.99849707, 0.99844676, 0.99840999, 0.99839997, 0.99835813,
       0.99827719, 0.99817985, 0.99807626, 0.9979552 , 0.99785131,
       0.99774987, 0.99763781, 0.99751198, 0.99737728, 0.99725246,
       0.99713945, 0.99705309, 0.99699217, 0.99692786, 0.99686849,
       0.99681908, 0.99676317, 0.99670392, 0.99666029, 0.99660712,
       0.99655235, 0.99649554, 0.9964323 , 0.99638206, 0.99633014,
       0.99628514, 0.9962455 , 0.99620426, 0.99615628, 0.99608827,
       0.99599499, 0.99588102, 0.9957307 , 0.99559218, 0.99543923,
       0.99536347, 0.99535537, 0.99536359, 0.99540347, 0.99544293,
       0.99547672, 0.99549615, 0.99550086, 0.99549896, 0.99548942,
       0.99548304, 0.99546903, 0.99544418, 0.99540323, 0.99543035,
       0.99549842, 0.99556208, 0.99562103, 0.99566209, 0.99570096,
       0.99574506, 0.99578625, 0.99582589, 0.99581426, 0.99579233,
       0.99577886, 0.99576783, 0.99575841, 0.99574924, 0.99573642,
       0.99571842, 0.99570054, 0.99568331, 0.99567324, 0.99566817,
       0.99566603, 0.99566251, 0.99566483, 0.99566203, 0.99565989,
       0.99565738, 0.99565476, 0.99564177, 0.99562603, 0.99561077,
       0.99559832, 0.99559021, 0.99559081, 0.99559474, 0.9956041 ,
       0.99563408, 0.99564588, 0.99563909, 0.99562901, 0.99561685,
       0.99560225, 0.99559063, 0.995583  , 0.995574  , 0.99556804,
       0.99556679, 0.99558234, 0.99561119, 0.99561536, 0.99557745,
       0.99553859, 0.99549347, 0.99543011, 0.99536747, 0.99530321,
       0.99523979, 0.99517733, 0.99512064, 0.99507314, 0.99502677,
       0.99498129, 0.99493784, 0.9948917 , 0.99484497, 0.99479645,
       0.99475187, 0.99470586, 0.99465859, 0.99461263, 0.99456352,
       0.99449605, 0.99443424, 0.99437642, 0.99432123, 0.99426603,
       0.99423885, 0.99421847, 0.9941746 , 0.99411458, 0.9940542 ,
       0.99399418, 0.99394315, 0.99394172, 0.99396098, 0.99398297,
       0.99401766, 0.9940542 , 0.99409723, 0.99411613, 0.99413383,
       0.99414062, 0.99411589, 0.99409205, 0.99406809, 0.99404496,
       0.99402195, 0.99399817, 0.99397337, 0.99395066, 0.99393028,
       0.99391061, 0.99389303, 0.99387944, 0.99386358, 0.99384773,
       0.99383157, 0.99381554, 0.99380112, 0.99378788, 0.99377513,
       0.9937681 , 0.99376076, 0.99375361, 0.99374658, 0.99374437,
       0.99374425, 0.99374026, 0.99372184, 0.99370122, 0.99367779,
       0.9936527 , 0.99361122, 0.99355847, 0.99353933, 0.99355704,
       0.99358511, 0.99359959, 0.99361032, 0.99361908, 0.9936251 ,
       0.99362409, 0.99361789, 0.99361122, 0.99360335, 0.99359566,
       0.99358636, 0.99357903, 0.99357438, 0.99356955, 0.99356377,
       0.99355936, 0.99355197, 0.99354446, 0.9935559 , 0.99357188,
       0.99357098, 0.99356782, 0.99357074, 0.99356836, 0.99356383,
       0.9935571 , 0.99355215, 0.99355233, 0.99355572, 0.99356002,
       0.9935655 , 0.99359345, 0.99361974, 0.99363494, 0.99361038,
       0.99358356, 0.99355966, 0.99353987, 0.99352217, 0.99350661,
       0.99349511, 0.99348581, 0.99347454, 0.99346256, 0.99345034,
       0.99343866, 0.9934262 , 0.99341345, 0.99340034, 0.99338931,
       0.99338037, 0.99337208, 0.99336296, 0.99335438, 0.99334776,
       0.99334103, 0.99333507, 0.99332899, 0.99332154, 0.99331522,
       0.99330819, 0.99330127, 0.9932937 , 0.99327582, 0.99324399,
       0.99322319, 0.9931888 , 0.99316895, 0.9931522 , 0.99313313,
       0.99312133, 0.99312109, 0.99312174, 0.99314296, 0.99316543,
       0.9931879 , 0.99321127, 0.99323535, 0.99325198, 0.99326444,
       0.99327481, 0.99328411, 0.99328911, 0.99329013, 0.9932906 ,
       0.99328953, 0.99328697, 0.99328721, 0.99328578, 0.99328876,
       0.9933008 , 0.99332774, 0.99335921, 0.99338627, 0.99342465,
       0.99346578]), 'S11_imag': array([-0.00165726, -0.00209991, -0.00200043, -0.00194556, -0.00176474,
       -0.00167074, -0.00182797, -0.00202112, -0.00223482, -0.0024008 ,
       -0.00284227, -0.00334465, -0.00401332, -0.00465892, -0.00498714,
       -0.00517833, -0.00515488, -0.00498334, -0.0050249 , -0.00521802,
       -0.00534485, -0.00550116, -0.00574096, -0.0059804 , -0.00627192,
       -0.00652883, -0.00677799, -0.00700434, -0.00716067, -0.00732674,
       -0.00756616, -0.00789695, -0.00797788, -0.00784014, -0.00744629,
       -0.00728074, -0.00734261, -0.00739014, -0.00729362, -0.00715508,
       -0.0070191 , -0.0071855 , -0.00740419, -0.0076106 , -0.00784558,
       -0.00815836, -0.00845223, -0.00873196, -0.00902233, -0.00933838,
       -0.00961657, -0.0098545 , -0.01009242, -0.01027074, -0.01044192,
       -0.01057953, -0.01069095, -0.01085914, -0.01105551, -0.01127196,
       -0.01142047, -0.01137737, -0.01138717, -0.01120513, -0.01117571,
       -0.01127049, -0.01150272, -0.01166093, -0.01185511, -0.01205015,
       -0.01228083, -0.01249959, -0.0127401 , -0.01297675, -0.01320267,
       -0.01342108, -0.0136347 , -0.01390161, -0.01421599, -0.01451403,
       -0.01488274, -0.01524006, -0.01560401, -0.01595256, -0.01629244,
       -0.0166241 , -0.01693908, -0.01723997, -0.01756512, -0.01782007,
       -0.01794665, -0.01805356, -0.01814963, -0.01824613, -0.01834941,
       -0.01844721, -0.01854276, -0.01861425, -0.01866655, -0.0187344 ,
       -0.01877906, -0.01881146, -0.0188318 , -0.01906004, -0.01926778,
       -0.01947176, -0.0196623 , -0.01977415, -0.01983996, -0.01985234,
       -0.01980209, -0.01983999, -0.01994772, -0.02014162, -0.02033736,
       -0.02050416, -0.02070272, -0.0208595 , -0.02104499, -0.02123277,
       -0.02142396, -0.02160085, -0.02177145, -0.0219157 , -0.02189535,
       -0.02180403, -0.02177172, -0.02187136, -0.02193927, -0.02205398,
       -0.02216404, -0.0222878 , -0.02252196, -0.02275641, -0.02298759,
       -0.02321239, -0.02343407, -0.02364548, -0.02384302, -0.02403358,
       -0.02422104, -0.0244004 , -0.02458856, -0.02478963, -0.02499712,
       -0.02520338, -0.02542533, -0.02567225, -0.02591444, -0.0261359 ,
       -0.0263661 , -0.02659251, -0.02681881, -0.02704889, -0.02728774,
       -0.02747398, -0.02765555, -0.02777682, -0.02787408, -0.02797025,
       -0.02806949, -0.02816441, -0.02826663, -0.02836574, -0.02838827,
       -0.02834766, -0.02830461, -0.02825076, -0.02822082, -0.02818442,
       -0.02818411, -0.02832765, -0.02846451, -0.02859469, -0.02871847,
       -0.02882595, -0.02892862, -0.02903566, -0.02914883, -0.02925901,
       -0.02934935, -0.02944619, -0.02962669, -0.02980132, -0.02997609,
       -0.03015144, -0.03034645, -0.03058049, -0.03080419, -0.03100675,
       -0.03117081, -0.03132381, -0.03148163, -0.03164088, -0.0316975 ,
       -0.03172814, -0.03169912, -0.03141072, -0.03112381, -0.03085824,
       -0.03060277, -0.03030476, -0.02998228, -0.030123  , -0.03055759,
       -0.03094091, -0.03124708, -0.03154205, -0.03185084, -0.03217376,
       -0.03253718, -0.03292812, -0.03328419, -0.03361652, -0.03394427,
       -0.03426789, -0.03458554, -0.03490084, -0.03521308, -0.03553405,
       -0.03576562, -0.03599448, -0.03609505, -0.03616102, -0.03624595,
       -0.03637377, -0.03650421, -0.03664226, -0.03683115, -0.03702316,
       -0.03721606, -0.03741278, -0.03763086, -0.0378329 , -0.03804316,
       -0.03822593, -0.03805961, -0.03788459, -0.03781196, -0.03805732,
       -0.03836894, -0.03866991, -0.03894795, -0.0392132 , -0.03945865,
       -0.03970775, -0.0399537 , -0.04019434, -0.04041999, -0.04063984,
       -0.04085617, -0.04107356, -0.04128458, -0.04149414, -0.04170031,
       -0.04183474, -0.04197283, -0.04211473, -0.04225494, -0.04240758,
       -0.04256335, -0.04273318, -0.04291599, -0.04310598, -0.04327945,
       -0.0434543 , -0.04363171, -0.04381411, -0.04404609, -0.04441705,
       -0.04467672, -0.04505616, -0.04521351, -0.04534072, -0.04547158,
       -0.04558233, -0.04569773, -0.04581721, -0.04588197, -0.04594187,
       -0.04600095, -0.04604286, -0.04608746, -0.04609531, -0.04611391,
       -0.04615589, -0.04621929, -0.04624454, -0.0462994 , -0.04639324,
       -0.04656602, -0.04677888, -0.04690205, -0.04702867, -0.04716042,
       -0.0471839 , -0.04726659, -0.04740107, -0.04756916, -0.04766177,
       -0.04775793]), 'S21_real': array([0.00107275, 0.00094365, 0.00090459, 0.0008962 , 0.00106137,
       0.00117563, 0.00125745, 0.00142494, 0.00161329, 0.0018044 ,
       0.00282226, 0.00385635, 0.00469101, 0.00390516, 0.0032263 ,
       0.00276566, 0.0022813 , 0.00205317, 0.00201025, 0.00192545,
       0.00172486, 0.00159628, 0.00162552, 0.00161962, 0.00162353,
       0.00151706, 0.0013065 , 0.00106502, 0.00077837, 0.00056781,
       0.00092719, 0.00228866, 0.00605381, 0.01103918, 0.01778371,
       0.02496867, 0.03238851, 0.03965716, 0.04456013, 0.04878714,
       0.05235589, 0.05177314, 0.05001646, 0.0484875 , 0.04692698,
       0.04535379, 0.04369104, 0.04149562, 0.03891775, 0.03647265,
       0.03447405, 0.03300573, 0.03199086, 0.03111522, 0.03014847,
       0.02915381, 0.02823178, 0.02738803, 0.02642895, 0.02600574,
       0.0273538 , 0.03137929, 0.03510144, 0.03914466, 0.04225788,
       0.04304778, 0.04050873, 0.03913758, 0.0363182 , 0.0335979 ,
       0.03104693, 0.0289581 , 0.02750305, 0.02608992, 0.02467059,
       0.0232489 , 0.0219975 , 0.02143907, 0.02123422, 0.02066242,
       0.0200001 , 0.01936856, 0.0194103 , 0.01987583, 0.02038517,
       0.0207917 , 0.02099202, 0.02098931, 0.02027399, 0.01962654,
       0.01941732, 0.0192118 , 0.01898315, 0.018768  , 0.01860864,
       0.01843256, 0.01827068, 0.01824091, 0.01827321, 0.01828469,
       0.01820142, 0.01817465, 0.01799856, 0.01799998, 0.01797182,
       0.01794327, 0.01794098, 0.01766047, 0.0170801 , 0.01677333,
       0.01652956, 0.01628629, 0.01565431, 0.01525296, 0.01471835,
       0.01382126, 0.01321498, 0.01283736, 0.01267835, 0.01276784,
       0.01301678, 0.01327963, 0.0136182 , 0.01391841, 0.01461551,
       0.01537532, 0.01586453, 0.0154961 , 0.01604896, 0.0173014 ,
       0.01856663, 0.01969253, 0.02049789, 0.02131136, 0.02219744,
       0.02312478, 0.02399271, 0.02477665, 0.02543416, 0.02602068,
       0.02657508, 0.02710831, 0.02762525, 0.02813322, 0.02878619,
       0.02942215, 0.03007364, 0.03073023, 0.03121841, 0.03163955,
       0.03233561, 0.03298184, 0.0335721 , 0.03409188, 0.03450903,
       0.03482742, 0.03500771, 0.03483043, 0.03437282, 0.03389968,
       0.03342522, 0.0326167 , 0.03219392, 0.03166475, 0.03144374,
       0.03126987, 0.03095674, 0.03055893, 0.03053817, 0.03071154,
       0.03084585, 0.03104353, 0.03126486, 0.03152232, 0.03176903,
       0.03202618, 0.03228641, 0.03253204, 0.03276488, 0.03297045,
       0.0331769 , 0.03349566, 0.03384547, 0.03415878, 0.03446861,
       0.03477661, 0.03509919, 0.03538447, 0.03558715, 0.0357898 ,
       0.03607704, 0.03635732, 0.03662647, 0.03689357, 0.03683963,
       0.03673279, 0.03673057, 0.03703049, 0.0371196 , 0.03703772,
       0.03698178, 0.03722204, 0.03781537, 0.0384209 , 0.03874331,
       0.03895136, 0.03951452, 0.04011578, 0.04072918, 0.0413745 ,
       0.04149298, 0.04098762, 0.04067353, 0.04030761, 0.03991409,
       0.03944622, 0.03908513, 0.03874717, 0.03844071, 0.0379685 ,
       0.03715753, 0.03644447, 0.03545842, 0.033842  , 0.03259996,
       0.03154553, 0.0307599 , 0.03002509, 0.02931647, 0.02855727,
       0.02779144, 0.02701126, 0.02619607, 0.02538933, 0.02451823,
       0.02383069, 0.02433209, 0.0246329 , 0.02475236, 0.02459181,
       0.02435836, 0.02410241, 0.02385379, 0.02381192, 0.02390602,
       0.02392234, 0.02389434, 0.02370376, 0.02351383, 0.02336429,
       0.02325821, 0.02314639, 0.02307113, 0.02300797, 0.02286751,
       0.02265137, 0.02240112, 0.02215003, 0.02186898, 0.02153157,
       0.02121083, 0.02083451, 0.02035303, 0.01979054, 0.01925445,
       0.01871463, 0.01817171, 0.01763656, 0.01755798, 0.01747689,
       0.01754481, 0.01749689, 0.01736934, 0.01711948, 0.01685865,
       0.01672011, 0.01673262, 0.01671772, 0.01663507, 0.01657518,
       0.01652775, 0.01643611, 0.01634205, 0.01634782, 0.01637993,
       0.01641657, 0.0164783 , 0.01661461, 0.01687993, 0.01713498,
       0.01737885, 0.01757328, 0.01762262, 0.0176972 , 0.01768461,
       0.01828703, 0.01800759, 0.01728285, 0.01660028, 0.01601913,
       0.01563002]), 'S21_imag': array([ 5.41545392e-04,  3.62448365e-04,  2.06943601e-04,  1.61170959e-04,
        8.83676112e-05, -8.51713121e-05, -1.57892704e-04, -9.44323838e-05,
       -3.23504210e-05,  2.43443996e-04,  1.05149637e-03,  1.71506242e-03,
        2.21756473e-03,  1.70814083e-03,  1.16219698e-03,  7.77296547e-04,
        4.21371282e-04,  8.53762031e-05, -2.24001706e-05, -1.11926347e-04,
       -2.85100192e-04, -3.95793439e-04, -2.95758247e-04, -2.01154500e-04,
       -1.24841928e-04, -1.50326639e-04, -1.70480460e-04, -1.76485628e-04,
       -2.39767134e-04, -2.85346061e-04, -2.06254423e-04, -1.72518194e-04,
       -3.95260722e-04, -8.00385897e-04, -1.36952766e-03, -1.83894834e-03,
       -2.25846097e-03, -2.65777600e-03, -2.94740195e-03, -3.23753408e-03,
       -3.48486449e-03, -3.49353882e-03, -3.40941711e-03, -3.33808246e-03,
       -3.25661874e-03, -3.17252846e-03, -3.08561837e-03, -2.96540069e-03,
       -2.79837870e-03, -2.62064068e-03, -2.48566875e-03, -2.38954183e-03,
       -2.39027198e-03, -2.41588708e-03, -2.44076061e-03, -2.47255946e-03,
       -2.51216465e-03, -2.43406068e-03, -2.36205501e-03, -2.33336119e-03,
       -2.48612696e-03, -2.91607250e-03, -3.38340015e-03, -3.79505800e-03,
       -4.15241206e-03, -4.30038152e-03, -4.23985021e-03, -4.01698891e-03,
       -3.74204409e-03, -3.46665177e-03, -3.19503644e-03, -2.95819412e-03,
       -2.73330021e-03, -2.52562226e-03, -2.33578449e-03, -2.14591669e-03,
       -1.97517616e-03, -1.73865457e-03, -1.54898188e-03, -1.51304784e-03,
       -1.45213946e-03, -1.41584408e-03, -1.33689784e-03, -1.26458262e-03,
       -1.20348798e-03, -1.13551645e-03, -1.08853681e-03, -1.06744061e-03,
       -1.28817861e-03, -1.50271016e-03, -1.57888851e-03, -1.64637936e-03,
       -1.71763275e-03, -1.79301191e-03, -1.85279711e-03, -1.90657517e-03,
       -1.96159934e-03, -1.93152332e-03, -1.83744519e-03, -1.69632048e-03,
       -1.56121200e-03, -1.43967092e-03, -1.32407539e-03, -1.11364154e-03,
       -9.26177658e-04, -7.42714736e-04, -5.63722046e-04, -5.59799315e-04,
       -6.48975256e-04, -7.99540256e-04, -9.99733456e-04, -1.06073509e-03,
       -1.08563853e-03, -9.23689164e-04, -7.46879610e-04, -5.25638403e-04,
       -4.20454860e-04, -3.23668122e-04, -2.73812562e-04, -2.33400613e-04,
       -2.11466104e-04, -1.86204910e-04, -1.70063227e-04, -1.70376152e-04,
       -1.22204423e-04, -8.72127712e-05, -1.93491578e-05,  1.16415322e-05,
        6.22086227e-05,  3.18661332e-05, -6.35534525e-06, -3.91937792e-05,
       -6.20856881e-05, -8.62590969e-05, -1.72916800e-04, -2.70497054e-04,
       -3.91170353e-04, -4.96972294e-04, -5.75948448e-04, -6.54317322e-04,
       -7.33137014e-04, -8.06420867e-04, -8.90094554e-04, -9.67915810e-04,
       -1.05037133e-03, -1.11703901e-03, -1.18686573e-03, -1.21077092e-03,
       -1.21208967e-03, -1.21159793e-03, -1.21819915e-03, -1.20965333e-03,
       -1.18846016e-03, -1.15514128e-03, -1.10418675e-03, -9.87536856e-04,
       -8.57773935e-04, -8.72026896e-04, -9.71492089e-04, -1.07207848e-03,
       -1.16623880e-03, -1.26033206e-03, -1.31118973e-03, -1.35725655e-03,
       -1.35667541e-03, -1.31938152e-03, -1.27428328e-03, -1.22815312e-03,
       -1.15008606e-03, -1.07329665e-03, -1.00178237e-03, -9.28852416e-04,
       -8.61149048e-04, -7.99666916e-04, -7.41306576e-04, -6.95567462e-04,
       -6.55401382e-04, -6.13741518e-04, -5.63770474e-04, -5.09478094e-04,
       -4.66886879e-04, -4.28430707e-04, -3.84334446e-04, -3.45394015e-04,
       -3.05186957e-04, -2.63400376e-04, -2.27686018e-04, -2.01534480e-04,
       -1.68330967e-04, -1.33499503e-04, -1.76090747e-04, -2.21669674e-04,
       -2.64886767e-04, -3.07548791e-04, -4.20995028e-04, -5.35651983e-04,
       -7.06948224e-04, -1.13754300e-03, -1.55488646e-03, -1.95799512e-03,
       -2.36689043e-03, -2.80815363e-03, -3.29863210e-03, -3.51660373e-03,
       -3.45837069e-03, -3.38216708e-03, -3.34495353e-03, -3.32109723e-03,
       -3.32184974e-03, -3.34478403e-03, -3.34227527e-03, -3.29965097e-03,
       -3.21734697e-03, -3.14594689e-03, -3.07598477e-03, -3.01267230e-03,
       -2.95152399e-03, -2.88033439e-03, -2.81279534e-03, -2.74510542e-03,
       -2.73528206e-03, -2.74134497e-03, -3.05745541e-03, -3.42291570e-03,
       -3.55944573e-03, -3.67716164e-03, -3.75101808e-03, -3.78862256e-03,
       -3.80086177e-03, -3.82539071e-03, -3.84743093e-03, -3.85747617e-03,
       -3.79390689e-03, -3.72760883e-03, -3.64344078e-03, -3.57745541e-03,
       -3.76739982e-03, -4.00457997e-03, -4.16503288e-03, -4.12356760e-03,
       -4.09215828e-03, -4.08428861e-03, -4.07309830e-03, -4.05847095e-03,
       -4.03293082e-03, -3.99307441e-03, -3.95392999e-03, -3.89198679e-03,
       -3.82211618e-03, -3.73611157e-03, -3.63424676e-03, -3.52988602e-03,
       -3.41532542e-03, -3.29393637e-03, -3.17480275e-03, -3.17336107e-03,
       -3.16902669e-03, -3.16375191e-03, -3.15553392e-03, -3.13927699e-03,
       -3.12350970e-03, -3.10356100e-03, -3.07596056e-03, -3.04386206e-03,
       -3.01225879e-03, -2.98033329e-03, -2.94767390e-03, -2.91625503e-03,
       -2.92038266e-03, -2.93316972e-03, -2.91589205e-03, -2.84941099e-03,
       -2.82496214e-03, -2.79828557e-03, -2.77218455e-03, -2.76341708e-03,
       -2.76162522e-03, -2.75712507e-03, -2.75714928e-03, -2.75986316e-03,
       -2.76936824e-03, -2.79163220e-03, -2.81254575e-03, -2.83112563e-03,
       -2.85560614e-03, -2.88018910e-03, -2.90381094e-03, -2.93028820e-03,
       -2.96092848e-03, -2.98083620e-03, -2.97737727e-03, -2.96797487e-03,
       -2.99551012e-03, -3.02584842e-03, -3.04426812e-03, -3.11213103e-03,
       -3.09197186e-03, -3.04036029e-03, -2.99773575e-03, -2.96506356e-03,
       -2.95880320e-03]), 'S12_real': array([0.00107277, 0.00094365, 0.00090459, 0.00089621, 0.00106138,
       0.00117563, 0.00125746, 0.00142495, 0.0016133 , 0.0018044 ,
       0.00282227, 0.00385636, 0.00469102, 0.00390517, 0.0032263 ,
       0.00276567, 0.0022813 , 0.00205318, 0.00201027, 0.00192547,
       0.00172486, 0.00159628, 0.00162553, 0.00161962, 0.00162353,
       0.00151707, 0.0013065 , 0.00106502, 0.00077838, 0.00056781,
       0.00092719, 0.00228867, 0.00605382, 0.01103918, 0.01778371,
       0.02496867, 0.03238852, 0.03965718, 0.04456014, 0.04878716,
       0.0523559 , 0.05177316, 0.05001646, 0.0484875 , 0.04692698,
       0.0453538 , 0.04369105, 0.04149563, 0.03891776, 0.03647266,
       0.03447405, 0.03300574, 0.03199086, 0.03111522, 0.03014848,
       0.02915382, 0.02823178, 0.02738803, 0.02642896, 0.02600574,
       0.02735381, 0.0313793 , 0.03510145, 0.03914467, 0.04225788,
       0.04304779, 0.04050874, 0.03913758, 0.03631819, 0.03359791,
       0.03104693, 0.0289581 , 0.02750305, 0.02608992, 0.02467059,
       0.0232489 , 0.02199751, 0.02143907, 0.02123422, 0.02066242,
       0.02000011, 0.01936857, 0.0194103 , 0.01987583, 0.02038517,
       0.0207917 , 0.02099202, 0.02098931, 0.02027399, 0.01962654,
       0.01941733, 0.0192118 , 0.01898315, 0.018768  , 0.01860865,
       0.01843255, 0.01827069, 0.01824092, 0.01827322, 0.01828469,
       0.01820142, 0.01817467, 0.01799856, 0.01799999, 0.01797182,
       0.01794328, 0.01794098, 0.01766047, 0.0170801 , 0.01677334,
       0.01652956, 0.01628629, 0.01565432, 0.01525296, 0.01471836,
       0.01382125, 0.01321498, 0.01283737, 0.01267834, 0.01276784,
       0.01301678, 0.01327963, 0.0136182 , 0.01391841, 0.01461551,
       0.01537532, 0.01586453, 0.0154961 , 0.01604897, 0.0173014 ,
       0.01856663, 0.01969253, 0.02049789, 0.02131135, 0.02219743,
       0.02312479, 0.02399272, 0.02477665, 0.02543416, 0.02602068,
       0.02657508, 0.02710831, 0.02762526, 0.02813322, 0.02878619,
       0.02942215, 0.03007364, 0.03073023, 0.03121841, 0.03163955,
       0.0323356 , 0.03298184, 0.03357209, 0.03409188, 0.03450903,
       0.03482741, 0.03500771, 0.03483044, 0.03437281, 0.03389969,
       0.03342522, 0.03261671, 0.03219392, 0.03166475, 0.03144374,
       0.03126987, 0.03095675, 0.03055893, 0.03053817, 0.03071154,
       0.03084585, 0.03104353, 0.03126486, 0.03152233, 0.03176903,
       0.03202617, 0.03228641, 0.03253204, 0.03276489, 0.03297046,
       0.0331769 , 0.03349566, 0.03384548, 0.03415879, 0.03446862,
       0.03477661, 0.03509919, 0.03538447, 0.03558716, 0.0357898 ,
       0.03607705, 0.03635731, 0.03662647, 0.03689357, 0.03683964,
       0.03673279, 0.03673057, 0.0370305 , 0.0371196 , 0.03703772,
       0.03698179, 0.03722205, 0.03781537, 0.0384209 , 0.03874332,
       0.03895136, 0.03951451, 0.04011578, 0.04072919, 0.0413745 ,
       0.04149298, 0.04098762, 0.04067354, 0.04030761, 0.0399141 ,
       0.03944622, 0.03908514, 0.03874717, 0.03844071, 0.03796851,
       0.03715754, 0.03644447, 0.03545843, 0.03384201, 0.03259997,
       0.03154554, 0.03075991, 0.03002509, 0.02931648, 0.02855729,
       0.02779145, 0.02701127, 0.02619608, 0.02538934, 0.02451823,
       0.0238307 , 0.0243321 , 0.02463291, 0.02475237, 0.02459183,
       0.02435837, 0.02410241, 0.0238538 , 0.02381193, 0.02390604,
       0.02392235, 0.02389435, 0.02370377, 0.02351384, 0.02336429,
       0.02325821, 0.0231464 , 0.02307114, 0.02300798, 0.02286752,
       0.02265137, 0.02240113, 0.02215004, 0.02186898, 0.02153157,
       0.02121084, 0.02083452, 0.02035303, 0.01979055, 0.01925445,
       0.01871463, 0.01817171, 0.01763656, 0.01755798, 0.01747689,
       0.01754481, 0.0174969 , 0.01736934, 0.01711948, 0.01685866,
       0.01672011, 0.01673262, 0.01671773, 0.01663508, 0.01657519,
       0.01652776, 0.01643612, 0.01634205, 0.01634783, 0.01637994,
       0.01641657, 0.01647831, 0.01661462, 0.01687994, 0.01713499,
       0.01737886, 0.01757329, 0.01762263, 0.01769721, 0.01768462,
       0.01828704, 0.0180076 , 0.01728287, 0.01660029, 0.01601914,
       0.01563004]), 'S12_imag': array([ 5.41545392e-04,  3.62448365e-04,  2.06936151e-04,  1.61174685e-04,
        8.83638859e-05, -8.51750374e-05, -1.57892704e-04, -9.44249332e-05,
       -3.23504210e-05,  2.43443996e-04,  1.05149264e-03,  1.71506242e-03,
        2.21756473e-03,  1.70814083e-03,  1.16220070e-03,  7.77289097e-04,
        4.21371282e-04,  8.53762031e-05, -2.24038959e-05, -1.11922622e-04,
       -2.85096467e-04, -3.95793439e-04, -2.95754522e-04, -2.01158226e-04,
       -1.24834478e-04, -1.50322914e-04, -1.70476735e-04, -1.76489353e-04,
       -2.39770859e-04, -2.85349786e-04, -2.06250697e-04, -1.72518194e-04,
       -3.95260722e-04, -8.00382171e-04, -1.36952393e-03, -1.83895207e-03,
       -2.25845724e-03, -2.65777600e-03, -2.94740382e-03, -3.23753222e-03,
       -3.48486635e-03, -3.49353696e-03, -3.40941339e-03, -3.33808246e-03,
       -3.25661502e-03, -3.17252101e-03, -3.08562210e-03, -2.96540442e-03,
       -2.79837870e-03, -2.62064254e-03, -2.48566875e-03, -2.38954183e-03,
       -2.39026826e-03, -2.41587963e-03, -2.44076061e-03, -2.47255387e-03,
       -2.51216278e-03, -2.43405881e-03, -2.36205501e-03, -2.33335746e-03,
       -2.48612696e-03, -2.91606714e-03, -3.38339829e-03, -3.79505614e-03,
       -4.15241020e-03, -4.30038152e-03, -4.23985021e-03, -4.01698891e-03,
       -3.74204409e-03, -3.46665364e-03, -3.19503457e-03, -2.95819226e-03,
       -2.73329834e-03, -2.52562226e-03, -2.33578449e-03, -2.14592228e-03,
       -1.97517616e-03, -1.73865829e-03, -1.54898001e-03, -1.51304412e-03,
       -1.45213946e-03, -1.41584408e-03, -1.33689784e-03, -1.26458635e-03,
       -1.20349170e-03, -1.13551272e-03, -1.08854054e-03, -1.06743688e-03,
       -1.28817488e-03, -1.50270644e-03, -1.57888478e-03, -1.64637936e-03,
       -1.71763275e-03, -1.79301749e-03, -1.85279339e-03, -1.90657517e-03,
       -1.96159747e-03, -1.93152518e-03, -1.83744705e-03, -1.69632048e-03,
       -1.56121200e-03, -1.43967464e-03, -1.32407912e-03, -1.11364527e-03,
       -9.26173932e-04, -7.42711010e-04, -5.63722046e-04, -5.59799315e-04,
       -6.48975256e-04, -7.99540256e-04, -9.99733456e-04, -1.06073136e-03,
       -1.08563853e-03, -9.23692889e-04, -7.46875885e-04, -5.25642128e-04,
       -4.20447410e-04, -3.23664397e-04, -2.73816288e-04, -2.33404338e-04,
       -2.11462379e-04, -1.86208636e-04, -1.70059502e-04, -1.70376152e-04,
       -1.22204423e-04, -8.72127712e-05, -1.93528831e-05,  1.16489828e-05,
        6.22086227e-05,  3.18735838e-05, -6.35907054e-06, -3.91900539e-05,
       -6.20856881e-05, -8.62590969e-05, -1.72916800e-04, -2.70493329e-04,
       -3.91170353e-04, -4.96972294e-04, -5.75944723e-04, -6.54317322e-04,
       -7.33137014e-04, -8.06420867e-04, -8.90098279e-04, -9.67919535e-04,
       -1.05037133e-03, -1.11703901e-03, -1.18686573e-03, -1.21077092e-03,
       -1.21208222e-03, -1.21159421e-03, -1.21819542e-03, -1.20965706e-03,
       -1.18846388e-03, -1.15513755e-03, -1.10418675e-03, -9.87540581e-04,
       -8.57766485e-04, -8.72026896e-04, -9.71495814e-04, -1.07207848e-03,
       -1.16623507e-03, -1.26032834e-03, -1.31118973e-03, -1.35725655e-03,
       -1.35666796e-03, -1.31938152e-03, -1.27428328e-03, -1.22814940e-03,
       -1.15008606e-03, -1.07329665e-03, -1.00177864e-03, -9.28852416e-04,
       -8.61145323e-04, -7.99663190e-04, -7.41302851e-04, -6.95563736e-04,
       -6.55397656e-04, -6.13741518e-04, -5.63770474e-04, -5.09478094e-04,
       -4.66883153e-04, -4.28430707e-04, -3.84334446e-04, -3.45390290e-04,
       -3.05183232e-04, -2.63400376e-04, -2.27682292e-04, -2.01527029e-04,
       -1.68330967e-04, -1.33495778e-04, -1.76094472e-04, -2.21662223e-04,
       -2.64886767e-04, -3.07548791e-04, -4.20991302e-04, -5.35651983e-04,
       -7.06951949e-04, -1.13753928e-03, -1.55488460e-03, -1.95799698e-03,
       -2.36688857e-03, -2.80815735e-03, -3.29863583e-03, -3.51660000e-03,
       -3.45836882e-03, -3.38216336e-03, -3.34495539e-03, -3.32109910e-03,
       -3.32184415e-03, -3.34478216e-03, -3.34227527e-03, -3.29964911e-03,
       -3.21734510e-03, -3.14594316e-03, -3.07598291e-03, -3.01267044e-03,
       -2.95152212e-03, -2.88033253e-03, -2.81278975e-03, -2.74510542e-03,
       -2.73528020e-03, -2.74133752e-03, -3.05745355e-03, -3.42291757e-03,
       -3.55944387e-03, -3.67716164e-03, -3.75101622e-03, -3.78862256e-03,
       -3.80086550e-03, -3.82538326e-03, -3.84742906e-03, -3.85747431e-03,
       -3.79390502e-03, -3.72760883e-03, -3.64343519e-03, -3.57745169e-03,
       -3.76740168e-03, -4.00458183e-03, -4.16502543e-03, -4.12356202e-03,
       -4.09216201e-03, -4.08428861e-03, -4.07309830e-03, -4.05846536e-03,
       -4.03293082e-03, -3.99306882e-03, -3.95392999e-03, -3.89198679e-03,
       -3.82211618e-03, -3.73611529e-03, -3.63425049e-03, -3.52988415e-03,
       -3.41532356e-03, -3.29393265e-03, -3.17480462e-03, -3.17336293e-03,
       -3.16902483e-03, -3.16375191e-03, -3.15553206e-03, -3.13927885e-03,
       -3.12350970e-03, -3.10355728e-03, -3.07596242e-03, -3.04386392e-03,
       -3.01225693e-03, -2.98033515e-03, -2.94767390e-03, -2.91625317e-03,
       -2.92037893e-03, -2.93316972e-03, -2.91589578e-03, -2.84941099e-03,
       -2.82495841e-03, -2.79828743e-03, -2.77218269e-03, -2.76341708e-03,
       -2.76162336e-03, -2.75712693e-03, -2.75714742e-03, -2.75987061e-03,
       -2.76936265e-03, -2.79164338e-03, -2.81255320e-03, -2.83112749e-03,
       -2.85560242e-03, -2.88019096e-03, -2.90381652e-03, -2.93029565e-03,
       -2.96092662e-03, -2.98083434e-03, -2.97737913e-03, -2.96797301e-03,
       -2.99550826e-03, -3.02583911e-03, -3.04426625e-03, -3.11212917e-03,
       -3.09196999e-03, -3.04036215e-03, -2.99773389e-03, -2.96506356e-03,
       -2.95879948e-03]), 'S22_real': array([0.99920142, 0.99902612, 0.99893117, 0.99891877, 0.9988842 ,
       0.99882752, 0.99873948, 0.99861455, 0.99846345, 0.99825495,
       0.9980303 , 0.99771857, 0.99741215, 0.99767822, 0.99788892,
       0.99811834, 0.99833202, 0.9984476 , 0.99846876, 0.99844438,
       0.99842817, 0.99839151, 0.9983198 , 0.9982481 , 0.99819082,
       0.99813765, 0.99811816, 0.99810296, 0.99808866, 0.99803048,
       0.99793059, 0.99781609, 0.99768865, 0.99754077, 0.99740934,
       0.99726301, 0.99710286, 0.99692678, 0.99674398, 0.9965753 ,
       0.99642938, 0.99632847, 0.99626333, 0.9961971 , 0.99613929,
       0.9960981 , 0.99605078, 0.99599713, 0.99596471, 0.99592328,
       0.99587846, 0.99583066, 0.99577457, 0.9957363 , 0.99569571,
       0.99566031, 0.99562281, 0.99557984, 0.99553043, 0.99545437,
       0.99533004, 0.99515283, 0.99493653, 0.99472702, 0.99450654,
       0.99438655, 0.99434835, 0.99431765, 0.99432153, 0.99431831,
       0.99430603, 0.99427521, 0.99422812, 0.99417192, 0.99410427,
       0.99403673, 0.99396259, 0.99388355, 0.9938032 , 0.99373645,
       0.99376261, 0.99377561, 0.99377084, 0.99373996, 0.99370319,
       0.99367297, 0.99363762, 0.99360895, 0.99351031, 0.99340063,
       0.99331516, 0.99323714, 0.99316567, 0.99309355, 0.99301994,
       0.99294764, 0.99287516, 0.99280047, 0.99273217, 0.99267292,
       0.99262214, 0.99257272, 0.99253744, 0.9924826 , 0.99242681,
       0.99236071, 0.99229163, 0.99219286, 0.99209183, 0.99204028,
       0.99203104, 0.99198067, 0.99195772, 0.99195087, 0.99195343,
       0.99206257, 0.99217159, 0.9922542 , 0.99231303, 0.99234796,
       0.99238455, 0.99241811, 0.99245179, 0.99250096, 0.99252325,
       0.99254429, 0.99259549, 0.99267942, 0.99269563, 0.99261665,
       0.99252909, 0.99243289, 0.99230427, 0.99217618, 0.99204969,
       0.99192405, 0.9918018 , 0.99168992, 0.99159229, 0.99150133,
       0.99141312, 0.99133044, 0.99124908, 0.99116158, 0.9910686 ,
       0.99097073, 0.99086624, 0.99075955, 0.99065667, 0.99055552,
       0.9904418 , 0.99034101, 0.99024969, 0.99015987, 0.99007916,
       0.99006456, 0.99007368, 0.99004585, 0.98999816, 0.98995054,
       0.98989469, 0.9898656 , 0.98986709, 0.98989439, 0.98991615,
       0.98995924, 0.99001735, 0.99009585, 0.99013942, 0.99018401,
       0.99020785, 0.99013489, 0.99006104, 0.98998547, 0.98991418,
       0.98985738, 0.98979956, 0.98974115, 0.98969054, 0.98964405,
       0.98959786, 0.98955309, 0.98951662, 0.98947519, 0.98943466,
       0.98939252, 0.98934728, 0.98930442, 0.98926187, 0.98921996,
       0.98919123, 0.98916459, 0.98913902, 0.98911387, 0.98908216,
       0.98905158, 0.98900098, 0.988873  , 0.98874193, 0.98860794,
       0.98846883, 0.98830622, 0.98813051, 0.98809105, 0.98819017,
       0.98831439, 0.98842061, 0.9885236 , 0.98862356, 0.98871726,
       0.98879826, 0.98885906, 0.98891163, 0.98895317, 0.98899245,
       0.98902273, 0.98905098, 0.98908675, 0.98911989, 0.98915797,
       0.98919761, 0.98922366, 0.98925626, 0.98932129, 0.98937649,
       0.98940778, 0.98943734, 0.98947132, 0.98950124, 0.9895336 ,
       0.98956442, 0.98960233, 0.98965234, 0.9897058 , 0.98976517,
       0.98982126, 0.98985595, 0.98987252, 0.9898752 , 0.98981309,
       0.98974901, 0.9896968 , 0.98965573, 0.98961818, 0.98958349,
       0.98955935, 0.98954159, 0.98952472, 0.98950273, 0.98947352,
       0.98944306, 0.98941112, 0.98937434, 0.98933923, 0.98931742,
       0.98929793, 0.98927969, 0.98926181, 0.9892481 , 0.98924088,
       0.98923314, 0.98922515, 0.98921698, 0.9892087 , 0.98920101,
       0.98919189, 0.98918092, 0.98916721, 0.98913258, 0.98908418,
       0.98905301, 0.98899597, 0.98896217, 0.98893815, 0.98890853,
       0.98888546, 0.98887521, 0.98886478, 0.98889637, 0.98892546,
       0.98894918, 0.98896903, 0.98899066, 0.98900139, 0.9890101 ,
       0.98901731, 0.98902541, 0.98903   , 0.98903954, 0.98905307,
       0.98907501, 0.98909909, 0.98911703, 0.98913193, 0.98915547,
       0.98919594, 0.98929495, 0.98943174, 0.98956859, 0.98972642,
       0.98989475]), 'S22_imag': array([-0.00305517, -0.00317545, -0.00321735, -0.00325961, -0.0030407 ,
       -0.00288895, -0.0032647 , -0.00370315, -0.00402536, -0.00440986,
       -0.00542551, -0.00665526, -0.00730666, -0.00649876, -0.00614103,
       -0.00574398, -0.00523436, -0.00470603, -0.00458077, -0.00454627,
       -0.00440968, -0.00441098, -0.00459761, -0.00480332, -0.00511704,
       -0.00540996, -0.0056423 , -0.005917  , -0.00622497, -0.00657197,
       -0.00701154, -0.00769159, -0.0081372 , -0.00841158, -0.00836456,
       -0.00846927, -0.00882255, -0.00920915, -0.00949796, -0.0096943 ,
       -0.0098006 , -0.01021598, -0.01062037, -0.01101007, -0.01138751,
       -0.01173799, -0.01207364, -0.01240435, -0.01278227, -0.01328464,
       -0.01375045, -0.01414324, -0.01457743, -0.01495408, -0.01534212,
       -0.01567293, -0.01599692, -0.01639515, -0.0168591 , -0.01743955,
       -0.01820388, -0.01906384, -0.01997418, -0.0205793 , -0.02104205,
       -0.02130957, -0.02153349, -0.02194599, -0.02236607, -0.0228138 ,
       -0.02327455, -0.02377937, -0.02436037, -0.02497737, -0.02563282,
       -0.02628789, -0.02695694, -0.02767569, -0.02842396, -0.02905759,
       -0.02943248, -0.02982053, -0.03009871, -0.03037918, -0.03067016,
       -0.03094222, -0.03118832, -0.03138771, -0.03188604, -0.03242107,
       -0.03288581, -0.03338077, -0.03383873, -0.03429123, -0.03473334,
       -0.03516339, -0.03559036, -0.0360757 , -0.03653167, -0.03691274,
       -0.03724164, -0.03753968, -0.03776661, -0.03828092, -0.03879359,
       -0.03935003, -0.03990992, -0.04053659, -0.04115593, -0.04151315,
       -0.04161731, -0.04184683, -0.04207372, -0.04233453, -0.04257728,
       -0.0423398 , -0.04194499, -0.04161557, -0.04139186, -0.04126387,
       -0.0410879 , -0.04092618, -0.04072779, -0.04045421, -0.04036712,
       -0.04034758, -0.04017525, -0.03991878, -0.04004749, -0.04057014,
       -0.04111579, -0.04170724, -0.04252389, -0.04333392, -0.04414226,
       -0.04493713, -0.04571224, -0.0464021 , -0.0469664 , -0.04750579,
       -0.04803167, -0.04852511, -0.0490375 , -0.04957376, -0.05011163,
       -0.05063142, -0.05119902, -0.05178387, -0.05235583, -0.05290822,
       -0.05339621, -0.0538414 , -0.05425145, -0.05464664, -0.05512154,
       -0.05546734, -0.05573871, -0.05608661, -0.05651601, -0.05692863,
       -0.05736778, -0.05775183, -0.05848766, -0.05926394, -0.05958398,
       -0.05962434, -0.05964105, -0.059589  , -0.05948039, -0.0593589 ,
       -0.0593157 , -0.05967119, -0.06002948, -0.06039395, -0.06074931,
       -0.06110706, -0.0614508 , -0.06177821, -0.06209129, -0.06238935,
       -0.06266338, -0.0629475 , -0.06335778, -0.06375863, -0.06414947,
       -0.06455009, -0.06495612, -0.06534296, -0.06570707, -0.0660469 ,
       -0.0662815 , -0.06648739, -0.0666925 , -0.06689642, -0.06705254,
       -0.0671812 , -0.06731977, -0.06748247, -0.06760294, -0.06770429,
       -0.06783763, -0.06795481, -0.06805859, -0.0683712 , -0.06873461,
       -0.0690079 , -0.06923041, -0.06945842, -0.06972584, -0.07004928,
       -0.0705358 , -0.07116307, -0.07161905, -0.07204448, -0.07247671,
       -0.07291346, -0.0733588 , -0.07378099, -0.07420669, -0.07464232,
       -0.07496942, -0.07533494, -0.07555625, -0.07572213, -0.07583389,
       -0.07602385, -0.07618526, -0.07633637, -0.076509  , -0.07667728,
       -0.07684207, -0.07697465, -0.07707487, -0.07714882, -0.07720751,
       -0.0772512 , -0.07717863, -0.07715572, -0.07725443, -0.07778541,
       -0.07841281, -0.07906424, -0.07964058, -0.08018719, -0.08069988,
       -0.08120131, -0.0816795 , -0.08211502, -0.08252869, -0.08295856,
       -0.08339152, -0.0838355 , -0.08429457, -0.08473944, -0.0851315 ,
       -0.08544161, -0.08575531, -0.08606708, -0.08636845, -0.08663502,
       -0.08689865, -0.08718783, -0.087481  , -0.08775941, -0.08800888,
       -0.08826233, -0.08852819, -0.08880875, -0.08921261, -0.0898333 ,
       -0.09059586, -0.09214073, -0.09283029, -0.09336955, -0.09395063,
       -0.09449162, -0.09495392, -0.09543338, -0.09562059, -0.0958185 ,
       -0.096054  , -0.09627613, -0.09649247, -0.0965898 , -0.09672882,
       -0.09691904, -0.09716255, -0.09742429, -0.09777147, -0.09821247,
       -0.09884739, -0.09955128, -0.10002722, -0.10051806, -0.10091403,
       -0.10072605, -0.1004344 , -0.10012224, -0.09988102, -0.09939918,
       -0.09890371])}
2026-03-03 17:15:57 - INFO - 预测完成!
2026-03-03 17:15:57 - INFO - 计算幅度和相位...
2026-03-03 17:15:57 - INFO -   S11: 幅度范围 [0.9940, 0.9996], 相位范围 [-2.8°, -0.1°]
2026-03-03 17:15:57 - INFO -   S21: 幅度范围 [0.0006, 0.0525], 相位范围 [-26.7°, 26.8°]
2026-03-03 17:15:57 - INFO -   S12: 幅度范围 [0.0006, 0.0525], 相位范围 [-26.7°, 26.8°]
2026-03-03 17:15:57 - INFO -   S22: 幅度范围 [0.9905, 0.9992], 相位范围 [-5.8°, -0.2°]
2026-03-03 17:15:57 - INFO - 
计算预测误差...
2026-03-03 17:15:57 - INFO -   S11_real:
2026-03-03 17:15:57 - INFO -     绝对误差 - 均值: 0.000983, 最大: 0.002713
2026-03-03 17:15:57 - INFO -     相对误差 - 均值: 0.10%, 最大: 0.27%
2026-03-03 17:15:57 - INFO -   S11_imag:
2026-03-03 17:15:57 - INFO -     绝对误差 - 均值: 0.011976, 最大: 0.024254
2026-03-03 17:15:57 - INFO -     相对误差 - 均值: 32.94%, 最大: 614.37%
2026-03-03 17:15:57 - INFO -   S21_real:
2026-03-03 17:15:57 - INFO -     绝对误差 - 均值: 0.021750, 最大: 0.053846
2026-03-03 17:15:57 - INFO -     相对误差 - 均值: 2776.08%, 最大: 170121.04%
2026-03-03 17:15:57 - INFO -   S21_imag:
2026-03-03 17:15:57 - INFO -     绝对误差 - 均值: 0.019185, 最大: 0.036702
2026-03-03 17:15:57 - INFO -     相对误差 - 均值: 117.51%, 最大: 850.39%
2026-03-03 17:15:57 - INFO -   S12_real:
2026-03-03 17:15:57 - INFO -     绝对误差 - 均值: 0.021750, 最大: 0.053846
2026-03-03 17:15:57 - INFO -     相对误差 - 均值: 2776.08%, 最大: 170121.16%
2026-03-03 17:15:57 - INFO -   S12_imag:
2026-03-03 17:15:57 - INFO -     绝对误差 - 均值: 0.019185, 最大: 0.036702
2026-03-03 17:15:57 - INFO -     相对误差 - 均值: 117.51%, 最大: 850.39%
2026-03-03 17:15:57 - INFO -   S22_real:
2026-03-03 17:15:57 - INFO -     绝对误差 - 均值: 0.198045, 最大: 0.325570
2026-03-03 17:15:57 - INFO -     相对误差 - 均值: 26.22%, 最大: 49.01%
2026-03-03 17:15:57 - INFO -   S22_imag:
2026-03-03 17:15:57 - INFO -     绝对误差 - 均值: 0.246729, 最大: 0.412233
2026-03-03 17:15:57 - INFO -     相对误差 - 均值: 84.41%, 最大: 96.26%
2026-03-03 17:15:57 - INFO - 
开始绘制S参数对比图，保存到: s_param_evaluation_results
2026-03-03 17:15:58 - INFO - 实部/虚部对比图已保存: s_param_evaluation_results\s_param_real_imag_comparison.png
2026-03-03 17:15:58 - INFO - dB对比图已保存: s_param_evaluation_results\s_param_db_comparison.png
2026-03-03 17:15:58 - INFO - 
绘制误差分析图...
2026-03-03 17:15:59 - INFO - 绝对误差图已保存: s_param_evaluation_results\absolute_error_vs_frequency.png
2026-03-03 17:15:59 - INFO - 相对误差分布图已保存: s_param_evaluation_results\relative_error_distribution.png
2026-03-03 17:15:59 - INFO - 
创建评估总结报告...
2026-03-03 17:15:59 - INFO - 评估报告已保存: s_param_evaluation_results\evaluation_report.txt
2026-03-03 17:15:59 - INFO - ================================================================================
S参数模型预测评估报告
================================================================================

生成时间: 2026-03-03 17:15:59

频率范围: 0.00 GHz 到 30.00 GHz
频率点数: 301

S11 误差统计:
  real绝对误差: 均值=0.000983, 最大=0.002713
  real相对误差: 均值=0.10%, 最大=0.27%
  imag绝对误差: 均值=0.011976, 最大=0.024254
  imag相对误差: 均值=32.83%, 最大=614.37%

S21 误差统计:
  real绝对误差: 均值=0.021750, 最大=0.053846
  real相对误差: 均值=383.40%, 最大=991.67%
  imag绝对误差: 均值=0.019185, 最大=0.036702
  imag相对误差: 均值=117.12%, 最大=850.39%

S12 误差统计:
  real绝对误差: 均值=0.021750, 最大=0.053846
  real相对误差: 均值=383.40%, 最大=991.67%
  imag绝对误差: 均值=0.019185, 最大=0.036702
  imag相对误差: 均值=117.12%, 最大=850.39%

S22 误差统计:
  real绝对误差: 均值=0.198045, 最大=0.325570
  real相对误差: 均值=26.22%, 最大=49.01%
  imag绝对误差: 均值=0.246729, 最大=0.412233
  imag相对误差: 均值=84.13%, 最大=96.26%


S参数dB误差统计:
  S11: RMSE=0.01 dB, MAE=0.01 dB
  S21: RMSE=13.12 dB, MAE=6.57 dB
  S12: RMSE=13.12 dB, MAE=6.57 dB
  S22: RMSE=1.32 dB, MAE=1.26 dB


总体性能评估:
  整体绝对误差: 均值=0.067450, 最大=0.412233
2026-03-03 17:15:59 - INFO - 
================================================================================
2026-03-03 17:15:59 - INFO - 评估完成!
2026-03-03 17:15:59 - INFO - 所有结果已保存到: s_param_evaluation_results
2026-03-03 17:15:59 - INFO - ================================================================================
2026-03-03 17:15:59 - INFO - 
程序运行完成，日志已保存到: logs/training_20260303_171552.log
2026-03-03 17:15:59 - INFO - ============================================================
