2026-03-03 17:50:16 - INFO - 日志文件保存到: logs/training_20260303_175016.log
2026-03-03 17:50:16 - INFO - 选择模型类型 (1: CnnNet, 2: ResidualNet): 
2026-03-03 17:50:17 - INFO - 选择运行模式 (1: 仅训练神经网络, 2: 仅运行遗传算法, 3: 测试S参数曲线: 
2026-03-03 17:50:22 - INFO - 
==================================================
2026-03-03 17:50:22 - INFO - 创建空白模型：
2026-03-03 17:50:22 - INFO - 
==================================================
2026-03-03 17:50:22 - INFO - 
==================================================
2026-03-03 17:50:22 - INFO - 模型加载：
2026-03-03 17:50:22 - INFO - 
==================================================
2026-03-03 17:50:22 - INFO - ModelManager初始化完成，使用设备: cuda
2026-03-03 17:50:22 - INFO - 检查点目录: frequency_checkpoints/best_model.pth
2026-03-03 17:50:22 - INFO - 
============================================================
2026-03-03 17:50:22 - INFO - 启动矩阵结构遗传优化
2026-03-03 17:50:22 - INFO - ============================================================
2026-03-03 17:50:22 - INFO - 输出目录: genetic_results/result_20260303_175022
2026-03-03 17:50:22 - INFO - 多频点优化: 5 个频点，范围 8.00 - 12.00 GHz
2026-03-03 17:50:22 - INFO - 目标反射系数示例: 0.4356+0.4625j ...
2026-03-03 17:50:22 - INFO - 矩阵遗传算法初始化完成
2026-03-03 17:50:22 - INFO - 矩阵形状: (19, 19)
2026-03-03 17:50:22 - INFO - 总像素数: 361
2026-03-03 17:50:22 - INFO - 使用设备: cuda
2026-03-03 17:50:22 - INFO - 
============================================================
2026-03-03 17:50:22 - INFO - 启动遗传算法优化
2026-03-03 17:50:22 - INFO - ============================================================
2026-03-03 17:50:22 - INFO - 目标频率: [8.0e+09 9.0e+09 1.0e+10 1.1e+10 1.2e+10] GHz
2026-03-03 17:50:22 - INFO - 目标参数: {'gamma_opt_list': [(0.4356021142838369+0.4624954638026175j), (0.40541585292679283+0.4723756815565138j), (0.3777874233576882+0.48373534250125844j), (0.35151108317739826+0.49608287888761227j), (0.3258678151005153+0.5089143148514843j)]}
2026-03-03 17:50:22 - INFO - 种群大小: 1024
2026-03-03 17:50:22 - INFO - 进化代数: 100
2026-03-03 17:50:22 - INFO - 变异率: 0.1
2026-03-03 17:50:22 - INFO - 交叉率: 0.8
2026-03-03 17:50:22 - INFO - 精英数量: 5
2026-03-03 17:50:22 - INFO - tournament_size: 128
2026-03-03 17:50:22 - INFO - ============================================================
2026-03-03 17:50:22 - INFO - 创建初始种群 (大小: 4096)...
2026-03-03 17:50:22 - ERROR - 创建种群:   0%|                                                                       | 0/4096 [00:00<?, ?it/s]
2026-03-03 17:50:22 - ERROR - 创建种群:  12%|#######1                                                   | 494/4096 [00:00<00:00, 4926.94it/s]
2026-03-03 17:50:22 - ERROR - 创建种群:  25%|##############2                                           | 1006/4096 [00:00<00:00, 5040.36it/s]
2026-03-03 17:50:22 - ERROR - 创建种群:  37%|#####################4                                    | 1517/4096 [00:00<00:00, 5072.10it/s]
2026-03-03 17:50:22 - ERROR - 创建种群:  50%|############################9                             | 2045/4096 [00:00<00:00, 5151.81it/s]
2026-03-03 17:50:22 - ERROR - 创建种群:  63%|####################################2                     | 2561/4096 [00:00<00:00, 5063.51it/s]
2026-03-03 17:50:22 - ERROR - 创建种群:  75%|###########################################4              | 3068/4096 [00:00<00:00, 5065.69it/s]
2026-03-03 17:50:22 - ERROR - 创建种群:  87%|##################################################6       | 3575/4096 [00:00<00:00, 5057.58it/s]
2026-03-03 17:50:23 - ERROR - 创建种群: 100%|#########################################################8| 4083/4096 [00:00<00:00, 5048.69it/s]
2026-03-03 17:50:23 - ERROR - 创建种群: 100%|##########################################################| 4096/4096 [00:00<00:00, 5057.03it/s]
2026-03-03 17:50:23 - ERROR - 遗传演进:   0%|                                                                        | 0/100 [00:00<?, ?it/s]
2026-03-03 17:51:01 - INFO - 代   0: 平均适应度 = -1.3037, 最佳适应度 = -0.5809
2026-03-03 17:51:01 - ERROR - 遗传演进:   1%|6                                                             | 1/100 [00:38<1:03:59, 38.78s/it]
2026-03-03 17:51:11 - ERROR - 遗传演进:   2%|#2                                                              | 2/100 [00:48<35:26, 21.70s/it]
2026-03-03 17:51:21 - ERROR - 遗传演进:   3%|#9                                                              | 3/100 [00:58<26:13, 16.22s/it]
2026-03-03 17:51:30 - ERROR - 遗传演进:   4%|##5                                                             | 4/100 [01:07<21:49, 13.64s/it]
2026-03-03 17:51:40 - ERROR - 遗传演进:   5%|###2                                                            | 5/100 [01:17<19:20, 12.21s/it]
2026-03-03 17:51:50 - ERROR - 遗传演进:   6%|###8                                                            | 6/100 [01:27<17:47, 11.36s/it]
2026-03-03 17:52:00 - ERROR - 遗传演进:   7%|####4                                                           | 7/100 [01:36<16:45, 10.81s/it]
2026-03-03 17:52:09 - ERROR - 遗传演进:   8%|#####1                                                          | 8/100 [01:46<16:00, 10.45s/it]
2026-03-03 17:52:19 - ERROR - 遗传演进:   9%|#####7                                                          | 9/100 [01:56<15:28, 10.21s/it]
2026-03-03 17:52:29 - ERROR - 遗传演进:  10%|######3                                                        | 10/100 [02:06<15:04, 10.05s/it]
2026-03-03 17:52:38 - INFO - 代  10: 平均适应度 = -168.1846, 最佳适应度 = -0.5483
2026-03-03 17:52:38 - ERROR - 遗传演进:  11%|######9                                                        | 11/100 [02:15<14:47,  9.97s/it]
2026-03-03 17:52:48 - ERROR - 遗传演进:  12%|#######5                                                       | 12/100 [02:25<14:31,  9.90s/it]
2026-03-03 17:52:58 - ERROR - 遗传演进:  13%|########1                                                      | 13/100 [02:35<14:17,  9.86s/it]
2026-03-03 17:53:08 - ERROR - 遗传演进:  14%|########8                                                      | 14/100 [02:45<14:04,  9.82s/it]
2026-03-03 17:53:17 - ERROR - 遗传演进:  15%|#########4                                                     | 15/100 [02:54<13:50,  9.78s/it]
2026-03-03 17:53:27 - ERROR - 遗传演进:  16%|##########                                                     | 16/100 [03:04<13:39,  9.76s/it]
2026-03-03 17:53:37 - ERROR - 遗传演进:  17%|##########7                                                    | 17/100 [03:14<13:28,  9.74s/it]
2026-03-03 17:53:46 - ERROR - 遗传演进:  18%|###########3                                                   | 18/100 [03:23<13:18,  9.73s/it]
2026-03-03 17:53:56 - ERROR - 遗传演进:  19%|###########9                                                   | 19/100 [03:33<13:08,  9.73s/it]
2026-03-03 17:54:06 - ERROR - 遗传演进:  20%|############6                                                  | 20/100 [03:43<12:58,  9.73s/it]
2026-03-03 17:54:16 - INFO - 代  20: 平均适应度 = -170.2132, 最佳适应度 = -0.5483
2026-03-03 17:54:16 - ERROR - 遗传演进:  21%|#############2                                                 | 21/100 [03:52<12:47,  9.71s/it]
2026-03-03 17:54:25 - ERROR - 遗传演进:  22%|#############8                                                 | 22/100 [04:02<12:37,  9.71s/it]
2026-03-03 17:54:35 - ERROR - 遗传演进:  23%|##############4                                                | 23/100 [04:12<12:27,  9.71s/it]
2026-03-03 17:54:45 - ERROR - 遗传演进:  24%|###############1                                               | 24/100 [04:22<12:17,  9.71s/it]
2026-03-03 17:54:54 - ERROR - 遗传演进:  25%|###############7                                               | 25/100 [04:31<12:09,  9.72s/it]
2026-03-03 17:55:04 - ERROR - 遗传演进:  26%|################3                                              | 26/100 [04:41<11:58,  9.71s/it]
2026-03-03 17:55:14 - ERROR - 遗传演进:  27%|#################                                              | 27/100 [04:51<11:49,  9.71s/it]
2026-03-03 17:55:24 - ERROR - 遗传演进:  28%|#################6                                             | 28/100 [05:01<11:46,  9.82s/it]
2026-03-03 17:55:34 - ERROR - 遗传演进:  29%|##################2                                            | 29/100 [05:11<11:35,  9.79s/it]
2026-03-03 17:55:43 - ERROR - 遗传演进:  30%|##################9                                            | 30/100 [05:20<11:23,  9.76s/it]
2026-03-03 17:55:53 - INFO - 代  30: 平均适应度 = -142.8165, 最佳适应度 = -0.5483
2026-03-03 17:55:53 - ERROR - 遗传演进:  31%|###################5                                           | 31/100 [05:30<11:14,  9.77s/it]
2026-03-03 17:56:03 - ERROR - 遗传演进:  32%|####################1                                          | 32/100 [05:40<11:02,  9.75s/it]
2026-03-03 17:56:12 - ERROR - 遗传演进:  33%|####################7                                          | 33/100 [05:49<10:51,  9.73s/it]
2026-03-03 17:56:22 - ERROR - 遗传演进:  34%|#####################4                                         | 34/100 [05:59<10:43,  9.74s/it]
2026-03-03 17:56:32 - ERROR - 遗传演进:  35%|######################                                         | 35/100 [06:09<10:32,  9.74s/it]
2026-03-03 17:56:42 - ERROR - 遗传演进:  36%|######################6                                        | 36/100 [06:19<10:22,  9.73s/it]
2026-03-03 17:56:51 - ERROR - 遗传演进:  37%|#######################3                                       | 37/100 [06:28<10:12,  9.72s/it]
2026-03-03 17:57:01 - ERROR - 遗传演进:  38%|#######################9                                       | 38/100 [06:38<10:02,  9.73s/it]
2026-03-03 17:57:11 - ERROR - 遗传演进:  39%|########################5                                      | 39/100 [06:48<09:52,  9.72s/it]
2026-03-03 17:57:20 - ERROR - 遗传演进:  40%|#########################2                                     | 40/100 [06:57<09:42,  9.70s/it]
2026-03-03 17:57:30 - INFO - 代  40: 平均适应度 = -186.8098, 最佳适应度 = -0.5458
2026-03-03 17:57:30 - ERROR - 遗传演进:  41%|#########################8                                     | 41/100 [07:07<09:32,  9.70s/it]
2026-03-03 17:57:40 - ERROR - 遗传演进:  42%|##########################4                                    | 42/100 [07:17<09:22,  9.70s/it]
2026-03-03 17:57:50 - ERROR - 遗传演进:  43%|###########################                                    | 43/100 [07:26<09:11,  9.68s/it]
2026-03-03 17:57:59 - ERROR - 遗传演进:  44%|###########################7                                   | 44/100 [07:36<09:02,  9.69s/it]
2026-03-03 17:58:09 - ERROR - 遗传演进:  45%|############################3                                  | 45/100 [07:46<08:52,  9.67s/it]
2026-03-03 17:58:18 - ERROR - 遗传演进:  46%|############################9                                  | 46/100 [07:55<08:41,  9.66s/it]
2026-03-03 17:58:28 - ERROR - 遗传演进:  47%|#############################6                                 | 47/100 [08:05<08:33,  9.68s/it]
2026-03-03 17:58:38 - ERROR - 遗传演进:  48%|##############################2                                | 48/100 [08:15<08:24,  9.69s/it]
2026-03-03 17:58:48 - ERROR - 遗传演进:  49%|##############################8                                | 49/100 [08:25<08:14,  9.70s/it]
2026-03-03 17:58:57 - ERROR - 遗传演进:  50%|###############################5                               | 50/100 [08:34<08:04,  9.69s/it]
2026-03-03 17:59:07 - INFO - 代  50: 平均适应度 = -164.3155, 最佳适应度 = -0.5404
2026-03-03 17:59:07 - ERROR - 遗传演进:  51%|################################1                              | 51/100 [08:44<07:55,  9.71s/it]
2026-03-03 17:59:17 - ERROR - 遗传演进:  52%|################################7                              | 52/100 [08:54<07:45,  9.69s/it]
2026-03-03 17:59:26 - ERROR - 遗传演进:  53%|#################################3                             | 53/100 [09:03<07:36,  9.70s/it]
2026-03-03 17:59:36 - ERROR - 遗传演进:  54%|##################################                             | 54/100 [09:13<07:26,  9.71s/it]
2026-03-03 17:59:46 - ERROR - 遗传演进:  55%|##################################6                            | 55/100 [09:23<07:16,  9.71s/it]
2026-03-03 17:59:56 - ERROR - 遗传演进:  56%|###################################2                           | 56/100 [09:33<07:06,  9.70s/it]
2026-03-03 18:00:05 - ERROR - 遗传演进:  57%|###################################9                           | 57/100 [09:42<06:56,  9.68s/it]
2026-03-03 18:00:15 - ERROR - 遗传演进:  58%|####################################5                          | 58/100 [09:52<06:47,  9.69s/it]
2026-03-03 18:00:25 - ERROR - 遗传演进:  59%|#####################################1                         | 59/100 [10:02<06:36,  9.68s/it]
2026-03-03 18:00:34 - ERROR - 遗传演进:  60%|#####################################8                         | 60/100 [10:11<06:27,  9.69s/it]
2026-03-03 18:00:44 - INFO - 代  60: 平均适应度 = -132.9852, 最佳适应度 = -0.5402
2026-03-03 18:00:44 - ERROR - 遗传演进:  61%|######################################4                        | 61/100 [10:21<06:17,  9.69s/it]
2026-03-03 18:00:54 - ERROR - 遗传演进:  62%|#######################################                        | 62/100 [10:31<06:08,  9.70s/it]
2026-03-03 18:01:03 - ERROR - 遗传演进:  63%|#######################################6                       | 63/100 [10:40<05:58,  9.69s/it]
2026-03-03 18:01:13 - ERROR - 遗传演进:  64%|########################################3                      | 64/100 [10:50<05:48,  9.69s/it]
2026-03-03 18:01:23 - ERROR - 遗传演进:  65%|########################################9                      | 65/100 [11:00<05:38,  9.68s/it]
2026-03-03 18:01:32 - ERROR - 遗传演进:  66%|#########################################5                     | 66/100 [11:09<05:29,  9.68s/it]
2026-03-03 18:01:42 - ERROR - 遗传演进:  67%|##########################################2                    | 67/100 [11:19<05:20,  9.70s/it]
2026-03-03 18:01:52 - ERROR - 遗传演进:  68%|##########################################8                    | 68/100 [11:29<05:09,  9.69s/it]
2026-03-03 18:02:01 - ERROR - 遗传演进:  69%|###########################################4                   | 69/100 [11:38<05:00,  9.68s/it]
2026-03-03 18:02:11 - ERROR - 遗传演进:  70%|############################################                   | 70/100 [11:48<04:50,  9.67s/it]
2026-03-03 18:02:21 - INFO - 代  70: 平均适应度 = -86.0248, 最佳适应度 = -0.5341
2026-03-03 18:02:21 - ERROR - 遗传演进:  71%|############################################7                  | 71/100 [11:58<04:40,  9.67s/it]
2026-03-03 18:02:30 - ERROR - 遗传演进:  72%|#############################################3                 | 72/100 [12:07<04:30,  9.66s/it]
2026-03-03 18:02:40 - ERROR - 遗传演进:  73%|#############################################9                 | 73/100 [12:17<04:21,  9.68s/it]
2026-03-03 18:02:50 - ERROR - 遗传演进:  74%|##############################################6                | 74/100 [12:27<04:11,  9.67s/it]
2026-03-03 18:02:59 - ERROR - 遗传演进:  75%|###############################################2               | 75/100 [12:36<04:01,  9.68s/it]
2026-03-03 18:03:09 - ERROR - 遗传演进:  76%|###############################################8               | 76/100 [12:46<03:52,  9.67s/it]
2026-03-03 18:03:19 - ERROR - 遗传演进:  77%|################################################5              | 77/100 [12:56<03:42,  9.66s/it]
2026-03-03 18:03:28 - ERROR - 遗传演进:  78%|#################################################1             | 78/100 [13:05<03:32,  9.65s/it]
2026-03-03 18:03:38 - ERROR - 遗传演进:  79%|#################################################7             | 79/100 [13:15<03:22,  9.65s/it]
2026-03-03 18:03:48 - ERROR - 遗传演进:  80%|##################################################4            | 80/100 [13:25<03:12,  9.65s/it]
2026-03-03 18:03:57 - INFO - 代  80: 平均适应度 = -64.4400, 最佳适应度 = -0.5302
2026-03-03 18:03:57 - ERROR - 遗传演进:  81%|###################################################            | 81/100 [13:34<03:03,  9.66s/it]
2026-03-03 18:04:07 - ERROR - 遗传演进:  82%|###################################################6           | 82/100 [13:44<02:53,  9.65s/it]
2026-03-03 18:04:17 - ERROR - 遗传演进:  83%|####################################################2          | 83/100 [13:54<02:44,  9.67s/it]
2026-03-03 18:04:26 - ERROR - 遗传演进:  84%|####################################################9          | 84/100 [14:03<02:34,  9.68s/it]
2026-03-03 18:04:36 - ERROR - 遗传演进:  85%|#####################################################5         | 85/100 [14:13<02:25,  9.67s/it]
2026-03-03 18:04:46 - ERROR - 遗传演进:  86%|######################################################1        | 86/100 [14:23<02:15,  9.66s/it]
2026-03-03 18:04:55 - ERROR - 遗传演进:  87%|######################################################8        | 87/100 [14:32<02:05,  9.66s/it]
2026-03-03 18:05:05 - ERROR - 遗传演进:  88%|#######################################################4       | 88/100 [14:42<01:56,  9.67s/it]
2026-03-03 18:05:15 - ERROR - 遗传演进:  89%|########################################################       | 89/100 [14:52<01:46,  9.66s/it]
2026-03-03 18:05:24 - ERROR - 遗传演进:  90%|########################################################7      | 90/100 [15:01<01:36,  9.67s/it]
2026-03-03 18:05:34 - INFO - 代  90: 平均适应度 = -47.7262, 最佳适应度 = -0.5272
2026-03-03 18:05:34 - ERROR - 遗传演进:  91%|#########################################################3     | 91/100 [15:11<01:27,  9.68s/it]
2026-03-03 18:05:44 - ERROR - 遗传演进:  92%|#########################################################9     | 92/100 [15:21<01:17,  9.67s/it]
2026-03-03 18:05:53 - ERROR - 遗传演进:  93%|##########################################################5    | 93/100 [15:30<01:07,  9.67s/it]
2026-03-03 18:06:03 - ERROR - 遗传演进:  94%|###########################################################2   | 94/100 [15:40<00:58,  9.68s/it]
2026-03-03 18:06:13 - ERROR - 遗传演进:  95%|###########################################################8   | 95/100 [15:50<00:48,  9.70s/it]
2026-03-03 18:06:22 - ERROR - 遗传演进:  96%|############################################################4  | 96/100 [15:59<00:38,  9.69s/it]
2026-03-03 18:06:32 - ERROR - 遗传演进:  97%|#############################################################1 | 97/100 [16:09<00:29,  9.68s/it]
2026-03-03 18:06:42 - ERROR - 遗传演进:  98%|#############################################################7 | 98/100 [16:19<00:19,  9.68s/it]
2026-03-03 18:06:51 - ERROR - 遗传演进:  99%|##############################################################3| 99/100 [16:28<00:09,  9.67s/it]
2026-03-03 18:07:01 - INFO - 代  99: 平均适应度 = -29.9373, 最佳适应度 = -0.5205
2026-03-03 18:07:01 - ERROR - 遗传演进: 100%|##############################################################| 100/100 [16:38<00:00,  9.66s/it]
2026-03-03 18:07:01 - ERROR - 遗传演进: 100%|##############################################################| 100/100 [16:38<00:00,  9.99s/it]
2026-03-03 18:07:01 - INFO - 
============================================================
2026-03-03 18:07:01 - INFO - 遗传算法优化完成！
2026-03-03 18:07:01 - INFO - ============================================================
2026-03-03 18:07:01 - INFO - 最佳适应度: -0.5205
2026-03-03 18:07:01 - INFO - Using categorical units to plot a list of strings that are all parsable as floats or dates. If these strings should be plotted as numbers, cast to the appropriate data type before plotting.
2026-03-03 18:07:01 - INFO - Using categorical units to plot a list of strings that are all parsable as floats or dates. If these strings should be plotted as numbers, cast to the appropriate data type before plotting.
2026-03-03 18:07:01 - ERROR - D:\Projects\AI4RFIC\example\optimization_algorithm.py:592: UserWarning: Glyph 20195 (\N{CJK UNIFIED IDEOGRAPH-4EE3}) missing from font(s) DejaVu Sans.
  plt.tight_layout()

2026-03-03 18:07:01 - ERROR - D:\Projects\AI4RFIC\example\optimization_algorithm.py:592: UserWarning: Glyph 25968 (\N{CJK UNIFIED IDEOGRAPH-6570}) missing from font(s) DejaVu Sans.
  plt.tight_layout()

2026-03-03 18:07:01 - ERROR - D:\Projects\AI4RFIC\example\optimization_algorithm.py:593: UserWarning: Glyph 20195 (\N{CJK UNIFIED IDEOGRAPH-4EE3}) missing from font(s) DejaVu Sans.
  plt.savefig(os.path.join(output_dir, 'genetic_optimization_results.png'), dpi=300, bbox_inches='tight')

2026-03-03 18:07:01 - ERROR - D:\Projects\AI4RFIC\example\optimization_algorithm.py:593: UserWarning: Glyph 25968 (\N{CJK UNIFIED IDEOGRAPH-6570}) missing from font(s) DejaVu Sans.
  plt.savefig(os.path.join(output_dir, 'genetic_optimization_results.png'), dpi=300, bbox_inches='tight')

2026-03-03 18:07:02 - INFO - 阻抗对比图已保存至 impedance_comparison.png
2026-03-03 18:07:02 - INFO - 优化结果汇总:
2026-03-03 18:07:02 - INFO -   目标频率: 8.00-12.00 GHz
2026-03-03 18:07:02 - INFO -   频点数: 5
2026-03-03 18:07:02 - INFO -   最佳适应度: -0.5205
2026-03-03 18:07:02 - INFO -   平均代价: 0.5205
2026-03-03 18:07:02 - INFO -   矩阵密度: 0.474
2026-03-03 18:07:02 - INFO - 
优化结果已保存:
2026-03-03 18:07:02 - INFO -   - JSON文件: genetic_results/result_20260303_175022\optimization_results_20260303_180702.json
2026-03-03 18:07:02 - INFO -   - 矩阵文件: genetic_results/result_20260303_175022\optimized_matrix_20260303_180702.txt
2026-03-03 18:07:02 - INFO -   - 图像文件: genetic_results/result_20260303_175022\optimized_matrix_20260303_180702.png
2026-03-03 18:07:02 - INFO - 
程序运行完成，日志已保存到: logs/training_20260303_175016.log
2026-03-03 18:07:02 - INFO - ============================================================
