2026-03-03 10:17:46 - INFO - 日志文件保存到: logs/training_20260303_101746.log
2026-03-03 10:17:46 - INFO - 选择模型类型 (1: CnnNet, 2: ResidualNet): 
2026-03-03 10:17:48 - INFO - 选择运行模式 (1: 仅训练神经网络, 2: 仅运行遗传算法, 3: 测试S参数曲线: 
2026-03-03 10:17:49 - INFO - 
==================================================
2026-03-03 10:17:49 - INFO - 创建空白模型：
2026-03-03 10:17:49 - INFO - 
==================================================
2026-03-03 10:17:49 - INFO - 
==================================================
2026-03-03 10:17:49 - INFO - 模型加载：
2026-03-03 10:17:49 - INFO - 
==================================================
2026-03-03 10:17:49 - INFO - ModelManager初始化完成，使用设备: cuda
2026-03-03 10:17:49 - INFO - 检查点目录: frequency_checkpoints/best_model.pth
2026-03-03 10:17:49 - INFO - 
============================================================
2026-03-03 10:17:49 - INFO - 启动矩阵结构遗传优化
2026-03-03 10:17:49 - INFO - ============================================================
2026-03-03 10:17:49 - INFO - 输出目录: genetic_results/result_20260303_101749
2026-03-03 10:17:49 - INFO - 多频点优化: 51 个频点，范围 5.00 - 15.00 GHz
2026-03-03 10:17:49 - INFO - 目标反射系数示例: 0.5667+0.4407j ...
2026-03-03 10:17:49 - INFO - 矩阵遗传算法初始化完成
2026-03-03 10:17:49 - INFO - 矩阵形状: (19, 19)
2026-03-03 10:17:49 - INFO - 总像素数: 361
2026-03-03 10:17:49 - INFO - 使用设备: cuda
2026-03-03 10:17:49 - INFO - 
============================================================
2026-03-03 10:17:49 - INFO - 启动遗传算法优化
2026-03-03 10:17:49 - INFO - ============================================================
2026-03-03 10:17:49 - INFO - 目标频率: [5.00e+09 5.20e+09 5.40e+09 5.60e+09 5.80e+09 6.00e+09 6.20e+09 6.40e+09
 6.60e+09 6.80e+09 7.00e+09 7.20e+09 7.40e+09 7.60e+09 7.80e+09 8.00e+09
 8.20e+09 8.40e+09 8.60e+09 8.80e+09 9.00e+09 9.20e+09 9.40e+09 9.60e+09
 9.80e+09 1.00e+10 1.02e+10 1.04e+10 1.06e+10 1.08e+10 1.10e+10 1.12e+10
 1.14e+10 1.16e+10 1.18e+10 1.20e+10 1.22e+10 1.24e+10 1.26e+10 1.28e+10
 1.30e+10 1.32e+10 1.34e+10 1.36e+10 1.38e+10 1.40e+10 1.42e+10 1.44e+10
 1.46e+10 1.48e+10 1.50e+10] GHz
2026-03-03 10:17:49 - INFO - 目标参数: {'gamma_opt_list': [(0.5666556295711871+0.4406851298322658j), (0.5546040959165252+0.4423143136898379j), (0.5430832788226676+0.4439850849355419j), (0.5324261182243096+0.4451638781632915j), (0.5222031843130704+0.44647124389334764j), (0.5124964669912685+0.4477459711527314j), (0.5032629651722185+0.4490145442904314j), (0.4944621772070425+0.45029830602012916j), (0.4860561664183414+0.4516142118336575j), (0.47800956119190197+0.45297548801054877j), (0.47004943337713845+0.4547391419617379j), (0.4626267818599793+0.4562148634336593j), (0.4557097235945105+0.45741932555773296j), (0.44879604481578905+0.4590381912651569j), (0.44186505679656235+0.4610626665700562j), (0.4356021142838369+0.4624954638026175j), (0.4292800738713073+0.46433369128116775j), (0.42288278720938594+0.46656643548039983j), (0.4170943731517563+0.46822205387965643j), (0.41119881387433393+0.4702672497833424j), (0.40541585292679283+0.4723756815565138j), (0.3995008864882021+0.47485550815545j), (0.393906685451116+0.47707683539827633j), (0.3886222017779589+0.47904388840551737j), (0.38317469097872864+0.4813677639607559j), (0.3777874233576882+0.48373534250125844j), (0.372452716081273+0.4861424335227709j), (0.3671636442823566+0.48858485208197805j), (0.36191397852563933+0.4910584477216083j), (0.35646648883641574+0.4938498081677882j), (0.35151108317739826+0.49608287888761227j), (0.3463483753978907+0.498625778230713j), (0.34120602342341444+0.5011840102815059j), (0.3360804963166459+0.5037538743547262j), (0.33096867456138224+0.5063317924691886j), (0.3258678151005153+0.5089143148514843j), (0.32077551919810604+0.5114981238160115j), (0.31568970288744397+0.5140800362694421j), (0.3106085698071408+0.5166570050738015j), (0.3055305862162004+0.519226119441981j), (0.3004544580170129+0.5217846045351245j), (0.29537910961314884+0.524329820390269j), (0.2903036644587391+0.5268592603039314j), (0.28522742715059757+0.5293705487601561j), (0.2801498669416791+0.5318614389937935j), (0.2746010564514716+0.5348312019299799j), (0.26998938820838136+0.5367736648609969j), (0.2644359174962501+0.5396826843199848j), (0.2598207275536794+0.5415804295232343j), (0.25473335605563796+0.5439399304458977j), (0.24964416315782836+0.5462680895744499j)]}
2026-03-03 10:17:49 - INFO - 种群大小: 1024
2026-03-03 10:17:49 - INFO - 进化代数: 100
2026-03-03 10:17:49 - INFO - 变异率: 0.1
2026-03-03 10:17:49 - INFO - 交叉率: 0.8
2026-03-03 10:17:49 - INFO - 精英数量: 5
2026-03-03 10:17:49 - INFO - tournament_size: 256
2026-03-03 10:17:49 - INFO - ============================================================
2026-03-03 10:17:49 - INFO - 创建初始种群 (大小: 4096)...
2026-03-03 10:17:49 - ERROR - 创建种群:   0%|                                                     | 0/4096 [00:00<?, ?it/s]
2026-03-03 10:17:49 - ERROR - 创建种群: 100%|######################################| 4096/4096 [00:00<00:00, 256133.06it/s]
2026-03-03 10:17:49 - ERROR - 遗传演进:   0%|                                                      | 0/100 [00:00<?, ?it/s]
2026-03-03 10:23:09 - INFO - 代   0: 平均适应度 = -0.7620, 最佳适应度 = -0.5174
2026-03-03 10:23:09 - ERROR - 遗传演进:   1%|4                                          | 1/100 [05:20<8:48:27, 320.28s/it]
2026-03-03 10:24:30 - ERROR - 遗传演进:   2%|8                                          | 2/100 [06:41<4:53:18, 179.57s/it]
2026-03-03 10:25:51 - ERROR - 遗传演进:   3%|#2                                         | 3/100 [08:02<3:37:30, 134.54s/it]
2026-03-03 10:27:11 - ERROR - 遗传演进:   4%|#7                                         | 4/100 [09:22<3:00:58, 113.11s/it]
2026-03-03 10:28:40 - ERROR - 遗传演进:   5%|##1                                        | 5/100 [10:51<2:45:23, 104.46s/it]
2026-03-03 10:30:15 - ERROR - 遗传演进:   6%|##5                                        | 6/100 [12:26<2:38:25, 101.12s/it]
2026-03-03 10:31:50 - ERROR - 遗传演进:   7%|###                                         | 7/100 [14:00<2:33:23, 98.96s/it]
2026-03-03 10:33:24 - ERROR - 遗传演进:   8%|###5                                        | 8/100 [15:35<2:29:34, 97.55s/it]
2026-03-03 10:34:58 - ERROR - 遗传演进:   9%|###9                                        | 9/100 [17:09<2:26:19, 96.47s/it]
2026-03-03 10:36:34 - ERROR - 遗传演进:  10%|####3                                      | 10/100 [18:45<2:24:21, 96.23s/it]
2026-03-03 10:38:09 - INFO - 代  10: 平均适应度 = -0.7437, 最佳适应度 = -0.4990
2026-03-03 10:38:09 - ERROR - 遗传演进:  11%|####7                                      | 11/100 [20:19<2:22:02, 95.76s/it]
2026-03-03 10:39:42 - ERROR - 遗传演进:  12%|#####1                                     | 12/100 [21:53<2:19:32, 95.14s/it]
2026-03-03 10:41:15 - ERROR - 遗传演进:  13%|#####5                                     | 13/100 [23:26<2:16:48, 94.35s/it]
2026-03-03 10:42:49 - ERROR - 遗传演进:  14%|######                                     | 14/100 [25:00<2:15:17, 94.39s/it]
2026-03-03 10:44:24 - ERROR - 遗传演进:  15%|######4                                    | 15/100 [26:34<2:13:40, 94.36s/it]
2026-03-03 10:45:59 - ERROR - 遗传演进:  16%|######8                                    | 16/100 [28:09<2:12:21, 94.54s/it]
2026-03-03 10:47:32 - ERROR - 遗传演进:  17%|#######3                                   | 17/100 [29:43<2:10:24, 94.28s/it]
2026-03-03 10:49:07 - ERROR - 遗传演进:  18%|#######7                                   | 18/100 [31:18<2:09:06, 94.47s/it]
2026-03-03 10:50:42 - ERROR - 遗传演进:  19%|########1                                  | 19/100 [32:53<2:07:46, 94.65s/it]
2026-03-03 10:52:18 - ERROR - 遗传演进:  20%|########6                                  | 20/100 [34:29<2:06:39, 94.99s/it]
2026-03-03 10:54:01 - INFO - 代  20: 平均适应度 = -0.7439, 最佳适应度 = -0.4928
2026-03-03 10:54:01 - ERROR - 遗传演进:  21%|#########                                  | 21/100 [36:11<2:08:06, 97.29s/it]
2026-03-03 10:55:41 - ERROR - 遗传演进:  22%|#########4                                 | 22/100 [37:52<2:07:47, 98.30s/it]
2026-03-03 10:57:21 - ERROR - 遗传演进:  23%|#########8                                 | 23/100 [39:32<2:06:36, 98.66s/it]
2026-03-03 10:59:01 - ERROR - 遗传演进:  24%|##########3                                | 24/100 [41:12<2:05:29, 99.08s/it]
2026-03-03 11:00:31 - ERROR - 遗传演进:  25%|##########7                                | 25/100 [42:42<2:00:26, 96.36s/it]
2026-03-03 11:02:10 - ERROR - 遗传演进:  26%|###########1                               | 26/100 [44:20<1:59:42, 97.07s/it]
2026-03-03 11:03:41 - ERROR - 遗传演进:  27%|###########6                               | 27/100 [45:51<1:55:51, 95.23s/it]
2026-03-03 11:05:15 - ERROR - 遗传演进:  28%|############                               | 28/100 [47:26<1:54:07, 95.10s/it]
2026-03-03 11:06:54 - ERROR - 遗传演进:  29%|############4                              | 29/100 [49:05<1:53:47, 96.17s/it]
2026-03-03 11:08:28 - ERROR - 遗传演进:  30%|############9                              | 30/100 [50:39<1:51:33, 95.62s/it]
2026-03-03 11:10:08 - INFO - 代  30: 平均适应度 = -0.7529, 最佳适应度 = -0.4928
2026-03-03 11:10:08 - ERROR - 遗传演进:  31%|#############3                             | 31/100 [52:19<1:51:17, 96.77s/it]
2026-03-03 11:11:42 - ERROR - 遗传演进:  32%|#############7                             | 32/100 [53:53<1:48:47, 95.99s/it]
2026-03-03 11:13:06 - ERROR - 遗传演进:  33%|##############1                            | 33/100 [55:16<1:42:59, 92.23s/it]
2026-03-03 11:14:45 - ERROR - 遗传演进:  34%|##############6                            | 34/100 [56:56<1:43:49, 94.39s/it]
2026-03-03 11:16:24 - ERROR - 遗传演进:  35%|###############                            | 35/100 [58:35<1:43:52, 95.88s/it]
2026-03-03 11:18:04 - ERROR - 遗传演进:  36%|##############7                          | 36/100 [1:00:14<1:43:21, 96.89s/it]
2026-03-03 11:19:42 - ERROR - 遗传演进:  37%|###############1                         | 37/100 [1:01:53<1:42:15, 97.38s/it]
2026-03-03 11:21:22 - ERROR - 遗传演进:  38%|###############5                         | 38/100 [1:03:32<1:41:21, 98.08s/it]
2026-03-03 11:23:01 - ERROR - 遗传演进:  39%|###############9                         | 39/100 [1:05:12<1:40:11, 98.55s/it]
2026-03-03 11:24:40 - ERROR - 遗传演进:  40%|################4                        | 40/100 [1:06:51<1:38:36, 98.61s/it]
2026-03-03 11:26:19 - INFO - 代  40: 平均适应度 = -0.7470, 最佳适应度 = -0.4928
2026-03-03 11:26:19 - ERROR - 遗传演进:  41%|################8                        | 41/100 [1:08:30<1:37:08, 98.80s/it]
2026-03-03 11:27:58 - ERROR - 遗传演进:  42%|#################2                       | 42/100 [1:10:09<1:35:33, 98.85s/it]
2026-03-03 11:29:37 - ERROR - 遗传演进:  43%|#################6                       | 43/100 [1:11:47<1:33:43, 98.66s/it]
2026-03-03 11:31:16 - ERROR - 遗传演进:  44%|##################                       | 44/100 [1:13:27<1:32:21, 98.95s/it]
2026-03-03 11:32:57 - ERROR - 遗传演进:  45%|##################4                      | 45/100 [1:15:07<1:31:07, 99.40s/it]
2026-03-03 11:34:33 - ERROR - 遗传演进:  46%|##################8                      | 46/100 [1:16:44<1:28:43, 98.58s/it]
2026-03-03 11:36:12 - ERROR - 遗传演进:  47%|###################2                     | 47/100 [1:18:23<1:27:03, 98.56s/it]
2026-03-03 11:37:51 - ERROR - 遗传演进:  48%|###################6                     | 48/100 [1:20:01<1:25:27, 98.61s/it]
2026-03-03 11:39:30 - ERROR - 遗传演进:  49%|####################                     | 49/100 [1:21:41<1:24:05, 98.94s/it]
2026-03-03 11:41:07 - ERROR - 遗传演进:  50%|####################5                    | 50/100 [1:23:18<1:21:55, 98.31s/it]
2026-03-03 11:42:45 - INFO - 代  50: 平均适应度 = -0.7356, 最佳适应度 = -0.4911
2026-03-03 11:42:45 - ERROR - 遗传演进:  51%|####################9                    | 51/100 [1:24:55<1:20:05, 98.06s/it]
2026-03-03 11:44:20 - ERROR - 遗传演进:  52%|#####################3                   | 52/100 [1:26:31<1:17:50, 97.30s/it]
2026-03-03 11:45:57 - ERROR - 遗传演进:  53%|#####################7                   | 53/100 [1:28:08<1:16:13, 97.30s/it]
2026-03-03 11:47:35 - ERROR - 遗传演进:  54%|######################1                  | 54/100 [1:29:46<1:14:41, 97.42s/it]
2026-03-03 11:49:12 - ERROR - 遗传演进:  55%|######################5                  | 55/100 [1:31:23<1:12:57, 97.29s/it]
2026-03-03 11:50:51 - ERROR - 遗传演进:  56%|######################9                  | 56/100 [1:33:01<1:11:35, 97.63s/it]
2026-03-03 11:52:28 - ERROR - 遗传演进:  57%|#######################3                 | 57/100 [1:34:39<1:09:53, 97.51s/it]
2026-03-03 11:54:02 - ERROR - 遗传演进:  58%|#######################7                 | 58/100 [1:36:13<1:07:39, 96.66s/it]
2026-03-03 11:55:38 - ERROR - 遗传演进:  59%|########################1                | 59/100 [1:37:49<1:05:51, 96.37s/it]
2026-03-03 11:57:13 - ERROR - 遗传演进:  60%|########################5                | 60/100 [1:39:24<1:04:02, 96.06s/it]
2026-03-03 11:58:48 - INFO - 代  60: 平均适应度 = -0.7443, 最佳适应度 = -0.4911
2026-03-03 11:58:48 - ERROR - 遗传演进:  61%|#########################                | 61/100 [1:40:59<1:02:11, 95.68s/it]
2026-03-03 12:00:23 - ERROR - 遗传演进:  62%|#########################4               | 62/100 [1:42:34<1:00:26, 95.43s/it]
2026-03-03 12:01:57 - ERROR - 遗传演进:  63%|###########################                | 63/100 [1:44:08<58:36, 95.04s/it]
2026-03-03 12:03:32 - ERROR - 遗传演进:  64%|###########################5               | 64/100 [1:45:43<56:58, 94.97s/it]
2026-03-03 12:05:07 - ERROR - 遗传演进:  65%|###########################9               | 65/100 [1:47:18<55:24, 94.99s/it]
2026-03-03 12:06:42 - ERROR - 遗传演进:  66%|############################3              | 66/100 [1:48:52<53:46, 94.90s/it]
2026-03-03 12:08:06 - ERROR - 遗传演进:  67%|############################8              | 67/100 [1:50:16<50:21, 91.56s/it]
2026-03-03 12:09:25 - ERROR - 遗传演进:  68%|#############################2             | 68/100 [1:51:36<46:57, 88.04s/it]
2026-03-03 12:10:47 - ERROR - 遗传演进:  69%|#############################6             | 69/100 [1:52:58<44:29, 86.11s/it]
2026-03-03 12:12:08 - ERROR - 遗传演进:  70%|##############################1            | 70/100 [1:54:19<42:16, 84.56s/it]
2026-03-03 12:13:26 - INFO - 代  70: 平均适应度 = -0.7338, 最佳适应度 = -0.4911
2026-03-03 12:13:26 - ERROR - 遗传演进:  71%|##############################5            | 71/100 [1:55:37<39:58, 82.71s/it]
2026-03-03 12:14:45 - ERROR - 遗传演进:  72%|##############################9            | 72/100 [1:56:55<37:59, 81.40s/it]
2026-03-03 12:16:06 - ERROR - 遗传演进:  73%|###############################3           | 73/100 [1:58:17<36:40, 81.49s/it]
2026-03-03 12:17:28 - ERROR - 遗传演进:  74%|###############################8           | 74/100 [1:59:38<35:17, 81.43s/it]
2026-03-03 12:18:47 - ERROR - 遗传演进:  75%|################################2          | 75/100 [2:00:57<33:37, 80.69s/it]
2026-03-03 12:20:05 - ERROR - 遗传演进:  76%|################################6          | 76/100 [2:02:16<32:03, 80.14s/it]
2026-03-03 12:21:24 - ERROR - 遗传演进:  77%|#################################1         | 77/100 [2:03:35<30:33, 79.71s/it]
2026-03-03 12:22:43 - ERROR - 遗传演进:  78%|#################################5         | 78/100 [2:04:54<29:08, 79.49s/it]
2026-03-03 12:24:02 - ERROR - 遗传演进:  79%|#################################9         | 79/100 [2:06:13<27:47, 79.39s/it]
2026-03-03 12:25:22 - ERROR - 遗传演进:  80%|##################################4        | 80/100 [2:07:32<26:26, 79.34s/it]
2026-03-03 12:26:41 - INFO - 代  80: 平均适应度 = -0.7338, 最佳适应度 = -0.4906
2026-03-03 12:26:41 - ERROR - 遗传演进:  81%|##################################8        | 81/100 [2:08:51<25:06, 79.30s/it]
2026-03-03 12:28:00 - ERROR - 遗传演进:  82%|###################################2       | 82/100 [2:10:10<23:45, 79.19s/it]
2026-03-03 12:29:19 - ERROR - 遗传演进:  83%|###################################6       | 83/100 [2:11:29<22:24, 79.11s/it]
2026-03-03 12:30:38 - ERROR - 遗传演进:  84%|####################################1      | 84/100 [2:12:48<21:05, 79.08s/it]
2026-03-03 12:31:57 - ERROR - 遗传演进:  85%|####################################5      | 85/100 [2:14:08<19:47, 79.14s/it]
2026-03-03 12:33:16 - ERROR - 遗传演进:  86%|####################################9      | 86/100 [2:15:27<18:28, 79.19s/it]
2026-03-03 12:34:35 - ERROR - 遗传演进:  87%|#####################################4     | 87/100 [2:16:46<17:09, 79.17s/it]
2026-03-03 12:35:54 - ERROR - 遗传演进:  88%|#####################################8     | 88/100 [2:18:05<15:48, 79.08s/it]
2026-03-03 12:37:13 - ERROR - 遗传演进:  89%|######################################2    | 89/100 [2:19:24<14:28, 78.99s/it]
2026-03-03 12:38:32 - ERROR - 遗传演进:  90%|######################################7    | 90/100 [2:20:43<13:09, 78.94s/it]
2026-03-03 12:39:51 - INFO - 代  90: 平均适应度 = -0.7276, 最佳适应度 = -0.4906
2026-03-03 12:39:51 - ERROR - 遗传演进:  91%|#######################################1   | 91/100 [2:22:01<11:50, 78.94s/it]
2026-03-03 12:41:10 - ERROR - 遗传演进:  92%|#######################################5   | 92/100 [2:23:20<10:31, 78.94s/it]
2026-03-03 12:42:29 - ERROR - 遗传演进:  93%|#######################################9   | 93/100 [2:24:39<09:12, 78.93s/it]
2026-03-03 12:43:58 - ERROR - 遗传演进:  94%|########################################4  | 94/100 [2:26:09<08:13, 82.22s/it]
2026-03-03 12:45:36 - ERROR - 遗传演进:  95%|########################################8  | 95/100 [2:27:47<07:14, 86.84s/it]
2026-03-03 12:47:14 - ERROR - 遗传演进:  96%|#########################################2 | 96/100 [2:29:25<06:00, 90.17s/it]
2026-03-03 12:48:52 - ERROR - 遗传演进:  97%|#########################################7 | 97/100 [2:31:03<04:37, 92.48s/it]
2026-03-03 12:50:30 - ERROR - 遗传演进:  98%|##########################################1| 98/100 [2:32:41<03:08, 94.11s/it]
2026-03-03 12:52:07 - ERROR - 遗传演进:  99%|##########################################5| 99/100 [2:34:18<01:35, 95.17s/it]
2026-03-03 12:53:45 - INFO - 代  99: 平均适应度 = -0.7297, 最佳适应度 = -0.4906
2026-03-03 12:53:45 - ERROR - 遗传演进: 100%|##########################################| 100/100 [2:35:56<00:00, 95.88s/it]
2026-03-03 12:53:45 - ERROR - 遗传演进: 100%|##########################################| 100/100 [2:35:56<00:00, 93.56s/it]
2026-03-03 12:53:45 - INFO - 
============================================================
2026-03-03 12:53:45 - INFO - 遗传算法优化完成！
2026-03-03 12:53:45 - INFO - ============================================================
2026-03-03 12:53:45 - INFO - 最佳适应度: -0.4906
2026-03-03 12:53:45 - INFO - Using categorical units to plot a list of strings that are all parsable as floats or dates. If these strings should be plotted as numbers, cast to the appropriate data type before plotting.
2026-03-03 12:53:45 - INFO - Using categorical units to plot a list of strings that are all parsable as floats or dates. If these strings should be plotted as numbers, cast to the appropriate data type before plotting.
2026-03-03 12:53:45 - ERROR - D:\Projects\AI4RFIC\example\optimization_algorithm.py:544: UserWarning: Glyph 20195 (\N{CJK UNIFIED IDEOGRAPH-4EE3}) missing from font(s) DejaVu Sans.
  plt.tight_layout()

2026-03-03 12:53:45 - ERROR - D:\Projects\AI4RFIC\example\optimization_algorithm.py:544: UserWarning: Glyph 25968 (\N{CJK UNIFIED IDEOGRAPH-6570}) missing from font(s) DejaVu Sans.
  plt.tight_layout()

2026-03-03 12:53:45 - ERROR - D:\Projects\AI4RFIC\example\optimization_algorithm.py:545: UserWarning: Glyph 20195 (\N{CJK UNIFIED IDEOGRAPH-4EE3}) missing from font(s) DejaVu Sans.
  plt.savefig(os.path.join(output_dir, 'genetic_optimization_results.png'), dpi=300, bbox_inches='tight')

2026-03-03 12:53:45 - ERROR - D:\Projects\AI4RFIC\example\optimization_algorithm.py:545: UserWarning: Glyph 25968 (\N{CJK UNIFIED IDEOGRAPH-6570}) missing from font(s) DejaVu Sans.
  plt.savefig(os.path.join(output_dir, 'genetic_optimization_results.png'), dpi=300, bbox_inches='tight')

2026-03-03 12:53:46 - INFO - 阻抗对比图已保存至 impedance_comparison.png
2026-03-03 12:53:46 - INFO - 优化结果汇总:
2026-03-03 12:53:46 - INFO -   目标频率: 5.00-15.00 GHz
2026-03-03 12:53:46 - INFO -   频点数: 51
2026-03-03 12:53:46 - INFO -   最佳适应度: -0.4906
2026-03-03 12:53:46 - INFO -   平均代价: 0.4906
2026-03-03 12:53:46 - INFO -   矩阵密度: 0.518
2026-03-03 12:53:46 - INFO - 
优化结果已保存:
2026-03-03 12:53:46 - INFO -   - JSON文件: genetic_results/result_20260303_101749\optimization_results_20260303_125346.json
2026-03-03 12:53:46 - INFO -   - 矩阵文件: genetic_results/result_20260303_101749\optimized_matrix_20260303_125346.txt
2026-03-03 12:53:46 - INFO -   - 图像文件: genetic_results/result_20260303_101749\optimized_matrix_20260303_125346.png
2026-03-03 12:53:46 - INFO - 
程序运行完成，日志已保存到: logs/training_20260303_101746.log
2026-03-03 12:53:46 - INFO - ============================================================
