2026-01-07 12:52:56 - INFO - 日志文件保存到: logs/training_20260107_125256.log
2026-01-07 12:52:56 - INFO - 选择模型类型 (1: CnnNet, 2: ResidualNet): 
2026-01-07 12:52:57 - INFO - 选择运行模式 (1: 仅训练神经网络, 2: 仅运行遗传算法, 3: 完整流程): 
2026-01-07 12:52:59 - ERROR - /home/hhabu/work_src/DL_IOMN_src/example/main.py:462: FutureWarning: You are using `torch.load` with `weights_only=False` (the current default value), which uses the default pickle module implicitly. It is possible to construct malicious pickle data which will execute arbitrary code during unpickling (See https://github.com/pytorch/pytorch/blob/main/SECURITY.md#untrusted-models for more details). In a future release, the default value for `weights_only` will be flipped to `True`. This limits the functions that could be executed during unpickling. Arbitrary objects will no longer be allowed to be loaded via this mode unless they are explicitly allowlisted by the user via `torch.serialization.add_safe_globals`. We recommend you start setting `weights_only=True` for any use case where you don't have full control of the loaded file. Please open an issue on GitHub for any issues related to this experimental feature.
  checkpoint = torch.load(model_path)

2026-01-07 12:52:59 - INFO - odict_keys(['freq_embedding.0.weight', 'freq_embedding.0.bias', 'freq_embedding.1.weight', 'freq_embedding.1.bias', 'freq_embedding.1.running_mean', 'freq_embedding.1.running_var', 'freq_embedding.1.num_batches_tracked', 'freq_embedding.3.weight', 'freq_embedding.3.bias', 'freq_embedding.4.weight', 'freq_embedding.4.bias', 'freq_embedding.4.running_mean', 'freq_embedding.4.running_var', 'freq_embedding.4.num_batches_tracked', 'freq_embedding.6.weight', 'freq_embedding.6.bias', 'freq_embedding.7.weight', 'freq_embedding.7.bias', 'freq_embedding.7.running_mean', 'freq_embedding.7.running_var', 'freq_embedding.7.num_batches_tracked', 'conv_block1.0.weight', 'conv_block1.0.bias', 'conv_block1.1.weight', 'conv_block1.1.bias', 'conv_block1.1.running_mean', 'conv_block1.1.running_var', 'conv_block1.1.num_batches_tracked', 'conv_block1.3.weight', 'conv_block1.3.bias', 'conv_block1.4.weight', 'conv_block1.4.bias', 'conv_block1.4.running_mean', 'conv_block1.4.running_var', 'conv_block1.4.num_batches_tracked', 'conv_block2.0.weight', 'conv_block2.0.bias', 'conv_block2.1.weight', 'conv_block2.1.bias', 'conv_block2.1.running_mean', 'conv_block2.1.running_var', 'conv_block2.1.num_batches_tracked', 'conv_block2.3.weight', 'conv_block2.3.bias', 'conv_block2.4.weight', 'conv_block2.4.bias', 'conv_block2.4.running_mean', 'conv_block2.4.running_var', 'conv_block2.4.num_batches_tracked', 'conv_block3.0.weight', 'conv_block3.0.bias', 'conv_block3.1.weight', 'conv_block3.1.bias', 'conv_block3.1.running_mean', 'conv_block3.1.running_var', 'conv_block3.1.num_batches_tracked', 'conv_block3.3.weight', 'conv_block3.3.bias', 'conv_block3.4.weight', 'conv_block3.4.bias', 'conv_block3.4.running_mean', 'conv_block3.4.running_var', 'conv_block3.4.num_batches_tracked', 'conv_block3.6.weight', 'conv_block3.6.bias', 'conv_block3.7.weight', 'conv_block3.7.bias', 'conv_block3.7.running_mean', 'conv_block3.7.running_var', 'conv_block3.7.num_batches_tracked', 'fusion_module.0.weight', 'fusion_module.0.bias', 'fusion_module.1.weight', 'fusion_module.1.bias', 'fusion_module.1.running_mean', 'fusion_module.1.running_var', 'fusion_module.1.num_batches_tracked', 'fusion_module.4.weight', 'fusion_module.4.bias', 'fusion_module.5.weight', 'fusion_module.5.bias', 'fusion_module.5.running_mean', 'fusion_module.5.running_var', 'fusion_module.5.num_batches_tracked', 'fusion_module.8.weight', 'fusion_module.8.bias', 'fusion_module.9.weight', 'fusion_module.9.bias', 'fusion_module.9.running_mean', 'fusion_module.9.running_var', 'fusion_module.9.num_batches_tracked', 'fusion_module.12.weight', 'fusion_module.12.bias', 'fusion_module.13.weight', 'fusion_module.13.bias', 'fusion_module.13.running_mean', 'fusion_module.13.running_var', 'fusion_module.13.num_batches_tracked', 'fusion_module.15.weight', 'fusion_module.15.bias', 'fusion_module.16.weight', 'fusion_module.16.bias', 'fusion_module.16.running_mean', 'fusion_module.16.running_var', 'fusion_module.16.num_batches_tracked', 'fusion_module.18.weight', 'fusion_module.18.bias'])
2026-01-07 12:52:59 - INFO - 
==================================================
2026-01-07 12:52:59 - INFO - 创建空白模型：
2026-01-07 12:52:59 - INFO - 
==================================================
2026-01-07 12:52:59 - INFO - 
==================================================
2026-01-07 12:52:59 - INFO - 模型加载：
2026-01-07 12:52:59 - INFO - 
==================================================
2026-01-07 12:52:59 - INFO - ModelManager初始化完成，使用设备: cuda
2026-01-07 12:52:59 - INFO - 检查点目录: frequency_checkpoints/best_model.pth
2026-01-07 12:52:59 - INFO - 
============================================================
2026-01-07 12:52:59 - INFO - 启动矩阵结构遗传优化
2026-01-07 12:52:59 - INFO - ============================================================
2026-01-07 12:52:59 - INFO - 矩阵遗传算法初始化完成
2026-01-07 12:52:59 - INFO - 矩阵形状: (19, 19)
2026-01-07 12:52:59 - INFO - 总像素数: 361
2026-01-07 12:52:59 - INFO - 使用设备: cuda
2026-01-07 12:52:59 - INFO - 
============================================================
2026-01-07 12:52:59 - INFO - 启动遗传算法优化
2026-01-07 12:52:59 - INFO - ============================================================
2026-01-07 12:52:59 - INFO - 目标频率: 10 GHz
2026-01-07 12:52:59 - INFO - 目标参数: {'gamma_opt': {'origin_value': 1, 'magnitude_db': 1, 'weight': 1.0}, 's11_real': -0.0445877, 's11_imag': 0.0125595, 's21_real': 0.914061, 's21_imag': -0.241433, 's12_real': 0.914061, 's12_imag': -0.241433, 's22_real': -0.04327, 's22_imag': 0.0114308, 'S21': {'magnitude_db': 0, 'weight': 0}, 'S11': {'magnitude_db': 0, 'weight': 0}, 'S22': {'magnitude_db': 0, 'weight': 0}, 'symmetry': {'weight': 0.3}, 'complexity': {'weight': 0.1}}
2026-01-07 12:52:59 - INFO - 种群大小: 1024
2026-01-07 12:52:59 - INFO - 进化代数: 100
2026-01-07 12:52:59 - INFO - 变异率: 0.1
2026-01-07 12:52:59 - INFO - 交叉率: 0.8
2026-01-07 12:52:59 - INFO - 精英数量: 5
2026-01-07 12:52:59 - INFO - tournament_size: 256
2026-01-07 12:52:59 - INFO - ============================================================
2026-01-07 12:52:59 - INFO - 创建初始种群 (大小: 4096)...
2026-01-07 12:52:59 - ERROR - 创建种群:   0%|          | 0/4096 [00:00<?, ?it/s]
2026-01-07 12:52:59 - ERROR - 创建种群: 100%|##########| 4096/4096 [00:00<00:00, 178819.13it/s]
2026-01-07 12:52:59 - ERROR - 遗传演进:   0%|          | 0/100 [00:00<?, ?it/s]
2026-01-07 12:53:03 - INFO - 矩阵形状：
2026-01-07 12:53:03 - INFO - (19, 19)
2026-01-07 12:53:03 - INFO - [[1 1 1 0 1 1 1 1 1 1 1 1 0 0 1 0 1 1 0]
 [0 1 1 1 0 0 1 1 1 0 1 1 1 0 1 1 0 0 0]
 [0 1 0 0 1 0 0 1 1 1 1 0 1 1 1 0 1 0 0]
 [1 0 1 0 1 1 1 0 1 0 0 1 0 0 1 0 0 1 1]
 [1 1 0 0 1 0 1 1 0 1 0 0 0 1 0 0 0 1 0]
 [1 0 0 0 1 1 1 0 0 0 1 1 1 0 1 0 0 0 0]
 [0 1 1 0 1 0 0 1 0 1 0 1 0 0 1 0 0 1 1]
 [1 0 0 1 0 1 1 0 0 0 1 0 0 1 0 1 0 1 0]
 [0 1 0 0 0 1 0 1 0 1 1 0 1 1 1 0 1 1 0]
 [1 0 1 0 0 1 1 1 0 0 0 0 1 0 0 1 0 1 1]
 [1 1 0 1 1 0 0 0 0 1 0 0 1 1 1 0 0 1 0]
 [0 0 1 0 0 1 0 1 1 0 0 0 0 0 0 1 0 0 1]
 [0 1 0 1 0 0 0 1 1 1 1 1 0 1 0 1 0 1 0]
 [0 1 0 1 0 0 1 0 0 1 1 1 1 0 1 1 1 0 1]
 [0 1 0 0 0 1 1 1 0 1 0 1 1 1 1 1 0 0 1]
 [0 1 1 1 1 0 0 0 0 0 1 1 0 0 1 1 1 0 1]
 [0 1 1 0 1 1 1 0 0 1 0 1 0 0 0 1 0 0 0]
 [1 1 1 1 0 1 1 1 1 1 1 0 1 0 0 1 0 0 0]
 [0 1 0 1 1 0 0 0 0 1 0 0 1 1 1 1 0 0 1]]
2026-01-07 12:53:03 - INFO - 代   0: 平均适应度 = -6.2117, 最佳适应度 = -5.9594
2026-01-07 12:53:03 - INFO -       S11 = 0.81 dB, S21 = 2.48 dB, 密度 = 0.507
2026-01-07 12:53:03 - INFO - s_params =

2026-01-07 12:53:03 - INFO - {'S11_real': np.float32(0.45837232), 'S11_imag': np.float32(-0.9973363), 'S21_real': np.float32(0.999989), 'S21_imag': np.float32(0.8786973), 'S12_real': np.float32(0.999989), 'S12_imag': np.float32(0.8786972), 'S22_real': np.float32(0.9844617), 'S22_imag': np.float32(-0.99527663)}
2026-01-07 12:53:03 - ERROR - 遗传演进:   1%|1         | 1/100 [00:04<07:02,  4.26s/it]
2026-01-07 12:53:04 - INFO - 矩阵形状：
2026-01-07 12:53:04 - INFO - (19, 19)
2026-01-07 12:53:04 - INFO - [[1. 1. 1. 0. 1. 1. 1. 1. 0. 1. 1. 1. 0. 0. 1. 0. 1. 1. 0.]
 [0. 1. 1. 1. 0. 0. 1. 1. 1. 0. 1. 1. 1. 0. 1. 1. 1. 0. 0.]
 [0. 1. 0. 0. 1. 0. 1. 1. 0. 1. 1. 0. 1. 1. 1. 0. 1. 0. 0.]
 [1. 0. 1. 0. 1. 0. 0. 0. 0. 1. 0. 1. 0. 0. 1. 0. 0. 1. 1.]
 [1. 1. 0. 0. 1. 1. 1. 1. 0. 1. 1. 0. 0. 1. 0. 0. 0. 1. 0.]
 [1. 0. 1. 0. 1. 1. 1. 1. 1. 0. 0. 1. 1. 0. 1. 0. 1. 0. 0.]
 [0. 1. 1. 0. 1. 0. 0. 0. 1. 1. 0. 1. 0. 0. 1. 0. 0. 1. 1.]
 [1. 0. 1. 1. 0. 1. 1. 1. 1. 0. 0. 0. 0. 1. 1. 1. 0. 1. 0.]
 [0. 1. 1. 1. 0. 1. 0. 1. 0. 1. 1. 0. 1. 1. 1. 0. 1. 1. 0.]
 [1. 0. 1. 1. 0. 1. 1. 1. 0. 0. 1. 0. 1. 0. 0. 1. 0. 1. 0.]
 [1. 1. 1. 1. 1. 0. 0. 0. 0. 1. 1. 0. 1. 1. 1. 0. 0. 1. 0.]
 [1. 0. 1. 1. 0. 1. 1. 1. 1. 0. 0. 0. 0. 0. 0. 1. 0. 0. 1.]
 [0. 0. 0. 1. 1. 0. 0. 1. 1. 1. 0. 1. 0. 1. 0. 0. 0. 1. 1.]
 [0. 1. 1. 0. 0. 0. 1. 0. 0. 1. 1. 1. 1. 0. 1. 0. 1. 0. 1.]
 [0. 1. 0. 0. 0. 1. 1. 1. 0. 1. 0. 1. 1. 1. 1. 1. 0. 1. 1.]
 [0. 1. 1. 0. 1. 0. 0. 0. 0. 0. 1. 1. 1. 0. 1. 1. 1. 0. 1.]
 [0. 1. 1. 0. 0. 1. 1. 0. 0. 1. 0. 1. 0. 0. 1. 1. 1. 0. 0.]
 [1. 1. 1. 1. 0. 1. 1. 1. 1. 1. 0. 1. 0. 0. 1. 1. 0. 1. 0.]
 [0. 1. 0. 0. 1. 0. 1. 0. 0. 1. 0. 0. 1. 1. 1. 1. 0. 0. 1.]]
2026-01-07 12:53:04 - ERROR - 遗传演进:   2%|2         | 2/100 [00:05<03:57,  2.43s/it]
2026-01-07 12:53:05 - INFO - 矩阵形状：
2026-01-07 12:53:05 - INFO - (19, 19)
2026-01-07 12:53:05 - INFO - [[0. 0. 0. 0. 0. 0. 1. 0. 1. 0. 0. 0. 1. 0. 1. 0. 0. 0. 0.]
 [1. 1. 0. 0. 0. 0. 1. 1. 1. 0. 1. 1. 0. 1. 1. 1. 1. 1. 0.]
 [0. 1. 0. 0. 1. 1. 0. 0. 1. 1. 0. 0. 1. 0. 0. 1. 0. 1. 0.]
 [1. 1. 0. 1. 0. 1. 1. 1. 0. 1. 0. 1. 0. 0. 0. 1. 1. 1. 1.]
 [1. 1. 1. 1. 1. 0. 1. 1. 0. 0. 1. 0. 1. 0. 1. 1. 1. 1. 1.]
 [0. 0. 0. 0. 1. 1. 0. 1. 0. 1. 1. 0. 1. 0. 1. 0. 1. 1. 0.]
 [1. 0. 1. 1. 1. 1. 0. 1. 0. 0. 0. 0. 1. 1. 1. 0. 0. 1. 1.]
 [1. 1. 0. 0. 1. 0. 0. 1. 0. 1. 0. 1. 0. 1. 1. 1. 1. 1. 0.]
 [1. 0. 0. 0. 0. 1. 1. 1. 0. 0. 0. 0. 1. 0. 0. 1. 0. 1. 1.]
 [1. 0. 0. 0. 0. 0. 1. 0. 0. 0. 1. 0. 0. 0. 0. 0. 1. 1. 1.]
 [1. 1. 1. 1. 0. 1. 0. 0. 1. 0. 0. 1. 1. 0. 0. 1. 1. 1. 1.]
 [1. 0. 1. 0. 1. 1. 0. 1. 1. 1. 1. 1. 0. 1. 0. 0. 1. 1. 1.]
 [0. 1. 0. 0. 1. 1. 1. 1. 0. 1. 1. 0. 0. 1. 1. 0. 0. 1. 1.]
 [0. 1. 0. 0. 1. 1. 1. 1. 0. 1. 1. 0. 0. 1. 0. 1. 1. 1. 0.]
 [1. 1. 1. 0. 0. 1. 0. 0. 0. 1. 1. 0. 1. 0. 1. 0. 1. 0. 1.]
 [1. 1. 0. 1. 0. 0. 0. 0. 0. 1. 0. 1. 1. 0. 1. 1. 1. 1. 0.]
 [0. 0. 1. 0. 0. 0. 1. 1. 0. 1. 1. 0. 0. 1. 1. 0. 1. 1. 1.]
 [0. 1. 0. 1. 1. 1. 0. 0. 0. 0. 0. 1. 1. 1. 1. 0. 1. 0. 1.]
 [0. 1. 1. 0. 1. 1. 1. 1. 1. 1. 1. 0. 0. 1. 1. 1. 1. 0. 1.]]
2026-01-07 12:53:06 - ERROR - 遗传演进:   3%|3         | 3/100 [00:06<02:57,  1.83s/it]
2026-01-07 12:53:07 - INFO - 矩阵形状：
2026-01-07 12:53:07 - INFO - (19, 19)
2026-01-07 12:53:07 - INFO - [[0. 0. 0. 0. 0. 0. 1. 0. 1. 0. 0. 0. 1. 0. 1. 0. 0. 0. 0.]
 [1. 1. 0. 0. 0. 0. 1. 1. 1. 0. 1. 1. 0. 1. 1. 1. 1. 1. 0.]
 [0. 1. 0. 0. 1. 1. 0. 0. 1. 1. 0. 0. 1. 0. 0. 1. 0. 1. 0.]
 [1. 1. 0. 1. 0. 1. 1. 1. 0. 1. 0. 1. 0. 0. 0. 1. 1. 1. 1.]
 [1. 1. 1. 1. 1. 0. 1. 1. 0. 0. 1. 0. 1. 0. 1. 1. 1. 1. 1.]
 [0. 0. 0. 0. 1. 1. 0. 1. 0. 1. 1. 0. 1. 0. 1. 0. 1. 1. 0.]
 [1. 0. 1. 1. 1. 1. 0. 1. 0. 0. 0. 0. 1. 1. 1. 0. 0. 1. 1.]
 [1. 1. 0. 0. 1. 0. 0. 1. 0. 1. 0. 1. 0. 1. 1. 1. 1. 1. 0.]
 [1. 0. 0. 0. 0. 1. 1. 1. 0. 0. 0. 0. 1. 0. 0. 1. 0. 1. 1.]
 [1. 0. 0. 0. 0. 0. 1. 0. 0. 0. 1. 0. 0. 0. 0. 0. 1. 1. 1.]
 [1. 1. 1. 1. 0. 1. 0. 0. 1. 0. 0. 1. 1. 0. 0. 1. 1. 1. 1.]
 [1. 0. 1. 0. 1. 1. 0. 1. 1. 1. 1. 1. 0. 1. 0. 0. 1. 1. 1.]
 [0. 1. 0. 0. 1. 1. 1. 1. 0. 1. 1. 0. 0. 1. 1. 0. 0. 1. 1.]
 [0. 1. 0. 0. 1. 1. 1. 1. 0. 1. 1. 0. 0. 1. 0. 1. 1. 1. 0.]
 [1. 1. 1. 0. 0. 1. 0. 0. 0. 1. 1. 0. 1. 0. 1. 0. 1. 0. 1.]
 [1. 1. 0. 1. 0. 0. 0. 0. 0. 1. 0. 1. 1. 0. 1. 1. 1. 1. 0.]
 [0. 0. 1. 0. 0. 0. 1. 1. 0. 1. 1. 0. 0. 1. 1. 0. 1. 1. 1.]
 [0. 1. 0. 1. 1. 1. 0. 0. 0. 0. 0. 1. 1. 1. 1. 0. 1. 0. 1.]
 [0. 1. 1. 0. 1. 1. 1. 1. 1. 1. 1. 0. 0. 1. 1. 1. 1. 0. 1.]]
2026-01-07 12:53:07 - ERROR - 遗传演进:   4%|4         | 4/100 [00:07<02:29,  1.56s/it]
2026-01-07 12:53:08 - INFO - 矩阵形状：
2026-01-07 12:53:08 - INFO - (19, 19)
2026-01-07 12:53:08 - INFO - [[0. 0. 0. 0. 0. 1. 1. 1. 1. 0. 0. 0. 1. 0. 0. 0. 0. 0. 1.]
 [1. 1. 0. 0. 0. 0. 1. 1. 1. 0. 1. 1. 0. 1. 1. 1. 1. 1. 0.]
 [0. 1. 0. 0. 1. 1. 1. 0. 1. 1. 0. 0. 0. 1. 0. 1. 0. 0. 0.]
 [1. 1. 0. 1. 1. 1. 1. 1. 0. 1. 0. 1. 0. 0. 0. 1. 1. 1. 1.]
 [1. 1. 1. 1. 1. 0. 1. 0. 0. 0. 1. 1. 0. 1. 1. 0. 1. 1. 1.]
 [0. 0. 0. 0. 1. 0. 0. 1. 0. 1. 0. 0. 1. 0. 1. 0. 1. 1. 0.]
 [1. 0. 1. 1. 0. 1. 1. 1. 0. 0. 0. 0. 1. 1. 1. 0. 0. 1. 1.]
 [1. 1. 0. 0. 1. 0. 0. 1. 0. 1. 0. 1. 0. 1. 1. 1. 1. 0. 0.]
 [1. 1. 0. 0. 0. 1. 1. 1. 0. 0. 0. 0. 1. 0. 1. 1. 0. 1. 1.]
 [1. 0. 1. 0. 0. 0. 1. 0. 0. 0. 1. 0. 0. 0. 0. 0. 1. 1. 1.]
 [1. 1. 1. 0. 0. 1. 0. 1. 1. 0. 0. 1. 1. 0. 0. 1. 0. 1. 0.]
 [1. 0. 1. 1. 0. 1. 0. 0. 1. 1. 1. 1. 0. 1. 0. 0. 1. 1. 1.]
 [0. 1. 0. 0. 0. 1. 1. 1. 0. 0. 0. 0. 0. 1. 1. 0. 0. 1. 1.]
 [0. 1. 0. 0. 1. 1. 1. 1. 0. 0. 1. 0. 0. 1. 0. 1. 1. 0. 0.]
 [1. 1. 1. 0. 0. 1. 0. 1. 0. 1. 1. 1. 1. 0. 1. 0. 0. 0. 1.]
 [1. 1. 0. 0. 1. 0. 0. 1. 0. 1. 0. 1. 1. 1. 0. 1. 1. 1. 0.]
 [0. 1. 1. 0. 0. 0. 1. 1. 0. 1. 1. 0. 0. 1. 1. 0. 1. 1. 1.]
 [0. 1. 0. 1. 1. 1. 0. 0. 0. 0. 0. 1. 1. 1. 1. 0. 1. 0. 1.]
 [0. 1. 1. 0. 1. 1. 1. 1. 1. 1. 1. 0. 0. 0. 1. 1. 1. 0. 1.]]
2026-01-07 12:53:08 - ERROR - 遗传演进:   5%|5         | 5/100 [00:08<02:13,  1.41s/it]
2026-01-07 12:53:09 - INFO - 矩阵形状：
2026-01-07 12:53:09 - INFO - (19, 19)
2026-01-07 12:53:09 - INFO - [[0. 0. 0. 0. 0. 1. 1. 1. 1. 0. 0. 0. 1. 0. 0. 0. 0. 0. 1.]
 [1. 1. 0. 0. 0. 0. 1. 1. 1. 0. 1. 1. 0. 1. 1. 1. 1. 1. 0.]
 [0. 1. 0. 0. 1. 1. 1. 0. 1. 1. 0. 0. 0. 1. 0. 1. 0. 0. 0.]
 [1. 1. 0. 1. 1. 1. 1. 1. 0. 1. 0. 1. 0. 0. 0. 1. 1. 1. 1.]
 [1. 1. 1. 1. 1. 0. 1. 0. 0. 0. 1. 1. 0. 1. 1. 0. 1. 1. 1.]
 [0. 0. 0. 0. 1. 0. 0. 1. 0. 1. 0. 0. 1. 0. 1. 0. 1. 1. 0.]
 [1. 0. 1. 1. 0. 1. 1. 1. 0. 0. 0. 0. 1. 1. 1. 0. 0. 1. 1.]
 [1. 1. 0. 0. 1. 0. 0. 1. 0. 1. 0. 1. 0. 1. 1. 1. 1. 0. 0.]
 [1. 1. 0. 0. 0. 1. 1. 1. 0. 0. 0. 0. 1. 0. 1. 1. 0. 1. 1.]
 [1. 0. 1. 0. 0. 0. 1. 0. 0. 0. 1. 0. 0. 0. 0. 0. 1. 1. 1.]
 [1. 1. 1. 0. 0. 1. 0. 1. 1. 0. 0. 1. 1. 0. 0. 1. 0. 1. 0.]
 [1. 0. 1. 1. 0. 1. 0. 0. 1. 1. 1. 1. 0. 1. 0. 0. 1. 1. 1.]
 [0. 1. 0. 0. 0. 1. 1. 1. 0. 0. 0. 0. 0. 1. 1. 0. 0. 1. 1.]
 [0. 1. 0. 0. 1. 1. 1. 1. 0. 0. 1. 0. 0. 1. 0. 1. 1. 0. 0.]
 [1. 1. 1. 0. 0. 1. 0. 1. 0. 1. 1. 1. 1. 0. 1. 0. 0. 0. 1.]
 [1. 1. 0. 0. 1. 0. 0. 1. 0. 1. 0. 1. 1. 1. 0. 1. 1. 1. 0.]
 [0. 1. 1. 0. 0. 0. 1. 1. 0. 1. 1. 0. 0. 1. 1. 0. 1. 1. 1.]
 [0. 1. 0. 1. 1. 1. 0. 0. 0. 0. 0. 1. 1. 1. 1. 0. 1. 0. 1.]
 [0. 1. 1. 0. 1. 1. 1. 1. 1. 1. 1. 0. 0. 0. 1. 1. 1. 0. 1.]]
2026-01-07 12:53:09 - ERROR - 遗传演进:   6%|6         | 6/100 [00:09<02:03,  1.31s/it]
2026-01-07 12:53:10 - INFO - 矩阵形状：
2026-01-07 12:53:10 - INFO - (19, 19)
2026-01-07 12:53:10 - INFO - [[0. 0. 1. 0. 0. 1. 1. 1. 0. 1. 1. 0. 1. 1. 0. 1. 0. 0. 0.]
 [1. 0. 0. 1. 0. 0. 1. 1. 1. 0. 0. 1. 0. 1. 1. 1. 1. 1. 0.]
 [1. 1. 1. 0. 1. 0. 0. 1. 1. 1. 1. 0. 1. 0. 0. 0. 1. 1. 1.]
 [1. 1. 1. 1. 0. 1. 1. 0. 0. 0. 1. 1. 1. 1. 1. 0. 0. 1. 0.]
 [1. 1. 1. 1. 0. 0. 1. 0. 0. 1. 1. 0. 1. 0. 1. 1. 1. 1. 1.]
 [1. 0. 0. 1. 0. 1. 0. 1. 0. 0. 0. 0. 0. 0. 0. 1. 1. 0. 0.]
 [1. 0. 0. 1. 1. 1. 1. 0. 1. 0. 0. 0. 0. 1. 1. 0. 1. 1. 0.]
 [1. 1. 0. 0. 1. 0. 0. 1. 0. 1. 0. 1. 0. 1. 0. 1. 0. 0. 1.]
 [0. 1. 1. 0. 0. 1. 1. 1. 0. 0. 0. 0. 1. 0. 0. 1. 0. 1. 0.]
 [1. 0. 0. 0. 1. 0. 1. 0. 0. 0. 0. 0. 0. 1. 0. 1. 1. 1. 1.]
 [0. 1. 0. 1. 1. 1. 0. 0. 1. 0. 1. 0. 1. 1. 0. 1. 0. 1. 1.]
 [1. 0. 0. 1. 1. 1. 0. 1. 1. 0. 0. 1. 0. 0. 0. 0. 0. 1. 1.]
 [1. 1. 1. 0. 1. 1. 1. 1. 1. 1. 1. 0. 1. 1. 1. 0. 0. 1. 0.]
 [1. 1. 1. 1. 0. 1. 1. 1. 0. 1. 1. 0. 0. 1. 0. 1. 1. 1. 1.]
 [1. 1. 0. 0. 1. 0. 0. 0. 0. 1. 0. 0. 0. 0. 1. 0. 1. 0. 1.]
 [1. 0. 0. 1. 0. 0. 0. 0. 1. 0. 1. 1. 1. 1. 1. 0. 0. 1. 0.]
 [0. 0. 1. 1. 1. 0. 1. 1. 0. 1. 1. 0. 0. 1. 1. 1. 1. 1. 1.]
 [0. 1. 0. 0. 1. 1. 0. 0. 0. 1. 0. 1. 1. 0. 1. 0. 1. 0. 1.]
 [1. 1. 1. 1. 1. 1. 0. 1. 1. 1. 1. 0. 1. 1. 1. 1. 1. 0. 1.]]
2026-01-07 12:53:10 - ERROR - 遗传演进:   7%|7         | 7/100 [00:11<01:56,  1.25s/it]
2026-01-07 12:53:11 - INFO - 矩阵形状：
2026-01-07 12:53:11 - INFO - (19, 19)
2026-01-07 12:53:11 - INFO - [[0. 0. 1. 0. 0. 1. 1. 1. 0. 1. 1. 0. 1. 1. 0. 1. 0. 0. 0.]
 [1. 0. 0. 1. 0. 0. 1. 0. 1. 0. 0. 0. 0. 1. 1. 1. 1. 1. 1.]
 [1. 1. 1. 0. 1. 0. 0. 1. 1. 1. 1. 1. 1. 0. 0. 0. 1. 1. 1.]
 [1. 0. 1. 1. 0. 1. 1. 0. 0. 0. 1. 1. 1. 1. 0. 1. 0. 1. 0.]
 [1. 1. 1. 0. 1. 1. 1. 0. 0. 1. 1. 0. 1. 0. 1. 1. 1. 1. 0.]
 [0. 0. 0. 1. 0. 1. 0. 1. 0. 0. 0. 0. 0. 1. 0. 1. 1. 1. 0.]
 [1. 0. 0. 1. 1. 1. 1. 0. 1. 0. 0. 0. 0. 1. 1. 0. 0. 1. 0.]
 [1. 0. 0. 0. 1. 1. 0. 1. 0. 1. 0. 1. 0. 1. 0. 1. 0. 0. 1.]
 [0. 1. 1. 0. 0. 1. 0. 1. 0. 0. 0. 0. 1. 0. 0. 1. 0. 1. 1.]
 [1. 1. 0. 0. 1. 0. 1. 0. 1. 0. 0. 0. 0. 1. 0. 1. 1. 1. 1.]
 [0. 1. 0. 1. 1. 1. 0. 0. 1. 0. 1. 1. 1. 1. 0. 1. 0. 1. 1.]
 [1. 0. 0. 1. 1. 1. 0. 1. 1. 0. 0. 1. 0. 0. 0. 1. 0. 1. 1.]
 [1. 1. 1. 0. 1. 1. 1. 1. 1. 1. 1. 0. 1. 1. 1. 0. 0. 1. 0.]
 [1. 1. 1. 1. 0. 1. 1. 1. 0. 1. 1. 0. 0. 1. 0. 1. 1. 1. 1.]
 [1. 1. 0. 0. 1. 1. 0. 0. 0. 1. 0. 0. 0. 0. 1. 0. 1. 0. 1.]
 [1. 0. 0. 1. 0. 0. 0. 0. 1. 0. 1. 1. 0. 1. 1. 0. 0. 1. 0.]
 [1. 0. 1. 1. 1. 0. 1. 1. 0. 1. 1. 0. 0. 1. 1. 1. 1. 1. 1.]
 [0. 1. 1. 0. 1. 1. 1. 0. 0. 1. 0. 1. 1. 0. 1. 0. 1. 0. 1.]
 [1. 1. 1. 1. 1. 1. 0. 1. 1. 1. 1. 0. 0. 1. 1. 1. 1. 0. 1.]]
2026-01-07 12:53:11 - ERROR - 遗传演进:   8%|8         | 8/100 [00:12<01:51,  1.21s/it]
2026-01-07 12:53:12 - INFO - 矩阵形状：
2026-01-07 12:53:12 - INFO - (19, 19)
2026-01-07 12:53:12 - INFO - [[0. 0. 1. 0. 0. 1. 1. 1. 0. 0. 1. 0. 1. 1. 0. 0. 0. 0. 0.]
 [1. 0. 0. 1. 0. 1. 1. 0. 1. 0. 0. 1. 0. 1. 1. 1. 1. 1. 1.]
 [1. 1. 1. 0. 1. 0. 0. 1. 1. 1. 1. 1. 1. 0. 0. 0. 1. 1. 1.]
 [1. 0. 1. 1. 0. 1. 1. 0. 0. 0. 1. 1. 1. 1. 0. 0. 0. 1. 0.]
 [1. 1. 1. 0. 1. 0. 1. 0. 0. 1. 1. 0. 1. 0. 1. 0. 1. 1. 0.]
 [0. 0. 0. 1. 0. 0. 0. 1. 0. 0. 0. 0. 0. 1. 0. 1. 1. 1. 0.]
 [1. 1. 0. 1. 1. 1. 1. 0. 1. 0. 0. 0. 0. 1. 1. 0. 0. 1. 0.]
 [1. 0. 0. 0. 1. 1. 0. 1. 0. 1. 0. 1. 1. 0. 0. 1. 0. 0. 0.]
 [1. 1. 1. 0. 1. 1. 0. 1. 0. 0. 0. 0. 1. 0. 1. 1. 0. 1. 0.]
 [1. 1. 1. 0. 1. 0. 1. 0. 1. 0. 0. 0. 0. 1. 0. 1. 1. 1. 1.]
 [0. 1. 0. 0. 1. 1. 0. 0. 1. 0. 1. 1. 1. 0. 0. 1. 1. 1. 1.]
 [1. 0. 0. 1. 1. 1. 0. 1. 1. 0. 0. 1. 0. 0. 0. 0. 0. 1. 1.]
 [1. 1. 1. 0. 0. 1. 1. 0. 1. 1. 1. 0. 0. 1. 1. 0. 0. 1. 1.]
 [1. 1. 1. 1. 0. 1. 1. 1. 0. 1. 1. 0. 0. 1. 0. 1. 1. 1. 1.]
 [1. 1. 0. 0. 0. 1. 0. 0. 0. 1. 0. 0. 0. 0. 1. 0. 1. 0. 1.]
 [1. 0. 1. 1. 0. 1. 0. 0. 1. 0. 1. 1. 0. 1. 1. 1. 0. 0. 0.]
 [0. 1. 1. 1. 1. 0. 0. 1. 0. 1. 1. 0. 0. 1. 1. 1. 1. 1. 1.]
 [0. 1. 0. 0. 1. 1. 1. 0. 0. 1. 0. 1. 1. 0. 0. 0. 1. 0. 1.]
 [1. 1. 1. 1. 1. 1. 0. 1. 1. 1. 1. 0. 0. 1. 1. 1. 1. 0. 0.]]
2026-01-07 12:53:12 - ERROR - 遗传演进:   9%|9         | 9/100 [00:13<01:47,  1.18s/it]
2026-01-07 12:53:13 - INFO - 矩阵形状：
2026-01-07 12:53:13 - INFO - (19, 19)
2026-01-07 12:53:13 - INFO - [[1. 0. 1. 1. 1. 1. 1. 0. 0. 0. 1. 0. 1. 1. 1. 1. 1. 0. 0.]
 [0. 0. 0. 1. 0. 0. 1. 0. 1. 0. 0. 1. 0. 1. 1. 1. 0. 0. 0.]
 [1. 1. 1. 0. 1. 1. 0. 1. 1. 0. 1. 0. 1. 1. 1. 0. 1. 0. 0.]
 [1. 0. 1. 1. 0. 0. 1. 0. 1. 1. 1. 1. 0. 0. 1. 0. 0. 1. 1.]
 [1. 1. 1. 0. 1. 1. 1. 0. 0. 1. 1. 0. 0. 0. 1. 1. 1. 1. 1.]
 [0. 0. 0. 1. 1. 1. 0. 1. 0. 0. 0. 0. 0. 0. 0. 1. 1. 0. 1.]
 [1. 0. 0. 1. 0. 1. 1. 0. 1. 0. 0. 0. 0. 1. 1. 0. 1. 0. 0.]
 [1. 0. 0. 0. 1. 0. 0. 1. 0. 1. 0. 1. 0. 0. 0. 1. 0. 0. 1.]
 [0. 1. 1. 0. 0. 1. 1. 1. 0. 1. 0. 0. 1. 0. 0. 1. 0. 1. 0.]
 [1. 1. 0. 0. 1. 0. 1. 0. 0. 0. 0. 0. 0. 1. 0. 1. 1. 1. 1.]
 [0. 1. 0. 1. 1. 1. 0. 0. 1. 0. 0. 0. 1. 1. 0. 0. 1. 1. 0.]
 [1. 0. 0. 1. 1. 1. 0. 1. 1. 0. 0. 1. 0. 0. 0. 0. 0. 1. 0.]
 [1. 1. 0. 0. 0. 1. 1. 1. 1. 1. 1. 0. 1. 1. 1. 0. 0. 1. 0.]
 [1. 1. 1. 1. 0. 1. 1. 1. 0. 0. 1. 0. 0. 1. 0. 1. 1. 1. 1.]
 [1. 1. 1. 1. 1. 1. 0. 0. 0. 1. 0. 0. 0. 0. 1. 0. 0. 0. 1.]
 [1. 0. 0. 1. 1. 0. 0. 0. 1. 0. 1. 1. 1. 1. 1. 0. 0. 1. 0.]
 [1. 0. 1. 1. 1. 0. 1. 1. 0. 1. 1. 0. 0. 1. 1. 1. 1. 1. 1.]
 [0. 1. 1. 0. 1. 1. 1. 1. 0. 1. 0. 1. 1. 0. 0. 1. 0. 0. 1.]
 [1. 1. 1. 1. 1. 1. 0. 1. 1. 1. 1. 0. 0. 1. 1. 1. 1. 0. 0.]]
2026-01-07 12:53:13 - ERROR - 遗传演进:  10%|#         | 10/100 [00:14<01:44,  1.17s/it]
2026-01-07 12:53:14 - INFO - 矩阵形状：
2026-01-07 12:53:14 - INFO - (19, 19)
2026-01-07 12:53:14 - INFO - [[1. 0. 1. 1. 1. 1. 1. 0. 0. 0. 1. 0. 1. 1. 1. 1. 1. 0. 0.]
 [0. 0. 0. 1. 0. 0. 1. 0. 1. 0. 0. 1. 0. 1. 1. 1. 0. 0. 0.]
 [1. 1. 1. 0. 1. 1. 0. 1. 1. 0. 1. 0. 1. 1. 1. 0. 1. 0. 0.]
 [1. 0. 1. 1. 0. 0. 1. 0. 1. 1. 1. 1. 0. 0. 1. 0. 0. 1. 1.]
 [1. 1. 1. 0. 1. 1. 1. 0. 0. 1. 1. 0. 0. 0. 1. 1. 1. 1. 1.]
 [0. 0. 0. 1. 1. 1. 0. 1. 0. 0. 0. 0. 0. 0. 0. 1. 1. 0. 1.]
 [1. 0. 0. 1. 0. 1. 1. 0. 1. 0. 0. 0. 0. 1. 1. 0. 1. 0. 0.]
 [1. 0. 0. 0. 1. 0. 0. 1. 0. 1. 0. 1. 0. 0. 0. 1. 0. 0. 1.]
 [0. 1. 1. 0. 0. 1. 1. 1. 0. 1. 0. 0. 1. 0. 0. 1. 0. 1. 0.]
 [1. 1. 0. 0. 1. 0. 1. 0. 0. 0. 0. 0. 0. 1. 0. 1. 1. 1. 1.]
 [0. 1. 0. 1. 1. 1. 0. 0. 1. 0. 0. 0. 1. 1. 0. 0. 1. 1. 0.]
 [1. 0. 0. 1. 1. 1. 0. 1. 1. 0. 0. 1. 0. 0. 0. 0. 0. 1. 0.]
 [1. 1. 0. 0. 0. 1. 1. 1. 1. 1. 1. 0. 1. 1. 1. 0. 0. 1. 0.]
 [1. 1. 1. 1. 0. 1. 1. 1. 0. 0. 1. 0. 0. 1. 0. 1. 1. 1. 1.]
 [1. 1. 1. 1. 1. 1. 0. 0. 0. 1. 0. 0. 0. 0. 1. 0. 0. 0. 1.]
 [1. 0. 0. 1. 1. 0. 0. 0. 1. 0. 1. 1. 1. 1. 1. 0. 0. 1. 0.]
 [1. 0. 1. 1. 1. 0. 1. 1. 0. 1. 1. 0. 0. 1. 1. 1. 1. 1. 1.]
 [0. 1. 1. 0. 1. 1. 1. 1. 0. 1. 0. 1. 1. 0. 0. 1. 0. 0. 1.]
 [1. 1. 1. 1. 1. 1. 0. 1. 1. 1. 1. 0. 0. 1. 1. 1. 1. 0. 0.]]
2026-01-07 12:53:15 - INFO - 代  10: 平均适应度 = -6.0452, 最佳适应度 = -5.7099
2026-01-07 12:53:15 - INFO -       S11 = 0.23 dB, S21 = 2.44 dB, 密度 = 0.540
2026-01-07 12:53:15 - INFO - s_params =

2026-01-07 12:53:15 - INFO - {'S11_real': np.float32(0.24388306), 'S11_imag': np.float32(-0.9972795), 'S21_real': np.float32(0.99999166), 'S21_imag': np.float32(0.8684221), 'S12_real': np.float32(0.99999166), 'S12_imag': np.float32(0.86842203), 'S22_real': np.float32(0.97027045), 'S22_imag': np.float32(-0.9950292)}
2026-01-07 12:53:15 - ERROR - 遗传演进:  11%|#1        | 11/100 [00:15<01:42,  1.15s/it]
2026-01-07 12:53:16 - INFO - 矩阵形状：
2026-01-07 12:53:16 - INFO - (19, 19)
2026-01-07 12:53:16 - INFO - [[1. 0. 1. 1. 1. 1. 1. 0. 0. 0. 1. 0. 1. 1. 1. 1. 1. 0. 0.]
 [0. 0. 0. 1. 0. 0. 1. 0. 1. 0. 0. 1. 0. 1. 1. 1. 0. 0. 0.]
 [1. 1. 1. 0. 1. 1. 0. 1. 1. 0. 1. 0. 1. 1. 1. 0. 1. 0. 0.]
 [1. 0. 1. 1. 0. 0. 1. 0. 1. 1. 1. 1. 0. 0. 1. 0. 0. 1. 1.]
 [1. 1. 1. 0. 1. 1. 1. 0. 0. 1. 1. 0. 0. 0. 1. 1. 1. 1. 1.]
 [0. 0. 0. 1. 1. 1. 0. 1. 0. 0. 0. 0. 0. 0. 0. 1. 1. 0. 1.]
 [1. 0. 0. 1. 0. 1. 1. 0. 1. 0. 0. 0. 0. 1. 1. 0. 1. 0. 0.]
 [1. 0. 0. 0. 1. 0. 0. 1. 0. 1. 0. 1. 0. 0. 0. 1. 0. 0. 1.]
 [0. 1. 1. 0. 0. 1. 1. 1. 0. 1. 0. 0. 1. 0. 0. 1. 0. 1. 0.]
 [1. 1. 0. 0. 1. 0. 1. 0. 0. 0. 0. 0. 0. 1. 0. 1. 1. 1. 1.]
 [0. 1. 0. 1. 1. 1. 0. 0. 1. 0. 0. 0. 1. 1. 0. 0. 1. 1. 0.]
 [1. 0. 0. 1. 1. 1. 0. 1. 1. 0. 0. 1. 0. 0. 0. 0. 0. 1. 0.]
 [1. 1. 0. 0. 0. 1. 1. 1. 1. 1. 1. 0. 1. 1. 1. 0. 0. 1. 0.]
 [1. 1. 1. 1. 0. 1. 1. 1. 0. 0. 1. 0. 0. 1. 0. 1. 1. 1. 1.]
 [1. 1. 1. 1. 1. 1. 0. 0. 0. 1. 0. 0. 0. 0. 1. 0. 0. 0. 1.]
 [1. 0. 0. 1. 1. 0. 0. 0. 1. 0. 1. 1. 1. 1. 1. 0. 0. 1. 0.]
 [1. 0. 1. 1. 1. 0. 1. 1. 0. 1. 1. 0. 0. 1. 1. 1. 1. 1. 1.]
 [0. 1. 1. 0. 1. 1. 1. 1. 0. 1. 0. 1. 1. 0. 0. 1. 0. 0. 1.]
 [1. 1. 1. 1. 1. 1. 0. 1. 1. 1. 1. 0. 0. 1. 1. 1. 1. 0. 0.]]
2026-01-07 12:53:16 - ERROR - 遗传演进:  12%|#2        | 12/100 [00:16<01:40,  1.15s/it]
2026-01-07 12:53:17 - INFO - 矩阵形状：
2026-01-07 12:53:17 - INFO - (19, 19)
2026-01-07 12:53:17 - INFO - [[1. 0. 1. 1. 1. 1. 1. 0. 0. 0. 1. 0. 1. 1. 1. 1. 1. 0. 0.]
 [0. 0. 0. 1. 0. 0. 1. 0. 1. 0. 0. 1. 0. 1. 1. 1. 0. 0. 0.]
 [1. 1. 1. 0. 1. 1. 0. 1. 1. 0. 1. 0. 1. 1. 1. 0. 1. 0. 0.]
 [1. 0. 1. 1. 0. 0. 1. 0. 1. 1. 1. 1. 0. 0. 1. 0. 0. 1. 1.]
 [1. 1. 1. 0. 1. 1. 1. 0. 0. 1. 1. 0. 0. 0. 1. 1. 1. 1. 1.]
 [0. 0. 0. 1. 1. 1. 0. 1. 0. 0. 0. 0. 0. 0. 0. 1. 1. 0. 1.]
 [1. 0. 0. 1. 0. 1. 1. 0. 1. 0. 0. 0. 0. 1. 1. 0. 1. 0. 0.]
 [1. 0. 0. 0. 1. 0. 0. 1. 0. 1. 0. 1. 0. 0. 0. 1. 0. 0. 1.]
 [0. 1. 1. 0. 0. 1. 1. 1. 0. 1. 0. 0. 1. 0. 0. 1. 0. 1. 0.]
 [1. 1. 0. 0. 1. 0. 1. 0. 0. 0. 0. 0. 0. 1. 0. 1. 1. 1. 1.]
 [0. 1. 0. 1. 1. 1. 0. 0. 1. 0. 0. 0. 1. 1. 0. 0. 1. 1. 0.]
 [1. 0. 0. 1. 1. 1. 0. 1. 1. 0. 0. 1. 0. 0. 0. 0. 0. 1. 0.]
 [1. 1. 0. 0. 0. 1. 1. 1. 1. 1. 1. 0. 1. 1. 1. 0. 0. 1. 0.]
 [1. 1. 1. 1. 0. 1. 1. 1. 0. 0. 1. 0. 0. 1. 0. 1. 1. 1. 1.]
 [1. 1. 1. 1. 1. 1. 0. 0. 0. 1. 0. 0. 0. 0. 1. 0. 0. 0. 1.]
 [1. 0. 0. 1. 1. 0. 0. 0. 1. 0. 1. 1. 1. 1. 1. 0. 0. 1. 0.]
 [1. 0. 1. 1. 1. 0. 1. 1. 0. 1. 1. 0. 0. 1. 1. 1. 1. 1. 1.]
 [0. 1. 1. 0. 1. 1. 1. 1. 0. 1. 0. 1. 1. 0. 0. 1. 0. 0. 1.]
 [1. 1. 1. 1. 1. 1. 0. 1. 1. 1. 1. 0. 0. 1. 1. 1. 1. 0. 0.]]
2026-01-07 12:53:17 - ERROR - 遗传演进:  13%|#3        | 13/100 [00:17<01:39,  1.14s/it]
2026-01-07 12:53:17 - ERROR - 遗传演进:  13%|#3        | 13/100 [00:17<02:00,  1.38s/it]
2026-01-07 12:53:17 - ERROR - Traceback (most recent call last):

2026-01-07 12:53:17 - ERROR -   File "/home/hhabu/work_src/DL_IOMN_src/example/main.py", line 477, in <module>

2026-01-07 12:53:17 - ERROR - best_matrix, best_info, best_fitness = run_genetic_optimization(manager, target_freq=TARGET_CONFIG['target_freq'], 
2026-01-07 12:53:17 - ERROR - ^
2026-01-07 12:53:17 - ERROR - ^
2026-01-07 12:53:17 - ERROR - ^
2026-01-07 12:53:17 - ERROR - ^
2026-01-07 12:53:17 - ERROR - ^
2026-01-07 12:53:17 - ERROR - ^
2026-01-07 12:53:17 - ERROR - ^
2026-01-07 12:53:17 - ERROR - ^
2026-01-07 12:53:17 - ERROR - ^
2026-01-07 12:53:17 - ERROR - ^
2026-01-07 12:53:17 - ERROR - ^
2026-01-07 12:53:17 - ERROR - ^
2026-01-07 12:53:17 - ERROR - ^
2026-01-07 12:53:17 - ERROR - ^
2026-01-07 12:53:17 - ERROR - ^
2026-01-07 12:53:17 - ERROR - ^
2026-01-07 12:53:17 - ERROR - ^
2026-01-07 12:53:17 - ERROR - ^
2026-01-07 12:53:17 - ERROR - ^
2026-01-07 12:53:17 - ERROR - ^
2026-01-07 12:53:17 - ERROR - ^
2026-01-07 12:53:17 - ERROR - ^
2026-01-07 12:53:17 - ERROR - ^
2026-01-07 12:53:17 - ERROR - ^
2026-01-07 12:53:17 - ERROR - ^
2026-01-07 12:53:17 - ERROR - ^
2026-01-07 12:53:17 - ERROR - ^
2026-01-07 12:53:17 - ERROR - ^
2026-01-07 12:53:17 - ERROR - ^
2026-01-07 12:53:17 - ERROR - ^
2026-01-07 12:53:17 - ERROR - ^
2026-01-07 12:53:17 - ERROR - ^
2026-01-07 12:53:17 - ERROR - ^
2026-01-07 12:53:17 - ERROR - ^
2026-01-07 12:53:17 - ERROR - ^
2026-01-07 12:53:17 - ERROR - ^
2026-01-07 12:53:17 - ERROR - ^
2026-01-07 12:53:17 - ERROR - ^
2026-01-07 12:53:17 - ERROR - ^
2026-01-07 12:53:17 - ERROR - ^
2026-01-07 12:53:17 - ERROR - ^
2026-01-07 12:53:17 - ERROR - ^
2026-01-07 12:53:17 - ERROR - ^
2026-01-07 12:53:17 - ERROR - ^
2026-01-07 12:53:17 - ERROR - ^
2026-01-07 12:53:17 - ERROR - ^
2026-01-07 12:53:17 - ERROR - ^
2026-01-07 12:53:17 - ERROR - ^
2026-01-07 12:53:17 - ERROR - ^
2026-01-07 12:53:17 - ERROR - ^
2026-01-07 12:53:17 - ERROR - ^
2026-01-07 12:53:17 - ERROR - ^
2026-01-07 12:53:17 - ERROR - ^
2026-01-07 12:53:17 - ERROR - ^
2026-01-07 12:53:17 - ERROR - ^
2026-01-07 12:53:17 - ERROR - ^
2026-01-07 12:53:17 - ERROR - ^
2026-01-07 12:53:17 - ERROR - ^
2026-01-07 12:53:17 - ERROR - ^
2026-01-07 12:53:17 - ERROR - ^
2026-01-07 12:53:17 - ERROR - ^
2026-01-07 12:53:17 - ERROR - ^
2026-01-07 12:53:17 - ERROR - ^
2026-01-07 12:53:17 - ERROR - ^
2026-01-07 12:53:17 - ERROR - ^
2026-01-07 12:53:17 - ERROR - ^
2026-01-07 12:53:17 - ERROR - ^
2026-01-07 12:53:17 - ERROR - ^
2026-01-07 12:53:17 - ERROR - ^
2026-01-07 12:53:17 - ERROR - ^
2026-01-07 12:53:17 - ERROR - ^
2026-01-07 12:53:17 - ERROR - ^
2026-01-07 12:53:17 - ERROR - ^
2026-01-07 12:53:17 - ERROR - ^
2026-01-07 12:53:17 - ERROR - ^
2026-01-07 12:53:17 - ERROR -   File "/home/hhabu/work_src/DL_IOMN_src/example/main.py", line 369, in run_genetic_optimization

2026-01-07 12:53:17 - ERROR - best_matrix, best_info, best_fitness, fitness_history, best_fitness_history = ga.optimize(
2026-01-07 12:53:17 - ERROR - ^
2026-01-07 12:53:17 - ERROR - ^
2026-01-07 12:53:17 - ERROR - ^
2026-01-07 12:53:17 - ERROR - ^
2026-01-07 12:53:17 - ERROR - ^
2026-01-07 12:53:17 - ERROR - ^
2026-01-07 12:53:17 - ERROR - ^
2026-01-07 12:53:17 - ERROR - ^
2026-01-07 12:53:17 - ERROR - ^
2026-01-07 12:53:17 - ERROR - ^
2026-01-07 12:53:17 - ERROR - ^
2026-01-07 12:53:17 - ERROR - ^
2026-01-07 12:53:17 - ERROR -   File "/home/hhabu/work_src/DL_IOMN_src/example/optimization_algorithm.py", line 470, in optimize

2026-01-07 12:53:17 - ERROR - fitness, info = self.fitness_function(matrix, target_freq, target_params)
2026-01-07 12:53:17 - ERROR - ^
2026-01-07 12:53:17 - ERROR - ^
2026-01-07 12:53:17 - ERROR - ^
2026-01-07 12:53:17 - ERROR - ^
2026-01-07 12:53:17 - ERROR - ^
2026-01-07 12:53:17 - ERROR - ^
2026-01-07 12:53:17 - ERROR - ^
2026-01-07 12:53:17 - ERROR - ^
2026-01-07 12:53:17 - ERROR - ^
2026-01-07 12:53:17 - ERROR - ^
2026-01-07 12:53:17 - ERROR - ^
2026-01-07 12:53:17 - ERROR - ^
2026-01-07 12:53:17 - ERROR - ^
2026-01-07 12:53:17 - ERROR - ^
2026-01-07 12:53:17 - ERROR - ^
2026-01-07 12:53:17 - ERROR - ^
2026-01-07 12:53:17 - ERROR - ^
2026-01-07 12:53:17 - ERROR - ^
2026-01-07 12:53:17 - ERROR - ^
2026-01-07 12:53:17 - ERROR - ^
2026-01-07 12:53:17 - ERROR - ^
2026-01-07 12:53:17 - ERROR - ^
2026-01-07 12:53:17 - ERROR - ^
2026-01-07 12:53:17 - ERROR - ^
2026-01-07 12:53:17 - ERROR - ^
2026-01-07 12:53:17 - ERROR - ^
2026-01-07 12:53:17 - ERROR - ^
2026-01-07 12:53:17 - ERROR - ^
2026-01-07 12:53:17 - ERROR - ^
2026-01-07 12:53:17 - ERROR - ^
2026-01-07 12:53:17 - ERROR - ^
2026-01-07 12:53:17 - ERROR - ^
2026-01-07 12:53:17 - ERROR - ^
2026-01-07 12:53:17 - ERROR - ^
2026-01-07 12:53:17 - ERROR - ^
2026-01-07 12:53:17 - ERROR - ^
2026-01-07 12:53:17 - ERROR - ^
2026-01-07 12:53:17 - ERROR - ^
2026-01-07 12:53:17 - ERROR - ^
2026-01-07 12:53:17 - ERROR - ^
2026-01-07 12:53:17 - ERROR - ^
2026-01-07 12:53:17 - ERROR - ^
2026-01-07 12:53:17 - ERROR - ^
2026-01-07 12:53:17 - ERROR - ^
2026-01-07 12:53:17 - ERROR - ^
2026-01-07 12:53:17 - ERROR - ^
2026-01-07 12:53:17 - ERROR - ^
2026-01-07 12:53:17 - ERROR - ^
2026-01-07 12:53:17 - ERROR - ^
2026-01-07 12:53:17 - ERROR - ^
2026-01-07 12:53:17 - ERROR - ^
2026-01-07 12:53:17 - ERROR - ^
2026-01-07 12:53:17 - ERROR - ^
2026-01-07 12:53:17 - ERROR - ^
2026-01-07 12:53:17 - ERROR - ^
2026-01-07 12:53:17 - ERROR - ^
2026-01-07 12:53:17 - ERROR - ^
2026-01-07 12:53:17 - ERROR -   File "/home/hhabu/work_src/DL_IOMN_src/example/optimization_algorithm.py", line 149, in fitness_function

2026-01-07 12:53:17 - ERROR - s_params = self.predict_s_params(matrix, frequency)
2026-01-07 12:53:17 - ERROR - ^
2026-01-07 12:53:17 - ERROR - ^
2026-01-07 12:53:17 - ERROR - ^
2026-01-07 12:53:17 - ERROR - ^
2026-01-07 12:53:17 - ERROR - ^
2026-01-07 12:53:17 - ERROR - ^
2026-01-07 12:53:17 - ERROR - ^
2026-01-07 12:53:17 - ERROR - ^
2026-01-07 12:53:17 - ERROR - ^
2026-01-07 12:53:17 - ERROR - ^
2026-01-07 12:53:17 - ERROR - ^
2026-01-07 12:53:17 - ERROR - ^
2026-01-07 12:53:17 - ERROR - ^
2026-01-07 12:53:17 - ERROR - ^
2026-01-07 12:53:17 - ERROR - ^
2026-01-07 12:53:17 - ERROR - ^
2026-01-07 12:53:17 - ERROR - ^
2026-01-07 12:53:17 - ERROR - ^
2026-01-07 12:53:17 - ERROR - ^
2026-01-07 12:53:17 - ERROR - ^
2026-01-07 12:53:17 - ERROR - ^
2026-01-07 12:53:17 - ERROR - ^
2026-01-07 12:53:17 - ERROR - ^
2026-01-07 12:53:17 - ERROR - ^
2026-01-07 12:53:17 - ERROR - ^
2026-01-07 12:53:17 - ERROR - ^
2026-01-07 12:53:17 - ERROR - ^
2026-01-07 12:53:17 - ERROR - ^
2026-01-07 12:53:17 - ERROR - ^
2026-01-07 12:53:17 - ERROR - ^
2026-01-07 12:53:17 - ERROR - ^
2026-01-07 12:53:17 - ERROR - ^
2026-01-07 12:53:17 - ERROR - ^
2026-01-07 12:53:17 - ERROR - ^
2026-01-07 12:53:17 - ERROR - ^
2026-01-07 12:53:17 - ERROR - ^
2026-01-07 12:53:17 - ERROR - ^
2026-01-07 12:53:17 - ERROR - ^
2026-01-07 12:53:17 - ERROR - ^
2026-01-07 12:53:17 - ERROR - ^
2026-01-07 12:53:17 - ERROR -   File "/home/hhabu/work_src/DL_IOMN_src/example/optimization_algorithm.py", line 99, in predict_s_params

2026-01-07 12:53:17 - ERROR - s_params = self.model_manager.predict_single_sample(matrix, frequency)
2026-01-07 12:53:17 - ERROR - ^
2026-01-07 12:53:17 - ERROR - ^
2026-01-07 12:53:17 - ERROR - ^
2026-01-07 12:53:17 - ERROR - ^
2026-01-07 12:53:17 - ERROR - ^
2026-01-07 12:53:17 - ERROR - ^
2026-01-07 12:53:17 - ERROR - ^
2026-01-07 12:53:17 - ERROR - ^
2026-01-07 12:53:17 - ERROR - ^
2026-01-07 12:53:17 - ERROR - ^
2026-01-07 12:53:17 - ERROR - ^
2026-01-07 12:53:17 - ERROR - ^
2026-01-07 12:53:17 - ERROR - ^
2026-01-07 12:53:17 - ERROR - ^
2026-01-07 12:53:17 - ERROR - ^
2026-01-07 12:53:17 - ERROR - ^
2026-01-07 12:53:17 - ERROR - ^
2026-01-07 12:53:17 - ERROR - ^
2026-01-07 12:53:17 - ERROR - ^
2026-01-07 12:53:17 - ERROR - ^
2026-01-07 12:53:17 - ERROR - ^
2026-01-07 12:53:17 - ERROR - ^
2026-01-07 12:53:17 - ERROR - ^
2026-01-07 12:53:17 - ERROR - ^
2026-01-07 12:53:17 - ERROR - ^
2026-01-07 12:53:17 - ERROR - ^
2026-01-07 12:53:17 - ERROR - ^
2026-01-07 12:53:17 - ERROR - ^
2026-01-07 12:53:17 - ERROR - ^
2026-01-07 12:53:17 - ERROR - ^
2026-01-07 12:53:17 - ERROR - ^
2026-01-07 12:53:17 - ERROR - ^
2026-01-07 12:53:17 - ERROR - ^
2026-01-07 12:53:17 - ERROR - ^
2026-01-07 12:53:17 - ERROR - ^
2026-01-07 12:53:17 - ERROR - ^
2026-01-07 12:53:17 - ERROR - ^
2026-01-07 12:53:17 - ERROR - ^
2026-01-07 12:53:17 - ERROR - ^
2026-01-07 12:53:17 - ERROR - ^
2026-01-07 12:53:17 - ERROR - ^
2026-01-07 12:53:17 - ERROR - ^
2026-01-07 12:53:17 - ERROR - ^
2026-01-07 12:53:17 - ERROR - ^
2026-01-07 12:53:17 - ERROR - ^
2026-01-07 12:53:17 - ERROR - ^
2026-01-07 12:53:17 - ERROR - ^
2026-01-07 12:53:17 - ERROR - ^
2026-01-07 12:53:17 - ERROR - ^
2026-01-07 12:53:17 - ERROR - ^
2026-01-07 12:53:17 - ERROR - ^
2026-01-07 12:53:17 - ERROR - ^
2026-01-07 12:53:17 - ERROR - ^
2026-01-07 12:53:17 - ERROR - ^
2026-01-07 12:53:17 - ERROR - ^
2026-01-07 12:53:17 - ERROR - ^
2026-01-07 12:53:17 - ERROR - ^
2026-01-07 12:53:17 - ERROR - ^
2026-01-07 12:53:17 - ERROR - ^
2026-01-07 12:53:17 - ERROR -   File "/home/hhabu/work_src/DL_IOMN_src/example/train.py", line 524, in predict_single_sample

2026-01-07 12:53:17 - ERROR - predictions = self.model(matrix, frequency)
2026-01-07 12:53:17 - ERROR - ^
2026-01-07 12:53:17 - ERROR - ^
2026-01-07 12:53:17 - ERROR - ^
2026-01-07 12:53:17 - ERROR - ^
2026-01-07 12:53:17 - ERROR - ^
2026-01-07 12:53:17 - ERROR - ^
2026-01-07 12:53:17 - ERROR - ^
2026-01-07 12:53:17 - ERROR - ^
2026-01-07 12:53:17 - ERROR - ^
2026-01-07 12:53:17 - ERROR - ^
2026-01-07 12:53:17 - ERROR - ^
2026-01-07 12:53:17 - ERROR - ^
2026-01-07 12:53:17 - ERROR - ^
2026-01-07 12:53:17 - ERROR - ^
2026-01-07 12:53:17 - ERROR - ^
2026-01-07 12:53:17 - ERROR - ^
2026-01-07 12:53:17 - ERROR - ^
2026-01-07 12:53:17 - ERROR - ^
2026-01-07 12:53:17 - ERROR - ^
2026-01-07 12:53:17 - ERROR - ^
2026-01-07 12:53:17 - ERROR - ^
2026-01-07 12:53:17 - ERROR - ^
2026-01-07 12:53:17 - ERROR - ^
2026-01-07 12:53:17 - ERROR - ^
2026-01-07 12:53:17 - ERROR - ^
2026-01-07 12:53:17 - ERROR - ^
2026-01-07 12:53:17 - ERROR - ^
2026-01-07 12:53:17 - ERROR - ^
2026-01-07 12:53:17 - ERROR - ^
2026-01-07 12:53:17 - ERROR -   File "/home/hhabu/miniconda/envs/myenv/lib/python3.11/site-packages/torch/nn/modules/module.py", line 1736, in _wrapped_call_impl

2026-01-07 12:53:17 - ERROR - return self._call_impl(*args, **kwargs)
2026-01-07 12:53:17 - ERROR - ^
2026-01-07 12:53:17 - ERROR - ^
2026-01-07 12:53:17 - ERROR - ^
2026-01-07 12:53:17 - ERROR - ^
2026-01-07 12:53:17 - ERROR - ^
2026-01-07 12:53:17 - ERROR - ^
2026-01-07 12:53:17 - ERROR - ^
2026-01-07 12:53:17 - ERROR - ^
2026-01-07 12:53:17 - ERROR - ^
2026-01-07 12:53:17 - ERROR - ^
2026-01-07 12:53:17 - ERROR - ^
2026-01-07 12:53:17 - ERROR - ^
2026-01-07 12:53:17 - ERROR - ^
2026-01-07 12:53:17 - ERROR - ^
2026-01-07 12:53:17 - ERROR - ^
2026-01-07 12:53:17 - ERROR - ^
2026-01-07 12:53:17 - ERROR - ^
2026-01-07 12:53:17 - ERROR - ^
2026-01-07 12:53:17 - ERROR - ^
2026-01-07 12:53:17 - ERROR - ^
2026-01-07 12:53:17 - ERROR - ^
2026-01-07 12:53:17 - ERROR - ^
2026-01-07 12:53:17 - ERROR - ^
2026-01-07 12:53:17 - ERROR - ^
2026-01-07 12:53:17 - ERROR - ^
2026-01-07 12:53:17 - ERROR - ^
2026-01-07 12:53:17 - ERROR - ^
2026-01-07 12:53:17 - ERROR - ^
2026-01-07 12:53:17 - ERROR - ^
2026-01-07 12:53:17 - ERROR - ^
2026-01-07 12:53:17 - ERROR - ^
2026-01-07 12:53:17 - ERROR - ^
2026-01-07 12:53:17 - ERROR -   File "/home/hhabu/miniconda/envs/myenv/lib/python3.11/site-packages/torch/nn/modules/module.py", line 1747, in _call_impl

2026-01-07 12:53:17 - ERROR - return forward_call(*args, **kwargs)
2026-01-07 12:53:17 - ERROR - ^
2026-01-07 12:53:17 - ERROR - ^
2026-01-07 12:53:17 - ERROR - ^
2026-01-07 12:53:17 - ERROR - ^
2026-01-07 12:53:17 - ERROR - ^
2026-01-07 12:53:17 - ERROR - ^
2026-01-07 12:53:17 - ERROR - ^
2026-01-07 12:53:17 - ERROR - ^
2026-01-07 12:53:17 - ERROR - ^
2026-01-07 12:53:17 - ERROR - ^
2026-01-07 12:53:17 - ERROR - ^
2026-01-07 12:53:17 - ERROR - ^
2026-01-07 12:53:17 - ERROR - ^
2026-01-07 12:53:17 - ERROR - ^
2026-01-07 12:53:17 - ERROR - ^
2026-01-07 12:53:17 - ERROR - ^
2026-01-07 12:53:17 - ERROR - ^
2026-01-07 12:53:17 - ERROR - ^
2026-01-07 12:53:17 - ERROR - ^
2026-01-07 12:53:17 - ERROR - ^
2026-01-07 12:53:17 - ERROR - ^
2026-01-07 12:53:17 - ERROR - ^
2026-01-07 12:53:17 - ERROR - ^
2026-01-07 12:53:17 - ERROR - ^
2026-01-07 12:53:17 - ERROR - ^
2026-01-07 12:53:17 - ERROR - ^
2026-01-07 12:53:17 - ERROR - ^
2026-01-07 12:53:17 - ERROR - ^
2026-01-07 12:53:17 - ERROR - ^
2026-01-07 12:53:17 - ERROR -   File "/home/hhabu/work_src/DL_IOMN_src/example/model.py", line 182, in forward

2026-01-07 12:53:17 - ERROR - x = self.conv_block2(x)       # (batch, 128, 4, 4)
2026-01-07 12:53:17 - ERROR - ^
2026-01-07 12:53:17 - ERROR - ^
2026-01-07 12:53:17 - ERROR - ^
2026-01-07 12:53:17 - ERROR - ^
2026-01-07 12:53:17 - ERROR - ^
2026-01-07 12:53:17 - ERROR - ^
2026-01-07 12:53:17 - ERROR - ^
2026-01-07 12:53:17 - ERROR - ^
2026-01-07 12:53:17 - ERROR - ^
2026-01-07 12:53:17 - ERROR - ^
2026-01-07 12:53:17 - ERROR - ^
2026-01-07 12:53:17 - ERROR - ^
2026-01-07 12:53:17 - ERROR - ^
2026-01-07 12:53:17 - ERROR - ^
2026-01-07 12:53:17 - ERROR - ^
2026-01-07 12:53:17 - ERROR - ^
2026-01-07 12:53:17 - ERROR - ^
2026-01-07 12:53:17 - ERROR - ^
2026-01-07 12:53:17 - ERROR - ^
2026-01-07 12:53:17 - ERROR -   File "/home/hhabu/miniconda/envs/myenv/lib/python3.11/site-packages/torch/nn/modules/module.py", line 1736, in _wrapped_call_impl

2026-01-07 12:53:17 - ERROR - return self._call_impl(*args, **kwargs)
2026-01-07 12:53:17 - ERROR - ^
2026-01-07 12:53:17 - ERROR - ^
2026-01-07 12:53:17 - ERROR - ^
2026-01-07 12:53:17 - ERROR - ^
2026-01-07 12:53:17 - ERROR - ^
2026-01-07 12:53:17 - ERROR - ^
2026-01-07 12:53:17 - ERROR - ^
2026-01-07 12:53:17 - ERROR - ^
2026-01-07 12:53:17 - ERROR - ^
2026-01-07 12:53:17 - ERROR - ^
2026-01-07 12:53:17 - ERROR - ^
2026-01-07 12:53:17 - ERROR - ^
2026-01-07 12:53:17 - ERROR - ^
2026-01-07 12:53:17 - ERROR - ^
2026-01-07 12:53:17 - ERROR - ^
2026-01-07 12:53:17 - ERROR - ^
2026-01-07 12:53:17 - ERROR - ^
2026-01-07 12:53:17 - ERROR - ^
2026-01-07 12:53:17 - ERROR - ^
2026-01-07 12:53:17 - ERROR - ^
2026-01-07 12:53:17 - ERROR - ^
2026-01-07 12:53:17 - ERROR - ^
2026-01-07 12:53:17 - ERROR - ^
2026-01-07 12:53:17 - ERROR - ^
2026-01-07 12:53:17 - ERROR - ^
2026-01-07 12:53:17 - ERROR - ^
2026-01-07 12:53:17 - ERROR - ^
2026-01-07 12:53:17 - ERROR - ^
2026-01-07 12:53:17 - ERROR - ^
2026-01-07 12:53:17 - ERROR - ^
2026-01-07 12:53:17 - ERROR - ^
2026-01-07 12:53:17 - ERROR - ^
2026-01-07 12:53:17 - ERROR -   File "/home/hhabu/miniconda/envs/myenv/lib/python3.11/site-packages/torch/nn/modules/module.py", line 1747, in _call_impl

2026-01-07 12:53:17 - ERROR - return forward_call(*args, **kwargs)
2026-01-07 12:53:17 - ERROR - ^
2026-01-07 12:53:17 - ERROR - ^
2026-01-07 12:53:17 - ERROR - ^
2026-01-07 12:53:17 - ERROR - ^
2026-01-07 12:53:17 - ERROR - ^
2026-01-07 12:53:17 - ERROR - ^
2026-01-07 12:53:17 - ERROR - ^
2026-01-07 12:53:17 - ERROR - ^
2026-01-07 12:53:17 - ERROR - ^
2026-01-07 12:53:17 - ERROR - ^
2026-01-07 12:53:17 - ERROR - ^
2026-01-07 12:53:17 - ERROR - ^
2026-01-07 12:53:17 - ERROR - ^
2026-01-07 12:53:17 - ERROR - ^
2026-01-07 12:53:17 - ERROR - ^
2026-01-07 12:53:17 - ERROR - ^
2026-01-07 12:53:17 - ERROR - ^
2026-01-07 12:53:17 - ERROR - ^
2026-01-07 12:53:17 - ERROR - ^
2026-01-07 12:53:17 - ERROR - ^
2026-01-07 12:53:17 - ERROR - ^
2026-01-07 12:53:17 - ERROR - ^
2026-01-07 12:53:17 - ERROR - ^
2026-01-07 12:53:17 - ERROR - ^
2026-01-07 12:53:17 - ERROR - ^
2026-01-07 12:53:17 - ERROR - ^
2026-01-07 12:53:17 - ERROR - ^
2026-01-07 12:53:17 - ERROR - ^
2026-01-07 12:53:17 - ERROR - ^
2026-01-07 12:53:17 - ERROR -   File "/home/hhabu/miniconda/envs/myenv/lib/python3.11/site-packages/torch/nn/modules/container.py", line 250, in forward

2026-01-07 12:53:17 - ERROR - input = module(input)
2026-01-07 12:53:17 - ERROR - ^
2026-01-07 12:53:17 - ERROR - ^
2026-01-07 12:53:17 - ERROR - ^
2026-01-07 12:53:17 - ERROR - ^
2026-01-07 12:53:17 - ERROR - ^
2026-01-07 12:53:17 - ERROR - ^
2026-01-07 12:53:17 - ERROR - ^
2026-01-07 12:53:17 - ERROR - ^
2026-01-07 12:53:17 - ERROR - ^
2026-01-07 12:53:17 - ERROR - ^
2026-01-07 12:53:17 - ERROR - ^
2026-01-07 12:53:17 - ERROR - ^
2026-01-07 12:53:17 - ERROR - ^
2026-01-07 12:53:17 - ERROR -   File "/home/hhabu/miniconda/envs/myenv/lib/python3.11/site-packages/torch/nn/modules/module.py", line 1736, in _wrapped_call_impl

2026-01-07 12:53:17 - ERROR - return self._call_impl(*args, **kwargs)
2026-01-07 12:53:17 - ERROR - ^
2026-01-07 12:53:17 - ERROR - ^
2026-01-07 12:53:17 - ERROR - ^
2026-01-07 12:53:17 - ERROR - ^
2026-01-07 12:53:17 - ERROR - ^
2026-01-07 12:53:17 - ERROR - ^
2026-01-07 12:53:17 - ERROR - ^
2026-01-07 12:53:17 - ERROR - ^
2026-01-07 12:53:17 - ERROR - ^
2026-01-07 12:53:17 - ERROR - ^
2026-01-07 12:53:17 - ERROR - ^
2026-01-07 12:53:17 - ERROR - ^
2026-01-07 12:53:17 - ERROR - ^
2026-01-07 12:53:17 - ERROR - ^
2026-01-07 12:53:17 - ERROR - ^
2026-01-07 12:53:17 - ERROR - ^
2026-01-07 12:53:17 - ERROR - ^
2026-01-07 12:53:17 - ERROR - ^
2026-01-07 12:53:17 - ERROR - ^
2026-01-07 12:53:17 - ERROR - ^
2026-01-07 12:53:17 - ERROR - ^
2026-01-07 12:53:17 - ERROR - ^
2026-01-07 12:53:17 - ERROR - ^
2026-01-07 12:53:17 - ERROR - ^
2026-01-07 12:53:17 - ERROR - ^
2026-01-07 12:53:17 - ERROR - ^
2026-01-07 12:53:17 - ERROR - ^
2026-01-07 12:53:17 - ERROR - ^
2026-01-07 12:53:17 - ERROR - ^
2026-01-07 12:53:17 - ERROR - ^
2026-01-07 12:53:17 - ERROR - ^
2026-01-07 12:53:17 - ERROR - ^
2026-01-07 12:53:17 - ERROR -   File "/home/hhabu/miniconda/envs/myenv/lib/python3.11/site-packages/torch/nn/modules/module.py", line 1747, in _call_impl

2026-01-07 12:53:17 - ERROR - return forward_call(*args, **kwargs)
2026-01-07 12:53:17 - ERROR - ^
2026-01-07 12:53:17 - ERROR - ^
2026-01-07 12:53:17 - ERROR - ^
2026-01-07 12:53:17 - ERROR - ^
2026-01-07 12:53:17 - ERROR - ^
2026-01-07 12:53:17 - ERROR - ^
2026-01-07 12:53:17 - ERROR - ^
2026-01-07 12:53:17 - ERROR - ^
2026-01-07 12:53:17 - ERROR - ^
2026-01-07 12:53:17 - ERROR - ^
2026-01-07 12:53:17 - ERROR - ^
2026-01-07 12:53:17 - ERROR - ^
2026-01-07 12:53:17 - ERROR - ^
2026-01-07 12:53:17 - ERROR - ^
2026-01-07 12:53:17 - ERROR - ^
2026-01-07 12:53:17 - ERROR - ^
2026-01-07 12:53:17 - ERROR - ^
2026-01-07 12:53:17 - ERROR - ^
2026-01-07 12:53:17 - ERROR - ^
2026-01-07 12:53:17 - ERROR - ^
2026-01-07 12:53:17 - ERROR - ^
2026-01-07 12:53:17 - ERROR - ^
2026-01-07 12:53:17 - ERROR - ^
2026-01-07 12:53:17 - ERROR - ^
2026-01-07 12:53:17 - ERROR - ^
2026-01-07 12:53:17 - ERROR - ^
2026-01-07 12:53:17 - ERROR - ^
2026-01-07 12:53:17 - ERROR - ^
2026-01-07 12:53:17 - ERROR - ^
2026-01-07 12:53:17 - ERROR - KeyboardInterrupt
