2026-01-07 09:55:25 - INFO - 日志文件保存到: logs/training_20260107_095525.log
2026-01-07 09:55:25 - INFO - 选择模型类型 (1: CnnNet, 2: ResidualNet): 
2026-01-07 09:55:27 - INFO - 选择运行模式 (1: 仅训练神经网络, 2: 仅运行遗传算法, 3: 完整流程): 
2026-01-07 09:55:27 - ERROR - /home/hhabu/work_src/DL_IOMN_src/example/main.py:462: FutureWarning: You are using `torch.load` with `weights_only=False` (the current default value), which uses the default pickle module implicitly. It is possible to construct malicious pickle data which will execute arbitrary code during unpickling (See https://github.com/pytorch/pytorch/blob/main/SECURITY.md#untrusted-models for more details). In a future release, the default value for `weights_only` will be flipped to `True`. This limits the functions that could be executed during unpickling. Arbitrary objects will no longer be allowed to be loaded via this mode unless they are explicitly allowlisted by the user via `torch.serialization.add_safe_globals`. We recommend you start setting `weights_only=True` for any use case where you don't have full control of the loaded file. Please open an issue on GitHub for any issues related to this experimental feature.
  checkpoint = torch.load(model_path)

2026-01-07 09:55:28 - INFO - odict_keys(['freq_embedding.0.weight', 'freq_embedding.0.bias', 'freq_embedding.1.weight', 'freq_embedding.1.bias', 'freq_embedding.1.running_mean', 'freq_embedding.1.running_var', 'freq_embedding.1.num_batches_tracked', 'freq_embedding.3.weight', 'freq_embedding.3.bias', 'freq_embedding.4.weight', 'freq_embedding.4.bias', 'freq_embedding.4.running_mean', 'freq_embedding.4.running_var', 'freq_embedding.4.num_batches_tracked', 'freq_embedding.6.weight', 'freq_embedding.6.bias', 'freq_embedding.7.weight', 'freq_embedding.7.bias', 'freq_embedding.7.running_mean', 'freq_embedding.7.running_var', 'freq_embedding.7.num_batches_tracked', 'conv_block1.0.weight', 'conv_block1.0.bias', 'conv_block1.1.weight', 'conv_block1.1.bias', 'conv_block1.1.running_mean', 'conv_block1.1.running_var', 'conv_block1.1.num_batches_tracked', 'conv_block1.3.weight', 'conv_block1.3.bias', 'conv_block1.4.weight', 'conv_block1.4.bias', 'conv_block1.4.running_mean', 'conv_block1.4.running_var', 'conv_block1.4.num_batches_tracked', 'conv_block2.0.weight', 'conv_block2.0.bias', 'conv_block2.1.weight', 'conv_block2.1.bias', 'conv_block2.1.running_mean', 'conv_block2.1.running_var', 'conv_block2.1.num_batches_tracked', 'conv_block2.3.weight', 'conv_block2.3.bias', 'conv_block2.4.weight', 'conv_block2.4.bias', 'conv_block2.4.running_mean', 'conv_block2.4.running_var', 'conv_block2.4.num_batches_tracked', 'conv_block3.0.weight', 'conv_block3.0.bias', 'conv_block3.1.weight', 'conv_block3.1.bias', 'conv_block3.1.running_mean', 'conv_block3.1.running_var', 'conv_block3.1.num_batches_tracked', 'conv_block3.3.weight', 'conv_block3.3.bias', 'conv_block3.4.weight', 'conv_block3.4.bias', 'conv_block3.4.running_mean', 'conv_block3.4.running_var', 'conv_block3.4.num_batches_tracked', 'conv_block3.6.weight', 'conv_block3.6.bias', 'conv_block3.7.weight', 'conv_block3.7.bias', 'conv_block3.7.running_mean', 'conv_block3.7.running_var', 'conv_block3.7.num_batches_tracked', 'fusion_module.0.weight', 'fusion_module.0.bias', 'fusion_module.1.weight', 'fusion_module.1.bias', 'fusion_module.1.running_mean', 'fusion_module.1.running_var', 'fusion_module.1.num_batches_tracked', 'fusion_module.4.weight', 'fusion_module.4.bias', 'fusion_module.5.weight', 'fusion_module.5.bias', 'fusion_module.5.running_mean', 'fusion_module.5.running_var', 'fusion_module.5.num_batches_tracked', 'fusion_module.8.weight', 'fusion_module.8.bias', 'fusion_module.9.weight', 'fusion_module.9.bias', 'fusion_module.9.running_mean', 'fusion_module.9.running_var', 'fusion_module.9.num_batches_tracked', 'fusion_module.12.weight', 'fusion_module.12.bias', 'fusion_module.13.weight', 'fusion_module.13.bias', 'fusion_module.13.running_mean', 'fusion_module.13.running_var', 'fusion_module.13.num_batches_tracked', 'fusion_module.15.weight', 'fusion_module.15.bias', 'fusion_module.16.weight', 'fusion_module.16.bias', 'fusion_module.16.running_mean', 'fusion_module.16.running_var', 'fusion_module.16.num_batches_tracked', 'fusion_module.18.weight', 'fusion_module.18.bias'])
2026-01-07 09:55:28 - INFO - 
==================================================
2026-01-07 09:55:28 - INFO - 创建空白模型：
2026-01-07 09:55:28 - INFO - 
==================================================
2026-01-07 09:55:28 - INFO - 
==================================================
2026-01-07 09:55:28 - INFO - 模型加载：
2026-01-07 09:55:28 - INFO - 
==================================================
2026-01-07 09:55:28 - INFO - ModelManager初始化完成，使用设备: cuda
2026-01-07 09:55:28 - INFO - 检查点目录: frequency_checkpoints/best_model.pth
2026-01-07 09:55:28 - INFO - 
============================================================
2026-01-07 09:55:28 - INFO - 启动矩阵结构遗传优化
2026-01-07 09:55:28 - INFO - ============================================================
2026-01-07 09:55:28 - INFO - 矩阵遗传算法初始化完成
2026-01-07 09:55:28 - INFO - 矩阵形状: (19, 19)
2026-01-07 09:55:28 - INFO - 总像素数: 361
2026-01-07 09:55:28 - INFO - 使用设备: cuda
2026-01-07 09:55:28 - INFO - 
============================================================
2026-01-07 09:55:28 - INFO - 启动遗传算法优化
2026-01-07 09:55:28 - INFO - ============================================================
2026-01-07 09:55:28 - INFO - 目标频率: 10 GHz
2026-01-07 09:55:28 - INFO - 目标参数: {'gamma_opt': {'origin_value': 1, 'magnitude_db': 1, 'weight': 1.0}, 's11_real': -0.0445877, 's11_imag': 0.0125595, 's21_real': 0.914061, 's21_imag': -0.241433, 's12_real': 0.914061, 's12_imag': -0.241433, 's22_real': -0.04327, 's22_imag': 0.0114308, 'S21': {'magnitude_db': 0, 'weight': 0}, 'S11': {'magnitude_db': 0, 'weight': 0}, 'S22': {'magnitude_db': 0, 'weight': 0}, 'symmetry': {'weight': 0.3}, 'complexity': {'weight': 0.1}}
2026-01-07 09:55:28 - INFO - 种群大小: 1024
2026-01-07 09:55:28 - INFO - 进化代数: 100
2026-01-07 09:55:28 - INFO - 变异率: 0.1
2026-01-07 09:55:28 - INFO - 交叉率: 0.8
2026-01-07 09:55:28 - INFO - 精英数量: 5
2026-01-07 09:55:28 - INFO - tournament_size: 256
2026-01-07 09:55:28 - INFO - ============================================================
2026-01-07 09:55:28 - INFO - 创建初始种群 (大小: 4096)...
2026-01-07 09:55:28 - ERROR - 创建种群:   0%|          | 0/4096 [00:00<?, ?it/s]
2026-01-07 09:55:28 - ERROR - 创建种群: 100%|##########| 4096/4096 [00:00<00:00, 199087.63it/s]
2026-01-07 09:55:28 - ERROR - 遗传演进:   0%|          | 0/100 [00:00<?, ?it/s]
2026-01-07 09:55:32 - INFO - 代   0: 平均适应度 = -6.2103, 最佳适应度 = -5.9609
2026-01-07 09:55:32 - INFO -       S11 = 0.82 dB, S21 = 2.48 dB, 密度 = 0.510
2026-01-07 09:55:32 - ERROR - 遗传演进:   0%|          | 0/100 [00:04<?, ?it/s]
2026-01-07 09:55:32 - ERROR - Traceback (most recent call last):

2026-01-07 09:55:32 - ERROR -   File "/home/hhabu/work_src/DL_IOMN_src/example/main.py", line 477, in <module>

2026-01-07 09:55:32 - ERROR - best_matrix, best_info, best_fitness = run_genetic_optimization(manager, target_freq=TARGET_CONFIG['target_freq'], 
2026-01-07 09:55:32 - ERROR - ^
2026-01-07 09:55:32 - ERROR - ^
2026-01-07 09:55:32 - ERROR - ^
2026-01-07 09:55:32 - ERROR - ^
2026-01-07 09:55:32 - ERROR - ^
2026-01-07 09:55:32 - ERROR - ^
2026-01-07 09:55:32 - ERROR - ^
2026-01-07 09:55:32 - ERROR - ^
2026-01-07 09:55:32 - ERROR - ^
2026-01-07 09:55:32 - ERROR - ^
2026-01-07 09:55:32 - ERROR - ^
2026-01-07 09:55:32 - ERROR - ^
2026-01-07 09:55:32 - ERROR - ^
2026-01-07 09:55:32 - ERROR - ^
2026-01-07 09:55:32 - ERROR - ^
2026-01-07 09:55:32 - ERROR - ^
2026-01-07 09:55:32 - ERROR - ^
2026-01-07 09:55:32 - ERROR - ^
2026-01-07 09:55:32 - ERROR - ^
2026-01-07 09:55:32 - ERROR - ^
2026-01-07 09:55:32 - ERROR - ^
2026-01-07 09:55:32 - ERROR - ^
2026-01-07 09:55:32 - ERROR - ^
2026-01-07 09:55:32 - ERROR - ^
2026-01-07 09:55:32 - ERROR - ^
2026-01-07 09:55:32 - ERROR - ^
2026-01-07 09:55:32 - ERROR - ^
2026-01-07 09:55:32 - ERROR - ^
2026-01-07 09:55:32 - ERROR - ^
2026-01-07 09:55:32 - ERROR - ^
2026-01-07 09:55:32 - ERROR - ^
2026-01-07 09:55:32 - ERROR - ^
2026-01-07 09:55:32 - ERROR - ^
2026-01-07 09:55:32 - ERROR - ^
2026-01-07 09:55:32 - ERROR - ^
2026-01-07 09:55:32 - ERROR - ^
2026-01-07 09:55:32 - ERROR - ^
2026-01-07 09:55:32 - ERROR - ^
2026-01-07 09:55:32 - ERROR - ^
2026-01-07 09:55:32 - ERROR - ^
2026-01-07 09:55:32 - ERROR - ^
2026-01-07 09:55:32 - ERROR - ^
2026-01-07 09:55:32 - ERROR - ^
2026-01-07 09:55:32 - ERROR - ^
2026-01-07 09:55:32 - ERROR - ^
2026-01-07 09:55:32 - ERROR - ^
2026-01-07 09:55:32 - ERROR - ^
2026-01-07 09:55:32 - ERROR - ^
2026-01-07 09:55:32 - ERROR - ^
2026-01-07 09:55:32 - ERROR - ^
2026-01-07 09:55:32 - ERROR - ^
2026-01-07 09:55:32 - ERROR - ^
2026-01-07 09:55:32 - ERROR - ^
2026-01-07 09:55:32 - ERROR - ^
2026-01-07 09:55:32 - ERROR - ^
2026-01-07 09:55:32 - ERROR - ^
2026-01-07 09:55:32 - ERROR - ^
2026-01-07 09:55:32 - ERROR - ^
2026-01-07 09:55:32 - ERROR - ^
2026-01-07 09:55:32 - ERROR - ^
2026-01-07 09:55:32 - ERROR - ^
2026-01-07 09:55:32 - ERROR - ^
2026-01-07 09:55:32 - ERROR - ^
2026-01-07 09:55:32 - ERROR - ^
2026-01-07 09:55:32 - ERROR - ^
2026-01-07 09:55:32 - ERROR - ^
2026-01-07 09:55:32 - ERROR - ^
2026-01-07 09:55:32 - ERROR - ^
2026-01-07 09:55:32 - ERROR - ^
2026-01-07 09:55:32 - ERROR - ^
2026-01-07 09:55:32 - ERROR - ^
2026-01-07 09:55:32 - ERROR - ^
2026-01-07 09:55:32 - ERROR - ^
2026-01-07 09:55:32 - ERROR - ^
2026-01-07 09:55:32 - ERROR - ^
2026-01-07 09:55:32 - ERROR -   File "/home/hhabu/work_src/DL_IOMN_src/example/main.py", line 369, in run_genetic_optimization

2026-01-07 09:55:32 - ERROR - best_matrix, best_info, best_fitness, fitness_history, best_fitness_history = ga.optimize(
2026-01-07 09:55:32 - ERROR - ^
2026-01-07 09:55:32 - ERROR - ^
2026-01-07 09:55:32 - ERROR - ^
2026-01-07 09:55:32 - ERROR - ^
2026-01-07 09:55:32 - ERROR - ^
2026-01-07 09:55:32 - ERROR - ^
2026-01-07 09:55:32 - ERROR - ^
2026-01-07 09:55:32 - ERROR - ^
2026-01-07 09:55:32 - ERROR - ^
2026-01-07 09:55:32 - ERROR - ^
2026-01-07 09:55:32 - ERROR - ^
2026-01-07 09:55:32 - ERROR - ^
2026-01-07 09:55:32 - ERROR -   File "/home/hhabu/work_src/DL_IOMN_src/example/optimization_algorithm.py", line 520, in optimize

2026-01-07 09:55:32 - ERROR - print(f"s_params ={best_info['s_params']:.6f}")
2026-01-07 09:55:32 - ERROR - ^
2026-01-07 09:55:32 - ERROR - ^
2026-01-07 09:55:32 - ERROR - ^
2026-01-07 09:55:32 - ERROR - ^
2026-01-07 09:55:32 - ERROR - ^
2026-01-07 09:55:32 - ERROR - ^
2026-01-07 09:55:32 - ERROR - ^
2026-01-07 09:55:32 - ERROR - ^
2026-01-07 09:55:32 - ERROR - ^
2026-01-07 09:55:32 - ERROR - ^
2026-01-07 09:55:32 - ERROR - ^
2026-01-07 09:55:32 - ERROR - ^
2026-01-07 09:55:32 - ERROR - ^
2026-01-07 09:55:32 - ERROR - ^
2026-01-07 09:55:32 - ERROR - ^
2026-01-07 09:55:32 - ERROR - ^
2026-01-07 09:55:32 - ERROR - ^
2026-01-07 09:55:32 - ERROR - ^
2026-01-07 09:55:32 - ERROR - ^
2026-01-07 09:55:32 - ERROR - ^
2026-01-07 09:55:32 - ERROR - ^
2026-01-07 09:55:32 - ERROR - ^
2026-01-07 09:55:32 - ERROR - ^
2026-01-07 09:55:32 - ERROR - ^
2026-01-07 09:55:32 - ERROR - ^
2026-01-07 09:55:32 - ERROR - ^
2026-01-07 09:55:32 - ERROR - ^
2026-01-07 09:55:32 - ERROR - ^
2026-01-07 09:55:32 - ERROR - ^
2026-01-07 09:55:32 - ERROR - ^
2026-01-07 09:55:32 - ERROR - ^
2026-01-07 09:55:32 - ERROR - ^
2026-01-07 09:55:32 - ERROR - ^
2026-01-07 09:55:32 - ERROR - ^
2026-01-07 09:55:32 - ERROR - ^
2026-01-07 09:55:32 - ERROR - ^
2026-01-07 09:55:32 - ERROR - ^
2026-01-07 09:55:32 - ERROR - ^
2026-01-07 09:55:32 - ERROR - ^
2026-01-07 09:55:32 - ERROR - ^
2026-01-07 09:55:32 - ERROR - TypeError
2026-01-07 09:55:32 - ERROR - : 
2026-01-07 09:55:32 - ERROR - unsupported format string passed to dict.__format__
