2026-01-05 17:33:10 - INFO - 日志文件保存到: logs/training_20260105_173310.log
2026-01-05 17:33:10 - INFO - 选择模型类型 (1: CnnNet, 2: ResidualNet): 
2026-01-05 17:33:12 - INFO - 选择运行模式 (1: 仅训练神经网络, 2: 仅运行遗传算法, 3: 完整流程): 
2026-01-05 17:33:14 - ERROR - /home/hhabu/work_src/DL_IOMN_src/example/main.py:441: FutureWarning: You are using `torch.load` with `weights_only=False` (the current default value), which uses the default pickle module implicitly. It is possible to construct malicious pickle data which will execute arbitrary code during unpickling (See https://github.com/pytorch/pytorch/blob/main/SECURITY.md#untrusted-models for more details). In a future release, the default value for `weights_only` will be flipped to `True`. This limits the functions that could be executed during unpickling. Arbitrary objects will no longer be allowed to be loaded via this mode unless they are explicitly allowlisted by the user via `torch.serialization.add_safe_globals`. We recommend you start setting `weights_only=True` for any use case where you don't have full control of the loaded file. Please open an issue on GitHub for any issues related to this experimental feature.
  checkpoint = torch.load(model_path)

2026-01-05 17:33:14 - INFO - odict_keys(['freq_embedding.0.weight', 'freq_embedding.0.bias', 'freq_embedding.1.weight', 'freq_embedding.1.bias', 'freq_embedding.1.running_mean', 'freq_embedding.1.running_var', 'freq_embedding.1.num_batches_tracked', 'freq_embedding.3.weight', 'freq_embedding.3.bias', 'freq_embedding.4.weight', 'freq_embedding.4.bias', 'freq_embedding.4.running_mean', 'freq_embedding.4.running_var', 'freq_embedding.4.num_batches_tracked', 'freq_embedding.6.weight', 'freq_embedding.6.bias', 'freq_embedding.7.weight', 'freq_embedding.7.bias', 'freq_embedding.7.running_mean', 'freq_embedding.7.running_var', 'freq_embedding.7.num_batches_tracked', 'conv_block1.0.weight', 'conv_block1.0.bias', 'conv_block1.1.weight', 'conv_block1.1.bias', 'conv_block1.1.running_mean', 'conv_block1.1.running_var', 'conv_block1.1.num_batches_tracked', 'conv_block1.3.weight', 'conv_block1.3.bias', 'conv_block1.4.weight', 'conv_block1.4.bias', 'conv_block1.4.running_mean', 'conv_block1.4.running_var', 'conv_block1.4.num_batches_tracked', 'conv_block2.0.weight', 'conv_block2.0.bias', 'conv_block2.1.weight', 'conv_block2.1.bias', 'conv_block2.1.running_mean', 'conv_block2.1.running_var', 'conv_block2.1.num_batches_tracked', 'conv_block2.3.weight', 'conv_block2.3.bias', 'conv_block2.4.weight', 'conv_block2.4.bias', 'conv_block2.4.running_mean', 'conv_block2.4.running_var', 'conv_block2.4.num_batches_tracked', 'conv_block3.0.weight', 'conv_block3.0.bias', 'conv_block3.1.weight', 'conv_block3.1.bias', 'conv_block3.1.running_mean', 'conv_block3.1.running_var', 'conv_block3.1.num_batches_tracked', 'conv_block3.3.weight', 'conv_block3.3.bias', 'conv_block3.4.weight', 'conv_block3.4.bias', 'conv_block3.4.running_mean', 'conv_block3.4.running_var', 'conv_block3.4.num_batches_tracked', 'conv_block3.6.weight', 'conv_block3.6.bias', 'conv_block3.7.weight', 'conv_block3.7.bias', 'conv_block3.7.running_mean', 'conv_block3.7.running_var', 'conv_block3.7.num_batches_tracked', 'fusion_module.0.weight', 'fusion_module.0.bias', 'fusion_module.1.weight', 'fusion_module.1.bias', 'fusion_module.1.running_mean', 'fusion_module.1.running_var', 'fusion_module.1.num_batches_tracked', 'fusion_module.4.weight', 'fusion_module.4.bias', 'fusion_module.5.weight', 'fusion_module.5.bias', 'fusion_module.5.running_mean', 'fusion_module.5.running_var', 'fusion_module.5.num_batches_tracked', 'fusion_module.8.weight', 'fusion_module.8.bias', 'fusion_module.9.weight', 'fusion_module.9.bias', 'fusion_module.9.running_mean', 'fusion_module.9.running_var', 'fusion_module.9.num_batches_tracked', 'fusion_module.12.weight', 'fusion_module.12.bias', 'fusion_module.13.weight', 'fusion_module.13.bias', 'fusion_module.13.running_mean', 'fusion_module.13.running_var', 'fusion_module.13.num_batches_tracked', 'fusion_module.15.weight', 'fusion_module.15.bias', 'fusion_module.16.weight', 'fusion_module.16.bias', 'fusion_module.16.running_mean', 'fusion_module.16.running_var', 'fusion_module.16.num_batches_tracked', 'fusion_module.18.weight', 'fusion_module.18.bias'])
2026-01-05 17:33:14 - INFO - 
==================================================
2026-01-05 17:33:14 - INFO - 创建空白模型：
2026-01-05 17:33:14 - INFO - 
==================================================
2026-01-05 17:33:14 - INFO - 
==================================================
2026-01-05 17:33:14 - INFO - 模型加载：
2026-01-05 17:33:14 - INFO - 
==================================================
2026-01-05 17:33:14 - ERROR - Traceback (most recent call last):

2026-01-05 17:33:14 - ERROR -   File "/home/hhabu/work_src/DL_IOMN_src/example/main.py", line 451, in <module>

2026-01-05 17:33:14 - ERROR - model.load_state_dict(checkpoint['model_state_dict'])
2026-01-05 17:33:14 - ERROR - ~
2026-01-05 17:33:14 - ERROR - ~
2026-01-05 17:33:14 - ERROR - ~
2026-01-05 17:33:14 - ERROR - ~
2026-01-05 17:33:14 - ERROR - ~
2026-01-05 17:33:14 - ERROR - ~
2026-01-05 17:33:14 - ERROR - ~
2026-01-05 17:33:14 - ERROR - ~
2026-01-05 17:33:14 - ERROR - ~
2026-01-05 17:33:14 - ERROR - ~
2026-01-05 17:33:14 - ERROR - ^
2026-01-05 17:33:14 - ERROR - ^
2026-01-05 17:33:14 - ERROR - ^
2026-01-05 17:33:14 - ERROR - ^
2026-01-05 17:33:14 - ERROR - ^
2026-01-05 17:33:14 - ERROR - ^
2026-01-05 17:33:14 - ERROR - ^
2026-01-05 17:33:14 - ERROR - ^
2026-01-05 17:33:14 - ERROR - ^
2026-01-05 17:33:14 - ERROR - ^
2026-01-05 17:33:14 - ERROR - ^
2026-01-05 17:33:14 - ERROR - ^
2026-01-05 17:33:14 - ERROR - ^
2026-01-05 17:33:14 - ERROR - ^
2026-01-05 17:33:14 - ERROR - ^
2026-01-05 17:33:14 - ERROR - ^
2026-01-05 17:33:14 - ERROR - ^
2026-01-05 17:33:14 - ERROR - ^
2026-01-05 17:33:14 - ERROR - ^
2026-01-05 17:33:14 - ERROR - ^
2026-01-05 17:33:14 - ERROR - KeyError
2026-01-05 17:33:14 - ERROR - : 
2026-01-05 17:33:14 - ERROR - 'model_state_dict'
