2026-03-03 19:28:18 - INFO - 日志文件保存到: logs/training_20260303_192818.log
2026-03-03 19:28:18 - INFO - 选择模型类型 (1: CnnNet, 2: ResidualNet): 
2026-03-03 19:28:19 - INFO - 选择运行模式 (1: 仅训练神经网络, 2: 仅运行遗传算法, 3: 测试S参数曲线: 
2026-03-03 19:28:22 - INFO - 
==================================================
2026-03-03 19:28:22 - INFO - 创建空白模型：
2026-03-03 19:28:22 - INFO - 
==================================================
2026-03-03 19:28:22 - INFO - 
==================================================
2026-03-03 19:28:22 - INFO - 模型加载：
2026-03-03 19:28:22 - INFO - 
==================================================
2026-03-03 19:28:22 - INFO - ModelManager初始化完成，使用设备: cuda
2026-03-03 19:28:22 - INFO - 检查点目录: frequency_checkpoints/best_model.pth
2026-03-03 19:28:22 - INFO - 
============================================================
2026-03-03 19:28:22 - INFO - 启动矩阵结构遗传优化
2026-03-03 19:28:22 - INFO - ============================================================
2026-03-03 19:28:22 - INFO - 输出目录: genetic_results/result_20260303_192822
2026-03-03 19:28:22 - INFO - 多频点优化: 5 个频点，范围 8.00 - 12.00 GHz
2026-03-03 19:28:22 - INFO - 目标反射系数示例: 0.4356+0.4625j ...
2026-03-03 19:28:22 - INFO - 矩阵遗传算法初始化完成
2026-03-03 19:28:22 - INFO - 矩阵形状: (19, 19)
2026-03-03 19:28:22 - INFO - 总像素数: 361
2026-03-03 19:28:22 - INFO - 使用设备: cuda
2026-03-03 19:28:22 - INFO - 
============================================================
2026-03-03 19:28:22 - INFO - 启动遗传算法优化
2026-03-03 19:28:22 - INFO - ============================================================
2026-03-03 19:28:22 - INFO - 目标频率: [8.0e+09 9.0e+09 1.0e+10 1.1e+10 1.2e+10] GHz
2026-03-03 19:28:22 - INFO - 目标参数: {'gamma_opt_list': [(0.4356021142838369+0.4624954638026175j), (0.40541585292679283+0.4723756815565138j), (0.3777874233576882+0.48373534250125844j), (0.35151108317739826+0.49608287888761227j), (0.3258678151005153+0.5089143148514843j)]}
2026-03-03 19:28:22 - INFO - 种群大小: 1024
2026-03-03 19:28:22 - INFO - 进化代数: 100
2026-03-03 19:28:22 - INFO - 变异率: 0.1
2026-03-03 19:28:22 - INFO - 交叉率: 0.8
2026-03-03 19:28:22 - INFO - 精英数量: 5
2026-03-03 19:28:22 - INFO - tournament_size: 128
2026-03-03 19:28:22 - INFO - ============================================================
2026-03-03 19:28:22 - INFO - 创建初始种群 (大小: 4096)...
2026-03-03 19:28:22 - ERROR - 创建种群:   0%|                                                                                                          | 0/4096 [00:00<?, ?it/s]
2026-03-03 19:28:23 - ERROR - 创建种群:   1%|#3                                                                                              | 57/4096 [00:00<00:07, 563.60it/s]
2026-03-03 19:28:23 - ERROR - 创建种群:   1%|#3                                                                                              | 59/4096 [00:00<00:07, 535.67it/s]
2026-03-03 19:28:23 - ERROR - Traceback (most recent call last):

2026-03-03 19:28:23 - ERROR -   File "D:\Projects\AI4RFIC\example\optimization_algorithm.py", line 457, in optimize

2026-03-03 19:28:23 - ERROR - population = self.create_population(population_size)
2026-03-03 19:28:23 - ERROR - ^
2026-03-03 19:28:23 - ERROR - ^
2026-03-03 19:28:23 - ERROR - ^
2026-03-03 19:28:23 - ERROR - ^
2026-03-03 19:28:23 - ERROR - ^
2026-03-03 19:28:23 - ERROR - ^
2026-03-03 19:28:23 - ERROR - ^
2026-03-03 19:28:23 - ERROR - ^
2026-03-03 19:28:23 - ERROR - ^
2026-03-03 19:28:23 - ERROR - ^
2026-03-03 19:28:23 - ERROR - ^
2026-03-03 19:28:23 - ERROR - ^
2026-03-03 19:28:23 - ERROR - ^
2026-03-03 19:28:23 - ERROR - ^
2026-03-03 19:28:23 - ERROR - ^
2026-03-03 19:28:23 - ERROR - ^
2026-03-03 19:28:23 - ERROR - ^
2026-03-03 19:28:23 - ERROR - ^
2026-03-03 19:28:23 - ERROR - ^
2026-03-03 19:28:23 - ERROR - ^
2026-03-03 19:28:23 - ERROR - ^
2026-03-03 19:28:23 - ERROR - ^
2026-03-03 19:28:23 - ERROR - ^
2026-03-03 19:28:23 - ERROR - ^
2026-03-03 19:28:23 - ERROR - ^
2026-03-03 19:28:23 - ERROR - ^
2026-03-03 19:28:23 - ERROR - ^
2026-03-03 19:28:23 - ERROR - ^
2026-03-03 19:28:23 - ERROR - ^
2026-03-03 19:28:23 - ERROR - ^
2026-03-03 19:28:23 - ERROR - ^
2026-03-03 19:28:23 - ERROR - ^
2026-03-03 19:28:23 - ERROR - ^
2026-03-03 19:28:23 - ERROR - ^
2026-03-03 19:28:23 - ERROR - ^
2026-03-03 19:28:23 - ERROR - ^
2026-03-03 19:28:23 - ERROR - ^
2026-03-03 19:28:23 - ERROR - ^
2026-03-03 19:28:23 - ERROR - ^
2026-03-03 19:28:23 - ERROR -   File "D:\Projects\AI4RFIC\example\optimization_algorithm.py", line 94, in create_population

2026-03-03 19:28:23 - ERROR - individual = self.create_individual()
2026-03-03 19:28:23 - ERROR - ^
2026-03-03 19:28:23 - ERROR - ^
2026-03-03 19:28:23 - ERROR - ^
2026-03-03 19:28:23 - ERROR - ^
2026-03-03 19:28:23 - ERROR - ^
2026-03-03 19:28:23 - ERROR - ^
2026-03-03 19:28:23 - ERROR - ^
2026-03-03 19:28:23 - ERROR - ^
2026-03-03 19:28:23 - ERROR - ^
2026-03-03 19:28:23 - ERROR - ^
2026-03-03 19:28:23 - ERROR - ^
2026-03-03 19:28:23 - ERROR - ^
2026-03-03 19:28:23 - ERROR - ^
2026-03-03 19:28:23 - ERROR - ^
2026-03-03 19:28:23 - ERROR - ^
2026-03-03 19:28:23 - ERROR - ^
2026-03-03 19:28:23 - ERROR - ^
2026-03-03 19:28:23 - ERROR - ^
2026-03-03 19:28:23 - ERROR - ^
2026-03-03 19:28:23 - ERROR - ^
2026-03-03 19:28:23 - ERROR - ^
2026-03-03 19:28:23 - ERROR - ^
2026-03-03 19:28:23 - ERROR - ^
2026-03-03 19:28:23 - ERROR - ^
2026-03-03 19:28:23 - ERROR -   File "D:\Projects\AI4RFIC\example\optimization_algorithm.py", line 84, in create_individual

2026-03-03 19:28:23 - ERROR - individual = self.create_random_matrix('random', self.density)
2026-03-03 19:28:23 - ERROR - ^
2026-03-03 19:28:23 - ERROR - ^
2026-03-03 19:28:23 - ERROR - ^
2026-03-03 19:28:23 - ERROR - ^
2026-03-03 19:28:23 - ERROR - ^
2026-03-03 19:28:23 - ERROR - ^
2026-03-03 19:28:23 - ERROR - ^
2026-03-03 19:28:23 - ERROR - ^
2026-03-03 19:28:23 - ERROR - ^
2026-03-03 19:28:23 - ERROR - ^
2026-03-03 19:28:23 - ERROR - ^
2026-03-03 19:28:23 - ERROR - ^
2026-03-03 19:28:23 - ERROR - ^
2026-03-03 19:28:23 - ERROR - ^
2026-03-03 19:28:23 - ERROR - ^
2026-03-03 19:28:23 - ERROR - ^
2026-03-03 19:28:23 - ERROR - ^
2026-03-03 19:28:23 - ERROR - ^
2026-03-03 19:28:23 - ERROR - ^
2026-03-03 19:28:23 - ERROR - ^
2026-03-03 19:28:23 - ERROR - ^
2026-03-03 19:28:23 - ERROR - ^
2026-03-03 19:28:23 - ERROR - ^
2026-03-03 19:28:23 - ERROR - ^
2026-03-03 19:28:23 - ERROR - ^
2026-03-03 19:28:23 - ERROR - ^
2026-03-03 19:28:23 - ERROR - ^
2026-03-03 19:28:23 - ERROR - ^
2026-03-03 19:28:23 - ERROR - ^
2026-03-03 19:28:23 - ERROR - ^
2026-03-03 19:28:23 - ERROR - ^
2026-03-03 19:28:23 - ERROR - ^
2026-03-03 19:28:23 - ERROR - ^
2026-03-03 19:28:23 - ERROR - ^
2026-03-03 19:28:23 - ERROR - ^
2026-03-03 19:28:23 - ERROR - ^
2026-03-03 19:28:23 - ERROR - ^
2026-03-03 19:28:23 - ERROR - ^
2026-03-03 19:28:23 - ERROR - ^
2026-03-03 19:28:23 - ERROR - ^
2026-03-03 19:28:23 - ERROR - ^
2026-03-03 19:28:23 - ERROR - ^
2026-03-03 19:28:23 - ERROR - ^
2026-03-03 19:28:23 - ERROR - ^
2026-03-03 19:28:23 - ERROR - ^
2026-03-03 19:28:23 - ERROR - ^
2026-03-03 19:28:23 - ERROR - ^
2026-03-03 19:28:23 - ERROR - ^
2026-03-03 19:28:23 - ERROR - ^
2026-03-03 19:28:23 - ERROR -   File "D:\Projects\AI4RFIC\example\optimization_algorithm.py", line 78, in create_random_matrix

2026-03-03 19:28:23 - ERROR - return self.create_random_matrix(method, density)
2026-03-03 19:28:23 - ERROR - ^
2026-03-03 19:28:23 - ERROR - ^
2026-03-03 19:28:23 - ERROR - ^
2026-03-03 19:28:23 - ERROR - ^
2026-03-03 19:28:23 - ERROR - ^
2026-03-03 19:28:23 - ERROR - ^
2026-03-03 19:28:23 - ERROR - ^
2026-03-03 19:28:23 - ERROR - ^
2026-03-03 19:28:23 - ERROR - ^
2026-03-03 19:28:23 - ERROR - ^
2026-03-03 19:28:23 - ERROR - ^
2026-03-03 19:28:23 - ERROR - ^
2026-03-03 19:28:23 - ERROR - ^
2026-03-03 19:28:23 - ERROR - ^
2026-03-03 19:28:23 - ERROR - ^
2026-03-03 19:28:23 - ERROR - ^
2026-03-03 19:28:23 - ERROR - ^
2026-03-03 19:28:23 - ERROR - ^
2026-03-03 19:28:23 - ERROR - ^
2026-03-03 19:28:23 - ERROR - ^
2026-03-03 19:28:23 - ERROR - ^
2026-03-03 19:28:23 - ERROR - ^
2026-03-03 19:28:23 - ERROR - ^
2026-03-03 19:28:23 - ERROR - ^
2026-03-03 19:28:23 - ERROR - ^
2026-03-03 19:28:23 - ERROR - ^
2026-03-03 19:28:23 - ERROR - ^
2026-03-03 19:28:23 - ERROR - ^
2026-03-03 19:28:23 - ERROR - ^
2026-03-03 19:28:23 - ERROR - ^
2026-03-03 19:28:23 - ERROR - ^
2026-03-03 19:28:23 - ERROR - ^
2026-03-03 19:28:23 - ERROR - ^
2026-03-03 19:28:23 - ERROR - ^
2026-03-03 19:28:23 - ERROR - ^
2026-03-03 19:28:23 - ERROR - ^
2026-03-03 19:28:23 - ERROR - ^
2026-03-03 19:28:23 - ERROR - ^
2026-03-03 19:28:23 - ERROR - ^
2026-03-03 19:28:23 - ERROR - ^
2026-03-03 19:28:23 - ERROR - ^
2026-03-03 19:28:23 - ERROR - ^
2026-03-03 19:28:23 - ERROR -   File "D:\Projects\AI4RFIC\example\optimization_algorithm.py", line 78, in create_random_matrix

2026-03-03 19:28:23 - ERROR - return self.create_random_matrix(method, density)
2026-03-03 19:28:23 - ERROR - ^
2026-03-03 19:28:23 - ERROR - ^
2026-03-03 19:28:23 - ERROR - ^
2026-03-03 19:28:23 - ERROR - ^
2026-03-03 19:28:23 - ERROR - ^
2026-03-03 19:28:23 - ERROR - ^
2026-03-03 19:28:23 - ERROR - ^
2026-03-03 19:28:23 - ERROR - ^
2026-03-03 19:28:23 - ERROR - ^
2026-03-03 19:28:23 - ERROR - ^
2026-03-03 19:28:23 - ERROR - ^
2026-03-03 19:28:23 - ERROR - ^
2026-03-03 19:28:23 - ERROR - ^
2026-03-03 19:28:23 - ERROR - ^
2026-03-03 19:28:23 - ERROR - ^
2026-03-03 19:28:23 - ERROR - ^
2026-03-03 19:28:23 - ERROR - ^
2026-03-03 19:28:23 - ERROR - ^
2026-03-03 19:28:23 - ERROR - ^
2026-03-03 19:28:23 - ERROR - ^
2026-03-03 19:28:23 - ERROR - ^
2026-03-03 19:28:23 - ERROR - ^
2026-03-03 19:28:23 - ERROR - ^
2026-03-03 19:28:23 - ERROR - ^
2026-03-03 19:28:23 - ERROR - ^
2026-03-03 19:28:23 - ERROR - ^
2026-03-03 19:28:23 - ERROR - ^
2026-03-03 19:28:23 - ERROR - ^
2026-03-03 19:28:23 - ERROR - ^
2026-03-03 19:28:23 - ERROR - ^
2026-03-03 19:28:23 - ERROR - ^
2026-03-03 19:28:23 - ERROR - ^
2026-03-03 19:28:23 - ERROR - ^
2026-03-03 19:28:23 - ERROR - ^
2026-03-03 19:28:23 - ERROR - ^
2026-03-03 19:28:23 - ERROR - ^
2026-03-03 19:28:23 - ERROR - ^
2026-03-03 19:28:23 - ERROR - ^
2026-03-03 19:28:23 - ERROR - ^
2026-03-03 19:28:23 - ERROR - ^
2026-03-03 19:28:23 - ERROR - ^
2026-03-03 19:28:23 - ERROR - ^
2026-03-03 19:28:23 - ERROR -   File "D:\Projects\AI4RFIC\example\optimization_algorithm.py", line 78, in create_random_matrix

2026-03-03 19:28:23 - ERROR - return self.create_random_matrix(method, density)
2026-03-03 19:28:23 - ERROR - ^
2026-03-03 19:28:23 - ERROR - ^
2026-03-03 19:28:23 - ERROR - ^
2026-03-03 19:28:23 - ERROR - ^
2026-03-03 19:28:23 - ERROR - ^
2026-03-03 19:28:23 - ERROR - ^
2026-03-03 19:28:23 - ERROR - ^
2026-03-03 19:28:23 - ERROR - ^
2026-03-03 19:28:23 - ERROR - ^
2026-03-03 19:28:23 - ERROR - ^
2026-03-03 19:28:23 - ERROR - ^
2026-03-03 19:28:23 - ERROR - ^
2026-03-03 19:28:23 - ERROR - ^
2026-03-03 19:28:23 - ERROR - ^
2026-03-03 19:28:23 - ERROR - ^
2026-03-03 19:28:23 - ERROR - ^
2026-03-03 19:28:23 - ERROR - ^
2026-03-03 19:28:23 - ERROR - ^
2026-03-03 19:28:23 - ERROR - ^
2026-03-03 19:28:23 - ERROR - ^
2026-03-03 19:28:23 - ERROR - ^
2026-03-03 19:28:23 - ERROR - ^
2026-03-03 19:28:23 - ERROR - ^
2026-03-03 19:28:23 - ERROR - ^
2026-03-03 19:28:23 - ERROR - ^
2026-03-03 19:28:23 - ERROR - ^
2026-03-03 19:28:23 - ERROR - ^
2026-03-03 19:28:23 - ERROR - ^
2026-03-03 19:28:23 - ERROR - ^
2026-03-03 19:28:23 - ERROR - ^
2026-03-03 19:28:23 - ERROR - ^
2026-03-03 19:28:23 - ERROR - ^
2026-03-03 19:28:23 - ERROR - ^
2026-03-03 19:28:23 - ERROR - ^
2026-03-03 19:28:23 - ERROR - ^
2026-03-03 19:28:23 - ERROR - ^
2026-03-03 19:28:23 - ERROR - ^
2026-03-03 19:28:23 - ERROR - ^
2026-03-03 19:28:23 - ERROR - ^
2026-03-03 19:28:23 - ERROR - ^
2026-03-03 19:28:23 - ERROR - ^
2026-03-03 19:28:23 - ERROR - ^
2026-03-03 19:28:23 - ERROR -   [Previous line repeated 989 more times]

2026-03-03 19:28:23 - ERROR -   File "D:\Projects\AI4RFIC\example\optimization_algorithm.py", line 68, in create_random_matrix

2026-03-03 19:28:23 - ERROR - matrix = np.random.randint(
2026-03-03 19:28:23 - ERROR - ^
2026-03-03 19:28:23 - ERROR - ^
2026-03-03 19:28:23 - ERROR - ^
2026-03-03 19:28:23 - ERROR - ^
2026-03-03 19:28:23 - ERROR - ^
2026-03-03 19:28:23 - ERROR - ^
2026-03-03 19:28:23 - ERROR - ^
2026-03-03 19:28:23 - ERROR - ^
2026-03-03 19:28:23 - ERROR - ^
2026-03-03 19:28:23 - ERROR - ^
2026-03-03 19:28:23 - ERROR - ^
2026-03-03 19:28:23 - ERROR - ^
2026-03-03 19:28:23 - ERROR - ^
2026-03-03 19:28:23 - ERROR - ^
2026-03-03 19:28:23 - ERROR - ^
2026-03-03 19:28:23 - ERROR - ^
2026-03-03 19:28:23 - ERROR - ^
2026-03-03 19:28:23 - ERROR - ^
2026-03-03 19:28:23 - ERROR -   File "numpy/random/mtrand.pyx", line 799, in numpy.random.mtrand.RandomState.randint

2026-03-03 19:28:23 - ERROR -   File "numpy/random/_bounded_integers.pyx", line 2847, in numpy.random._bounded_integers._rand_int32

2026-03-03 19:28:23 - ERROR -   File "D:\Projects\AI4RFIC\.venv\Lib\site-packages\numpy\_core\fromnumeric.py", line 3404, in prod

2026-03-03 19:28:23 - ERROR - return _wrapreduction(a, np.multiply, 'prod', axis, dtype, out,
2026-03-03 19:28:23 - ERROR - ^
2026-03-03 19:28:23 - ERROR - ^
2026-03-03 19:28:23 - ERROR - ^
2026-03-03 19:28:23 - ERROR - ^
2026-03-03 19:28:23 - ERROR - ^
2026-03-03 19:28:23 - ERROR - ^
2026-03-03 19:28:23 - ERROR - ^
2026-03-03 19:28:23 - ERROR - ^
2026-03-03 19:28:23 - ERROR - ^
2026-03-03 19:28:23 - ERROR - ^
2026-03-03 19:28:23 - ERROR - ^
2026-03-03 19:28:23 - ERROR - ^
2026-03-03 19:28:23 - ERROR - ^
2026-03-03 19:28:23 - ERROR - ^
2026-03-03 19:28:23 - ERROR - ^
2026-03-03 19:28:23 - ERROR - ^
2026-03-03 19:28:23 - ERROR - ^
2026-03-03 19:28:23 - ERROR - ^
2026-03-03 19:28:23 - ERROR - ^
2026-03-03 19:28:23 - ERROR - ^
2026-03-03 19:28:23 - ERROR - ^
2026-03-03 19:28:23 - ERROR - ^
2026-03-03 19:28:23 - ERROR - ^
2026-03-03 19:28:23 - ERROR - ^
2026-03-03 19:28:23 - ERROR - ^
2026-03-03 19:28:23 - ERROR - ^
2026-03-03 19:28:23 - ERROR - ^
2026-03-03 19:28:23 - ERROR - ^
2026-03-03 19:28:23 - ERROR - ^
2026-03-03 19:28:23 - ERROR - ^
2026-03-03 19:28:23 - ERROR - ^
2026-03-03 19:28:23 - ERROR - ^
2026-03-03 19:28:23 - ERROR - ^
2026-03-03 19:28:23 - ERROR - ^
2026-03-03 19:28:23 - ERROR - ^
2026-03-03 19:28:23 - ERROR - ^
2026-03-03 19:28:23 - ERROR - ^
2026-03-03 19:28:23 - ERROR - ^
2026-03-03 19:28:23 - ERROR - ^
2026-03-03 19:28:23 - ERROR - ^
2026-03-03 19:28:23 - ERROR - ^
2026-03-03 19:28:23 - ERROR - ^
2026-03-03 19:28:23 - ERROR - ^
2026-03-03 19:28:23 - ERROR - ^
2026-03-03 19:28:23 - ERROR - ^
2026-03-03 19:28:23 - ERROR - ^
2026-03-03 19:28:23 - ERROR - ^
2026-03-03 19:28:23 - ERROR - ^
2026-03-03 19:28:23 - ERROR - ^
2026-03-03 19:28:23 - ERROR - ^
2026-03-03 19:28:23 - ERROR - ^
2026-03-03 19:28:23 - ERROR - ^
2026-03-03 19:28:23 - ERROR - ^
2026-03-03 19:28:23 - ERROR - ^
2026-03-03 19:28:23 - ERROR - ^
2026-03-03 19:28:23 - ERROR - ^
2026-03-03 19:28:23 - ERROR -   File "D:\Projects\AI4RFIC\.venv\Lib\site-packages\numpy\_core\fromnumeric.py", line 67, in _wrapreduction

2026-03-03 19:28:23 - ERROR - passkwargs = {k: v for k, v in kwargs.items()
2026-03-03 19:28:23 - ERROR - ^
2026-03-03 19:28:23 - ERROR - ^
2026-03-03 19:28:23 - ERROR - ^
2026-03-03 19:28:23 - ERROR - ^
2026-03-03 19:28:23 - ERROR - ^
2026-03-03 19:28:23 - ERROR - ^
2026-03-03 19:28:23 - ERROR - ^
2026-03-03 19:28:23 - ERROR - ^
2026-03-03 19:28:23 - ERROR - ^
2026-03-03 19:28:23 - ERROR - ^
2026-03-03 19:28:23 - ERROR - ^
2026-03-03 19:28:23 - ERROR - ^
2026-03-03 19:28:23 - ERROR - ^
2026-03-03 19:28:23 - ERROR - ^
2026-03-03 19:28:23 - ERROR - RecursionError
2026-03-03 19:28:23 - ERROR - : 
2026-03-03 19:28:23 - ERROR - maximum recursion depth exceeded while calling a Python object
