2026-03-03 19:58:25 - INFO - 日志文件保存到: logs/training_20260303_195825.log
2026-03-03 19:58:25 - INFO - 选择模型类型 (1: CnnNet, 2: ResidualNet): 
2026-03-03 19:58:26 - INFO - 选择运行模式 (1: 仅训练神经网络, 2: 仅运行遗传算法, 3: 测试S参数曲线: 
2026-03-03 19:58:27 - INFO - 
==================================================
2026-03-03 19:58:27 - INFO - 创建空白模型：
2026-03-03 19:58:27 - INFO - 
==================================================
2026-03-03 19:58:27 - INFO - 
==================================================
2026-03-03 19:58:27 - INFO - 模型加载：
2026-03-03 19:58:27 - INFO - 
==================================================
2026-03-03 19:58:27 - INFO - ModelManager初始化完成，使用设备: cuda
2026-03-03 19:58:27 - INFO - 检查点目录: frequency_checkpoints/best_model.pth
2026-03-03 19:58:27 - INFO - 
============================================================
2026-03-03 19:58:27 - INFO - 启动矩阵结构遗传优化
2026-03-03 19:58:27 - INFO - ============================================================
2026-03-03 19:58:27 - INFO - 输出目录: genetic_results/result_20260303_195827
2026-03-03 19:58:27 - INFO - 多频点优化: 5 个频点，范围 8.00 - 12.00 GHz
2026-03-03 19:58:27 - INFO - 目标反射系数示例: 0.4356+0.4625j ...
2026-03-03 19:58:27 - INFO - 矩阵遗传算法初始化完成
2026-03-03 19:58:27 - INFO - 矩阵形状: (19, 19)
2026-03-03 19:58:27 - INFO - 总像素数: 361
2026-03-03 19:58:27 - INFO - 使用设备: cuda
2026-03-03 19:58:27 - INFO - 
============================================================
2026-03-03 19:58:27 - INFO - 启动遗传算法优化
2026-03-03 19:58:27 - INFO - ============================================================
2026-03-03 19:58:27 - INFO - 目标频率: [8.0e+09 9.0e+09 1.0e+10 1.1e+10 1.2e+10] GHz
2026-03-03 19:58:27 - INFO - 目标参数: {'gamma_opt_list': [(0.4356021142838369+0.4624954638026175j), (0.40541585292679283+0.4723756815565138j), (0.3777874233576882+0.48373534250125844j), (0.35151108317739826+0.49608287888761227j), (0.3258678151005153+0.5089143148514843j)]}
2026-03-03 19:58:27 - INFO - 种群大小: 1024
2026-03-03 19:58:27 - INFO - 进化代数: 100
2026-03-03 19:58:27 - INFO - 变异率: 0.1
2026-03-03 19:58:27 - INFO - 交叉率: 0.8
2026-03-03 19:58:27 - INFO - 精英数量: 5
2026-03-03 19:58:27 - INFO - tournament_size: 128
2026-03-03 19:58:27 - INFO - ============================================================
2026-03-03 19:58:27 - INFO - 创建初始种群 (大小: 4096)...
2026-03-03 19:58:27 - ERROR - 创建种群:   0%|                                                                                         | 0/4096 [00:00<?, ?it/s]
2026-03-03 19:58:27 - ERROR - 创建种群:  83%|##############################################################5            | 3416/4096 [00:00<00:00, 33982.84it/s]
2026-03-03 19:58:27 - ERROR - 创建种群: 100%|###########################################################################| 4096/4096 [00:00<00:00, 33985.62it/s]
2026-03-03 19:58:27 - ERROR - 遗传演进:   0%|                                                                                          | 0/100 [00:00<?, ?it/s]
2026-03-03 19:59:06 - INFO - 代   0: 平均适应度 = -1.7275, 最佳适应度 = -0.5921
2026-03-03 19:59:06 - ERROR - 遗传演进:   1%|8                                                                               | 1/100 [00:39<1:05:15, 39.55s/it]
2026-03-03 19:59:16 - ERROR - 遗传演进:   2%|#6                                                                                | 2/100 [00:49<36:12, 22.17s/it]
2026-03-03 19:59:26 - ERROR - 遗传演进:   3%|##4                                                                               | 3/100 [00:59<26:59, 16.69s/it]
2026-03-03 19:59:36 - ERROR - 遗传演进:   4%|###2                                                                              | 4/100 [01:09<22:25, 14.01s/it]
2026-03-03 19:59:46 - ERROR - 遗传演进:   5%|####1                                                                             | 5/100 [01:19<19:50, 12.53s/it]
2026-03-03 19:59:56 - ERROR - 遗传演进:   6%|####9                                                                             | 6/100 [01:29<18:04, 11.54s/it]
2026-03-03 20:00:05 - ERROR - 遗传演进:   7%|#####7                                                                            | 7/100 [01:38<16:53, 10.90s/it]
2026-03-03 20:00:15 - ERROR - 遗传演进:   8%|######5                                                                           | 8/100 [01:48<16:11, 10.56s/it]
2026-03-03 20:00:26 - ERROR - 遗传演进:   9%|#######3                                                                          | 9/100 [01:58<15:51, 10.46s/it]
2026-03-03 20:00:36 - ERROR - 遗传演进:  10%|########1                                                                        | 10/100 [02:08<15:28, 10.32s/it]
2026-03-03 20:00:46 - INFO - 代  10: 平均适应度 = -821.7527, 最佳适应度 = -0.5446
2026-03-03 20:00:46 - ERROR - 遗传演进:  11%|########9                                                                        | 11/100 [02:19<15:16, 10.30s/it]
2026-03-03 20:00:56 - ERROR - 遗传演进:  12%|#########7                                                                       | 12/100 [02:29<14:58, 10.21s/it]
2026-03-03 20:01:06 - ERROR - 遗传演进:  13%|##########5                                                                      | 13/100 [02:39<14:43, 10.15s/it]
2026-03-03 20:01:16 - ERROR - 遗传演进:  14%|###########3                                                                     | 14/100 [02:49<14:28, 10.10s/it]
2026-03-03 20:01:26 - ERROR - 遗传演进:  15%|############1                                                                    | 15/100 [02:59<14:15, 10.07s/it]
2026-03-03 20:01:36 - ERROR - 遗传演进:  16%|############9                                                                    | 16/100 [03:08<14:00, 10.01s/it]
2026-03-03 20:01:46 - ERROR - 遗传演进:  17%|#############7                                                                   | 17/100 [03:19<13:53, 10.04s/it]
2026-03-03 20:01:56 - ERROR - 遗传演进:  18%|##############5                                                                  | 18/100 [03:29<13:42, 10.03s/it]
2026-03-03 20:02:06 - ERROR - 遗传演进:  19%|###############3                                                                 | 19/100 [03:39<13:36, 10.08s/it]
2026-03-03 20:02:16 - ERROR - 遗传演进:  20%|################2                                                                | 20/100 [03:49<13:29, 10.12s/it]
2026-03-03 20:02:26 - INFO - 代  20: 平均适应度 = -691.6549, 最佳适应度 = -0.5436
2026-03-03 20:02:26 - ERROR - 遗传演进:  21%|#################                                                                | 21/100 [03:59<13:23, 10.17s/it]
2026-03-03 20:02:37 - ERROR - 遗传演进:  22%|#################8                                                               | 22/100 [04:10<13:23, 10.30s/it]
2026-03-03 20:02:47 - ERROR - 遗传演进:  23%|##################6                                                              | 23/100 [04:20<13:09, 10.25s/it]
2026-03-03 20:02:57 - ERROR - 遗传演进:  24%|###################4                                                             | 24/100 [04:30<12:56, 10.22s/it]
2026-03-03 20:03:08 - ERROR - 遗传演进:  25%|####################2                                                            | 25/100 [04:40<12:46, 10.22s/it]
2026-03-03 20:03:18 - ERROR - 遗传演进:  26%|#####################                                                            | 26/100 [04:50<12:34, 10.20s/it]
2026-03-03 20:03:28 - ERROR - 遗传演进:  27%|#####################8                                                           | 27/100 [05:01<12:23, 10.18s/it]
2026-03-03 20:03:38 - ERROR - 遗传演进:  28%|######################6                                                          | 28/100 [05:11<12:12, 10.17s/it]
2026-03-03 20:03:48 - ERROR - 遗传演进:  29%|#######################4                                                         | 29/100 [05:21<12:04, 10.21s/it]
2026-03-03 20:03:59 - ERROR - 遗传演进:  30%|########################3                                                        | 30/100 [05:31<11:55, 10.22s/it]
2026-03-03 20:04:09 - INFO - 代  30: 平均适应度 = -684.7437, 最佳适应度 = -0.5342
2026-03-03 20:04:09 - ERROR - 遗传演进:  31%|#########################1                                                       | 31/100 [05:41<11:42, 10.18s/it]
2026-03-03 20:04:19 - ERROR - 遗传演进:  32%|#########################9                                                       | 32/100 [05:52<11:33, 10.20s/it]
2026-03-03 20:04:29 - ERROR - 遗传演进:  33%|##########################7                                                      | 33/100 [06:02<11:22, 10.18s/it]
2026-03-03 20:04:39 - ERROR - 遗传演进:  34%|###########################5                                                     | 34/100 [06:12<11:13, 10.21s/it]
2026-03-03 20:04:50 - ERROR - 遗传演进:  35%|############################3                                                    | 35/100 [06:22<11:06, 10.25s/it]
2026-03-03 20:05:00 - ERROR - 遗传演进:  36%|#############################1                                                   | 36/100 [06:32<10:52, 10.20s/it]
2026-03-03 20:05:10 - ERROR - 遗传演进:  37%|#############################9                                                   | 37/100 [06:42<10:38, 10.14s/it]
2026-03-03 20:05:20 - ERROR - 遗传演进:  38%|##############################7                                                  | 38/100 [06:53<10:28, 10.13s/it]
2026-03-03 20:05:30 - ERROR - 遗传演进:  39%|###############################5                                                 | 39/100 [07:03<10:15, 10.09s/it]
2026-03-03 20:05:40 - ERROR - 遗传演进:  40%|################################4                                                | 40/100 [07:13<10:04, 10.08s/it]
2026-03-03 20:05:50 - INFO - 代  40: 平均适应度 = -636.9445, 最佳适应度 = -0.5342
2026-03-03 20:05:50 - ERROR - 遗传演进:  41%|#################################2                                               | 41/100 [07:23<09:53, 10.05s/it]
2026-03-03 20:06:00 - ERROR - 遗传演进:  42%|##################################                                               | 42/100 [07:33<09:42, 10.05s/it]
2026-03-03 20:06:10 - ERROR - 遗传演进:  43%|##################################8                                              | 43/100 [07:43<09:31, 10.03s/it]
2026-03-03 20:06:20 - ERROR - 遗传演进:  44%|###################################6                                             | 44/100 [07:53<09:20, 10.01s/it]
2026-03-03 20:06:30 - ERROR - 遗传演进:  45%|####################################4                                            | 45/100 [08:03<09:11, 10.03s/it]
2026-03-03 20:06:40 - ERROR - 遗传演进:  46%|#####################################2                                           | 46/100 [08:13<09:02, 10.04s/it]
2026-03-03 20:06:50 - ERROR - 遗传演进:  47%|######################################                                           | 47/100 [08:23<08:52, 10.04s/it]
2026-03-03 20:07:00 - ERROR - 遗传演进:  48%|######################################8                                          | 48/100 [08:33<08:42, 10.06s/it]
2026-03-03 20:07:10 - ERROR - 遗传演进:  49%|#######################################6                                         | 49/100 [08:43<08:33, 10.08s/it]
2026-03-03 20:07:21 - ERROR - 遗传演进:  50%|########################################5                                        | 50/100 [08:53<08:29, 10.19s/it]
2026-03-03 20:07:31 - INFO - 代  50: 平均适应度 = -568.5620, 最佳适应度 = -0.5337
2026-03-03 20:07:31 - ERROR - 遗传演进:  51%|#########################################3                                       | 51/100 [09:04<08:17, 10.15s/it]
2026-03-03 20:07:41 - ERROR - 遗传演进:  52%|##########################################1                                      | 52/100 [09:14<08:07, 10.15s/it]
2026-03-03 20:07:51 - ERROR - 遗传演进:  53%|##########################################9                                      | 53/100 [09:24<07:54, 10.10s/it]
2026-03-03 20:08:01 - ERROR - 遗传演进:  54%|###########################################7                                     | 54/100 [09:34<07:43, 10.07s/it]
2026-03-03 20:08:11 - ERROR - 遗传演进:  55%|############################################5                                    | 55/100 [09:44<07:32, 10.05s/it]
2026-03-03 20:08:21 - ERROR - 遗传演进:  56%|#############################################3                                   | 56/100 [09:54<07:21, 10.03s/it]
2026-03-03 20:08:31 - ERROR - 遗传演进:  57%|##############################################1                                  | 57/100 [10:04<07:11, 10.04s/it]
2026-03-03 20:08:41 - ERROR - 遗传演进:  58%|##############################################9                                  | 58/100 [10:14<07:01, 10.04s/it]
2026-03-03 20:08:52 - ERROR - 遗传演进:  59%|###############################################7                                 | 59/100 [10:24<06:59, 10.22s/it]
2026-03-03 20:09:02 - ERROR - 遗传演进:  60%|################################################6                                | 60/100 [10:35<06:50, 10.27s/it]
2026-03-03 20:09:12 - INFO - 代  60: 平均适应度 = -550.9372, 最佳适应度 = -0.5306
2026-03-03 20:09:12 - ERROR - 遗传演进:  61%|#################################################4                               | 61/100 [10:45<06:41, 10.30s/it]
2026-03-03 20:09:23 - ERROR - 遗传演进:  62%|##################################################2                              | 62/100 [10:55<06:30, 10.27s/it]
2026-03-03 20:09:33 - ERROR - 遗传演进:  63%|###################################################                              | 63/100 [11:05<06:17, 10.21s/it]
2026-03-03 20:09:43 - ERROR - 遗传演进:  64%|###################################################8                             | 64/100 [11:15<06:05, 10.15s/it]
2026-03-03 20:09:53 - ERROR - 遗传演进:  65%|####################################################6                            | 65/100 [11:26<05:54, 10.14s/it]
2026-03-03 20:10:03 - ERROR - 遗传演进:  66%|#####################################################4                           | 66/100 [11:36<05:44, 10.15s/it]
2026-03-03 20:10:13 - ERROR - 遗传演进:  67%|######################################################2                          | 67/100 [11:46<05:35, 10.16s/it]
2026-03-03 20:10:23 - ERROR - 遗传演进:  68%|#######################################################                          | 68/100 [11:56<05:25, 10.18s/it]
2026-03-03 20:10:34 - ERROR - 遗传演进:  69%|#######################################################8                         | 69/100 [12:07<05:18, 10.26s/it]
2026-03-03 20:10:44 - ERROR - 遗传演进:  70%|########################################################7                        | 70/100 [12:17<05:06, 10.22s/it]
2026-03-03 20:10:54 - INFO - 代  70: 平均适应度 = -509.8480, 最佳适应度 = -0.5296
2026-03-03 20:10:54 - ERROR - 遗传演进:  71%|#########################################################5                       | 71/100 [12:27<04:55, 10.20s/it]
2026-03-03 20:11:04 - ERROR - 遗传演进:  72%|##########################################################3                      | 72/100 [12:37<04:45, 10.18s/it]
2026-03-03 20:11:14 - ERROR - 遗传演进:  73%|###########################################################1                     | 73/100 [12:47<04:34, 10.17s/it]
2026-03-03 20:11:24 - ERROR - 遗传演进:  74%|###########################################################9                     | 74/100 [12:57<04:24, 10.16s/it]
2026-03-03 20:11:35 - ERROR - 遗传演进:  75%|############################################################7                    | 75/100 [13:07<04:14, 10.17s/it]
2026-03-03 20:11:45 - ERROR - 遗传演进:  76%|#############################################################5                   | 76/100 [13:18<04:04, 10.17s/it]
2026-03-03 20:11:55 - ERROR - 遗传演进:  77%|##############################################################3                  | 77/100 [13:28<03:53, 10.16s/it]
2026-03-03 20:12:05 - ERROR - 遗传演进:  78%|###############################################################1                 | 78/100 [13:38<03:43, 10.17s/it]
2026-03-03 20:12:15 - ERROR - 遗传演进:  79%|###############################################################9                 | 79/100 [13:48<03:33, 10.16s/it]
2026-03-03 20:12:25 - ERROR - 遗传演进:  80%|################################################################8                | 80/100 [13:58<03:22, 10.15s/it]
2026-03-03 20:12:36 - INFO - 代  80: 平均适应度 = -423.7970, 最佳适应度 = -0.5227
2026-03-03 20:12:36 - ERROR - 遗传演进:  81%|#################################################################6               | 81/100 [14:08<03:12, 10.14s/it]
2026-03-03 20:12:46 - ERROR - 遗传演进:  82%|##################################################################4              | 82/100 [14:19<03:02, 10.15s/it]
2026-03-03 20:12:56 - ERROR - 遗传演进:  83%|###################################################################2             | 83/100 [14:29<02:52, 10.15s/it]
2026-03-03 20:13:06 - ERROR - 遗传演进:  84%|####################################################################             | 84/100 [14:39<02:41, 10.12s/it]
2026-03-03 20:13:16 - ERROR - 遗传演进:  85%|####################################################################8            | 85/100 [14:49<02:30, 10.06s/it]
2026-03-03 20:13:26 - ERROR - 遗传演进:  86%|#####################################################################6           | 86/100 [14:59<02:20, 10.05s/it]
2026-03-03 20:13:36 - ERROR - 遗传演进:  87%|######################################################################4          | 87/100 [15:09<02:10, 10.02s/it]
2026-03-03 20:13:46 - ERROR - 遗传演进:  88%|#######################################################################2         | 88/100 [15:19<02:00, 10.00s/it]
2026-03-03 20:13:56 - ERROR - 遗传演进:  89%|########################################################################         | 89/100 [15:29<01:50, 10.01s/it]
2026-03-03 20:14:06 - ERROR - 遗传演进:  90%|########################################################################9        | 90/100 [15:39<01:39, 10.00s/it]
2026-03-03 20:14:16 - INFO - 代  90: 平均适应度 = -266.4184, 最佳适应度 = -0.5194
2026-03-03 20:14:16 - ERROR - 遗传演进:  91%|#########################################################################7       | 91/100 [15:49<01:30, 10.02s/it]
2026-03-03 20:14:26 - ERROR - 遗传演进:  92%|##########################################################################5      | 92/100 [15:59<01:20, 10.04s/it]
2026-03-03 20:14:36 - ERROR - 遗传演进:  93%|###########################################################################3     | 93/100 [16:09<01:10, 10.05s/it]
2026-03-03 20:14:46 - ERROR - 遗传演进:  94%|############################################################################1    | 94/100 [16:19<01:00, 10.06s/it]
2026-03-03 20:14:56 - ERROR - 遗传演进:  95%|############################################################################9    | 95/100 [16:29<00:50, 10.09s/it]
2026-03-03 20:15:06 - ERROR - 遗传演进:  96%|#############################################################################7   | 96/100 [16:39<00:40, 10.10s/it]
2026-03-03 20:15:17 - ERROR - 遗传演进:  97%|##############################################################################5  | 97/100 [16:49<00:30, 10.11s/it]
2026-03-03 20:15:27 - ERROR - 遗传演进:  98%|###############################################################################3 | 98/100 [16:59<00:20, 10.09s/it]
2026-03-03 20:15:37 - ERROR - 遗传演进:  99%|################################################################################1| 99/100 [17:09<00:10, 10.09s/it]
2026-03-03 20:15:47 - INFO - 代  99: 平均适应度 = -96.3351, 最佳适应度 = -0.5137
2026-03-03 20:15:47 - ERROR - 遗传演进: 100%|################################################################################| 100/100 [17:19<00:00, 10.07s/it]
2026-03-03 20:15:47 - ERROR - 遗传演进: 100%|################################################################################| 100/100 [17:19<00:00, 10.40s/it]
2026-03-03 20:15:47 - INFO - 
============================================================
2026-03-03 20:15:47 - INFO - 遗传算法优化完成！
2026-03-03 20:15:47 - INFO - ============================================================
2026-03-03 20:15:47 - INFO - 最佳适应度: -0.5137
2026-03-03 20:15:47 - INFO - Using categorical units to plot a list of strings that are all parsable as floats or dates. If these strings should be plotted as numbers, cast to the appropriate data type before plotting.
2026-03-03 20:15:47 - INFO - Using categorical units to plot a list of strings that are all parsable as floats or dates. If these strings should be plotted as numbers, cast to the appropriate data type before plotting.
2026-03-03 20:15:47 - ERROR - D:\Projects\AI4RFIC\example\optimization_algorithm.py:639: UserWarning: Glyph 20195 (\N{CJK UNIFIED IDEOGRAPH-4EE3}) missing from font(s) DejaVu Sans.
  plt.tight_layout()

2026-03-03 20:15:47 - ERROR - D:\Projects\AI4RFIC\example\optimization_algorithm.py:639: UserWarning: Glyph 25968 (\N{CJK UNIFIED IDEOGRAPH-6570}) missing from font(s) DejaVu Sans.
  plt.tight_layout()

2026-03-03 20:15:47 - ERROR - D:\Projects\AI4RFIC\example\optimization_algorithm.py:640: UserWarning: Glyph 20195 (\N{CJK UNIFIED IDEOGRAPH-4EE3}) missing from font(s) DejaVu Sans.
  plt.savefig(os.path.join(output_dir, 'genetic_optimization_results.png'), dpi=300, bbox_inches='tight')

2026-03-03 20:15:47 - ERROR - D:\Projects\AI4RFIC\example\optimization_algorithm.py:640: UserWarning: Glyph 25968 (\N{CJK UNIFIED IDEOGRAPH-6570}) missing from font(s) DejaVu Sans.
  plt.savefig(os.path.join(output_dir, 'genetic_optimization_results.png'), dpi=300, bbox_inches='tight')

2026-03-03 20:15:48 - INFO - 阻抗对比图已保存至 impedance_comparison.png
2026-03-03 20:15:48 - INFO - 优化结果汇总:
2026-03-03 20:15:48 - INFO -   目标频率: 8.00-12.00 GHz
2026-03-03 20:15:48 - INFO -   频点数: 5
2026-03-03 20:15:48 - INFO -   最佳适应度: -0.5137
2026-03-03 20:15:48 - INFO -   平均代价: 0.5137
2026-03-03 20:15:48 - INFO -   矩阵密度: 0.449
2026-03-03 20:15:48 - INFO - 
优化结果已保存:
2026-03-03 20:15:48 - INFO -   - JSON文件: genetic_results/result_20260303_195827\optimization_results_20260303_201548.json
2026-03-03 20:15:48 - INFO -   - 矩阵文件: genetic_results/result_20260303_195827\optimized_matrix_20260303_201548.txt
2026-03-03 20:15:48 - INFO -   - 图像文件: genetic_results/result_20260303_195827\optimized_matrix_20260303_201548.png
2026-03-03 20:15:48 - INFO - 
程序运行完成，日志已保存到: logs/training_20260303_195825.log
2026-03-03 20:15:48 - INFO - ============================================================
