2026-03-03 20:33:51 - INFO - 日志文件保存到: logs/training_20260303_203351.log
2026-03-03 20:33:52 - INFO - 选择模型类型 (1: CnnNet, 2: ResidualNet): 
2026-03-03 20:33:53 - INFO - 选择运行模式 (1: 仅训练神经网络, 2: 仅运行遗传算法, 3: 测试S参数曲线: 
2026-03-03 20:33:53 - INFO - 
==================================================
2026-03-03 20:33:53 - INFO - 创建空白模型：
2026-03-03 20:33:53 - INFO - 
==================================================
2026-03-03 20:33:53 - INFO - 
==================================================
2026-03-03 20:33:53 - INFO - 模型加载：
2026-03-03 20:33:53 - INFO - 
==================================================
2026-03-03 20:33:53 - INFO - ModelManager初始化完成，使用设备: cuda
2026-03-03 20:33:53 - INFO - 检查点目录: frequency_checkpoints/best_model.pth
2026-03-03 20:33:53 - INFO - 
============================================================
2026-03-03 20:33:53 - INFO - 启动矩阵结构遗传优化
2026-03-03 20:33:53 - INFO - ============================================================
2026-03-03 20:33:53 - INFO - 输出目录: genetic_results/result_20260303_203353
2026-03-03 20:33:53 - INFO - 多频点优化: 5 个频点，范围 8.00 - 12.00 GHz
2026-03-03 20:33:53 - INFO - 目标反射系数示例: 0.4356+0.4625j ...
2026-03-03 20:33:53 - INFO - 矩阵遗传算法初始化完成
2026-03-03 20:33:53 - INFO - 矩阵形状: (19, 19)
2026-03-03 20:33:53 - INFO - 总像素数: 361
2026-03-03 20:33:53 - INFO - 使用设备: cuda
2026-03-03 20:33:53 - INFO - 
============================================================
2026-03-03 20:33:53 - INFO - 启动遗传算法优化
2026-03-03 20:33:53 - INFO - ============================================================
2026-03-03 20:33:53 - INFO - 目标频率: [8.0e+09 9.0e+09 1.0e+10 1.1e+10 1.2e+10] GHz
2026-03-03 20:33:53 - INFO - 目标参数: {'gamma_opt_list': [(0.4356021142838369+0.4624954638026175j), (0.40541585292679283+0.4723756815565138j), (0.3777874233576882+0.48373534250125844j), (0.35151108317739826+0.49608287888761227j), (0.3258678151005153+0.5089143148514843j)]}
2026-03-03 20:33:53 - INFO - 种群大小: 1024
2026-03-03 20:33:53 - INFO - 进化代数: 100
2026-03-03 20:33:53 - INFO - 变异率: 0.1
2026-03-03 20:33:53 - INFO - 交叉率: 0.8
2026-03-03 20:33:53 - INFO - 精英数量: 5
2026-03-03 20:33:53 - INFO - tournament_size: 128
2026-03-03 20:33:53 - INFO - ============================================================
2026-03-03 20:33:53 - INFO - 创建初始种群 (大小: 4096)...
2026-03-03 20:33:53 - ERROR - 创建种群:   0%|                                                                                         | 0/4096 [00:00<?, ?it/s]
2026-03-03 20:33:54 - ERROR - 创建种群:  83%|##############################################################4            | 3409/4096 [00:00<00:00, 33914.73it/s]
2026-03-03 20:33:54 - ERROR - 创建种群: 100%|###########################################################################| 4096/4096 [00:00<00:00, 33988.45it/s]
2026-03-03 20:33:54 - ERROR - 遗传演进:   0%|                                                                                          | 0/100 [00:00<?, ?it/s]
2026-03-03 20:34:32 - INFO - 当前代数: 0, 当前最佳适应度: -0.5921
2026-03-03 20:34:33 - INFO - 代   0: 平均适应度 = -1.7275, 最佳适应度 = -0.5921
2026-03-03 20:34:33 - ERROR - 遗传演进:   1%|8                                                                               | 1/100 [00:38<1:04:17, 38.97s/it]
2026-03-03 20:34:42 - INFO - 当前代数: 1, 当前最佳适应度: -0.5921
2026-03-03 20:34:42 - ERROR - 遗传演进:   2%|#6                                                                                | 2/100 [00:48<35:37, 21.82s/it]
2026-03-03 20:34:52 - INFO - 当前代数: 2, 当前最佳适应度: -0.5783
2026-03-03 20:34:52 - ERROR - 遗传演进:   3%|##4                                                                               | 3/100 [00:58<26:15, 16.24s/it]
2026-03-03 20:35:02 - INFO - 当前代数: 3, 当前最佳适应度: -0.5783
2026-03-03 20:35:02 - ERROR - 遗传演进:   4%|###2                                                                              | 4/100 [01:08<21:49, 13.64s/it]
2026-03-03 20:35:11 - INFO - 当前代数: 4, 当前最佳适应度: -0.5765
2026-03-03 20:35:11 - ERROR - 遗传演进:   5%|####1                                                                             | 5/100 [01:17<19:16, 12.18s/it]
2026-03-03 20:35:21 - INFO - 当前代数: 5, 当前最佳适应度: -0.5765
2026-03-03 20:35:21 - ERROR - 遗传演进:   6%|####9                                                                             | 6/100 [01:27<17:41, 11.29s/it]
2026-03-03 20:35:30 - INFO - 当前代数: 6, 当前最佳适应度: -0.5765
2026-03-03 20:35:30 - ERROR - 遗传演进:   7%|#####7                                                                            | 7/100 [01:36<16:38, 10.74s/it]
2026-03-03 20:35:40 - INFO - 当前代数: 7, 当前最佳适应度: -0.5633
2026-03-03 20:35:40 - ERROR - 遗传演进:   8%|######5                                                                           | 8/100 [01:46<15:54, 10.37s/it]
2026-03-03 20:35:49 - INFO - 当前代数: 8, 当前最佳适应度: -0.5633
2026-03-03 20:35:50 - ERROR - 遗传演进:   9%|#######3                                                                          | 9/100 [01:55<15:20, 10.11s/it]
2026-03-03 20:35:59 - INFO - 当前代数: 9, 当前最佳适应度: -0.5446
2026-03-03 20:35:59 - ERROR - 遗传演进:  10%|########1                                                                        | 10/100 [02:05<14:56,  9.96s/it]
2026-03-03 20:36:09 - INFO - 当前代数: 10, 当前最佳适应度: -0.5446
2026-03-03 20:36:09 - INFO - 代  10: 平均适应度 = -821.7527, 最佳适应度 = -0.5446
2026-03-03 20:36:09 - ERROR - 遗传演进:  11%|########9                                                                        | 11/100 [02:15<14:41,  9.90s/it]
2026-03-03 20:36:18 - INFO - 当前代数: 11, 当前最佳适应度: -0.5446
2026-03-03 20:36:19 - ERROR - 遗传演进:  12%|#########7                                                                       | 12/100 [02:24<14:23,  9.81s/it]
2026-03-03 20:36:28 - INFO - 当前代数: 12, 当前最佳适应度: -0.5446
2026-03-03 20:36:28 - ERROR - 遗传演进:  13%|##########5                                                                      | 13/100 [02:34<14:06,  9.73s/it]
2026-03-03 20:36:38 - INFO - 当前代数: 13, 当前最佳适应度: -0.5436
2026-03-03 20:36:38 - ERROR - 遗传演进:  14%|###########3                                                                     | 14/100 [02:44<13:58,  9.75s/it]
2026-03-03 20:36:48 - INFO - 当前代数: 14, 当前最佳适应度: -0.5436
2026-03-03 20:36:48 - ERROR - 遗传演进:  15%|############1                                                                    | 15/100 [02:54<13:48,  9.75s/it]
2026-03-03 20:36:57 - INFO - 当前代数: 15, 当前最佳适应度: -0.5436
2026-03-03 20:36:57 - ERROR - 遗传演进:  16%|############9                                                                    | 16/100 [03:03<13:37,  9.74s/it]
2026-03-03 20:37:07 - INFO - 当前代数: 16, 当前最佳适应度: -0.5436
2026-03-03 20:37:07 - ERROR - 遗传演进:  17%|#############7                                                                   | 17/100 [03:13<13:24,  9.69s/it]
2026-03-03 20:37:16 - INFO - 当前代数: 17, 当前最佳适应度: -0.5436
2026-03-03 20:37:17 - ERROR - 遗传演进:  18%|##############5                                                                  | 18/100 [03:22<13:12,  9.67s/it]
2026-03-03 20:37:26 - INFO - 当前代数: 18, 当前最佳适应度: -0.5436
2026-03-03 20:37:26 - ERROR - 遗传演进:  19%|###############3                                                                 | 19/100 [03:32<13:02,  9.66s/it]
2026-03-03 20:37:36 - INFO - 当前代数: 19, 当前最佳适应度: -0.5436
2026-03-03 20:37:36 - ERROR - 遗传演进:  20%|################2                                                                | 20/100 [03:42<12:51,  9.64s/it]
2026-03-03 20:37:45 - INFO - 当前代数: 20, 当前最佳适应度: -0.5436
2026-03-03 20:37:45 - INFO - 代  20: 平均适应度 = -691.6549, 最佳适应度 = -0.5436
2026-03-03 20:37:45 - ERROR - 遗传演进:  21%|#################                                                                | 21/100 [03:51<12:40,  9.63s/it]
2026-03-03 20:37:55 - INFO - 当前代数: 21, 当前最佳适应度: -0.5436
2026-03-03 20:37:55 - ERROR - 遗传演进:  22%|#################8                                                               | 22/100 [04:01<12:30,  9.62s/it]
2026-03-03 20:38:05 - INFO - 当前代数: 22, 当前最佳适应度: -0.5342
2026-03-03 20:38:05 - ERROR - 遗传演进:  23%|##################6                                                              | 23/100 [04:10<12:21,  9.62s/it]
2026-03-03 20:38:14 - INFO - 当前代数: 23, 当前最佳适应度: -0.5342
2026-03-03 20:38:14 - ERROR - 遗传演进:  24%|###################4                                                             | 24/100 [04:20<12:11,  9.62s/it]
2026-03-03 20:38:24 - INFO - 当前代数: 24, 当前最佳适应度: -0.5342
2026-03-03 20:38:24 - ERROR - 遗传演进:  25%|####################2                                                            | 25/100 [04:30<12:03,  9.64s/it]
2026-03-03 20:38:33 - INFO - 当前代数: 25, 当前最佳适应度: -0.5342
2026-03-03 20:38:34 - ERROR - 遗传演进:  26%|#####################                                                            | 26/100 [04:39<11:53,  9.64s/it]
2026-03-03 20:38:43 - INFO - 当前代数: 26, 当前最佳适应度: -0.5342
2026-03-03 20:38:43 - ERROR - 遗传演进:  27%|#####################8                                                           | 27/100 [04:49<11:45,  9.66s/it]
2026-03-03 20:38:53 - INFO - 当前代数: 27, 当前最佳适应度: -0.5342
2026-03-03 20:38:53 - ERROR - 遗传演进:  28%|######################6                                                          | 28/100 [04:59<11:35,  9.66s/it]
2026-03-03 20:39:02 - INFO - 当前代数: 28, 当前最佳适应度: -0.5342
2026-03-03 20:39:02 - ERROR - 遗传演进:  29%|#######################4                                                         | 29/100 [05:08<11:23,  9.63s/it]
2026-03-03 20:39:12 - INFO - 当前代数: 29, 当前最佳适应度: -0.5342
2026-03-03 20:39:12 - ERROR - 遗传演进:  30%|########################3                                                        | 30/100 [05:18<11:12,  9.61s/it]
2026-03-03 20:39:21 - INFO - 当前代数: 30, 当前最佳适应度: -0.5342
2026-03-03 20:39:22 - INFO - 代  30: 平均适应度 = -684.7437, 最佳适应度 = -0.5342
2026-03-03 20:39:22 - ERROR - 遗传演进:  31%|#########################1                                                       | 31/100 [05:27<11:00,  9.58s/it]
2026-03-03 20:39:31 - INFO - 当前代数: 31, 当前最佳适应度: -0.5342
2026-03-03 20:39:31 - ERROR - 遗传演进:  32%|#########################9                                                       | 32/100 [05:37<10:51,  9.57s/it]
2026-03-03 20:39:40 - INFO - 当前代数: 32, 当前最佳适应度: -0.5342
2026-03-03 20:39:41 - ERROR - 遗传演进:  33%|##########################7                                                      | 33/100 [05:46<10:39,  9.55s/it]
2026-03-03 20:39:50 - INFO - 当前代数: 33, 当前最佳适应度: -0.5342
2026-03-03 20:39:50 - ERROR - 遗传演进:  34%|###########################5                                                     | 34/100 [05:56<10:29,  9.53s/it]
2026-03-03 20:39:59 - INFO - 当前代数: 34, 当前最佳适应度: -0.5342
2026-03-03 20:40:00 - ERROR - 遗传演进:  35%|############################3                                                    | 35/100 [06:05<10:18,  9.52s/it]
2026-03-03 20:40:09 - INFO - 当前代数: 35, 当前最佳适应度: -0.5342
2026-03-03 20:40:09 - ERROR - 遗传演进:  36%|#############################1                                                   | 36/100 [06:15<10:08,  9.51s/it]
2026-03-03 20:40:18 - INFO - 当前代数: 36, 当前最佳适应度: -0.5342
2026-03-03 20:40:19 - ERROR - 遗传演进:  37%|#############################9                                                   | 37/100 [06:24<09:59,  9.51s/it]
2026-03-03 20:40:28 - INFO - 当前代数: 37, 当前最佳适应度: -0.5342
2026-03-03 20:40:28 - ERROR - 遗传演进:  38%|##############################7                                                  | 38/100 [06:34<09:51,  9.53s/it]
2026-03-03 20:40:38 - INFO - 当前代数: 38, 当前最佳适应度: -0.5342
2026-03-03 20:40:38 - ERROR - 遗传演进:  39%|###############################5                                                 | 39/100 [06:44<09:40,  9.52s/it]
2026-03-03 20:40:47 - INFO - 当前代数: 39, 当前最佳适应度: -0.5342
2026-03-03 20:40:47 - ERROR - 遗传演进:  40%|################################4                                                | 40/100 [06:53<09:31,  9.53s/it]
2026-03-03 20:40:57 - INFO - 当前代数: 40, 当前最佳适应度: -0.5342
2026-03-03 20:40:57 - INFO - 代  40: 平均适应度 = -636.9445, 最佳适应度 = -0.5342
2026-03-03 20:40:57 - ERROR - 遗传演进:  41%|#################################2                                               | 41/100 [07:03<09:22,  9.54s/it]
2026-03-03 20:41:06 - INFO - 当前代数: 41, 当前最佳适应度: -0.5342
2026-03-03 20:41:06 - ERROR - 遗传演进:  42%|##################################                                               | 42/100 [07:12<09:14,  9.56s/it]
2026-03-03 20:41:16 - INFO - 当前代数: 42, 当前最佳适应度: -0.5342
2026-03-03 20:41:16 - ERROR - 遗传演进:  43%|##################################8                                              | 43/100 [07:22<09:13,  9.70s/it]
2026-03-03 20:41:26 - INFO - 当前代数: 43, 当前最佳适应度: -0.5342
2026-03-03 20:41:26 - ERROR - 遗传演进:  44%|###################################6                                             | 44/100 [07:32<09:04,  9.72s/it]
2026-03-03 20:41:36 - INFO - 当前代数: 44, 当前最佳适应度: -0.5342
2026-03-03 20:41:36 - ERROR - 遗传演进:  45%|####################################4                                            | 45/100 [07:42<08:54,  9.72s/it]
2026-03-03 20:41:46 - INFO - 当前代数: 45, 当前最佳适应度: -0.5342
2026-03-03 20:41:46 - ERROR - 遗传演进:  46%|#####################################2                                           | 46/100 [07:51<08:44,  9.72s/it]
2026-03-03 20:41:55 - INFO - 当前代数: 46, 当前最佳适应度: -0.5342
2026-03-03 20:41:55 - ERROR - 遗传演进:  47%|######################################                                           | 47/100 [08:01<08:34,  9.71s/it]
2026-03-03 20:42:05 - INFO - 当前代数: 47, 当前最佳适应度: -0.5342
2026-03-03 20:42:05 - ERROR - 遗传演进:  48%|######################################8                                          | 48/100 [08:11<08:23,  9.68s/it]
2026-03-03 20:42:14 - INFO - 当前代数: 48, 当前最佳适应度: -0.5342
2026-03-03 20:42:15 - ERROR - 遗传演进:  49%|#######################################6                                         | 49/100 [08:20<08:12,  9.66s/it]
2026-03-03 20:42:24 - INFO - 当前代数: 49, 当前最佳适应度: -0.5342
2026-03-03 20:42:24 - ERROR - 遗传演进:  50%|########################################5                                        | 50/100 [08:30<08:02,  9.65s/it]
2026-03-03 20:42:34 - INFO - 当前代数: 50, 当前最佳适应度: -0.5337
2026-03-03 20:42:34 - INFO - 代  50: 平均适应度 = -568.5620, 最佳适应度 = -0.5337
2026-03-03 20:42:34 - ERROR - 遗传演进:  51%|#########################################3                                       | 51/100 [08:40<07:53,  9.66s/it]
2026-03-03 20:42:43 - INFO - 当前代数: 51, 当前最佳适应度: -0.5337
2026-03-03 20:42:44 - ERROR - 遗传演进:  52%|##########################################1                                      | 52/100 [08:49<07:44,  9.67s/it]
2026-03-03 20:42:53 - INFO - 当前代数: 52, 当前最佳适应度: -0.5337
2026-03-03 20:42:53 - ERROR - 遗传演进:  53%|##########################################9                                      | 53/100 [08:59<07:34,  9.66s/it]
2026-03-03 20:43:03 - INFO - 当前代数: 53, 当前最佳适应度: -0.5337
2026-03-03 20:43:03 - ERROR - 遗传演进:  54%|###########################################7                                     | 54/100 [09:09<07:23,  9.64s/it]
2026-03-03 20:43:12 - INFO - 当前代数: 54, 当前最佳适应度: -0.5337
2026-03-03 20:43:12 - ERROR - 遗传演进:  55%|############################################5                                    | 55/100 [09:18<07:14,  9.65s/it]
2026-03-03 20:43:22 - INFO - 当前代数: 55, 当前最佳适应度: -0.5337
2026-03-03 20:43:22 - ERROR - 遗传演进:  56%|#############################################3                                   | 56/100 [09:28<07:05,  9.67s/it]
2026-03-03 20:43:32 - INFO - 当前代数: 56, 当前最佳适应度: -0.5337
2026-03-03 20:43:32 - ERROR - 遗传演进:  57%|##############################################1                                  | 57/100 [09:38<06:56,  9.68s/it]
2026-03-03 20:43:41 - INFO - 当前代数: 57, 当前最佳适应度: -0.5337
2026-03-03 20:43:42 - ERROR - 遗传演进:  58%|##############################################9                                  | 58/100 [09:47<06:46,  9.69s/it]
2026-03-03 20:43:51 - INFO - 当前代数: 58, 当前最佳适应度: -0.5306
2026-03-03 20:43:51 - ERROR - 遗传演进:  59%|###############################################7                                 | 59/100 [09:57<06:38,  9.71s/it]
2026-03-03 20:44:01 - INFO - 当前代数: 59, 当前最佳适应度: -0.5306
2026-03-03 20:44:01 - ERROR - 遗传演进:  60%|################################################6                                | 60/100 [10:07<06:26,  9.67s/it]
2026-03-03 20:44:10 - INFO - 当前代数: 60, 当前最佳适应度: -0.5306
2026-03-03 20:44:10 - INFO - 代  60: 平均适应度 = -550.9372, 最佳适应度 = -0.5306
2026-03-03 20:44:10 - ERROR - 遗传演进:  61%|#################################################4                               | 61/100 [10:16<06:16,  9.64s/it]
2026-03-03 20:44:20 - INFO - 当前代数: 61, 当前最佳适应度: -0.5306
2026-03-03 20:44:20 - ERROR - 遗传演进:  62%|##################################################2                              | 62/100 [10:26<06:08,  9.71s/it]
2026-03-03 20:44:30 - INFO - 当前代数: 62, 当前最佳适应度: -0.5306
2026-03-03 20:44:30 - ERROR - 遗传演进:  63%|###################################################                              | 63/100 [10:36<06:03,  9.83s/it]
2026-03-03 20:44:41 - INFO - 当前代数: 63, 当前最佳适应度: -0.5306
2026-03-03 20:44:41 - ERROR - 遗传演进:  64%|###################################################8                             | 64/100 [10:47<05:58,  9.97s/it]
2026-03-03 20:44:51 - INFO - 当前代数: 64, 当前最佳适应度: -0.5306
2026-03-03 20:44:51 - ERROR - 遗传演进:  65%|####################################################6                            | 65/100 [10:57<05:50, 10.02s/it]
2026-03-03 20:45:01 - INFO - 当前代数: 65, 当前最佳适应度: -0.5306
2026-03-03 20:45:01 - ERROR - 遗传演进:  66%|#####################################################4                           | 66/100 [11:07<05:39,  9.98s/it]
2026-03-03 20:45:11 - INFO - 当前代数: 66, 当前最佳适应度: -0.5304
2026-03-03 20:45:11 - ERROR - 遗传演进:  67%|######################################################2                          | 67/100 [11:17<05:29,  9.99s/it]
2026-03-03 20:45:21 - INFO - 当前代数: 67, 当前最佳适应度: -0.5304
2026-03-03 20:45:21 - ERROR - 遗传演进:  68%|#######################################################                          | 68/100 [11:27<05:19,  9.97s/it]
2026-03-03 20:45:30 - INFO - 当前代数: 68, 当前最佳适应度: -0.5296
2026-03-03 20:45:31 - ERROR - 遗传演进:  69%|#######################################################8                         | 69/100 [11:36<05:08,  9.94s/it]
2026-03-03 20:45:40 - INFO - 当前代数: 69, 当前最佳适应度: -0.5296
2026-03-03 20:45:40 - ERROR - 遗传演进:  70%|########################################################7                        | 70/100 [11:46<04:57,  9.93s/it]
2026-03-03 20:45:50 - INFO - 当前代数: 70, 当前最佳适应度: -0.5296
2026-03-03 20:45:50 - INFO - 代  70: 平均适应度 = -509.8480, 最佳适应度 = -0.5296
2026-03-03 20:45:50 - ERROR - 遗传演进:  71%|#########################################################5                       | 71/100 [11:56<04:47,  9.92s/it]
2026-03-03 20:46:00 - INFO - 当前代数: 71, 当前最佳适应度: -0.5296
2026-03-03 20:46:00 - ERROR - 遗传演进:  72%|##########################################################3                      | 72/100 [12:06<04:38,  9.95s/it]
2026-03-03 20:46:10 - INFO - 当前代数: 72, 当前最佳适应度: -0.5296
2026-03-03 20:46:10 - ERROR - 遗传演进:  73%|###########################################################1                     | 73/100 [12:16<04:29,  9.98s/it]
2026-03-03 20:46:21 - INFO - 当前代数: 73, 当前最佳适应度: -0.5227
2026-03-03 20:46:21 - ERROR - 遗传演进:  74%|###########################################################9                     | 74/100 [12:27<04:21, 10.04s/it]
2026-03-03 20:46:31 - INFO - 当前代数: 74, 当前最佳适应度: -0.5227
2026-03-03 20:46:31 - ERROR - 遗传演进:  75%|############################################################7                    | 75/100 [12:37<04:10, 10.03s/it]
2026-03-03 20:46:41 - INFO - 当前代数: 75, 当前最佳适应度: -0.5227
2026-03-03 20:46:41 - ERROR - 遗传演进:  76%|#############################################################5                   | 76/100 [12:47<04:00, 10.02s/it]
2026-03-03 20:46:50 - INFO - 当前代数: 76, 当前最佳适应度: -0.5227
2026-03-03 20:46:51 - ERROR - 遗传演进:  77%|##############################################################3                  | 77/100 [12:56<03:50, 10.01s/it]
2026-03-03 20:47:01 - INFO - 当前代数: 77, 当前最佳适应度: -0.5227
2026-03-03 20:47:01 - ERROR - 遗传演进:  78%|###############################################################1                 | 78/100 [13:07<03:40, 10.03s/it]
2026-03-03 20:47:11 - INFO - 当前代数: 78, 当前最佳适应度: -0.5227
2026-03-03 20:47:11 - ERROR - 遗传演进:  79%|###############################################################9                 | 79/100 [13:17<03:31, 10.05s/it]
2026-03-03 20:47:21 - INFO - 当前代数: 79, 当前最佳适应度: -0.5227
2026-03-03 20:47:21 - ERROR - 遗传演进:  80%|################################################################8                | 80/100 [13:27<03:21, 10.07s/it]
2026-03-03 20:47:31 - INFO - 当前代数: 80, 当前最佳适应度: -0.5227
2026-03-03 20:47:31 - INFO - 代  80: 平均适应度 = -423.7970, 最佳适应度 = -0.5227
2026-03-03 20:47:31 - ERROR - 遗传演进:  81%|#################################################################6               | 81/100 [13:37<03:11, 10.07s/it]
2026-03-03 20:47:41 - INFO - 当前代数: 81, 当前最佳适应度: -0.5227
2026-03-03 20:47:41 - ERROR - 遗传演进:  82%|##################################################################4              | 82/100 [13:47<03:01, 10.09s/it]
2026-03-03 20:47:51 - INFO - 当前代数: 82, 当前最佳适应度: -0.5227
2026-03-03 20:47:51 - ERROR - 遗传演进:  83%|###################################################################2             | 83/100 [13:57<02:51, 10.11s/it]
2026-03-03 20:48:01 - INFO - 当前代数: 83, 当前最佳适应度: -0.5227
2026-03-03 20:48:01 - ERROR - 遗传演进:  84%|####################################################################             | 84/100 [14:07<02:41, 10.10s/it]
2026-03-03 20:48:11 - INFO - 当前代数: 84, 当前最佳适应度: -0.5227
2026-03-03 20:48:11 - ERROR - 遗传演进:  85%|####################################################################8            | 85/100 [14:17<02:31, 10.10s/it]
2026-03-03 20:48:21 - INFO - 当前代数: 85, 当前最佳适应度: -0.5227
2026-03-03 20:48:22 - ERROR - 遗传演进:  86%|#####################################################################6           | 86/100 [14:27<02:21, 10.09s/it]
2026-03-03 20:48:32 - INFO - 当前代数: 86, 当前最佳适应度: -0.5227
2026-03-03 20:48:32 - ERROR - 遗传演进:  87%|######################################################################4          | 87/100 [14:37<02:11, 10.09s/it]
2026-03-03 20:48:42 - INFO - 当前代数: 87, 当前最佳适应度: -0.5219
2026-03-03 20:48:42 - ERROR - 遗传演进:  88%|#######################################################################2         | 88/100 [14:48<02:01, 10.09s/it]
2026-03-03 20:48:52 - INFO - 当前代数: 88, 当前最佳适应度: -0.5208
2026-03-03 20:48:52 - ERROR - 遗传演进:  89%|########################################################################         | 89/100 [14:58<01:50, 10.08s/it]
2026-03-03 20:49:02 - INFO - 当前代数: 89, 当前最佳适应度: -0.5208
2026-03-03 20:49:02 - ERROR - 遗传演进:  90%|########################################################################9        | 90/100 [15:08<01:40, 10.08s/it]
2026-03-03 20:49:12 - INFO - 当前代数: 90, 当前最佳适应度: -0.5194
2026-03-03 20:49:12 - INFO - 代  90: 平均适应度 = -266.4184, 最佳适应度 = -0.5194
2026-03-03 20:49:12 - ERROR - 遗传演进:  91%|#########################################################################7       | 91/100 [15:18<01:30, 10.08s/it]
2026-03-03 20:49:22 - INFO - 当前代数: 91, 当前最佳适应度: -0.5194
2026-03-03 20:49:22 - ERROR - 遗传演进:  92%|##########################################################################5      | 92/100 [15:28<01:20, 10.09s/it]
2026-03-03 20:49:32 - INFO - 当前代数: 92, 当前最佳适应度: -0.5190
2026-03-03 20:49:32 - ERROR - 遗传演进:  93%|###########################################################################3     | 93/100 [15:38<01:10, 10.08s/it]
2026-03-03 20:49:42 - INFO - 当前代数: 93, 当前最佳适应度: -0.5174
2026-03-03 20:49:42 - ERROR - 遗传演进:  94%|############################################################################1    | 94/100 [15:48<01:00, 10.09s/it]
2026-03-03 20:49:52 - INFO - 当前代数: 94, 当前最佳适应度: -0.5168
2026-03-03 20:49:52 - ERROR - 遗传演进:  95%|############################################################################9    | 95/100 [15:58<00:50, 10.08s/it]
2026-03-03 20:50:02 - INFO - 当前代数: 95, 当前最佳适应度: -0.5161
2026-03-03 20:50:02 - ERROR - 遗传演进:  96%|#############################################################################7   | 96/100 [16:08<00:40, 10.09s/it]
2026-03-03 20:50:12 - INFO - 当前代数: 96, 当前最佳适应度: -0.5152
2026-03-03 20:50:13 - ERROR - 遗传演进:  97%|##############################################################################5  | 97/100 [16:18<00:30, 10.11s/it]
2026-03-03 20:50:23 - INFO - 当前代数: 97, 当前最佳适应度: -0.5146
2026-03-03 20:50:23 - ERROR - 遗传演进:  98%|###############################################################################3 | 98/100 [16:29<00:20, 10.17s/it]
2026-03-03 20:50:33 - INFO - 当前代数: 98, 当前最佳适应度: -0.5140
2026-03-03 20:50:33 - ERROR - 遗传演进:  99%|################################################################################1| 99/100 [16:39<00:10, 10.16s/it]
2026-03-03 20:50:43 - INFO - 当前代数: 99, 当前最佳适应度: -0.5137
2026-03-03 20:50:43 - INFO - 代  99: 平均适应度 = -96.3351, 最佳适应度 = -0.5137
2026-03-03 20:50:43 - ERROR - 遗传演进: 100%|################################################################################| 100/100 [16:49<00:00, 10.14s/it]
2026-03-03 20:50:43 - ERROR - 遗传演进: 100%|################################################################################| 100/100 [16:49<00:00, 10.09s/it]
2026-03-03 20:50:43 - INFO - 
============================================================
2026-03-03 20:50:43 - INFO - 遗传算法优化完成！
2026-03-03 20:50:43 - INFO - ============================================================
2026-03-03 20:50:43 - INFO - 最佳适应度: -0.5137
2026-03-03 20:50:43 - INFO - Using categorical units to plot a list of strings that are all parsable as floats or dates. If these strings should be plotted as numbers, cast to the appropriate data type before plotting.
2026-03-03 20:50:43 - INFO - Using categorical units to plot a list of strings that are all parsable as floats or dates. If these strings should be plotted as numbers, cast to the appropriate data type before plotting.
2026-03-03 20:50:43 - ERROR - D:\Projects\AI4RFIC\example\optimization_algorithm.py:639: UserWarning: Glyph 20195 (\N{CJK UNIFIED IDEOGRAPH-4EE3}) missing from font(s) DejaVu Sans.
  plt.tight_layout()

2026-03-03 20:50:43 - ERROR - D:\Projects\AI4RFIC\example\optimization_algorithm.py:639: UserWarning: Glyph 25968 (\N{CJK UNIFIED IDEOGRAPH-6570}) missing from font(s) DejaVu Sans.
  plt.tight_layout()

2026-03-03 20:50:43 - ERROR - D:\Projects\AI4RFIC\example\optimization_algorithm.py:640: UserWarning: Glyph 20195 (\N{CJK UNIFIED IDEOGRAPH-4EE3}) missing from font(s) DejaVu Sans.
  plt.savefig(os.path.join(output_dir, 'genetic_optimization_results.png'), dpi=300, bbox_inches='tight')

2026-03-03 20:50:43 - ERROR - D:\Projects\AI4RFIC\example\optimization_algorithm.py:640: UserWarning: Glyph 25968 (\N{CJK UNIFIED IDEOGRAPH-6570}) missing from font(s) DejaVu Sans.
  plt.savefig(os.path.join(output_dir, 'genetic_optimization_results.png'), dpi=300, bbox_inches='tight')

2026-03-03 20:50:44 - INFO - 阻抗对比图已保存至 impedance_comparison.png
2026-03-03 20:50:44 - INFO - 优化结果汇总:
2026-03-03 20:50:44 - INFO -   目标频率: 8.00-12.00 GHz
2026-03-03 20:50:44 - INFO -   频点数: 5
2026-03-03 20:50:44 - INFO -   最佳适应度: -0.5137
2026-03-03 20:50:44 - INFO -   平均代价: 0.5137
2026-03-03 20:50:44 - INFO -   矩阵密度: 0.449
2026-03-03 20:50:44 - INFO - 
优化结果已保存:
2026-03-03 20:50:44 - INFO -   - JSON文件: genetic_results/result_20260303_203353\optimization_results_20260303_205044.json
2026-03-03 20:50:44 - INFO -   - 矩阵文件: genetic_results/result_20260303_203353\optimized_matrix_20260303_205044.txt
2026-03-03 20:50:44 - INFO -   - 图像文件: genetic_results/result_20260303_203353\optimized_matrix_20260303_205044.png
2026-03-03 20:50:44 - INFO - 
程序运行完成，日志已保存到: logs/training_20260303_203351.log
2026-03-03 20:50:44 - INFO - ============================================================
