2026-03-03 15:24:46 - INFO - 日志文件保存到: logs/training_20260303_152446.log
2026-03-03 15:24:46 - INFO - 选择模型类型 (1: CnnNet, 2: ResidualNet): 
2026-03-03 15:24:47 - INFO - 选择运行模式 (1: 仅训练神经网络, 2: 仅运行遗传算法, 3: 测试S参数曲线: 
2026-03-03 15:24:47 - INFO - 
==================================================
2026-03-03 15:24:47 - INFO - 创建空白模型：
2026-03-03 15:24:47 - INFO - 
==================================================
2026-03-03 15:24:48 - INFO - 
==================================================
2026-03-03 15:24:48 - INFO - 模型加载：
2026-03-03 15:24:48 - INFO - 
==================================================
2026-03-03 15:24:48 - INFO - ModelManager初始化完成，使用设备: cuda
2026-03-03 15:24:48 - INFO - 检查点目录: frequency_checkpoints/best_model.pth
2026-03-03 15:24:48 - INFO - 
============================================================
2026-03-03 15:24:48 - INFO - 启动矩阵结构遗传优化
2026-03-03 15:24:48 - INFO - ============================================================
2026-03-03 15:24:48 - INFO - 输出目录: genetic_results/result_20260303_152448
2026-03-03 15:24:48 - INFO - 多频点优化: 11 个频点，范围 5.00 - 15.00 GHz
2026-03-03 15:24:48 - INFO - 目标反射系数示例: 0.5667+0.4407j ...
2026-03-03 15:24:48 - INFO - 矩阵遗传算法初始化完成
2026-03-03 15:24:48 - INFO - 矩阵形状: (19, 19)
2026-03-03 15:24:48 - INFO - 总像素数: 361
2026-03-03 15:24:48 - INFO - 使用设备: cuda
2026-03-03 15:24:48 - INFO - 
============================================================
2026-03-03 15:24:48 - INFO - 启动遗传算法优化
2026-03-03 15:24:48 - INFO - ============================================================
2026-03-03 15:24:48 - INFO - 目标频率: [5.0e+09 6.0e+09 7.0e+09 8.0e+09 9.0e+09 1.0e+10 1.1e+10 1.2e+10 1.3e+10
 1.4e+10 1.5e+10] GHz
2026-03-03 15:24:48 - INFO - 目标参数: {'gamma_opt_list': [(0.5666556295711871+0.4406851298322658j), (0.5124964669912685+0.4477459711527314j), (0.47004943337713845+0.4547391419617379j), (0.4356021142838369+0.4624954638026175j), (0.40541585292679283+0.4723756815565138j), (0.3777874233576882+0.48373534250125844j), (0.35151108317739826+0.49608287888761227j), (0.3258678151005153+0.5089143148514843j), (0.3004544580170129+0.5217846045351245j), (0.2746010564514716+0.5348312019299799j), (0.24964416315782836+0.5462680895744499j)]}
2026-03-03 15:24:48 - INFO - 种群大小: 1024
2026-03-03 15:24:48 - INFO - 进化代数: 100
2026-03-03 15:24:48 - INFO - 变异率: 0.1
2026-03-03 15:24:48 - INFO - 交叉率: 0.8
2026-03-03 15:24:48 - INFO - 精英数量: 5
2026-03-03 15:24:48 - INFO - tournament_size: 128
2026-03-03 15:24:48 - INFO - ============================================================
2026-03-03 15:24:48 - INFO - 创建初始种群 (大小: 4096)...
2026-03-03 15:24:48 - ERROR - 创建种群:   0%|                                                                | 0/4096 [00:00<?, ?it/s]
2026-03-03 15:24:48 - ERROR - 创建种群: 100%|#################################################| 4096/4096 [00:00<00:00, 240941.74it/s]
2026-03-03 15:24:48 - ERROR - 遗传演进:   0%|                                                                 | 0/100 [00:00<?, ?it/s]
2026-03-03 15:26:13 - INFO - 代   0: 平均适应度 = -1.4423, 最佳适应度 = -0.5989
2026-03-03 15:26:13 - ERROR - 遗传演进:   1%|5                                                      | 1/100 [01:25<2:21:24, 85.70s/it]
2026-03-03 15:26:34 - ERROR - 遗传演进:   2%|#1                                                     | 2/100 [01:46<1:17:59, 47.75s/it]
2026-03-03 15:26:43 - ERROR - 遗传演进:   2%|#1                                                     | 2/100 [01:55<1:34:38, 57.95s/it]
2026-03-03 15:26:43 - ERROR - Traceback (most recent call last):

2026-03-03 15:26:43 - ERROR -   File "D:\Projects\AI4RFIC\example\main.py", line 635, in <module>

2026-03-03 15:26:43 - ERROR - best_matrix, best_info, best_fitness = run_genetic_optimization(
2026-03-03 15:26:43 - ERROR - ^
2026-03-03 15:26:43 - ERROR - ^
2026-03-03 15:26:43 - ERROR - ^
2026-03-03 15:26:43 - ERROR - ^
2026-03-03 15:26:43 - ERROR - ^
2026-03-03 15:26:43 - ERROR - ^
2026-03-03 15:26:43 - ERROR - ^
2026-03-03 15:26:43 - ERROR - ^
2026-03-03 15:26:43 - ERROR - ^
2026-03-03 15:26:43 - ERROR - ^
2026-03-03 15:26:43 - ERROR - ^
2026-03-03 15:26:43 - ERROR - ^
2026-03-03 15:26:43 - ERROR - ^
2026-03-03 15:26:43 - ERROR - ^
2026-03-03 15:26:43 - ERROR - ^
2026-03-03 15:26:43 - ERROR - ^
2026-03-03 15:26:43 - ERROR - ^
2026-03-03 15:26:43 - ERROR - ^
2026-03-03 15:26:43 - ERROR - ^
2026-03-03 15:26:43 - ERROR - ^
2026-03-03 15:26:43 - ERROR - ^
2026-03-03 15:26:43 - ERROR - ^
2026-03-03 15:26:43 - ERROR - ^
2026-03-03 15:26:43 - ERROR - ^
2026-03-03 15:26:43 - ERROR - ^
2026-03-03 15:26:43 - ERROR -   File "D:\Projects\AI4RFIC\example\main.py", line 468, in run_genetic_optimization

2026-03-03 15:26:43 - ERROR - best_matrix, best_info, best_fitness, fitness_history, best_fitness_history = ga.optimize(
2026-03-03 15:26:43 - ERROR - ^
2026-03-03 15:26:43 - ERROR - ^
2026-03-03 15:26:43 - ERROR - ^
2026-03-03 15:26:43 - ERROR - ^
2026-03-03 15:26:43 - ERROR - ^
2026-03-03 15:26:43 - ERROR - ^
2026-03-03 15:26:43 - ERROR - ^
2026-03-03 15:26:43 - ERROR - ^
2026-03-03 15:26:43 - ERROR - ^
2026-03-03 15:26:43 - ERROR - ^
2026-03-03 15:26:43 - ERROR - ^
2026-03-03 15:26:43 - ERROR - ^
2026-03-03 15:26:43 - ERROR -   File "D:\Projects\AI4RFIC\example\optimization_algorithm.py", line 428, in optimize

2026-03-03 15:26:43 - ERROR - fitness, info = self.fitness_function(matrix, target_freq, target_params)
2026-03-03 15:26:43 - ERROR - ^
2026-03-03 15:26:43 - ERROR - ^
2026-03-03 15:26:43 - ERROR - ^
2026-03-03 15:26:43 - ERROR - ^
2026-03-03 15:26:43 - ERROR - ^
2026-03-03 15:26:43 - ERROR - ^
2026-03-03 15:26:43 - ERROR - ^
2026-03-03 15:26:43 - ERROR - ^
2026-03-03 15:26:43 - ERROR - ^
2026-03-03 15:26:43 - ERROR - ^
2026-03-03 15:26:43 - ERROR - ^
2026-03-03 15:26:43 - ERROR - ^
2026-03-03 15:26:43 - ERROR - ^
2026-03-03 15:26:43 - ERROR - ^
2026-03-03 15:26:43 - ERROR - ^
2026-03-03 15:26:43 - ERROR - ^
2026-03-03 15:26:43 - ERROR - ^
2026-03-03 15:26:43 - ERROR - ^
2026-03-03 15:26:43 - ERROR - ^
2026-03-03 15:26:43 - ERROR - ^
2026-03-03 15:26:43 - ERROR - ^
2026-03-03 15:26:43 - ERROR - ^
2026-03-03 15:26:43 - ERROR - ^
2026-03-03 15:26:43 - ERROR - ^
2026-03-03 15:26:43 - ERROR - ^
2026-03-03 15:26:43 - ERROR - ^
2026-03-03 15:26:43 - ERROR - ^
2026-03-03 15:26:43 - ERROR - ^
2026-03-03 15:26:43 - ERROR - ^
2026-03-03 15:26:43 - ERROR - ^
2026-03-03 15:26:43 - ERROR - ^
2026-03-03 15:26:43 - ERROR - ^
2026-03-03 15:26:43 - ERROR - ^
2026-03-03 15:26:43 - ERROR - ^
2026-03-03 15:26:43 - ERROR - ^
2026-03-03 15:26:43 - ERROR - ^
2026-03-03 15:26:43 - ERROR - ^
2026-03-03 15:26:43 - ERROR - ^
2026-03-03 15:26:43 - ERROR - ^
2026-03-03 15:26:43 - ERROR - ^
2026-03-03 15:26:43 - ERROR - ^
2026-03-03 15:26:43 - ERROR - ^
2026-03-03 15:26:43 - ERROR - ^
2026-03-03 15:26:43 - ERROR - ^
2026-03-03 15:26:43 - ERROR - ^
2026-03-03 15:26:43 - ERROR - ^
2026-03-03 15:26:43 - ERROR - ^
2026-03-03 15:26:43 - ERROR - ^
2026-03-03 15:26:43 - ERROR - ^
2026-03-03 15:26:43 - ERROR - ^
2026-03-03 15:26:43 - ERROR - ^
2026-03-03 15:26:43 - ERROR - ^
2026-03-03 15:26:43 - ERROR - ^
2026-03-03 15:26:43 - ERROR - ^
2026-03-03 15:26:43 - ERROR - ^
2026-03-03 15:26:43 - ERROR - ^
2026-03-03 15:26:43 - ERROR - ^
2026-03-03 15:26:43 - ERROR -   File "D:\Projects\AI4RFIC\example\optimization_algorithm.py", line 185, in fitness_function

2026-03-03 15:26:43 - ERROR - s_params = self.predict_s_params(matrix, f)
2026-03-03 15:26:43 - ERROR - ^
2026-03-03 15:26:43 - ERROR - ^
2026-03-03 15:26:43 - ERROR - ^
2026-03-03 15:26:43 - ERROR - ^
2026-03-03 15:26:43 - ERROR - ^
2026-03-03 15:26:43 - ERROR - ^
2026-03-03 15:26:43 - ERROR - ^
2026-03-03 15:26:43 - ERROR - ^
2026-03-03 15:26:43 - ERROR - ^
2026-03-03 15:26:43 - ERROR - ^
2026-03-03 15:26:43 - ERROR - ^
2026-03-03 15:26:43 - ERROR - ^
2026-03-03 15:26:43 - ERROR - ^
2026-03-03 15:26:43 - ERROR - ^
2026-03-03 15:26:43 - ERROR - ^
2026-03-03 15:26:43 - ERROR - ^
2026-03-03 15:26:43 - ERROR - ^
2026-03-03 15:26:43 - ERROR - ^
2026-03-03 15:26:43 - ERROR - ^
2026-03-03 15:26:43 - ERROR - ^
2026-03-03 15:26:43 - ERROR - ^
2026-03-03 15:26:43 - ERROR - ^
2026-03-03 15:26:43 - ERROR - ^
2026-03-03 15:26:43 - ERROR - ^
2026-03-03 15:26:43 - ERROR - ^
2026-03-03 15:26:43 - ERROR - ^
2026-03-03 15:26:43 - ERROR - ^
2026-03-03 15:26:43 - ERROR - ^
2026-03-03 15:26:43 - ERROR - ^
2026-03-03 15:26:43 - ERROR - ^
2026-03-03 15:26:43 - ERROR - ^
2026-03-03 15:26:43 - ERROR - ^
2026-03-03 15:26:43 - ERROR -   File "D:\Projects\AI4RFIC\example\optimization_algorithm.py", line 108, in predict_s_params

2026-03-03 15:26:43 - ERROR - s_params = self.model_manager.predict_single_sample(matrix, frequency_norm)
2026-03-03 15:26:43 - ERROR - ^
2026-03-03 15:26:43 - ERROR - ^
2026-03-03 15:26:43 - ERROR - ^
2026-03-03 15:26:43 - ERROR - ^
2026-03-03 15:26:43 - ERROR - ^
2026-03-03 15:26:43 - ERROR - ^
2026-03-03 15:26:43 - ERROR - ^
2026-03-03 15:26:43 - ERROR - ^
2026-03-03 15:26:43 - ERROR - ^
2026-03-03 15:26:43 - ERROR - ^
2026-03-03 15:26:43 - ERROR - ^
2026-03-03 15:26:43 - ERROR - ^
2026-03-03 15:26:43 - ERROR - ^
2026-03-03 15:26:43 - ERROR - ^
2026-03-03 15:26:43 - ERROR - ^
2026-03-03 15:26:43 - ERROR - ^
2026-03-03 15:26:43 - ERROR - ^
2026-03-03 15:26:43 - ERROR - ^
2026-03-03 15:26:43 - ERROR - ^
2026-03-03 15:26:43 - ERROR - ^
2026-03-03 15:26:43 - ERROR - ^
2026-03-03 15:26:43 - ERROR - ^
2026-03-03 15:26:43 - ERROR - ^
2026-03-03 15:26:43 - ERROR - ^
2026-03-03 15:26:43 - ERROR - ^
2026-03-03 15:26:43 - ERROR - ^
2026-03-03 15:26:43 - ERROR - ^
2026-03-03 15:26:43 - ERROR - ^
2026-03-03 15:26:43 - ERROR - ^
2026-03-03 15:26:43 - ERROR - ^
2026-03-03 15:26:43 - ERROR - ^
2026-03-03 15:26:43 - ERROR - ^
2026-03-03 15:26:43 - ERROR - ^
2026-03-03 15:26:43 - ERROR - ^
2026-03-03 15:26:43 - ERROR - ^
2026-03-03 15:26:43 - ERROR - ^
2026-03-03 15:26:43 - ERROR - ^
2026-03-03 15:26:43 - ERROR - ^
2026-03-03 15:26:43 - ERROR - ^
2026-03-03 15:26:43 - ERROR - ^
2026-03-03 15:26:43 - ERROR - ^
2026-03-03 15:26:43 - ERROR - ^
2026-03-03 15:26:43 - ERROR - ^
2026-03-03 15:26:43 - ERROR - ^
2026-03-03 15:26:43 - ERROR - ^
2026-03-03 15:26:43 - ERROR - ^
2026-03-03 15:26:43 - ERROR - ^
2026-03-03 15:26:43 - ERROR - ^
2026-03-03 15:26:43 - ERROR - ^
2026-03-03 15:26:43 - ERROR - ^
2026-03-03 15:26:43 - ERROR - ^
2026-03-03 15:26:43 - ERROR - ^
2026-03-03 15:26:43 - ERROR - ^
2026-03-03 15:26:43 - ERROR - ^
2026-03-03 15:26:43 - ERROR - ^
2026-03-03 15:26:43 - ERROR - ^
2026-03-03 15:26:43 - ERROR - ^
2026-03-03 15:26:43 - ERROR - ^
2026-03-03 15:26:43 - ERROR - ^
2026-03-03 15:26:43 - ERROR - ^
2026-03-03 15:26:43 - ERROR - ^
2026-03-03 15:26:43 - ERROR - ^
2026-03-03 15:26:43 - ERROR - ^
2026-03-03 15:26:43 - ERROR - ^
2026-03-03 15:26:43 - ERROR -   File "D:\Projects\AI4RFIC\example\train.py", line 646, in predict_single_sample

2026-03-03 15:26:43 - ERROR - predictions = self.model(matrix, frequency)
2026-03-03 15:26:43 - ERROR - ^
2026-03-03 15:26:43 - ERROR - ^
2026-03-03 15:26:43 - ERROR - ^
2026-03-03 15:26:43 - ERROR - ^
2026-03-03 15:26:43 - ERROR - ^
2026-03-03 15:26:43 - ERROR - ^
2026-03-03 15:26:43 - ERROR - ^
2026-03-03 15:26:43 - ERROR - ^
2026-03-03 15:26:43 - ERROR - ^
2026-03-03 15:26:43 - ERROR - ^
2026-03-03 15:26:43 - ERROR - ^
2026-03-03 15:26:43 - ERROR - ^
2026-03-03 15:26:43 - ERROR - ^
2026-03-03 15:26:43 - ERROR - ^
2026-03-03 15:26:43 - ERROR - ^
2026-03-03 15:26:43 - ERROR - ^
2026-03-03 15:26:43 - ERROR - ^
2026-03-03 15:26:43 - ERROR - ^
2026-03-03 15:26:43 - ERROR - ^
2026-03-03 15:26:43 - ERROR - ^
2026-03-03 15:26:43 - ERROR - ^
2026-03-03 15:26:43 - ERROR - ^
2026-03-03 15:26:43 - ERROR - ^
2026-03-03 15:26:43 - ERROR - ^
2026-03-03 15:26:43 - ERROR - ^
2026-03-03 15:26:43 - ERROR - ^
2026-03-03 15:26:43 - ERROR - ^
2026-03-03 15:26:43 - ERROR - ^
2026-03-03 15:26:43 - ERROR - ^
2026-03-03 15:26:43 - ERROR -   File "D:\Projects\AI4RFIC\.venv\Lib\site-packages\torch\nn\modules\module.py", line 1779, in _wrapped_call_impl

2026-03-03 15:26:43 - ERROR - return self._call_impl(*args, **kwargs)
2026-03-03 15:26:43 - ERROR - ^
2026-03-03 15:26:43 - ERROR - ^
2026-03-03 15:26:43 - ERROR - ^
2026-03-03 15:26:43 - ERROR - ^
2026-03-03 15:26:43 - ERROR - ^
2026-03-03 15:26:43 - ERROR - ^
2026-03-03 15:26:43 - ERROR - ^
2026-03-03 15:26:43 - ERROR - ^
2026-03-03 15:26:43 - ERROR - ^
2026-03-03 15:26:43 - ERROR - ^
2026-03-03 15:26:43 - ERROR - ^
2026-03-03 15:26:43 - ERROR - ^
2026-03-03 15:26:43 - ERROR - ^
2026-03-03 15:26:43 - ERROR - ^
2026-03-03 15:26:43 - ERROR - ^
2026-03-03 15:26:43 - ERROR - ^
2026-03-03 15:26:43 - ERROR - ^
2026-03-03 15:26:43 - ERROR - ^
2026-03-03 15:26:43 - ERROR - ^
2026-03-03 15:26:43 - ERROR - ^
2026-03-03 15:26:43 - ERROR - ^
2026-03-03 15:26:43 - ERROR - ^
2026-03-03 15:26:43 - ERROR - ^
2026-03-03 15:26:43 - ERROR - ^
2026-03-03 15:26:43 - ERROR - ^
2026-03-03 15:26:43 - ERROR - ^
2026-03-03 15:26:43 - ERROR - ^
2026-03-03 15:26:43 - ERROR - ^
2026-03-03 15:26:43 - ERROR - ^
2026-03-03 15:26:43 - ERROR - ^
2026-03-03 15:26:43 - ERROR - ^
2026-03-03 15:26:43 - ERROR - ^
2026-03-03 15:26:43 - ERROR -   File "D:\Projects\AI4RFIC\.venv\Lib\site-packages\torch\nn\modules\module.py", line 1790, in _call_impl

2026-03-03 15:26:43 - ERROR - return forward_call(*args, **kwargs)
2026-03-03 15:26:43 - ERROR - ^
2026-03-03 15:26:43 - ERROR - ^
2026-03-03 15:26:43 - ERROR - ^
2026-03-03 15:26:43 - ERROR - ^
2026-03-03 15:26:43 - ERROR - ^
2026-03-03 15:26:43 - ERROR - ^
2026-03-03 15:26:43 - ERROR - ^
2026-03-03 15:26:43 - ERROR - ^
2026-03-03 15:26:43 - ERROR - ^
2026-03-03 15:26:43 - ERROR - ^
2026-03-03 15:26:43 - ERROR - ^
2026-03-03 15:26:43 - ERROR - ^
2026-03-03 15:26:43 - ERROR - ^
2026-03-03 15:26:43 - ERROR - ^
2026-03-03 15:26:43 - ERROR - ^
2026-03-03 15:26:43 - ERROR - ^
2026-03-03 15:26:43 - ERROR - ^
2026-03-03 15:26:43 - ERROR - ^
2026-03-03 15:26:43 - ERROR - ^
2026-03-03 15:26:43 - ERROR - ^
2026-03-03 15:26:43 - ERROR - ^
2026-03-03 15:26:43 - ERROR - ^
2026-03-03 15:26:43 - ERROR - ^
2026-03-03 15:26:43 - ERROR - ^
2026-03-03 15:26:43 - ERROR - ^
2026-03-03 15:26:43 - ERROR - ^
2026-03-03 15:26:43 - ERROR - ^
2026-03-03 15:26:43 - ERROR - ^
2026-03-03 15:26:43 - ERROR - ^
2026-03-03 15:26:43 - ERROR -   File "D:\Projects\AI4RFIC\example\model.py", line 181, in forward

2026-03-03 15:26:43 - ERROR - x = self.conv_block1(matrix)  # (batch, 64, 9, 9)
2026-03-03 15:26:43 - ERROR - ^
2026-03-03 15:26:43 - ERROR - ^
2026-03-03 15:26:43 - ERROR - ^
2026-03-03 15:26:43 - ERROR - ^
2026-03-03 15:26:43 - ERROR - ^
2026-03-03 15:26:43 - ERROR - ^
2026-03-03 15:26:43 - ERROR - ^
2026-03-03 15:26:43 - ERROR - ^
2026-03-03 15:26:43 - ERROR - ^
2026-03-03 15:26:43 - ERROR - ^
2026-03-03 15:26:43 - ERROR - ^
2026-03-03 15:26:43 - ERROR - ^
2026-03-03 15:26:43 - ERROR - ^
2026-03-03 15:26:43 - ERROR - ^
2026-03-03 15:26:43 - ERROR - ^
2026-03-03 15:26:43 - ERROR - ^
2026-03-03 15:26:43 - ERROR - ^
2026-03-03 15:26:43 - ERROR - ^
2026-03-03 15:26:43 - ERROR - ^
2026-03-03 15:26:43 - ERROR - ^
2026-03-03 15:26:43 - ERROR - ^
2026-03-03 15:26:43 - ERROR - ^
2026-03-03 15:26:43 - ERROR - ^
2026-03-03 15:26:43 - ERROR - ^
2026-03-03 15:26:43 - ERROR -   File "D:\Projects\AI4RFIC\.venv\Lib\site-packages\torch\nn\modules\module.py", line 1779, in _wrapped_call_impl

2026-03-03 15:26:43 - ERROR - return self._call_impl(*args, **kwargs)
2026-03-03 15:26:43 - ERROR - ^
2026-03-03 15:26:43 - ERROR - ^
2026-03-03 15:26:43 - ERROR - ^
2026-03-03 15:26:43 - ERROR - ^
2026-03-03 15:26:43 - ERROR - ^
2026-03-03 15:26:43 - ERROR - ^
2026-03-03 15:26:43 - ERROR - ^
2026-03-03 15:26:43 - ERROR - ^
2026-03-03 15:26:43 - ERROR - ^
2026-03-03 15:26:43 - ERROR - ^
2026-03-03 15:26:43 - ERROR - ^
2026-03-03 15:26:43 - ERROR - ^
2026-03-03 15:26:43 - ERROR - ^
2026-03-03 15:26:43 - ERROR - ^
2026-03-03 15:26:43 - ERROR - ^
2026-03-03 15:26:43 - ERROR - ^
2026-03-03 15:26:43 - ERROR - ^
2026-03-03 15:26:43 - ERROR - ^
2026-03-03 15:26:43 - ERROR - ^
2026-03-03 15:26:43 - ERROR - ^
2026-03-03 15:26:43 - ERROR - ^
2026-03-03 15:26:43 - ERROR - ^
2026-03-03 15:26:43 - ERROR - ^
2026-03-03 15:26:43 - ERROR - ^
2026-03-03 15:26:43 - ERROR - ^
2026-03-03 15:26:43 - ERROR - ^
2026-03-03 15:26:43 - ERROR - ^
2026-03-03 15:26:43 - ERROR - ^
2026-03-03 15:26:43 - ERROR - ^
2026-03-03 15:26:43 - ERROR - ^
2026-03-03 15:26:43 - ERROR - ^
2026-03-03 15:26:43 - ERROR - ^
2026-03-03 15:26:43 - ERROR -   File "D:\Projects\AI4RFIC\.venv\Lib\site-packages\torch\nn\modules\module.py", line 1790, in _call_impl

2026-03-03 15:26:43 - ERROR - return forward_call(*args, **kwargs)
2026-03-03 15:26:43 - ERROR - ^
2026-03-03 15:26:43 - ERROR - ^
2026-03-03 15:26:43 - ERROR - ^
2026-03-03 15:26:43 - ERROR - ^
2026-03-03 15:26:43 - ERROR - ^
2026-03-03 15:26:43 - ERROR - ^
2026-03-03 15:26:43 - ERROR - ^
2026-03-03 15:26:43 - ERROR - ^
2026-03-03 15:26:43 - ERROR - ^
2026-03-03 15:26:43 - ERROR - ^
2026-03-03 15:26:43 - ERROR - ^
2026-03-03 15:26:43 - ERROR - ^
2026-03-03 15:26:43 - ERROR - ^
2026-03-03 15:26:43 - ERROR - ^
2026-03-03 15:26:43 - ERROR - ^
2026-03-03 15:26:43 - ERROR - ^
2026-03-03 15:26:43 - ERROR - ^
2026-03-03 15:26:43 - ERROR - ^
2026-03-03 15:26:43 - ERROR - ^
2026-03-03 15:26:43 - ERROR - ^
2026-03-03 15:26:43 - ERROR - ^
2026-03-03 15:26:43 - ERROR - ^
2026-03-03 15:26:43 - ERROR - ^
2026-03-03 15:26:43 - ERROR - ^
2026-03-03 15:26:43 - ERROR - ^
2026-03-03 15:26:43 - ERROR - ^
2026-03-03 15:26:43 - ERROR - ^
2026-03-03 15:26:43 - ERROR - ^
2026-03-03 15:26:43 - ERROR - ^
2026-03-03 15:26:43 - ERROR -   File "D:\Projects\AI4RFIC\.venv\Lib\site-packages\torch\nn\modules\container.py", line 253, in forward

2026-03-03 15:26:43 - ERROR - input = module(input)
2026-03-03 15:26:43 - ERROR - ^
2026-03-03 15:26:43 - ERROR - ^
2026-03-03 15:26:43 - ERROR - ^
2026-03-03 15:26:43 - ERROR - ^
2026-03-03 15:26:43 - ERROR - ^
2026-03-03 15:26:43 - ERROR - ^
2026-03-03 15:26:43 - ERROR - ^
2026-03-03 15:26:43 - ERROR - ^
2026-03-03 15:26:43 - ERROR - ^
2026-03-03 15:26:43 - ERROR - ^
2026-03-03 15:26:43 - ERROR - ^
2026-03-03 15:26:43 - ERROR - ^
2026-03-03 15:26:43 - ERROR - ^
2026-03-03 15:26:43 - ERROR -   File "D:\Projects\AI4RFIC\.venv\Lib\site-packages\torch\nn\modules\module.py", line 1779, in _wrapped_call_impl

2026-03-03 15:26:43 - ERROR - return self._call_impl(*args, **kwargs)
2026-03-03 15:26:43 - ERROR - ^
2026-03-03 15:26:43 - ERROR - ^
2026-03-03 15:26:43 - ERROR - ^
2026-03-03 15:26:43 - ERROR - ^
2026-03-03 15:26:43 - ERROR - ^
2026-03-03 15:26:43 - ERROR - ^
2026-03-03 15:26:43 - ERROR - ^
2026-03-03 15:26:43 - ERROR - ^
2026-03-03 15:26:43 - ERROR - ^
2026-03-03 15:26:43 - ERROR - ^
2026-03-03 15:26:43 - ERROR - ^
2026-03-03 15:26:43 - ERROR - ^
2026-03-03 15:26:43 - ERROR - ^
2026-03-03 15:26:43 - ERROR - ^
2026-03-03 15:26:43 - ERROR - ^
2026-03-03 15:26:43 - ERROR - ^
2026-03-03 15:26:43 - ERROR - ^
2026-03-03 15:26:43 - ERROR - ^
2026-03-03 15:26:43 - ERROR - ^
2026-03-03 15:26:43 - ERROR - ^
2026-03-03 15:26:43 - ERROR - ^
2026-03-03 15:26:43 - ERROR - ^
2026-03-03 15:26:43 - ERROR - ^
2026-03-03 15:26:43 - ERROR - ^
2026-03-03 15:26:43 - ERROR - ^
2026-03-03 15:26:43 - ERROR - ^
2026-03-03 15:26:43 - ERROR - ^
2026-03-03 15:26:43 - ERROR - ^
2026-03-03 15:26:43 - ERROR - ^
2026-03-03 15:26:43 - ERROR - ^
2026-03-03 15:26:43 - ERROR - ^
2026-03-03 15:26:43 - ERROR - ^
2026-03-03 15:26:43 - ERROR -   File "D:\Projects\AI4RFIC\.venv\Lib\site-packages\torch\nn\modules\module.py", line 1790, in _call_impl

2026-03-03 15:26:43 - ERROR - return forward_call(*args, **kwargs)
2026-03-03 15:26:43 - ERROR - ^
2026-03-03 15:26:43 - ERROR - ^
2026-03-03 15:26:43 - ERROR - ^
2026-03-03 15:26:43 - ERROR - ^
2026-03-03 15:26:43 - ERROR - ^
2026-03-03 15:26:43 - ERROR - ^
2026-03-03 15:26:43 - ERROR - ^
2026-03-03 15:26:43 - ERROR - ^
2026-03-03 15:26:43 - ERROR - ^
2026-03-03 15:26:43 - ERROR - ^
2026-03-03 15:26:43 - ERROR - ^
2026-03-03 15:26:43 - ERROR - ^
2026-03-03 15:26:43 - ERROR - ^
2026-03-03 15:26:43 - ERROR - ^
2026-03-03 15:26:43 - ERROR - ^
2026-03-03 15:26:43 - ERROR - ^
2026-03-03 15:26:43 - ERROR - ^
2026-03-03 15:26:43 - ERROR - ^
2026-03-03 15:26:43 - ERROR - ^
2026-03-03 15:26:43 - ERROR - ^
2026-03-03 15:26:43 - ERROR - ^
2026-03-03 15:26:43 - ERROR - ^
2026-03-03 15:26:43 - ERROR - ^
2026-03-03 15:26:43 - ERROR - ^
2026-03-03 15:26:43 - ERROR - ^
2026-03-03 15:26:43 - ERROR - ^
2026-03-03 15:26:43 - ERROR - ^
2026-03-03 15:26:43 - ERROR - ^
2026-03-03 15:26:43 - ERROR - ^
2026-03-03 15:26:43 - ERROR -   File "D:\Projects\AI4RFIC\.venv\Lib\site-packages\torch\nn\modules\conv.py", line 553, in forward

2026-03-03 15:26:43 - ERROR - return self._conv_forward(input, self.weight, self.bias)
2026-03-03 15:26:43 - ERROR - ^
2026-03-03 15:26:43 - ERROR - ^
2026-03-03 15:26:43 - ERROR - ^
2026-03-03 15:26:43 - ERROR - ^
2026-03-03 15:26:43 - ERROR - ^
2026-03-03 15:26:43 - ERROR - ^
2026-03-03 15:26:43 - ERROR - ^
2026-03-03 15:26:43 - ERROR - ^
2026-03-03 15:26:43 - ERROR - ^
2026-03-03 15:26:43 - ERROR - ^
2026-03-03 15:26:43 - ERROR - ^
2026-03-03 15:26:43 - ERROR - ^
2026-03-03 15:26:43 - ERROR - ^
2026-03-03 15:26:43 - ERROR - ^
2026-03-03 15:26:43 - ERROR - ^
2026-03-03 15:26:43 - ERROR - ^
2026-03-03 15:26:43 - ERROR - ^
2026-03-03 15:26:43 - ERROR - ^
2026-03-03 15:26:43 - ERROR - ^
2026-03-03 15:26:43 - ERROR - ^
2026-03-03 15:26:43 - ERROR - ^
2026-03-03 15:26:43 - ERROR - ^
2026-03-03 15:26:43 - ERROR - ^
2026-03-03 15:26:43 - ERROR - ^
2026-03-03 15:26:43 - ERROR - ^
2026-03-03 15:26:43 - ERROR - ^
2026-03-03 15:26:43 - ERROR - ^
2026-03-03 15:26:43 - ERROR - ^
2026-03-03 15:26:43 - ERROR - ^
2026-03-03 15:26:43 - ERROR - ^
2026-03-03 15:26:43 - ERROR - ^
2026-03-03 15:26:43 - ERROR - ^
2026-03-03 15:26:43 - ERROR - ^
2026-03-03 15:26:43 - ERROR - ^
2026-03-03 15:26:43 - ERROR - ^
2026-03-03 15:26:43 - ERROR - ^
2026-03-03 15:26:43 - ERROR - ^
2026-03-03 15:26:43 - ERROR - ^
2026-03-03 15:26:43 - ERROR - ^
2026-03-03 15:26:43 - ERROR - ^
2026-03-03 15:26:43 - ERROR - ^
2026-03-03 15:26:43 - ERROR - ^
2026-03-03 15:26:43 - ERROR - ^
2026-03-03 15:26:43 - ERROR - ^
2026-03-03 15:26:43 - ERROR - ^
2026-03-03 15:26:43 - ERROR - ^
2026-03-03 15:26:43 - ERROR - ^
2026-03-03 15:26:43 - ERROR - ^
2026-03-03 15:26:43 - ERROR - ^
2026-03-03 15:26:43 - ERROR -   File "D:\Projects\AI4RFIC\.venv\Lib\site-packages\torch\nn\modules\conv.py", line 548, in _conv_forward

2026-03-03 15:26:43 - ERROR - return F.conv2d(
2026-03-03 15:26:43 - ERROR - ^
2026-03-03 15:26:43 - ERROR - ^
2026-03-03 15:26:43 - ERROR - ^
2026-03-03 15:26:43 - ERROR - ^
2026-03-03 15:26:43 - ERROR - ^
2026-03-03 15:26:43 - ERROR - ^
2026-03-03 15:26:43 - ERROR - ^
2026-03-03 15:26:43 - ERROR - ^
2026-03-03 15:26:43 - ERROR - ^
2026-03-03 15:26:43 - ERROR - KeyboardInterrupt
