2026-03-02 20:38:22 - INFO - 日志文件保存到: logs/training_20260302_203822.log
2026-03-02 20:38:22 - INFO - 选择模型类型 (1: CnnNet, 2: ResidualNet): 
2026-03-02 20:38:23 - INFO - 选择运行模式 (1: 仅训练神经网络, 2: 仅运行遗传算法, 3: 测试S参数曲线: 
2026-03-02 20:38:24 - INFO - 
==================================================
2026-03-02 20:38:24 - INFO - 创建空白模型：
2026-03-02 20:38:24 - INFO - 
==================================================
2026-03-02 20:38:24 - INFO - 
==================================================
2026-03-02 20:38:24 - INFO - 模型加载：
2026-03-02 20:38:24 - INFO - 
==================================================
2026-03-02 20:38:24 - INFO - ModelManager初始化完成，使用设备: cuda
2026-03-02 20:38:24 - INFO - 检查点目录: frequency_checkpoints/best_model.pth
2026-03-02 20:38:24 - INFO - 
============================================================
2026-03-02 20:38:24 - INFO - 启动矩阵结构遗传优化
2026-03-02 20:38:24 - INFO - ============================================================
2026-03-02 20:38:24 - INFO - 多频点优化: 5 个频点，范围 8.00 - 12.00 GHz
2026-03-02 20:38:24 - INFO - 目标反射系数示例: 0.4356+0.4625j ...
2026-03-02 20:38:24 - INFO - 矩阵遗传算法初始化完成
2026-03-02 20:38:24 - INFO - 矩阵形状: (19, 19)
2026-03-02 20:38:24 - INFO - 总像素数: 361
2026-03-02 20:38:24 - INFO - 使用设备: cuda
2026-03-02 20:38:24 - INFO - 
============================================================
2026-03-02 20:38:24 - INFO - 启动遗传算法优化
2026-03-02 20:38:24 - INFO - ============================================================
2026-03-02 20:38:24 - INFO - 目标频率: [8.0e+09 9.0e+09 1.0e+10 1.1e+10 1.2e+10] GHz
2026-03-02 20:38:24 - INFO - 目标参数: {'gamma_opt_list': [(0.4356021142838369+0.4624954638026175j), (0.40541585292679283+0.4723756815565138j), (0.3777874233576882+0.48373534250125844j), (0.35151108317739826+0.49608287888761227j), (0.3258678151005153+0.5089143148514843j)]}
2026-03-02 20:38:24 - INFO - 种群大小: 1024
2026-03-02 20:38:24 - INFO - 进化代数: 100
2026-03-02 20:38:24 - INFO - 变异率: 0.1
2026-03-02 20:38:24 - INFO - 交叉率: 0.8
2026-03-02 20:38:24 - INFO - 精英数量: 5
2026-03-02 20:38:24 - INFO - tournament_size: 256
2026-03-02 20:38:24 - INFO - ============================================================
2026-03-02 20:38:24 - INFO - 创建初始种群 (大小: 4096)...
2026-03-02 20:38:24 - ERROR - 创建种群:   0%|                                                                                                                                                | 0/4096 [00:00<?, ?it/s]
2026-03-02 20:38:25 - ERROR - 创建种群: 100%|#################################################################################################################################| 4096/4096 [00:00<00:00, 110686.48it/s]
2026-03-02 20:38:25 - ERROR - 遗传演进:   0%|                                                                                                                                                 | 0/100 [00:00<?, ?it/s]
2026-03-02 20:39:42 - INFO - 代   0: 平均适应度 = -0.7596, 最佳适应度 = -0.5131
2026-03-02 20:39:42 - ERROR - 遗传演进:   1%|#3                                                                                                                                     | 1/100 [01:17<2:07:56, 77.54s/it]
2026-03-02 20:40:01 - ERROR - 遗传演进:   2%|##7                                                                                                                                    | 2/100 [01:35<1:09:52, 42.78s/it]
2026-03-02 20:40:19 - ERROR - 遗传演进:   3%|####1                                                                                                                                    | 3/100 [01:54<51:06, 31.61s/it]
2026-03-02 20:40:38 - ERROR - 遗传演进:   4%|#####4                                                                                                                                   | 4/100 [02:13<42:24, 26.51s/it]
2026-03-02 20:41:01 - ERROR - 遗传演进:   5%|######8                                                                                                                                  | 5/100 [02:36<40:18, 25.45s/it]
2026-03-02 20:41:21 - ERROR - 遗传演进:   6%|########2                                                                                                                                | 6/100 [02:56<36:48, 23.50s/it]
2026-03-02 20:41:39 - ERROR - 遗传演进:   7%|#########5                                                                                                                               | 7/100 [03:14<33:55, 21.88s/it]
2026-03-02 20:41:58 - ERROR - 遗传演进:   8%|##########9                                                                                                                              | 8/100 [03:33<31:44, 20.70s/it]
2026-03-02 20:42:16 - ERROR - 遗传演进:   9%|############3                                                                                                                            | 9/100 [03:51<30:09, 19.88s/it]
2026-03-02 20:42:34 - ERROR - 遗传演进:  10%|#############6                                                                                                                          | 10/100 [04:09<29:02, 19.36s/it]
2026-03-02 20:42:57 - INFO - 代  10: 平均适应度 = -0.7135, 最佳适应度 = -0.4809
2026-03-02 20:42:57 - ERROR - 遗传演进:  11%|##############9                                                                                                                         | 11/100 [04:32<30:17, 20.42s/it]
2026-03-02 20:43:18 - ERROR - 遗传演进:  12%|################3                                                                                                                       | 12/100 [04:53<30:11, 20.59s/it]
2026-03-02 20:43:36 - ERROR - 遗传演进:  13%|#################6                                                                                                                      | 13/100 [05:11<28:46, 19.85s/it]
2026-03-02 20:43:54 - ERROR - 遗传演进:  14%|###################                                                                                                                     | 14/100 [05:29<27:42, 19.33s/it]
2026-03-02 20:44:12 - ERROR - 遗传演进:  15%|####################4                                                                                                                   | 15/100 [05:47<26:52, 18.97s/it]
2026-03-02 20:44:30 - ERROR - 遗传演进:  16%|#####################7                                                                                                                  | 16/100 [06:05<26:10, 18.70s/it]
2026-03-02 20:44:52 - ERROR - 遗传演进:  17%|#######################1                                                                                                                | 17/100 [06:27<27:11, 19.66s/it]
2026-03-02 20:45:14 - ERROR - 遗传演进:  18%|########################4                                                                                                               | 18/100 [06:49<27:41, 20.26s/it]
2026-03-02 20:45:32 - ERROR - 遗传演进:  19%|#########################8                                                                                                              | 19/100 [07:07<26:33, 19.68s/it]
2026-03-02 20:45:50 - ERROR - 遗传演进:  20%|###########################2                                                                                                            | 20/100 [07:25<25:42, 19.28s/it]
2026-03-02 20:46:09 - INFO - 代  20: 平均适应度 = -0.7080, 最佳适应度 = -0.4809
2026-03-02 20:46:09 - ERROR - 遗传演进:  21%|############################5                                                                                                           | 21/100 [07:44<24:58, 18.97s/it]
2026-03-02 20:46:27 - ERROR - 遗传演进:  22%|#############################9                                                                                                          | 22/100 [08:01<24:16, 18.67s/it]
2026-03-02 20:46:47 - ERROR - 遗传演进:  23%|###############################2                                                                                                        | 23/100 [08:22<24:42, 19.25s/it]
2026-03-02 20:47:10 - ERROR - 遗传演进:  24%|################################6                                                                                                       | 24/100 [08:45<25:38, 20.24s/it]
2026-03-02 20:47:28 - ERROR - 遗传演进:  25%|##################################                                                                                                      | 25/100 [09:03<24:32, 19.63s/it]
2026-03-02 20:47:46 - ERROR - 遗传演进:  26%|###################################3                                                                                                    | 26/100 [09:21<23:41, 19.21s/it]
2026-03-02 20:48:04 - ERROR - 遗传演进:  27%|####################################7                                                                                                   | 27/100 [09:39<22:58, 18.88s/it]
2026-03-02 20:48:22 - ERROR - 遗传演进:  28%|######################################                                                                                                  | 28/100 [09:57<22:24, 18.67s/it]
2026-03-02 20:48:42 - ERROR - 遗传演进:  29%|#######################################4                                                                                                | 29/100 [10:17<22:23, 18.93s/it]
2026-03-02 20:49:06 - ERROR - 遗传演进:  30%|########################################8                                                                                               | 30/100 [10:41<23:43, 20.34s/it]
2026-03-02 20:49:24 - INFO - 代  30: 平均适应度 = -0.7103, 最佳适应度 = -0.4809
2026-03-02 20:49:24 - ERROR - 遗传演进:  31%|##########################################1                                                                                             | 31/100 [10:59<22:40, 19.71s/it]
2026-03-02 20:49:42 - ERROR - 遗传演进:  32%|###########################################5                                                                                            | 32/100 [11:17<21:48, 19.24s/it]
2026-03-02 20:50:00 - ERROR - 遗传演进:  33%|############################################8                                                                                           | 33/100 [11:35<21:05, 18.90s/it]
2026-03-02 20:50:18 - ERROR - 遗传演进:  34%|##############################################2                                                                                         | 34/100 [11:53<20:29, 18.62s/it]
2026-03-02 20:50:37 - ERROR - 遗传演进:  35%|###############################################5                                                                                        | 35/100 [12:12<20:11, 18.64s/it]
2026-03-02 20:51:00 - ERROR - 遗传演进:  36%|################################################9                                                                                       | 36/100 [12:35<21:23, 20.05s/it]
2026-03-02 20:51:20 - ERROR - 遗传演进:  37%|##################################################3                                                                                     | 37/100 [12:55<21:02, 20.04s/it]
2026-03-02 20:51:38 - ERROR - 遗传演进:  38%|###################################################6                                                                                    | 38/100 [13:13<20:10, 19.52s/it]
2026-03-02 20:51:57 - ERROR - 遗传演进:  39%|#####################################################                                                                                   | 39/100 [13:32<19:28, 19.15s/it]
2026-03-02 20:52:15 - ERROR - 遗传演进:  40%|######################################################4                                                                                 | 40/100 [13:50<18:53, 18.89s/it]
2026-03-02 20:52:33 - INFO - 代  40: 平均适应度 = -0.7103, 最佳适应度 = -0.4809
2026-03-02 20:52:33 - ERROR - 遗传演进:  41%|#######################################################7                                                                                | 41/100 [14:08<18:18, 18.62s/it]
2026-03-02 20:52:56 - ERROR - 遗传演进:  42%|#########################################################1                                                                              | 42/100 [14:31<19:10, 19.84s/it]
2026-03-02 21:00:48 - ERROR - 遗传演进:  43%|#########################################################1                                                                           | 43/100 [22:23<2:27:55, 155.71s/it]
2026-03-02 21:01:11 - ERROR - 遗传演进:  44%|##########################################################5                                                                          | 44/100 [22:46<1:47:59, 115.70s/it]
2026-03-02 21:01:29 - ERROR - 遗传演进:  45%|############################################################3                                                                         | 45/100 [23:04<1:19:20, 86.56s/it]
2026-03-02 21:01:48 - ERROR - 遗传演进:  46%|##############################################################5                                                                         | 46/100 [23:23<59:32, 66.15s/it]
2026-03-02 21:02:07 - ERROR - 遗传演进:  47%|###############################################################9                                                                        | 47/100 [23:42<45:54, 51.97s/it]
2026-03-02 21:02:25 - ERROR - 遗传演进:  48%|#################################################################2                                                                      | 48/100 [24:00<36:24, 42.01s/it]
2026-03-02 21:02:46 - ERROR - 遗传演进:  49%|##################################################################6                                                                     | 49/100 [24:21<30:19, 35.68s/it]
2026-03-02 21:03:10 - ERROR - 遗传演进:  50%|####################################################################                                                                    | 50/100 [24:45<26:36, 31.93s/it]
2026-03-02 21:03:29 - INFO - 代  50: 平均适应度 = -0.7083, 最佳适应度 = -0.4809
2026-03-02 21:03:29 - ERROR - 遗传演进:  51%|#####################################################################3                                                                  | 51/100 [25:04<23:01, 28.20s/it]
2026-03-02 21:03:48 - ERROR - 遗传演进:  52%|######################################################################7                                                                 | 52/100 [25:23<20:17, 25.35s/it]
2026-03-02 21:04:07 - ERROR - 遗传演进:  53%|########################################################################                                                                | 53/100 [25:42<18:18, 23.38s/it]
2026-03-02 21:04:25 - ERROR - 遗传演进:  54%|#########################################################################4                                                              | 54/100 [26:00<16:49, 21.95s/it]
2026-03-02 21:04:47 - ERROR - 遗传演进:  55%|##########################################################################8                                                             | 55/100 [26:22<16:21, 21.82s/it]
2026-03-02 21:05:09 - ERROR - 遗传演进:  56%|############################################################################1                                                           | 56/100 [26:44<16:12, 22.11s/it]
2026-03-02 21:05:29 - ERROR - 遗传演进:  57%|#############################################################################5                                                          | 57/100 [27:04<15:15, 21.29s/it]
2026-03-02 21:05:47 - ERROR - 遗传演进:  58%|##############################################################################8                                                         | 58/100 [27:22<14:17, 20.42s/it]
2026-03-02 21:06:07 - ERROR - 遗传演进:  59%|################################################################################2                                                       | 59/100 [27:42<13:47, 20.19s/it]
2026-03-02 21:06:26 - ERROR - 遗传演进:  60%|#################################################################################6                                                      | 60/100 [28:01<13:10, 19.75s/it]
2026-03-02 21:06:47 - INFO - 代  60: 平均适应度 = -0.7138, 最佳适应度 = -0.4809
2026-03-02 21:06:47 - ERROR - 遗传演进:  61%|##################################################################################9                                                     | 61/100 [28:22<13:10, 20.26s/it]
2026-03-02 21:07:10 - ERROR - 遗传演进:  62%|####################################################################################3                                                   | 62/100 [28:45<13:15, 20.94s/it]
2026-03-02 21:07:29 - ERROR - 遗传演进:  63%|#####################################################################################6                                                  | 63/100 [29:04<12:37, 20.47s/it]
2026-03-02 21:07:48 - ERROR - 遗传演进:  64%|#######################################################################################                                                 | 64/100 [29:23<11:59, 19.99s/it]
2026-03-02 21:08:07 - ERROR - 遗传演进:  65%|########################################################################################4                                               | 65/100 [29:42<11:27, 19.65s/it]
2026-03-02 21:08:25 - ERROR - 遗传演进:  66%|#########################################################################################7                                              | 66/100 [30:00<10:58, 19.36s/it]
2026-03-02 21:08:47 - ERROR - 遗传演进:  67%|###########################################################################################1                                            | 67/100 [30:22<11:03, 20.10s/it]
2026-03-02 21:09:10 - ERROR - 遗传演进:  68%|############################################################################################4                                           | 68/100 [30:45<11:05, 20.79s/it]
2026-03-02 21:09:29 - ERROR - 遗传演进:  69%|#############################################################################################8                                          | 69/100 [31:04<10:32, 20.42s/it]
2026-03-02 21:09:48 - ERROR - 遗传演进:  70%|###############################################################################################1                                        | 70/100 [31:23<10:00, 20.02s/it]
2026-03-02 21:10:07 - INFO - 代  70: 平均适应度 = -0.6996, 最佳适应度 = -0.4809
2026-03-02 21:10:07 - ERROR - 遗传演进:  71%|################################################################################################5                                       | 71/100 [31:42<09:30, 19.68s/it]
2026-03-02 21:10:26 - ERROR - 遗传演进:  72%|#################################################################################################9                                      | 72/100 [32:01<09:01, 19.35s/it]
2026-03-02 21:10:47 - ERROR - 遗传演进:  73%|###################################################################################################2                                    | 73/100 [32:22<08:55, 19.82s/it]
2026-03-02 21:11:09 - ERROR - 遗传演进:  74%|####################################################################################################6                                   | 74/100 [32:44<08:58, 20.70s/it]
2026-03-02 21:11:28 - ERROR - 遗传演进:  75%|######################################################################################################                                  | 75/100 [33:03<08:25, 20.20s/it]
2026-03-02 21:11:47 - ERROR - 遗传演进:  76%|#######################################################################################################3                                | 76/100 [33:22<07:54, 19.77s/it]
2026-03-02 21:12:06 - ERROR - 遗传演进:  77%|########################################################################################################7                               | 77/100 [33:41<07:26, 19.43s/it]
2026-03-02 21:12:25 - ERROR - 遗传演进:  78%|##########################################################################################################                              | 78/100 [34:00<07:05, 19.36s/it]
2026-03-02 21:12:46 - ERROR - 遗传演进:  79%|###########################################################################################################4                            | 79/100 [34:21<06:55, 19.79s/it]
2026-03-02 21:13:09 - ERROR - 遗传演进:  80%|############################################################################################################8                           | 80/100 [34:44<06:58, 20.94s/it]
2026-03-02 21:13:29 - INFO - 代  80: 平均适应度 = -0.6972, 最佳适应度 = -0.4803
2026-03-02 21:13:29 - ERROR - 遗传演进:  81%|##############################################################################################################1                         | 81/100 [35:04<06:30, 20.58s/it]
2026-03-02 21:13:48 - ERROR - 遗传演进:  82%|###############################################################################################################5                        | 82/100 [35:23<06:01, 20.08s/it]
2026-03-02 21:14:07 - ERROR - 遗传演进:  83%|################################################################################################################8                       | 83/100 [35:42<05:33, 19.64s/it]
2026-03-02 21:14:25 - ERROR - 遗传演进:  84%|##################################################################################################################2                     | 84/100 [36:00<05:09, 19.37s/it]
2026-03-02 21:14:46 - ERROR - 遗传演进:  85%|###################################################################################################################6                    | 85/100 [36:21<04:57, 19.82s/it]
2026-03-02 21:15:09 - ERROR - 遗传演进:  86%|####################################################################################################################9                   | 86/100 [36:44<04:50, 20.72s/it]
2026-03-02 21:15:28 - ERROR - 遗传演进:  87%|######################################################################################################################3                 | 87/100 [37:03<04:23, 20.26s/it]
2026-03-02 21:15:47 - ERROR - 遗传演进:  88%|#######################################################################################################################6                | 88/100 [37:22<03:58, 19.88s/it]
2026-03-02 21:16:06 - ERROR - 遗传演进:  89%|#########################################################################################################################               | 89/100 [37:41<03:34, 19.52s/it]
2026-03-02 21:16:25 - ERROR - 遗传演进:  90%|##########################################################################################################################4             | 90/100 [38:00<03:12, 19.24s/it]
2026-03-02 22:14:35 - INFO - 代  90: 平均适应度 = -0.7005, 最佳适应度 = -0.4803
2026-03-02 22:14:35 - ERROR - 遗传演进:  91%|######################################################################################################################3           | 91/100 [1:36:10<2:39:06, 1060.72s/it]
2026-03-02 22:14:57 - ERROR - 遗传演进:  92%|########################################################################################################################5          | 92/100 [1:36:32<1:39:51, 748.99s/it]
2026-03-02 22:15:17 - ERROR - 遗传演进:  93%|#########################################################################################################################8         | 93/100 [1:36:52<1:01:52, 530.39s/it]
2026-03-02 22:15:36 - ERROR - 遗传演进:  94%|#############################################################################################################################        | 94/100 [1:37:11<37:41, 376.86s/it]
2026-03-02 22:15:55 - ERROR - 遗传演进:  95%|##############################################################################################################################3      | 95/100 [1:37:30<22:27, 269.49s/it]
2026-03-02 22:16:15 - ERROR - 遗传演进:  96%|###############################################################################################################################6     | 96/100 [1:37:50<12:58, 194.55s/it]
2026-03-02 22:16:34 - ERROR - 遗传演进:  97%|#################################################################################################################################    | 97/100 [1:38:09<07:05, 141.95s/it]
2026-03-02 22:16:57 - ERROR - 遗传演进:  98%|##################################################################################################################################3  | 98/100 [1:38:32<03:32, 106.35s/it]
2026-03-02 22:17:18 - ERROR - 遗传演进:  99%|####################################################################################################################################6 | 99/100 [1:38:53<01:20, 80.75s/it]
2026-03-02 22:17:37 - INFO - 代  99: 平均适应度 = -0.7029, 最佳适应度 = -0.4803
2026-03-02 22:17:37 - ERROR - 遗传演进: 100%|#####################################################################################################################################| 100/100 [1:39:12<00:00, 62.31s/it]
2026-03-02 22:17:37 - ERROR - 遗传演进: 100%|#####################################################################################################################################| 100/100 [1:39:12<00:00, 59.53s/it]
2026-03-02 22:17:37 - INFO - 
============================================================
2026-03-02 22:17:37 - INFO - 遗传算法优化完成！
2026-03-02 22:17:37 - INFO - ============================================================
2026-03-02 22:17:37 - INFO - 最佳适应度: -0.4803
2026-03-02 22:17:37 - INFO - Using categorical units to plot a list of strings that are all parsable as floats or dates. If these strings should be plotted as numbers, cast to the appropriate data type before plotting.
2026-03-02 22:17:37 - INFO - Using categorical units to plot a list of strings that are all parsable as floats or dates. If these strings should be plotted as numbers, cast to the appropriate data type before plotting.
2026-03-02 22:17:37 - ERROR - D:\Projects\AI4RFIC\example\optimization_algorithm.py:540: UserWarning: Glyph 20195 (\N{CJK UNIFIED IDEOGRAPH-4EE3}) missing from font(s) DejaVu Sans.
  plt.tight_layout()

2026-03-02 22:17:37 - ERROR - D:\Projects\AI4RFIC\example\optimization_algorithm.py:540: UserWarning: Glyph 25968 (\N{CJK UNIFIED IDEOGRAPH-6570}) missing from font(s) DejaVu Sans.
  plt.tight_layout()

2026-03-02 22:17:38 - ERROR - D:\Projects\AI4RFIC\example\optimization_algorithm.py:541: UserWarning: Glyph 20195 (\N{CJK UNIFIED IDEOGRAPH-4EE3}) missing from font(s) DejaVu Sans.
  plt.savefig('genetic_optimization_results.png', dpi=300, bbox_inches='tight')

2026-03-02 22:17:38 - ERROR - D:\Projects\AI4RFIC\example\optimization_algorithm.py:541: UserWarning: Glyph 25968 (\N{CJK UNIFIED IDEOGRAPH-6570}) missing from font(s) DejaVu Sans.
  plt.savefig('genetic_optimization_results.png', dpi=300, bbox_inches='tight')

2026-03-02 22:17:39 - INFO - 阻抗对比图已保存至 impedance_comparison.png
2026-03-02 22:17:39 - INFO - 优化结果汇总:
2026-03-02 22:17:39 - INFO -   目标频率: 8.00-12.00 GHz
2026-03-02 22:17:39 - INFO -   频点数: 5
2026-03-02 22:17:39 - INFO -   最佳适应度: -0.4803
2026-03-02 22:17:39 - INFO -   平均代价: 0.4803
2026-03-02 22:17:39 - INFO -   矩阵密度: 0.515
2026-03-02 22:17:40 - INFO - 
优化结果已保存:
2026-03-02 22:17:40 - INFO -   - JSON文件: optimization_results_20260302_221739.json
2026-03-02 22:17:40 - INFO -   - 矩阵文件: optimized_matrix_20260302_221739.txt
2026-03-02 22:17:40 - INFO -   - 图像文件: optimized_matrix_20260302_221739.png
2026-03-02 22:17:40 - INFO - 
程序运行完成，日志已保存到: logs/training_20260302_203822.log
2026-03-02 22:17:40 - INFO - ============================================================
