2026-03-03 09:55:52 - INFO - 日志文件保存到: logs/training_20260303_095552.log
2026-03-03 09:55:52 - INFO - 选择模型类型 (1: CnnNet, 2: ResidualNet): 
2026-03-03 09:55:53 - INFO - 选择运行模式 (1: 仅训练神经网络, 2: 仅运行遗传算法, 3: 测试S参数曲线: 
2026-03-03 09:55:56 - INFO - 
==================================================
2026-03-03 09:55:56 - INFO - 创建空白模型：
2026-03-03 09:55:56 - INFO - 
==================================================
2026-03-03 09:55:56 - INFO - 
==================================================
2026-03-03 09:55:56 - INFO - 模型加载：
2026-03-03 09:55:56 - INFO - 
==================================================
2026-03-03 09:55:56 - INFO - ModelManager初始化完成，使用设备: cuda
2026-03-03 09:55:56 - INFO - 检查点目录: frequency_checkpoints/best_model.pth
2026-03-03 09:55:56 - INFO - 
============================================================
2026-03-03 09:55:56 - INFO - 启动矩阵结构遗传优化
2026-03-03 09:55:56 - INFO - ============================================================
2026-03-03 09:55:56 - INFO - 输出目录: genetic_results/result_20260303_095556
2026-03-03 09:55:56 - INFO - 多频点优化: 150 个频点，范围 0.10 - 15.00 GHz
2026-03-03 09:55:56 - INFO - 目标反射系数示例: 0.9995+0.0205j ...
2026-03-03 09:55:56 - INFO - 矩阵遗传算法初始化完成
2026-03-03 09:55:56 - INFO - 矩阵形状: (19, 19)
2026-03-03 09:55:56 - INFO - 总像素数: 361
2026-03-03 09:55:56 - INFO - 使用设备: cuda
2026-03-03 09:55:56 - INFO - 
============================================================
2026-03-03 09:55:56 - INFO - 启动遗传算法优化
2026-03-03 09:55:56 - INFO - ============================================================
2026-03-03 09:55:56 - INFO - 目标频率: [1.00e+08 2.00e+08 3.00e+08 4.00e+08 5.00e+08 6.00e+08 7.00e+08 8.00e+08
 9.00e+08 1.00e+09 1.10e+09 1.20e+09 1.30e+09 1.40e+09 1.50e+09 1.60e+09
 1.70e+09 1.80e+09 1.90e+09 2.00e+09 2.10e+09 2.20e+09 2.30e+09 2.40e+09
 2.50e+09 2.60e+09 2.70e+09 2.80e+09 2.90e+09 3.00e+09 3.10e+09 3.20e+09
 3.30e+09 3.40e+09 3.50e+09 3.60e+09 3.70e+09 3.80e+09 3.90e+09 4.00e+09
 4.10e+09 4.20e+09 4.30e+09 4.40e+09 4.50e+09 4.60e+09 4.70e+09 4.80e+09
 4.90e+09 5.00e+09 5.10e+09 5.20e+09 5.30e+09 5.40e+09 5.50e+09 5.60e+09
 5.70e+09 5.80e+09 5.90e+09 6.00e+09 6.10e+09 6.20e+09 6.30e+09 6.40e+09
 6.50e+09 6.60e+09 6.70e+09 6.80e+09 6.90e+09 7.00e+09 7.10e+09 7.20e+09
 7.30e+09 7.40e+09 7.50e+09 7.60e+09 7.70e+09 7.80e+09 7.90e+09 8.00e+09
 8.10e+09 8.20e+09 8.30e+09 8.40e+09 8.50e+09 8.60e+09 8.70e+09 8.80e+09
 8.90e+09 9.00e+09 9.10e+09 9.20e+09 9.30e+09 9.40e+09 9.50e+09 9.60e+09
 9.70e+09 9.80e+09 9.90e+09 1.00e+10 1.01e+10 1.02e+10 1.03e+10 1.04e+10
 1.05e+10 1.06e+10 1.07e+10 1.08e+10 1.09e+10 1.10e+10 1.11e+10 1.12e+10
 1.13e+10 1.14e+10 1.15e+10 1.16e+10 1.17e+10 1.18e+10 1.19e+10 1.20e+10
 1.21e+10 1.22e+10 1.23e+10 1.24e+10 1.25e+10 1.26e+10 1.27e+10 1.28e+10
 1.29e+10 1.30e+10 1.31e+10 1.32e+10 1.33e+10 1.34e+10 1.35e+10 1.36e+10
 1.37e+10 1.38e+10 1.39e+10 1.40e+10 1.41e+10 1.42e+10 1.43e+10 1.44e+10
 1.45e+10 1.46e+10 1.47e+10 1.48e+10 1.49e+10 1.50e+10] GHz
2026-03-03 09:55:56 - INFO - 目标参数: {'gamma_opt_list': [(0.9995026092372521+0.02050546713118979j), (0.9980155406436064+0.04092979138264007j), (0.9955519310438866+0.061192521272074155j), (0.9921336900042702+0.08121594320505085j), (0.9877908105986515+0.10092582785811506j), (0.9825607224851859+0.12025246034180212j), (0.9764875054151535+0.13913151455167938j), (0.969620993096095+0.15750477140240382j), (0.9619982067204293+0.17541121314482735j), (0.9537303044401197+0.1925346876536593j), (0.9448256207583404+0.20910954698780984j), (0.9353645901945097+0.2250152634009456j), (0.9254108175488567+0.2402290405090896j), (0.9150277754089174+0.2547350340424014j), (0.904277993235446+0.26852400311696806j), (0.8932223433864369+0.281592870587955j), (0.8819194313688733+0.29394421443869256j), (0.870367225079772+0.30574483900900923j), (0.8587919972137154+0.31652955331912624j), (0.8470693504579702+0.3267918521997681j), (0.8352404987593292+0.33654325937109975j), (0.8235337937691785+0.3453523604765802j), (0.8117362680900199+0.35384326609752215j), (0.8001372296939306+0.36145271794946215j), (0.7885741487361176+0.3686462978819568j), (0.7771381898412129+0.375306162176017j), (0.7657857069223247+0.3815973665288888j), (0.7547380444218621+0.38713957905299795j), (0.7438111521465589+0.39237058837028066j), (0.7330863896293897+0.3971822726002771j), (0.722575452542373+0.4016022946704244j), (0.7122876532827213+0.4056575598658465j), (0.7022301394445246+0.4093740858329663j), (0.6924081059654503+0.412776902440661j), (0.6826882638150541+0.4161302765982572j), (0.6733461505011002+0.4189730295760613j), (0.6643817452438585+0.4213371870012255j), (0.6555214229031824+0.4237135887562252j), (0.6467643826676461+0.42611209502778247j), (0.6385148281026386+0.42786899033709447j), (0.630362488724084+0.42968337203050655j), (0.6223046618754725+0.4315628207361073j), (0.6147394529016664+0.43286570082062575j), (0.6072590571774008+0.43426257371635796j), (0.5999922776024245+0.4355475435211603j), (0.5928013487656459+0.4369417461487409j), (0.5859449820141187+0.4380359370716823j), (0.5794153111609507+0.43884703847664336j), (0.5729438028236614+0.439796145062261j), (0.5666556295711871+0.4406851298322658j), (0.5605444903411781+0.44152205303627384j), (0.5546040959165252+0.4423143136898379j), (0.5488281982275495+0.44306869166544893j), (0.5430832788226676+0.4439850849355419j), (0.5377452520446623+0.4444880642863684j), (0.5324261182243096+0.4451638781632915j), (0.5272473424809204+0.44582351970871054j), (0.5222031843130704+0.44647124389334764j), (0.5172880434178484+0.44711090201193066j), (0.5124964669912685+0.4477459711527314j), (0.507823155215248+0.44837958189449484j), (0.5032629651722185+0.4490145442904314j), (0.4988109133889413+0.44965337219647467j), (0.4944621772070425+0.45029830602012916j), (0.49021209514899017+0.4509513339641951j), (0.4860561664183414+0.4516142118336575j), (0.4819900496731942+0.4522884814870791j), (0.47800956119190197+0.45297548801054877j), (0.4741106725209037+0.45367639567947415j), (0.47004943337713845+0.4547391419617379j), (0.4665423401692724+0.4551237554147689j), (0.4626267818599793+0.4562148634336593j), (0.4592558170047827+0.4566367961157597j), (0.4557097235945105+0.45741932555773296j), (0.4522241442382089+0.4582197043624126j), (0.44879604481578905+0.4590381912651569j), (0.44542251792489285+0.459874956568975j), (0.44186505679656235+0.4610626665700562j), (0.43882816145193726+0.4616036089919621j), (0.4356021142838369+0.4624954638026175j), (0.4324201964749536+0.463405545570455j), (0.4292800738713073+0.46433369128116775j), (0.4261795151648512+0.465279689324281j), (0.42288278720938594+0.46656643548039983j), (0.4200886558182067+0.46722418236092905j), (0.4170943731517563+0.46822205387965643j), (0.4138988302402716+0.4695552729391169j), (0.41119881387433393+0.4702672497833424j), (0.4082940745611444+0.4713137749421553j), (0.40541585292679283+0.4723756815565138j), (0.40256261179236075+0.47345251849848263j), (0.3995008864882021+0.47485550815545j), (0.3969252800869783+0.4756491022065734j), (0.393906685451116+0.47707683539827633j), (0.3913711730715933+0.47789964182511296j), (0.3886222017779589+0.47904388840551737j), (0.3858904043807848+0.4802001020978594j), (0.38317469097872864+0.4813677639607559j), (0.38047402548112763+0.48254635201705315j), (0.3777874233576882+0.48373534250125844j), (0.37511394948780896+0.4849342110073782j), (0.372452716081273+0.4861424335227709j), (0.3695714234334+0.48765657186683536j), (0.3671636442823566+0.48858485208197805j), (0.3643027442772684+0.4901125210611056j), (0.36191397852563933+0.4910584477216083j), (0.35930215208891414+0.49230565529498943j), (0.35646648883641574+0.4938498081677882j), (0.3538695987328232+0.49510777674154355j), (0.35151108317739826+0.49608287888761227j), (0.34892694703923016+0.4973521760730172j), (0.3463483753978907+0.498625778230713j), (0.34377488569095604+0.4999032117590983j), (0.34120602342341444+0.5011840102815059j), (0.33864136094987346+0.5024677148880701j), (0.3360804963166459+0.5037538743547262j), (0.333523052144649+0.5050420453253073j), (0.33096867456138224+0.5063317924691886j), (0.3284170321765974+0.5076226886133339j), (0.3258678151005153+0.5089143148514843j), (0.3233207340000959+0.5102062606296185j), (0.32077551919810604+0.5114981238160115j), (0.3182319198038683+0.5127895107478213j), (0.31568970288744397+0.5140800362694421j), (0.31314865267882647+0.5153693237464936j), (0.3106085698071408+0.5166570050738015j), (0.30806927056661376+0.5179427206662134j), (0.3055305862162004+0.519226119441981j), (0.30299236230284016+0.5205068587903883j), (0.3004544580170129+0.5217846045351245j), (0.2979167455729598+0.5230590308874051j), (0.29537910961314884+0.524329820390269j), (0.2928414466381218+0.5255966638572473j), (0.2903036644587391+0.5268592603039314j), (0.28776568167099337+0.5281173168742668j), (0.28522742715059757+0.5293705487601561j), (0.28268883957178115+0.5306186791208346j), (0.2801498669416791+0.5318614389937935j), (0.2776104661522731+0.5330985672007331j), (0.2746010564514716+0.5348312019299799j), (0.27253024955742905+0.5355549222767017j), (0.26998938820838136+0.5367736648609969j), (0.26744800684078696+0.5379858070087008j), (0.2644359174962501+0.5396826843199848j), (0.2623636715921749+0.5403894023310557j), (0.2598207275536794+0.5415804295232343j), (0.257277282528047+0.542764004102831j), (0.25473335605563796+0.5439399304458977j), (0.2521889729791088+0.5451080196802178j), (0.24964416315782836+0.5462680895744499j)]}
2026-03-03 09:55:56 - INFO - 种群大小: 1024
2026-03-03 09:55:56 - INFO - 进化代数: 100
2026-03-03 09:55:56 - INFO - 变异率: 0.1
2026-03-03 09:55:56 - INFO - 交叉率: 0.8
2026-03-03 09:55:56 - INFO - 精英数量: 5
2026-03-03 09:55:56 - INFO - tournament_size: 256
2026-03-03 09:55:56 - INFO - ============================================================
2026-03-03 09:55:56 - INFO - 创建初始种群 (大小: 4096)...
2026-03-03 09:55:56 - ERROR - 创建种群:   0%|                                                     | 0/4096 [00:00<?, ?it/s]
2026-03-03 09:55:56 - ERROR - 创建种群: 100%|######################################| 4096/4096 [00:00<00:00, 241060.07it/s]
2026-03-03 09:55:56 - ERROR - 遗传演进:   0%|                                                      | 0/100 [00:00<?, ?it/s]
2026-03-03 10:12:13 - INFO - 代   0: 平均适应度 = -0.6932, 最佳适应度 = -0.4892
2026-03-03 10:12:13 - ERROR - 遗传演进:   1%|4                                         | 1/100 [16:17<26:52:13, 977.11s/it]
2026-03-03 10:16:05 - ERROR - 遗传演进:   2%|8                                         | 2/100 [20:09<14:40:01, 538.79s/it]
2026-03-03 10:16:33 - ERROR - 遗传演进:   2%|8                                         | 2/100 [20:37<16:50:41, 618.79s/it]
2026-03-03 10:16:33 - ERROR - Traceback (most recent call last):

2026-03-03 10:16:33 - ERROR -   File "D:\Projects\AI4RFIC\example\main.py", line 635, in <module>

2026-03-03 10:16:33 - ERROR - best_matrix, best_info, best_fitness = run_genetic_optimization(
2026-03-03 10:16:33 - ERROR - ^
2026-03-03 10:16:33 - ERROR - ^
2026-03-03 10:16:33 - ERROR - ^
2026-03-03 10:16:33 - ERROR - ^
2026-03-03 10:16:33 - ERROR - ^
2026-03-03 10:16:33 - ERROR - ^
2026-03-03 10:16:33 - ERROR - ^
2026-03-03 10:16:33 - ERROR - ^
2026-03-03 10:16:33 - ERROR - ^
2026-03-03 10:16:33 - ERROR - ^
2026-03-03 10:16:33 - ERROR - ^
2026-03-03 10:16:33 - ERROR - ^
2026-03-03 10:16:33 - ERROR - ^
2026-03-03 10:16:33 - ERROR - ^
2026-03-03 10:16:33 - ERROR - ^
2026-03-03 10:16:33 - ERROR - ^
2026-03-03 10:16:33 - ERROR - ^
2026-03-03 10:16:33 - ERROR - ^
2026-03-03 10:16:33 - ERROR - ^
2026-03-03 10:16:33 - ERROR - ^
2026-03-03 10:16:33 - ERROR - ^
2026-03-03 10:16:33 - ERROR - ^
2026-03-03 10:16:33 - ERROR - ^
2026-03-03 10:16:33 - ERROR - ^
2026-03-03 10:16:33 - ERROR - ^
2026-03-03 10:16:33 - ERROR -   File "D:\Projects\AI4RFIC\example\main.py", line 468, in run_genetic_optimization

2026-03-03 10:16:33 - ERROR - best_matrix, best_info, best_fitness, fitness_history, best_fitness_history = ga.optimize(
2026-03-03 10:16:33 - ERROR - ^
2026-03-03 10:16:33 - ERROR - ^
2026-03-03 10:16:33 - ERROR - ^
2026-03-03 10:16:33 - ERROR - ^
2026-03-03 10:16:33 - ERROR - ^
2026-03-03 10:16:33 - ERROR - ^
2026-03-03 10:16:33 - ERROR - ^
2026-03-03 10:16:33 - ERROR - ^
2026-03-03 10:16:33 - ERROR - ^
2026-03-03 10:16:33 - ERROR - ^
2026-03-03 10:16:33 - ERROR - ^
2026-03-03 10:16:33 - ERROR - ^
2026-03-03 10:16:33 - ERROR -   File "D:\Projects\AI4RFIC\example\optimization_algorithm.py", line 427, in optimize

2026-03-03 10:16:33 - ERROR - fitness, info = self.fitness_function(matrix, target_freq, target_params)
2026-03-03 10:16:33 - ERROR - ^
2026-03-03 10:16:33 - ERROR - ^
2026-03-03 10:16:33 - ERROR - ^
2026-03-03 10:16:33 - ERROR - ^
2026-03-03 10:16:33 - ERROR - ^
2026-03-03 10:16:33 - ERROR - ^
2026-03-03 10:16:33 - ERROR - ^
2026-03-03 10:16:33 - ERROR - ^
2026-03-03 10:16:33 - ERROR - ^
2026-03-03 10:16:33 - ERROR - ^
2026-03-03 10:16:33 - ERROR - ^
2026-03-03 10:16:33 - ERROR - ^
2026-03-03 10:16:33 - ERROR - ^
2026-03-03 10:16:33 - ERROR - ^
2026-03-03 10:16:33 - ERROR - ^
2026-03-03 10:16:33 - ERROR - ^
2026-03-03 10:16:33 - ERROR - ^
2026-03-03 10:16:33 - ERROR - ^
2026-03-03 10:16:33 - ERROR - ^
2026-03-03 10:16:33 - ERROR - ^
2026-03-03 10:16:33 - ERROR - ^
2026-03-03 10:16:33 - ERROR - ^
2026-03-03 10:16:33 - ERROR - ^
2026-03-03 10:16:33 - ERROR - ^
2026-03-03 10:16:33 - ERROR - ^
2026-03-03 10:16:33 - ERROR - ^
2026-03-03 10:16:33 - ERROR - ^
2026-03-03 10:16:33 - ERROR - ^
2026-03-03 10:16:33 - ERROR - ^
2026-03-03 10:16:33 - ERROR - ^
2026-03-03 10:16:33 - ERROR - ^
2026-03-03 10:16:33 - ERROR - ^
2026-03-03 10:16:33 - ERROR - ^
2026-03-03 10:16:33 - ERROR - ^
2026-03-03 10:16:33 - ERROR - ^
2026-03-03 10:16:33 - ERROR - ^
2026-03-03 10:16:33 - ERROR - ^
2026-03-03 10:16:33 - ERROR - ^
2026-03-03 10:16:33 - ERROR - ^
2026-03-03 10:16:33 - ERROR - ^
2026-03-03 10:16:33 - ERROR - ^
2026-03-03 10:16:33 - ERROR - ^
2026-03-03 10:16:33 - ERROR - ^
2026-03-03 10:16:33 - ERROR - ^
2026-03-03 10:16:33 - ERROR - ^
2026-03-03 10:16:33 - ERROR - ^
2026-03-03 10:16:33 - ERROR - ^
2026-03-03 10:16:33 - ERROR - ^
2026-03-03 10:16:33 - ERROR - ^
2026-03-03 10:16:33 - ERROR - ^
2026-03-03 10:16:33 - ERROR - ^
2026-03-03 10:16:33 - ERROR - ^
2026-03-03 10:16:33 - ERROR - ^
2026-03-03 10:16:33 - ERROR - ^
2026-03-03 10:16:33 - ERROR - ^
2026-03-03 10:16:33 - ERROR - ^
2026-03-03 10:16:33 - ERROR - ^
2026-03-03 10:16:33 - ERROR -   File "D:\Projects\AI4RFIC\example\optimization_algorithm.py", line 185, in fitness_function

2026-03-03 10:16:33 - ERROR - s_params = self.predict_s_params(matrix, f)
2026-03-03 10:16:33 - ERROR - ^
2026-03-03 10:16:33 - ERROR - ^
2026-03-03 10:16:33 - ERROR - ^
2026-03-03 10:16:33 - ERROR - ^
2026-03-03 10:16:33 - ERROR - ^
2026-03-03 10:16:33 - ERROR - ^
2026-03-03 10:16:33 - ERROR - ^
2026-03-03 10:16:33 - ERROR - ^
2026-03-03 10:16:33 - ERROR - ^
2026-03-03 10:16:33 - ERROR - ^
2026-03-03 10:16:33 - ERROR - ^
2026-03-03 10:16:33 - ERROR - ^
2026-03-03 10:16:33 - ERROR - ^
2026-03-03 10:16:33 - ERROR - ^
2026-03-03 10:16:33 - ERROR - ^
2026-03-03 10:16:33 - ERROR - ^
2026-03-03 10:16:33 - ERROR - ^
2026-03-03 10:16:33 - ERROR - ^
2026-03-03 10:16:33 - ERROR - ^
2026-03-03 10:16:33 - ERROR - ^
2026-03-03 10:16:33 - ERROR - ^
2026-03-03 10:16:33 - ERROR - ^
2026-03-03 10:16:33 - ERROR - ^
2026-03-03 10:16:33 - ERROR - ^
2026-03-03 10:16:33 - ERROR - ^
2026-03-03 10:16:33 - ERROR - ^
2026-03-03 10:16:33 - ERROR - ^
2026-03-03 10:16:33 - ERROR - ^
2026-03-03 10:16:33 - ERROR - ^
2026-03-03 10:16:33 - ERROR - ^
2026-03-03 10:16:33 - ERROR - ^
2026-03-03 10:16:33 - ERROR - ^
2026-03-03 10:16:33 - ERROR -   File "D:\Projects\AI4RFIC\example\optimization_algorithm.py", line 108, in predict_s_params

2026-03-03 10:16:33 - ERROR - s_params = self.model_manager.predict_single_sample(matrix, frequency_norm)
2026-03-03 10:16:33 - ERROR - ^
2026-03-03 10:16:33 - ERROR - ^
2026-03-03 10:16:33 - ERROR - ^
2026-03-03 10:16:33 - ERROR - ^
2026-03-03 10:16:33 - ERROR - ^
2026-03-03 10:16:33 - ERROR - ^
2026-03-03 10:16:33 - ERROR - ^
2026-03-03 10:16:33 - ERROR - ^
2026-03-03 10:16:33 - ERROR - ^
2026-03-03 10:16:33 - ERROR - ^
2026-03-03 10:16:33 - ERROR - ^
2026-03-03 10:16:33 - ERROR - ^
2026-03-03 10:16:33 - ERROR - ^
2026-03-03 10:16:33 - ERROR - ^
2026-03-03 10:16:33 - ERROR - ^
2026-03-03 10:16:33 - ERROR - ^
2026-03-03 10:16:33 - ERROR - ^
2026-03-03 10:16:33 - ERROR - ^
2026-03-03 10:16:33 - ERROR - ^
2026-03-03 10:16:33 - ERROR - ^
2026-03-03 10:16:33 - ERROR - ^
2026-03-03 10:16:33 - ERROR - ^
2026-03-03 10:16:33 - ERROR - ^
2026-03-03 10:16:33 - ERROR - ^
2026-03-03 10:16:33 - ERROR - ^
2026-03-03 10:16:33 - ERROR - ^
2026-03-03 10:16:33 - ERROR - ^
2026-03-03 10:16:33 - ERROR - ^
2026-03-03 10:16:33 - ERROR - ^
2026-03-03 10:16:33 - ERROR - ^
2026-03-03 10:16:33 - ERROR - ^
2026-03-03 10:16:33 - ERROR - ^
2026-03-03 10:16:33 - ERROR - ^
2026-03-03 10:16:33 - ERROR - ^
2026-03-03 10:16:33 - ERROR - ^
2026-03-03 10:16:33 - ERROR - ^
2026-03-03 10:16:33 - ERROR - ^
2026-03-03 10:16:33 - ERROR - ^
2026-03-03 10:16:33 - ERROR - ^
2026-03-03 10:16:33 - ERROR - ^
2026-03-03 10:16:33 - ERROR - ^
2026-03-03 10:16:33 - ERROR - ^
2026-03-03 10:16:33 - ERROR - ^
2026-03-03 10:16:33 - ERROR - ^
2026-03-03 10:16:33 - ERROR - ^
2026-03-03 10:16:33 - ERROR - ^
2026-03-03 10:16:33 - ERROR - ^
2026-03-03 10:16:33 - ERROR - ^
2026-03-03 10:16:33 - ERROR - ^
2026-03-03 10:16:33 - ERROR - ^
2026-03-03 10:16:33 - ERROR - ^
2026-03-03 10:16:33 - ERROR - ^
2026-03-03 10:16:33 - ERROR - ^
2026-03-03 10:16:33 - ERROR - ^
2026-03-03 10:16:33 - ERROR - ^
2026-03-03 10:16:33 - ERROR - ^
2026-03-03 10:16:33 - ERROR - ^
2026-03-03 10:16:33 - ERROR - ^
2026-03-03 10:16:33 - ERROR - ^
2026-03-03 10:16:33 - ERROR - ^
2026-03-03 10:16:33 - ERROR - ^
2026-03-03 10:16:33 - ERROR - ^
2026-03-03 10:16:33 - ERROR - ^
2026-03-03 10:16:33 - ERROR - ^
2026-03-03 10:16:33 - ERROR -   File "D:\Projects\AI4RFIC\example\train.py", line 646, in predict_single_sample

2026-03-03 10:16:33 - ERROR - predictions = self.model(matrix, frequency)
2026-03-03 10:16:33 - ERROR - ^
2026-03-03 10:16:33 - ERROR - ^
2026-03-03 10:16:33 - ERROR - ^
2026-03-03 10:16:33 - ERROR - ^
2026-03-03 10:16:33 - ERROR - ^
2026-03-03 10:16:33 - ERROR - ^
2026-03-03 10:16:33 - ERROR - ^
2026-03-03 10:16:33 - ERROR - ^
2026-03-03 10:16:33 - ERROR - ^
2026-03-03 10:16:33 - ERROR - ^
2026-03-03 10:16:33 - ERROR - ^
2026-03-03 10:16:33 - ERROR - ^
2026-03-03 10:16:33 - ERROR - ^
2026-03-03 10:16:33 - ERROR - ^
2026-03-03 10:16:33 - ERROR - ^
2026-03-03 10:16:33 - ERROR - ^
2026-03-03 10:16:33 - ERROR - ^
2026-03-03 10:16:33 - ERROR - ^
2026-03-03 10:16:33 - ERROR - ^
2026-03-03 10:16:33 - ERROR - ^
2026-03-03 10:16:33 - ERROR - ^
2026-03-03 10:16:33 - ERROR - ^
2026-03-03 10:16:33 - ERROR - ^
2026-03-03 10:16:33 - ERROR - ^
2026-03-03 10:16:33 - ERROR - ^
2026-03-03 10:16:33 - ERROR - ^
2026-03-03 10:16:33 - ERROR - ^
2026-03-03 10:16:33 - ERROR - ^
2026-03-03 10:16:33 - ERROR - ^
2026-03-03 10:16:33 - ERROR -   File "D:\Projects\AI4RFIC\.venv\Lib\site-packages\torch\nn\modules\module.py", line 1779, in _wrapped_call_impl

2026-03-03 10:16:33 - ERROR - return self._call_impl(*args, **kwargs)
2026-03-03 10:16:33 - ERROR - ^
2026-03-03 10:16:33 - ERROR - ^
2026-03-03 10:16:33 - ERROR - ^
2026-03-03 10:16:33 - ERROR - ^
2026-03-03 10:16:33 - ERROR - ^
2026-03-03 10:16:33 - ERROR - ^
2026-03-03 10:16:33 - ERROR - ^
2026-03-03 10:16:33 - ERROR - ^
2026-03-03 10:16:33 - ERROR - ^
2026-03-03 10:16:33 - ERROR - ^
2026-03-03 10:16:33 - ERROR - ^
2026-03-03 10:16:33 - ERROR - ^
2026-03-03 10:16:33 - ERROR - ^
2026-03-03 10:16:33 - ERROR - ^
2026-03-03 10:16:33 - ERROR - ^
2026-03-03 10:16:33 - ERROR - ^
2026-03-03 10:16:33 - ERROR - ^
2026-03-03 10:16:33 - ERROR - ^
2026-03-03 10:16:33 - ERROR - ^
2026-03-03 10:16:33 - ERROR - ^
2026-03-03 10:16:33 - ERROR - ^
2026-03-03 10:16:33 - ERROR - ^
2026-03-03 10:16:33 - ERROR - ^
2026-03-03 10:16:33 - ERROR - ^
2026-03-03 10:16:33 - ERROR - ^
2026-03-03 10:16:33 - ERROR - ^
2026-03-03 10:16:33 - ERROR - ^
2026-03-03 10:16:33 - ERROR - ^
2026-03-03 10:16:33 - ERROR - ^
2026-03-03 10:16:33 - ERROR - ^
2026-03-03 10:16:33 - ERROR - ^
2026-03-03 10:16:33 - ERROR - ^
2026-03-03 10:16:33 - ERROR -   File "D:\Projects\AI4RFIC\.venv\Lib\site-packages\torch\nn\modules\module.py", line 1790, in _call_impl

2026-03-03 10:16:33 - ERROR - return forward_call(*args, **kwargs)
2026-03-03 10:16:33 - ERROR - ^
2026-03-03 10:16:33 - ERROR - ^
2026-03-03 10:16:33 - ERROR - ^
2026-03-03 10:16:33 - ERROR - ^
2026-03-03 10:16:33 - ERROR - ^
2026-03-03 10:16:33 - ERROR - ^
2026-03-03 10:16:33 - ERROR - ^
2026-03-03 10:16:33 - ERROR - ^
2026-03-03 10:16:33 - ERROR - ^
2026-03-03 10:16:33 - ERROR - ^
2026-03-03 10:16:33 - ERROR - ^
2026-03-03 10:16:33 - ERROR - ^
2026-03-03 10:16:33 - ERROR - ^
2026-03-03 10:16:33 - ERROR - ^
2026-03-03 10:16:33 - ERROR - ^
2026-03-03 10:16:33 - ERROR - ^
2026-03-03 10:16:33 - ERROR - ^
2026-03-03 10:16:33 - ERROR - ^
2026-03-03 10:16:33 - ERROR - ^
2026-03-03 10:16:33 - ERROR - ^
2026-03-03 10:16:33 - ERROR - ^
2026-03-03 10:16:33 - ERROR - ^
2026-03-03 10:16:33 - ERROR - ^
2026-03-03 10:16:33 - ERROR - ^
2026-03-03 10:16:33 - ERROR - ^
2026-03-03 10:16:33 - ERROR - ^
2026-03-03 10:16:33 - ERROR - ^
2026-03-03 10:16:33 - ERROR - ^
2026-03-03 10:16:33 - ERROR - ^
2026-03-03 10:16:33 - ERROR -   File "D:\Projects\AI4RFIC\example\model.py", line 195, in forward

2026-03-03 10:16:33 - ERROR - output = self.fusion_module(combined)
2026-03-03 10:16:33 - ERROR - ^
2026-03-03 10:16:33 - ERROR - ^
2026-03-03 10:16:33 - ERROR - ^
2026-03-03 10:16:33 - ERROR - ^
2026-03-03 10:16:33 - ERROR - ^
2026-03-03 10:16:33 - ERROR - ^
2026-03-03 10:16:33 - ERROR - ^
2026-03-03 10:16:33 - ERROR - ^
2026-03-03 10:16:33 - ERROR - ^
2026-03-03 10:16:33 - ERROR - ^
2026-03-03 10:16:33 - ERROR - ^
2026-03-03 10:16:33 - ERROR - ^
2026-03-03 10:16:33 - ERROR - ^
2026-03-03 10:16:33 - ERROR - ^
2026-03-03 10:16:33 - ERROR - ^
2026-03-03 10:16:33 - ERROR - ^
2026-03-03 10:16:33 - ERROR - ^
2026-03-03 10:16:33 - ERROR - ^
2026-03-03 10:16:33 - ERROR - ^
2026-03-03 10:16:33 - ERROR - ^
2026-03-03 10:16:33 - ERROR - ^
2026-03-03 10:16:33 - ERROR - ^
2026-03-03 10:16:33 - ERROR - ^
2026-03-03 10:16:33 - ERROR - ^
2026-03-03 10:16:33 - ERROR - ^
2026-03-03 10:16:33 - ERROR - ^
2026-03-03 10:16:33 - ERROR - ^
2026-03-03 10:16:33 - ERROR - ^
2026-03-03 10:16:33 - ERROR -   File "D:\Projects\AI4RFIC\.venv\Lib\site-packages\torch\nn\modules\module.py", line 1779, in _wrapped_call_impl

2026-03-03 10:16:33 - ERROR - return self._call_impl(*args, **kwargs)
2026-03-03 10:16:33 - ERROR - ^
2026-03-03 10:16:33 - ERROR - ^
2026-03-03 10:16:33 - ERROR - ^
2026-03-03 10:16:33 - ERROR - ^
2026-03-03 10:16:33 - ERROR - ^
2026-03-03 10:16:33 - ERROR - ^
2026-03-03 10:16:33 - ERROR - ^
2026-03-03 10:16:33 - ERROR - ^
2026-03-03 10:16:33 - ERROR - ^
2026-03-03 10:16:33 - ERROR - ^
2026-03-03 10:16:33 - ERROR - ^
2026-03-03 10:16:33 - ERROR - ^
2026-03-03 10:16:33 - ERROR - ^
2026-03-03 10:16:33 - ERROR - ^
2026-03-03 10:16:33 - ERROR - ^
2026-03-03 10:16:33 - ERROR - ^
2026-03-03 10:16:33 - ERROR - ^
2026-03-03 10:16:33 - ERROR - ^
2026-03-03 10:16:33 - ERROR - ^
2026-03-03 10:16:33 - ERROR - ^
2026-03-03 10:16:33 - ERROR - ^
2026-03-03 10:16:33 - ERROR - ^
2026-03-03 10:16:33 - ERROR - ^
2026-03-03 10:16:33 - ERROR - ^
2026-03-03 10:16:33 - ERROR - ^
2026-03-03 10:16:33 - ERROR - ^
2026-03-03 10:16:33 - ERROR - ^
2026-03-03 10:16:33 - ERROR - ^
2026-03-03 10:16:33 - ERROR - ^
2026-03-03 10:16:33 - ERROR - ^
2026-03-03 10:16:33 - ERROR - ^
2026-03-03 10:16:33 - ERROR - ^
2026-03-03 10:16:33 - ERROR -   File "D:\Projects\AI4RFIC\.venv\Lib\site-packages\torch\nn\modules\module.py", line 1790, in _call_impl

2026-03-03 10:16:33 - ERROR - return forward_call(*args, **kwargs)
2026-03-03 10:16:33 - ERROR - ^
2026-03-03 10:16:33 - ERROR - ^
2026-03-03 10:16:33 - ERROR - ^
2026-03-03 10:16:33 - ERROR - ^
2026-03-03 10:16:33 - ERROR - ^
2026-03-03 10:16:33 - ERROR - ^
2026-03-03 10:16:33 - ERROR - ^
2026-03-03 10:16:33 - ERROR - ^
2026-03-03 10:16:33 - ERROR - ^
2026-03-03 10:16:33 - ERROR - ^
2026-03-03 10:16:33 - ERROR - ^
2026-03-03 10:16:33 - ERROR - ^
2026-03-03 10:16:33 - ERROR - ^
2026-03-03 10:16:33 - ERROR - ^
2026-03-03 10:16:33 - ERROR - ^
2026-03-03 10:16:33 - ERROR - ^
2026-03-03 10:16:33 - ERROR - ^
2026-03-03 10:16:33 - ERROR - ^
2026-03-03 10:16:33 - ERROR - ^
2026-03-03 10:16:33 - ERROR - ^
2026-03-03 10:16:33 - ERROR - ^
2026-03-03 10:16:33 - ERROR - ^
2026-03-03 10:16:33 - ERROR - ^
2026-03-03 10:16:33 - ERROR - ^
2026-03-03 10:16:33 - ERROR - ^
2026-03-03 10:16:33 - ERROR - ^
2026-03-03 10:16:33 - ERROR - ^
2026-03-03 10:16:33 - ERROR - ^
2026-03-03 10:16:33 - ERROR - ^
2026-03-03 10:16:33 - ERROR -   File "D:\Projects\AI4RFIC\.venv\Lib\site-packages\torch\nn\modules\container.py", line 253, in forward

2026-03-03 10:16:33 - ERROR - input = module(input)
2026-03-03 10:16:33 - ERROR - ^
2026-03-03 10:16:33 - ERROR - ^
2026-03-03 10:16:33 - ERROR - ^
2026-03-03 10:16:33 - ERROR - ^
2026-03-03 10:16:33 - ERROR - ^
2026-03-03 10:16:33 - ERROR - ^
2026-03-03 10:16:33 - ERROR - ^
2026-03-03 10:16:33 - ERROR - ^
2026-03-03 10:16:33 - ERROR - ^
2026-03-03 10:16:33 - ERROR - ^
2026-03-03 10:16:33 - ERROR - ^
2026-03-03 10:16:33 - ERROR - ^
2026-03-03 10:16:33 - ERROR - ^
2026-03-03 10:16:33 - ERROR -   File "D:\Projects\AI4RFIC\.venv\Lib\site-packages\torch\nn\modules\module.py", line 1779, in _wrapped_call_impl

2026-03-03 10:16:33 - ERROR - return self._call_impl(*args, **kwargs)
2026-03-03 10:16:33 - ERROR - ^
2026-03-03 10:16:33 - ERROR - ^
2026-03-03 10:16:33 - ERROR - ^
2026-03-03 10:16:33 - ERROR - ^
2026-03-03 10:16:33 - ERROR - ^
2026-03-03 10:16:33 - ERROR - ^
2026-03-03 10:16:33 - ERROR - ^
2026-03-03 10:16:33 - ERROR - ^
2026-03-03 10:16:33 - ERROR - ^
2026-03-03 10:16:33 - ERROR - ^
2026-03-03 10:16:33 - ERROR - ^
2026-03-03 10:16:33 - ERROR - ^
2026-03-03 10:16:33 - ERROR - ^
2026-03-03 10:16:33 - ERROR - ^
2026-03-03 10:16:33 - ERROR - ^
2026-03-03 10:16:33 - ERROR - ^
2026-03-03 10:16:33 - ERROR - ^
2026-03-03 10:16:33 - ERROR - ^
2026-03-03 10:16:33 - ERROR - ^
2026-03-03 10:16:33 - ERROR - ^
2026-03-03 10:16:33 - ERROR - ^
2026-03-03 10:16:33 - ERROR - ^
2026-03-03 10:16:33 - ERROR - ^
2026-03-03 10:16:33 - ERROR - ^
2026-03-03 10:16:33 - ERROR - ^
2026-03-03 10:16:33 - ERROR - ^
2026-03-03 10:16:33 - ERROR - ^
2026-03-03 10:16:33 - ERROR - ^
2026-03-03 10:16:33 - ERROR - ^
2026-03-03 10:16:33 - ERROR - ^
2026-03-03 10:16:33 - ERROR - ^
2026-03-03 10:16:33 - ERROR - ^
2026-03-03 10:16:33 - ERROR -   File "D:\Projects\AI4RFIC\.venv\Lib\site-packages\torch\nn\modules\module.py", line 1790, in _call_impl

2026-03-03 10:16:33 - ERROR - return forward_call(*args, **kwargs)
2026-03-03 10:16:33 - ERROR - ^
2026-03-03 10:16:33 - ERROR - ^
2026-03-03 10:16:33 - ERROR - ^
2026-03-03 10:16:33 - ERROR - ^
2026-03-03 10:16:33 - ERROR - ^
2026-03-03 10:16:33 - ERROR - ^
2026-03-03 10:16:33 - ERROR - ^
2026-03-03 10:16:33 - ERROR - ^
2026-03-03 10:16:33 - ERROR - ^
2026-03-03 10:16:33 - ERROR - ^
2026-03-03 10:16:33 - ERROR - ^
2026-03-03 10:16:33 - ERROR - ^
2026-03-03 10:16:33 - ERROR - ^
2026-03-03 10:16:33 - ERROR - ^
2026-03-03 10:16:33 - ERROR - ^
2026-03-03 10:16:33 - ERROR - ^
2026-03-03 10:16:33 - ERROR - ^
2026-03-03 10:16:33 - ERROR - ^
2026-03-03 10:16:33 - ERROR - ^
2026-03-03 10:16:33 - ERROR - ^
2026-03-03 10:16:33 - ERROR - ^
2026-03-03 10:16:33 - ERROR - ^
2026-03-03 10:16:33 - ERROR - ^
2026-03-03 10:16:33 - ERROR - ^
2026-03-03 10:16:33 - ERROR - ^
2026-03-03 10:16:33 - ERROR - ^
2026-03-03 10:16:33 - ERROR - ^
2026-03-03 10:16:33 - ERROR - ^
2026-03-03 10:16:33 - ERROR - ^
2026-03-03 10:16:33 - ERROR -   File "D:\Projects\AI4RFIC\.venv\Lib\site-packages\torch\nn\modules\linear.py", line 134, in forward

2026-03-03 10:16:33 - ERROR - return F.linear(input, self.weight, self.bias)
2026-03-03 10:16:33 - ERROR - ^
2026-03-03 10:16:33 - ERROR - ^
2026-03-03 10:16:33 - ERROR - ^
2026-03-03 10:16:33 - ERROR - ^
2026-03-03 10:16:33 - ERROR - ^
2026-03-03 10:16:33 - ERROR - ^
2026-03-03 10:16:33 - ERROR - ^
2026-03-03 10:16:33 - ERROR - ^
2026-03-03 10:16:33 - ERROR - ^
2026-03-03 10:16:33 - ERROR - ^
2026-03-03 10:16:33 - ERROR - ^
2026-03-03 10:16:33 - ERROR - ^
2026-03-03 10:16:33 - ERROR - ^
2026-03-03 10:16:33 - ERROR - ^
2026-03-03 10:16:33 - ERROR - ^
2026-03-03 10:16:33 - ERROR - ^
2026-03-03 10:16:33 - ERROR - ^
2026-03-03 10:16:33 - ERROR - ^
2026-03-03 10:16:33 - ERROR - ^
2026-03-03 10:16:33 - ERROR - ^
2026-03-03 10:16:33 - ERROR - ^
2026-03-03 10:16:33 - ERROR - ^
2026-03-03 10:16:33 - ERROR - ^
2026-03-03 10:16:33 - ERROR - ^
2026-03-03 10:16:33 - ERROR - ^
2026-03-03 10:16:33 - ERROR - ^
2026-03-03 10:16:33 - ERROR - ^
2026-03-03 10:16:33 - ERROR - ^
2026-03-03 10:16:33 - ERROR - ^
2026-03-03 10:16:33 - ERROR - ^
2026-03-03 10:16:33 - ERROR - ^
2026-03-03 10:16:33 - ERROR - ^
2026-03-03 10:16:33 - ERROR - ^
2026-03-03 10:16:33 - ERROR - ^
2026-03-03 10:16:33 - ERROR - ^
2026-03-03 10:16:33 - ERROR - ^
2026-03-03 10:16:33 - ERROR - ^
2026-03-03 10:16:33 - ERROR - ^
2026-03-03 10:16:33 - ERROR - ^
2026-03-03 10:16:33 - ERROR - KeyboardInterrupt
