2026-02-10 14:12:28 - INFO - 日志文件保存到: logs/training_20260210_141228.log
2026-02-10 14:12:28 - INFO - 选择模型类型 (1: CnnNet, 2: ResidualNet): 
2026-02-10 14:12:29 - INFO - 选择运行模式 (1: 仅训练神经网络, 2: 仅运行遗传算法, 3: 测试S参数曲线: 
2026-02-10 14:12:30 - ERROR - D:\Projects\AI4RFIC\example\main.py:560: FutureWarning: You are using `torch.load` with `weights_only=False` (the current default value), which uses the default pickle module implicitly. It is possible to construct malicious pickle data which will execute arbitrary code during unpickling (See https://github.com/pytorch/pytorch/blob/main/SECURITY.md#untrusted-models for more details). In a future release, the default value for `weights_only` will be flipped to `True`. This limits the functions that could be executed during unpickling. Arbitrary objects will no longer be allowed to be loaded via this mode unless they are explicitly allowlisted by the user via `torch.serialization.add_safe_globals`. We recommend you start setting `weights_only=True` for any use case where you don't have full control of the loaded file. Please open an issue on GitHub for any issues related to this experimental feature.
  checkpoint = torch.load(model_path)

2026-02-10 14:12:30 - ERROR - D:\Projects\AI4RFIC\.venv\Lib\site-packages\torch\cuda\__init__.py:235: UserWarning: 
NVIDIA GeForce RTX 5060 Laptop GPU with CUDA capability sm_120 is not compatible with the current PyTorch installation.
The current PyTorch install supports CUDA capabilities sm_50 sm_60 sm_61 sm_70 sm_75 sm_80 sm_86 sm_90.
If you want to use the NVIDIA GeForce RTX 5060 Laptop GPU GPU with PyTorch, please check the instructions at https://pytorch.org/get-started/locally/

  warnings.warn(

2026-02-10 14:12:30 - INFO - 
==================================================
2026-02-10 14:12:30 - INFO - 创建空白模型：
2026-02-10 14:12:30 - INFO - 
==================================================
2026-02-10 14:12:30 - INFO - 
==================================================
2026-02-10 14:12:30 - INFO - 模型加载：
2026-02-10 14:12:30 - INFO - 
==================================================
2026-02-10 14:12:30 - INFO - ModelManager初始化完成，使用设备: cuda
2026-02-10 14:12:30 - INFO - 检查点目录: frequency_checkpoints/best_model.pth
2026-02-10 14:12:30 - INFO - 
============================================================
2026-02-10 14:12:30 - INFO - 启动矩阵结构遗传优化
2026-02-10 14:12:30 - INFO - ============================================================
2026-02-10 14:12:30 - INFO - ********************************
2026-02-10 14:12:30 - INFO - ================================================================================
2026-02-10 14:12:30 - INFO - 模型参数前10个值检查
2026-02-10 14:12:30 - INFO - ================================================================================
2026-02-10 14:12:31 - INFO - 模型总参数数量: 11,094,600
2026-02-10 14:12:31 - INFO - 前10个参数值:
2026-02-10 14:12:31 - INFO -   参数[0] = 0.00000000
2026-02-10 14:12:31 - INFO -   参数[1] = 0.00000000
2026-02-10 14:12:31 - INFO -   参数[2] = -0.00000000
2026-02-10 14:12:31 - INFO -   参数[3] = -0.00000000
2026-02-10 14:12:31 - INFO -   参数[4] = 0.00000000
2026-02-10 14:12:31 - INFO -   参数[5] = -0.00000000
2026-02-10 14:12:31 - INFO -   参数[6] = 0.00000000
2026-02-10 14:12:31 - INFO -   参数[7] = 0.00000000
2026-02-10 14:12:31 - INFO -   参数[8] = -0.00000000
2026-02-10 14:12:31 - INFO -   参数[9] = -0.00000000
2026-02-10 14:12:31 - INFO -   参数[10] = -0.00000000
2026-02-10 14:12:31 - INFO -   参数[11] = 0.00000000
2026-02-10 14:12:31 - INFO -   参数[12] = -0.00000000
2026-02-10 14:12:31 - INFO -   参数[13] = -0.21231136
2026-02-10 14:12:31 - INFO -   参数[14] = -0.00000000
2026-02-10 14:12:31 - INFO -   参数[15] = -0.00000000
2026-02-10 14:12:31 - INFO -   参数[16] = 0.00000000
2026-02-10 14:12:31 - INFO -   参数[17] = -0.00000000
2026-02-10 14:12:31 - INFO -   参数[18] = -0.00000000
2026-02-10 14:12:31 - INFO -   参数[19] = 0.00000000
2026-02-10 14:12:31 - INFO -   参数[20] = -0.00000000
2026-02-10 14:12:31 - INFO -   参数[21] = -0.00000000
2026-02-10 14:12:31 - INFO -   参数[22] = 0.00000000
2026-02-10 14:12:31 - INFO -   参数[23] = 0.00000000
2026-02-10 14:12:31 - INFO -   参数[24] = -0.00000000
2026-02-10 14:12:31 - INFO -   参数[25] = -0.00000000
2026-02-10 14:12:31 - INFO -   参数[26] = -0.00000000
2026-02-10 14:12:31 - INFO -   参数[27] = 0.00000000
2026-02-10 14:12:31 - INFO -   参数[28] = -0.00000000
2026-02-10 14:12:31 - INFO -   参数[29] = -0.00000000
2026-02-10 14:12:31 - INFO -   参数[30] = -0.00000000
2026-02-10 14:12:31 - INFO -   参数[31] = -0.00000000
2026-02-10 14:12:31 - INFO -   参数[32] = 0.00000000
2026-02-10 14:12:31 - INFO -   参数[33] = 0.00000000
2026-02-10 14:12:31 - INFO -   参数[34] = 0.00000000
2026-02-10 14:12:31 - INFO -   参数[35] = 0.00000000
2026-02-10 14:12:31 - INFO -   参数[36] = -0.00000000
2026-02-10 14:12:31 - INFO -   参数[37] = 0.00000000
2026-02-10 14:12:31 - INFO -   参数[38] = 0.00000000
2026-02-10 14:12:31 - INFO -   参数[39] = -0.00000000
2026-02-10 14:12:31 - INFO -   参数[40] = 0.00000000
2026-02-10 14:12:31 - INFO -   参数[41] = -0.00000000
2026-02-10 14:12:31 - INFO -   参数[42] = -0.00000000
2026-02-10 14:12:31 - INFO -   参数[43] = -0.00000000
2026-02-10 14:12:31 - INFO -   参数[44] = 0.00000000
2026-02-10 14:12:31 - INFO -   参数[45] = -0.00000000
2026-02-10 14:12:31 - INFO -   参数[46] = -0.00000000
2026-02-10 14:12:31 - INFO -   参数[47] = 0.00000000
2026-02-10 14:12:31 - INFO -   参数[48] = -0.00000000
2026-02-10 14:12:31 - INFO -   参数[49] = 0.00000000
2026-02-10 14:12:31 - INFO - 
参数统计:
2026-02-10 14:12:31 - INFO -   最小值: -0.21231136
2026-02-10 14:12:31 - INFO -   最大值: 0.00000000
2026-02-10 14:12:31 - INFO -   平均值: -0.00424623
2026-02-10 14:12:31 - INFO -   标准差: 0.02972359
2026-02-10 14:12:31 - INFO - 矩阵遗传算法初始化完成
2026-02-10 14:12:31 - INFO - 矩阵形状: (19, 19)
2026-02-10 14:12:31 - INFO - 总像素数: 361
2026-02-10 14:12:31 - INFO - 使用设备: cuda
2026-02-10 14:12:31 - INFO - 
============================================================
2026-02-10 14:12:31 - INFO - 启动遗传算法优化
2026-02-10 14:12:31 - INFO - ============================================================
2026-02-10 14:12:31 - INFO - 目标频率: 22000000000 GHz
2026-02-10 14:12:31 - INFO - 目标参数: {'gamma_opt': {'origin_value': 1, 'magnitude_db': 1, 'weight': 1.0}, 's11_real': -0.0191442, 's11_imag': 0.053485, 's21_real': 0.914802, 's21_imag': -0.263989, 's12_real': 0.914802, 's12_imag': -0.263989, 's22_real': -0.0208617, 's22_imag': 0.0557113, 'S21': {'magnitude_db': 0, 'weight': 0}, 'S11': {'magnitude_db': 0, 'weight': 0}, 'S22': {'magnitude_db': 0, 'weight': 0}, 'symmetry': {'weight': 0.3}, 'complexity': {'weight': 0.1}}
2026-02-10 14:12:31 - INFO - 种群大小: 1024
2026-02-10 14:12:31 - INFO - 进化代数: 100
2026-02-10 14:12:31 - INFO - 变异率: 0.1
2026-02-10 14:12:31 - INFO - 交叉率: 0.8
2026-02-10 14:12:31 - INFO - 精英数量: 5
2026-02-10 14:12:31 - INFO - tournament_size: 256
2026-02-10 14:12:31 - INFO - ============================================================
2026-02-10 14:12:31 - INFO - 创建初始种群 (大小: 4096)...
2026-02-10 14:12:31 - ERROR - 创建种群:   0%|                                                                                             | 0/4096 [00:00<?, ?it/s]
2026-02-10 14:12:31 - ERROR - 创建种群: 100%|##############################################################################| 4096/4096 [00:00<00:00, 240948.50it/s]
2026-02-10 14:12:31 - ERROR - 遗传演进:   0%|                                                                                              | 0/100 [00:00<?, ?it/s]
2026-02-10 14:12:31 - ERROR - 遗传演进:   0%|                                                                                              | 0/100 [00:00<?, ?it/s]
2026-02-10 14:12:31 - ERROR - Traceback (most recent call last):

2026-02-10 14:12:31 - ERROR -   File "D:\Projects\AI4RFIC\example\main.py", line 575, in <module>

2026-02-10 14:12:31 - ERROR - best_matrix, best_info, best_fitness = run_genetic_optimization(manager, target_freq=TARGET_CONFIG['target_freq'], 
2026-02-10 14:12:31 - ERROR - ^
2026-02-10 14:12:31 - ERROR - ^
2026-02-10 14:12:31 - ERROR - ^
2026-02-10 14:12:31 - ERROR - ^
2026-02-10 14:12:31 - ERROR - ^
2026-02-10 14:12:31 - ERROR - ^
2026-02-10 14:12:31 - ERROR - ^
2026-02-10 14:12:31 - ERROR - ^
2026-02-10 14:12:31 - ERROR - ^
2026-02-10 14:12:31 - ERROR - ^
2026-02-10 14:12:31 - ERROR - ^
2026-02-10 14:12:31 - ERROR - ^
2026-02-10 14:12:31 - ERROR - ^
2026-02-10 14:12:31 - ERROR - ^
2026-02-10 14:12:31 - ERROR - ^
2026-02-10 14:12:31 - ERROR - ^
2026-02-10 14:12:31 - ERROR - ^
2026-02-10 14:12:31 - ERROR - ^
2026-02-10 14:12:31 - ERROR - ^
2026-02-10 14:12:31 - ERROR - ^
2026-02-10 14:12:31 - ERROR - ^
2026-02-10 14:12:31 - ERROR - ^
2026-02-10 14:12:31 - ERROR - ^
2026-02-10 14:12:31 - ERROR - ^
2026-02-10 14:12:31 - ERROR - ^
2026-02-10 14:12:31 - ERROR - ^
2026-02-10 14:12:31 - ERROR - ^
2026-02-10 14:12:31 - ERROR - ^
2026-02-10 14:12:31 - ERROR - ^
2026-02-10 14:12:31 - ERROR - ^
2026-02-10 14:12:31 - ERROR - ^
2026-02-10 14:12:31 - ERROR - ^
2026-02-10 14:12:31 - ERROR - ^
2026-02-10 14:12:31 - ERROR - ^
2026-02-10 14:12:31 - ERROR - ^
2026-02-10 14:12:31 - ERROR - ^
2026-02-10 14:12:31 - ERROR - ^
2026-02-10 14:12:31 - ERROR - ^
2026-02-10 14:12:31 - ERROR - ^
2026-02-10 14:12:31 - ERROR - ^
2026-02-10 14:12:31 - ERROR - ^
2026-02-10 14:12:31 - ERROR - ^
2026-02-10 14:12:31 - ERROR - ^
2026-02-10 14:12:31 - ERROR - ^
2026-02-10 14:12:31 - ERROR - ^
2026-02-10 14:12:31 - ERROR - ^
2026-02-10 14:12:31 - ERROR - ^
2026-02-10 14:12:31 - ERROR - ^
2026-02-10 14:12:31 - ERROR - ^
2026-02-10 14:12:31 - ERROR - ^
2026-02-10 14:12:31 - ERROR - ^
2026-02-10 14:12:31 - ERROR - ^
2026-02-10 14:12:31 - ERROR - ^
2026-02-10 14:12:31 - ERROR - ^
2026-02-10 14:12:31 - ERROR - ^
2026-02-10 14:12:31 - ERROR - ^
2026-02-10 14:12:31 - ERROR - ^
2026-02-10 14:12:31 - ERROR - ^
2026-02-10 14:12:31 - ERROR - ^
2026-02-10 14:12:31 - ERROR - ^
2026-02-10 14:12:31 - ERROR - ^
2026-02-10 14:12:31 - ERROR - ^
2026-02-10 14:12:31 - ERROR - ^
2026-02-10 14:12:31 - ERROR - ^
2026-02-10 14:12:31 - ERROR - ^
2026-02-10 14:12:31 - ERROR - ^
2026-02-10 14:12:31 - ERROR - ^
2026-02-10 14:12:31 - ERROR - ^
2026-02-10 14:12:31 - ERROR - ^
2026-02-10 14:12:31 - ERROR - ^
2026-02-10 14:12:31 - ERROR - ^
2026-02-10 14:12:31 - ERROR - ^
2026-02-10 14:12:31 - ERROR - ^
2026-02-10 14:12:31 - ERROR - ^
2026-02-10 14:12:31 - ERROR - ^
2026-02-10 14:12:31 - ERROR -   File "D:\Projects\AI4RFIC\example\main.py", line 434, in run_genetic_optimization

2026-02-10 14:12:31 - ERROR - best_matrix, best_info, best_fitness, fitness_history, best_fitness_history = ga.optimize(
2026-02-10 14:12:31 - ERROR - ^
2026-02-10 14:12:31 - ERROR - ^
2026-02-10 14:12:31 - ERROR - ^
2026-02-10 14:12:31 - ERROR - ^
2026-02-10 14:12:31 - ERROR - ^
2026-02-10 14:12:31 - ERROR - ^
2026-02-10 14:12:31 - ERROR - ^
2026-02-10 14:12:31 - ERROR - ^
2026-02-10 14:12:31 - ERROR - ^
2026-02-10 14:12:31 - ERROR - ^
2026-02-10 14:12:31 - ERROR - ^
2026-02-10 14:12:31 - ERROR - ^
2026-02-10 14:12:31 - ERROR -   File "D:\Projects\AI4RFIC\example\optimization_algorithm.py", line 506, in optimize

2026-02-10 14:12:31 - ERROR - fitness, info = self.fitness_function(matrix, target_freq, target_params)
2026-02-10 14:12:31 - ERROR - ^
2026-02-10 14:12:31 - ERROR - ^
2026-02-10 14:12:31 - ERROR - ^
2026-02-10 14:12:31 - ERROR - ^
2026-02-10 14:12:31 - ERROR - ^
2026-02-10 14:12:31 - ERROR - ^
2026-02-10 14:12:31 - ERROR - ^
2026-02-10 14:12:31 - ERROR - ^
2026-02-10 14:12:31 - ERROR - ^
2026-02-10 14:12:31 - ERROR - ^
2026-02-10 14:12:31 - ERROR - ^
2026-02-10 14:12:31 - ERROR - ^
2026-02-10 14:12:31 - ERROR - ^
2026-02-10 14:12:31 - ERROR - ^
2026-02-10 14:12:31 - ERROR - ^
2026-02-10 14:12:31 - ERROR - ^
2026-02-10 14:12:31 - ERROR - ^
2026-02-10 14:12:31 - ERROR - ^
2026-02-10 14:12:31 - ERROR - ^
2026-02-10 14:12:31 - ERROR - ^
2026-02-10 14:12:31 - ERROR - ^
2026-02-10 14:12:31 - ERROR - ^
2026-02-10 14:12:31 - ERROR - ^
2026-02-10 14:12:31 - ERROR - ^
2026-02-10 14:12:31 - ERROR - ^
2026-02-10 14:12:31 - ERROR - ^
2026-02-10 14:12:31 - ERROR - ^
2026-02-10 14:12:31 - ERROR - ^
2026-02-10 14:12:31 - ERROR - ^
2026-02-10 14:12:31 - ERROR - ^
2026-02-10 14:12:31 - ERROR - ^
2026-02-10 14:12:31 - ERROR - ^
2026-02-10 14:12:31 - ERROR - ^
2026-02-10 14:12:31 - ERROR - ^
2026-02-10 14:12:31 - ERROR - ^
2026-02-10 14:12:31 - ERROR - ^
2026-02-10 14:12:31 - ERROR - ^
2026-02-10 14:12:31 - ERROR - ^
2026-02-10 14:12:31 - ERROR - ^
2026-02-10 14:12:31 - ERROR - ^
2026-02-10 14:12:31 - ERROR - ^
2026-02-10 14:12:31 - ERROR - ^
2026-02-10 14:12:31 - ERROR - ^
2026-02-10 14:12:31 - ERROR - ^
2026-02-10 14:12:31 - ERROR - ^
2026-02-10 14:12:31 - ERROR - ^
2026-02-10 14:12:31 - ERROR - ^
2026-02-10 14:12:31 - ERROR - ^
2026-02-10 14:12:31 - ERROR - ^
2026-02-10 14:12:31 - ERROR - ^
2026-02-10 14:12:31 - ERROR - ^
2026-02-10 14:12:31 - ERROR - ^
2026-02-10 14:12:31 - ERROR - ^
2026-02-10 14:12:31 - ERROR - ^
2026-02-10 14:12:31 - ERROR - ^
2026-02-10 14:12:31 - ERROR - ^
2026-02-10 14:12:31 - ERROR - ^
2026-02-10 14:12:31 - ERROR -   File "D:\Projects\AI4RFIC\example\optimization_algorithm.py", line 181, in fitness_function

2026-02-10 14:12:31 - ERROR - s_params = self.predict_s_params(matrix, frequency)
2026-02-10 14:12:31 - ERROR - ^
2026-02-10 14:12:31 - ERROR - ^
2026-02-10 14:12:31 - ERROR - ^
2026-02-10 14:12:31 - ERROR - ^
2026-02-10 14:12:31 - ERROR - ^
2026-02-10 14:12:31 - ERROR - ^
2026-02-10 14:12:31 - ERROR - ^
2026-02-10 14:12:31 - ERROR - ^
2026-02-10 14:12:31 - ERROR - ^
2026-02-10 14:12:31 - ERROR - ^
2026-02-10 14:12:31 - ERROR - ^
2026-02-10 14:12:31 - ERROR - ^
2026-02-10 14:12:31 - ERROR - ^
2026-02-10 14:12:31 - ERROR - ^
2026-02-10 14:12:31 - ERROR - ^
2026-02-10 14:12:31 - ERROR - ^
2026-02-10 14:12:31 - ERROR - ^
2026-02-10 14:12:31 - ERROR - ^
2026-02-10 14:12:31 - ERROR - ^
2026-02-10 14:12:31 - ERROR - ^
2026-02-10 14:12:31 - ERROR - ^
2026-02-10 14:12:31 - ERROR - ^
2026-02-10 14:12:31 - ERROR - ^
2026-02-10 14:12:31 - ERROR - ^
2026-02-10 14:12:31 - ERROR - ^
2026-02-10 14:12:31 - ERROR - ^
2026-02-10 14:12:31 - ERROR - ^
2026-02-10 14:12:31 - ERROR - ^
2026-02-10 14:12:31 - ERROR - ^
2026-02-10 14:12:31 - ERROR - ^
2026-02-10 14:12:31 - ERROR - ^
2026-02-10 14:12:31 - ERROR - ^
2026-02-10 14:12:31 - ERROR - ^
2026-02-10 14:12:31 - ERROR - ^
2026-02-10 14:12:31 - ERROR - ^
2026-02-10 14:12:31 - ERROR - ^
2026-02-10 14:12:31 - ERROR - ^
2026-02-10 14:12:31 - ERROR - ^
2026-02-10 14:12:31 - ERROR - ^
2026-02-10 14:12:31 - ERROR - ^
2026-02-10 14:12:31 - ERROR -   File "D:\Projects\AI4RFIC\example\optimization_algorithm.py", line 102, in predict_s_params

2026-02-10 14:12:31 - ERROR - s_params = self.model_manager.predict_single_sample(matrix, frequency_norm)
2026-02-10 14:12:31 - ERROR - ^
2026-02-10 14:12:31 - ERROR - ^
2026-02-10 14:12:31 - ERROR - ^
2026-02-10 14:12:31 - ERROR - ^
2026-02-10 14:12:31 - ERROR - ^
2026-02-10 14:12:31 - ERROR - ^
2026-02-10 14:12:31 - ERROR - ^
2026-02-10 14:12:31 - ERROR - ^
2026-02-10 14:12:31 - ERROR - ^
2026-02-10 14:12:31 - ERROR - ^
2026-02-10 14:12:31 - ERROR - ^
2026-02-10 14:12:31 - ERROR - ^
2026-02-10 14:12:31 - ERROR - ^
2026-02-10 14:12:31 - ERROR - ^
2026-02-10 14:12:31 - ERROR - ^
2026-02-10 14:12:31 - ERROR - ^
2026-02-10 14:12:31 - ERROR - ^
2026-02-10 14:12:31 - ERROR - ^
2026-02-10 14:12:31 - ERROR - ^
2026-02-10 14:12:31 - ERROR - ^
2026-02-10 14:12:31 - ERROR - ^
2026-02-10 14:12:31 - ERROR - ^
2026-02-10 14:12:31 - ERROR - ^
2026-02-10 14:12:31 - ERROR - ^
2026-02-10 14:12:31 - ERROR - ^
2026-02-10 14:12:31 - ERROR - ^
2026-02-10 14:12:31 - ERROR - ^
2026-02-10 14:12:31 - ERROR - ^
2026-02-10 14:12:31 - ERROR - ^
2026-02-10 14:12:31 - ERROR - ^
2026-02-10 14:12:31 - ERROR - ^
2026-02-10 14:12:31 - ERROR - ^
2026-02-10 14:12:31 - ERROR - ^
2026-02-10 14:12:31 - ERROR - ^
2026-02-10 14:12:31 - ERROR - ^
2026-02-10 14:12:31 - ERROR - ^
2026-02-10 14:12:31 - ERROR - ^
2026-02-10 14:12:31 - ERROR - ^
2026-02-10 14:12:31 - ERROR - ^
2026-02-10 14:12:31 - ERROR - ^
2026-02-10 14:12:31 - ERROR - ^
2026-02-10 14:12:31 - ERROR - ^
2026-02-10 14:12:31 - ERROR - ^
2026-02-10 14:12:31 - ERROR - ^
2026-02-10 14:12:31 - ERROR - ^
2026-02-10 14:12:31 - ERROR - ^
2026-02-10 14:12:31 - ERROR - ^
2026-02-10 14:12:31 - ERROR - ^
2026-02-10 14:12:31 - ERROR - ^
2026-02-10 14:12:31 - ERROR - ^
2026-02-10 14:12:31 - ERROR - ^
2026-02-10 14:12:31 - ERROR - ^
2026-02-10 14:12:31 - ERROR - ^
2026-02-10 14:12:31 - ERROR - ^
2026-02-10 14:12:31 - ERROR - ^
2026-02-10 14:12:31 - ERROR - ^
2026-02-10 14:12:31 - ERROR - ^
2026-02-10 14:12:31 - ERROR - ^
2026-02-10 14:12:31 - ERROR - ^
2026-02-10 14:12:31 - ERROR - ^
2026-02-10 14:12:31 - ERROR - ^
2026-02-10 14:12:31 - ERROR - ^
2026-02-10 14:12:31 - ERROR - ^
2026-02-10 14:12:31 - ERROR - ^
2026-02-10 14:12:31 - ERROR -   File "D:\Projects\AI4RFIC\example\train.py", line 644, in predict_single_sample

2026-02-10 14:12:31 - ERROR - print(test)
2026-02-10 14:12:31 - ERROR -   File "D:\Projects\AI4RFIC\.venv\Lib\site-packages\torch\_tensor.py", line 523, in __repr__

2026-02-10 14:12:31 - ERROR - return torch._tensor_str._str(self, tensor_contents=tensor_contents)
2026-02-10 14:12:31 - ERROR - ^
2026-02-10 14:12:31 - ERROR - ^
2026-02-10 14:12:31 - ERROR - ^
2026-02-10 14:12:31 - ERROR - ^
2026-02-10 14:12:31 - ERROR - ^
2026-02-10 14:12:31 - ERROR - ^
2026-02-10 14:12:31 - ERROR - ^
2026-02-10 14:12:31 - ERROR - ^
2026-02-10 14:12:31 - ERROR - ^
2026-02-10 14:12:31 - ERROR - ^
2026-02-10 14:12:31 - ERROR - ^
2026-02-10 14:12:31 - ERROR - ^
2026-02-10 14:12:31 - ERROR - ^
2026-02-10 14:12:31 - ERROR - ^
2026-02-10 14:12:31 - ERROR - ^
2026-02-10 14:12:31 - ERROR - ^
2026-02-10 14:12:31 - ERROR - ^
2026-02-10 14:12:31 - ERROR - ^
2026-02-10 14:12:31 - ERROR - ^
2026-02-10 14:12:31 - ERROR - ^
2026-02-10 14:12:31 - ERROR - ^
2026-02-10 14:12:31 - ERROR - ^
2026-02-10 14:12:31 - ERROR - ^
2026-02-10 14:12:31 - ERROR - ^
2026-02-10 14:12:31 - ERROR - ^
2026-02-10 14:12:31 - ERROR - ^
2026-02-10 14:12:31 - ERROR - ^
2026-02-10 14:12:31 - ERROR - ^
2026-02-10 14:12:31 - ERROR - ^
2026-02-10 14:12:31 - ERROR - ^
2026-02-10 14:12:31 - ERROR - ^
2026-02-10 14:12:31 - ERROR - ^
2026-02-10 14:12:31 - ERROR - ^
2026-02-10 14:12:31 - ERROR - ^
2026-02-10 14:12:31 - ERROR - ^
2026-02-10 14:12:31 - ERROR - ^
2026-02-10 14:12:31 - ERROR - ^
2026-02-10 14:12:31 - ERROR - ^
2026-02-10 14:12:31 - ERROR - ^
2026-02-10 14:12:31 - ERROR - ^
2026-02-10 14:12:31 - ERROR - ^
2026-02-10 14:12:31 - ERROR - ^
2026-02-10 14:12:31 - ERROR - ^
2026-02-10 14:12:31 - ERROR - ^
2026-02-10 14:12:31 - ERROR - ^
2026-02-10 14:12:31 - ERROR - ^
2026-02-10 14:12:31 - ERROR - ^
2026-02-10 14:12:31 - ERROR - ^
2026-02-10 14:12:31 - ERROR - ^
2026-02-10 14:12:31 - ERROR - ^
2026-02-10 14:12:31 - ERROR - ^
2026-02-10 14:12:31 - ERROR - ^
2026-02-10 14:12:31 - ERROR - ^
2026-02-10 14:12:31 - ERROR - ^
2026-02-10 14:12:31 - ERROR - ^
2026-02-10 14:12:31 - ERROR - ^
2026-02-10 14:12:31 - ERROR - ^
2026-02-10 14:12:31 - ERROR - ^
2026-02-10 14:12:31 - ERROR - ^
2026-02-10 14:12:31 - ERROR - ^
2026-02-10 14:12:31 - ERROR - ^
2026-02-10 14:12:31 - ERROR -   File "D:\Projects\AI4RFIC\.venv\Lib\site-packages\torch\_tensor_str.py", line 708, in _str

2026-02-10 14:12:31 - ERROR - return _str_intern(self, tensor_contents=tensor_contents)
2026-02-10 14:12:31 - ERROR - ^
2026-02-10 14:12:31 - ERROR - ^
2026-02-10 14:12:31 - ERROR - ^
2026-02-10 14:12:31 - ERROR - ^
2026-02-10 14:12:31 - ERROR - ^
2026-02-10 14:12:31 - ERROR - ^
2026-02-10 14:12:31 - ERROR - ^
2026-02-10 14:12:31 - ERROR - ^
2026-02-10 14:12:31 - ERROR - ^
2026-02-10 14:12:31 - ERROR - ^
2026-02-10 14:12:31 - ERROR - ^
2026-02-10 14:12:31 - ERROR - ^
2026-02-10 14:12:31 - ERROR - ^
2026-02-10 14:12:31 - ERROR - ^
2026-02-10 14:12:31 - ERROR - ^
2026-02-10 14:12:31 - ERROR - ^
2026-02-10 14:12:31 - ERROR - ^
2026-02-10 14:12:31 - ERROR - ^
2026-02-10 14:12:31 - ERROR - ^
2026-02-10 14:12:31 - ERROR - ^
2026-02-10 14:12:31 - ERROR - ^
2026-02-10 14:12:31 - ERROR - ^
2026-02-10 14:12:31 - ERROR - ^
2026-02-10 14:12:31 - ERROR - ^
2026-02-10 14:12:31 - ERROR - ^
2026-02-10 14:12:31 - ERROR - ^
2026-02-10 14:12:31 - ERROR - ^
2026-02-10 14:12:31 - ERROR - ^
2026-02-10 14:12:31 - ERROR - ^
2026-02-10 14:12:31 - ERROR - ^
2026-02-10 14:12:31 - ERROR - ^
2026-02-10 14:12:31 - ERROR - ^
2026-02-10 14:12:31 - ERROR - ^
2026-02-10 14:12:31 - ERROR - ^
2026-02-10 14:12:31 - ERROR - ^
2026-02-10 14:12:31 - ERROR - ^
2026-02-10 14:12:31 - ERROR - ^
2026-02-10 14:12:31 - ERROR - ^
2026-02-10 14:12:31 - ERROR - ^
2026-02-10 14:12:31 - ERROR - ^
2026-02-10 14:12:31 - ERROR - ^
2026-02-10 14:12:31 - ERROR - ^
2026-02-10 14:12:31 - ERROR - ^
2026-02-10 14:12:31 - ERROR - ^
2026-02-10 14:12:31 - ERROR - ^
2026-02-10 14:12:31 - ERROR - ^
2026-02-10 14:12:31 - ERROR - ^
2026-02-10 14:12:31 - ERROR - ^
2026-02-10 14:12:31 - ERROR - ^
2026-02-10 14:12:31 - ERROR - ^
2026-02-10 14:12:31 - ERROR -   File "D:\Projects\AI4RFIC\.venv\Lib\site-packages\torch\_tensor_str.py", line 625, in _str_intern

2026-02-10 14:12:31 - ERROR - tensor_str = _tensor_str(self, indent)
2026-02-10 14:12:31 - ERROR - ^
2026-02-10 14:12:31 - ERROR - ^
2026-02-10 14:12:31 - ERROR - ^
2026-02-10 14:12:31 - ERROR - ^
2026-02-10 14:12:31 - ERROR - ^
2026-02-10 14:12:31 - ERROR - ^
2026-02-10 14:12:31 - ERROR - ^
2026-02-10 14:12:31 - ERROR - ^
2026-02-10 14:12:31 - ERROR - ^
2026-02-10 14:12:31 - ERROR - ^
2026-02-10 14:12:31 - ERROR - ^
2026-02-10 14:12:31 - ERROR - ^
2026-02-10 14:12:31 - ERROR - ^
2026-02-10 14:12:31 - ERROR - ^
2026-02-10 14:12:31 - ERROR - ^
2026-02-10 14:12:31 - ERROR - ^
2026-02-10 14:12:31 - ERROR - ^
2026-02-10 14:12:31 - ERROR - ^
2026-02-10 14:12:31 - ERROR - ^
2026-02-10 14:12:31 - ERROR - ^
2026-02-10 14:12:31 - ERROR - ^
2026-02-10 14:12:31 - ERROR - ^
2026-02-10 14:12:31 - ERROR - ^
2026-02-10 14:12:31 - ERROR - ^
2026-02-10 14:12:31 - ERROR - ^
2026-02-10 14:12:31 - ERROR -   File "D:\Projects\AI4RFIC\.venv\Lib\site-packages\torch\_tensor_str.py", line 357, in _tensor_str

2026-02-10 14:12:31 - ERROR - formatter = _Formatter(get_summarized_data(self) if summarize else self)
2026-02-10 14:12:31 - ERROR - ^
2026-02-10 14:12:31 - ERROR - ^
2026-02-10 14:12:31 - ERROR - ^
2026-02-10 14:12:31 - ERROR - ^
2026-02-10 14:12:31 - ERROR - ^
2026-02-10 14:12:31 - ERROR - ^
2026-02-10 14:12:31 - ERROR - ^
2026-02-10 14:12:31 - ERROR - ^
2026-02-10 14:12:31 - ERROR - ^
2026-02-10 14:12:31 - ERROR - ^
2026-02-10 14:12:31 - ERROR - ^
2026-02-10 14:12:31 - ERROR - ^
2026-02-10 14:12:31 - ERROR - ^
2026-02-10 14:12:31 - ERROR - ^
2026-02-10 14:12:31 - ERROR - ^
2026-02-10 14:12:31 - ERROR - ^
2026-02-10 14:12:31 - ERROR - ^
2026-02-10 14:12:31 - ERROR - ^
2026-02-10 14:12:31 - ERROR - ^
2026-02-10 14:12:31 - ERROR - ^
2026-02-10 14:12:31 - ERROR - ^
2026-02-10 14:12:31 - ERROR - ^
2026-02-10 14:12:31 - ERROR - ^
2026-02-10 14:12:31 - ERROR - ^
2026-02-10 14:12:31 - ERROR - ^
2026-02-10 14:12:31 - ERROR - ^
2026-02-10 14:12:31 - ERROR - ^
2026-02-10 14:12:31 - ERROR - ^
2026-02-10 14:12:31 - ERROR - ^
2026-02-10 14:12:31 - ERROR - ^
2026-02-10 14:12:31 - ERROR - ^
2026-02-10 14:12:31 - ERROR - ^
2026-02-10 14:12:31 - ERROR - ^
2026-02-10 14:12:31 - ERROR - ^
2026-02-10 14:12:31 - ERROR - ^
2026-02-10 14:12:31 - ERROR - ^
2026-02-10 14:12:31 - ERROR - ^
2026-02-10 14:12:31 - ERROR - ^
2026-02-10 14:12:31 - ERROR - ^
2026-02-10 14:12:31 - ERROR - ^
2026-02-10 14:12:31 - ERROR - ^
2026-02-10 14:12:31 - ERROR - ^
2026-02-10 14:12:31 - ERROR - ^
2026-02-10 14:12:31 - ERROR - ^
2026-02-10 14:12:31 - ERROR - ^
2026-02-10 14:12:31 - ERROR - ^
2026-02-10 14:12:31 - ERROR - ^
2026-02-10 14:12:31 - ERROR - ^
2026-02-10 14:12:31 - ERROR - ^
2026-02-10 14:12:31 - ERROR - ^
2026-02-10 14:12:31 - ERROR - ^
2026-02-10 14:12:31 - ERROR - ^
2026-02-10 14:12:31 - ERROR - ^
2026-02-10 14:12:31 - ERROR - ^
2026-02-10 14:12:31 - ERROR - ^
2026-02-10 14:12:31 - ERROR - ^
2026-02-10 14:12:31 - ERROR - ^
2026-02-10 14:12:31 - ERROR - ^
2026-02-10 14:12:31 - ERROR - ^
2026-02-10 14:12:31 - ERROR - ^
2026-02-10 14:12:31 - ERROR -   File "D:\Projects\AI4RFIC\.venv\Lib\site-packages\torch\_tensor_str.py", line 146, in __init__

2026-02-10 14:12:31 - ERROR - tensor_view, torch.isfinite(tensor_view) & tensor_view.ne(0)
2026-02-10 14:12:31 - ERROR - ^
2026-02-10 14:12:31 - ERROR - ^
2026-02-10 14:12:31 - ERROR - ^
2026-02-10 14:12:31 - ERROR - ^
2026-02-10 14:12:31 - ERROR - ^
2026-02-10 14:12:31 - ERROR - ^
2026-02-10 14:12:31 - ERROR - ^
2026-02-10 14:12:31 - ERROR - ^
2026-02-10 14:12:31 - ERROR - ^
2026-02-10 14:12:31 - ERROR - ^
2026-02-10 14:12:31 - ERROR - ^
2026-02-10 14:12:31 - ERROR - ^
2026-02-10 14:12:31 - ERROR - ^
2026-02-10 14:12:31 - ERROR - ^
2026-02-10 14:12:31 - ERROR - ^
2026-02-10 14:12:31 - ERROR - ^
2026-02-10 14:12:31 - ERROR - ^
2026-02-10 14:12:31 - ERROR - ^
2026-02-10 14:12:31 - ERROR - ^
2026-02-10 14:12:31 - ERROR - ^
2026-02-10 14:12:31 - ERROR - ^
2026-02-10 14:12:31 - ERROR - ^
2026-02-10 14:12:31 - ERROR - ^
2026-02-10 14:12:31 - ERROR - ^
2026-02-10 14:12:31 - ERROR - ^
2026-02-10 14:12:31 - ERROR - ^
2026-02-10 14:12:31 - ERROR - ^
2026-02-10 14:12:31 - ERROR - RuntimeError
2026-02-10 14:12:31 - ERROR - : 
2026-02-10 14:12:31 - ERROR - CUDA error: no kernel image is available for execution on the device
CUDA kernel errors might be asynchronously reported at some other API call, so the stacktrace below might be incorrect.
For debugging consider passing CUDA_LAUNCH_BLOCKING=1
Compile with `TORCH_USE_CUDA_DSA` to enable device-side assertions.

