2025-12-29 16:29:08 - INFO - 日志文件保存到: logs/training_20251229_162908.log
2025-12-29 16:29:08 - INFO - 选择模型类型 (1: CnnNet, 2: ResidualNet): 
2025-12-29 16:29:10 - INFO - 选择运行模式 (1: 仅训练神经网络, 2: 仅运行遗传算法, 3: 完整流程): 
2025-12-29 16:29:10 - INFO - === 训练神经网络仿真器 ===
2025-12-29 16:29:10 - INFO - 使用模型类型: advanced
2025-12-29 16:29:10 - INFO - 使用缓存的预处理数据集: /root/aicp-data/saved_datasets/v1
2025-12-29 16:29:10 - INFO - {'data_loaders': {'train_loader': {'batch_size': 1024, 'shuffle': False, 'num_workers': 4, 'pin_memory': True, 'drop_last': False}, 'val_loader': {'batch_size': 1024, 'shuffle': False, 'num_workers': 4, 'pin_memory': True, 'drop_last': False}, 'test_loader': {'batch_size': 1024, 'shuffle': False, 'num_workers': 4, 'pin_memory': True, 'drop_last': False}}, 'datasets': {'train_dataset': '/root/aicp-data/saved_datasets/v1/train_dataset.pkl', 'val_dataset': '/root/aicp-data/saved_datasets/v1/val_dataset.pkl', 'test_dataset': '/root/aicp-data/saved_datasets/v1/test_dataset.pkl'}, 'metadata': {'timestamp': '2025-12-29T06:52:54', 'dataset_sizes': {'train': 21000000, 'val': 6000000, 'test': 3000000}}}
2025-12-29 16:29:10 - INFO - train_dataset
2025-12-29 16:29:10 - INFO - /root/aicp-data/saved_datasets/v1/train_dataset.pkl
2025-12-29 16:29:55 - INFO - val_dataset
2025-12-29 16:29:55 - INFO - /root/aicp-data/saved_datasets/v1/val_dataset.pkl
2025-12-29 16:30:04 - INFO - test_dataset
2025-12-29 16:30:04 - INFO - /root/aicp-data/saved_datasets/v1/test_dataset.pkl
2025-12-29 16:30:09 - INFO - 数据集已从 /root/aicp-data/saved_datasets/v1 加载
2025-12-29 16:30:09 - INFO - 训练集大小: 21000000
2025-12-29 16:30:09 - INFO - 验证集大小: 6000000
2025-12-29 16:30:09 - INFO - 测试集大小: 3000000
2025-12-29 16:30:09 - INFO - 加载的data_loaders键: ['train_loader', 'val_loader', 'test_loader']
2025-12-29 16:30:09 - INFO - 加载的datasets键: ['train_dataset', 'val_dataset', 'test_dataset']
2025-12-29 16:30:09 - INFO - 训练集批次数量: 20508
2025-12-29 16:30:09 - INFO - 验证集批次数量: 5860
2025-12-29 16:30:09 - INFO - 测试集批次数量: 2930
2025-12-29 16:30:09 - INFO - 
============================================================
2025-12-29 16:30:09 - INFO - 步骤5: 创建神经网络...
2025-12-29 16:30:09 - INFO - ============================================================
2025-12-29 16:30:09 - INFO - 使用Cnn网络
2025-12-29 16:30:09 - INFO - 模型总参数: 793,512
2025-12-29 16:30:09 - INFO - 可训练参数: 793,512
2025-12-29 16:30:09 - INFO - 
============================================================
2025-12-29 16:30:09 - INFO - 步骤6: 训练...
2025-12-29 16:30:09 - INFO - ============================================================
2025-12-29 16:30:09 - INFO - ModelManager初始化完成，使用设备: cuda
2025-12-29 16:30:09 - INFO - 检查点目录: ./frequency_checkpoints
2025-12-29 16:30:09 - ERROR - /home/hhabu/miniconda/envs/myenv/lib/python3.11/site-packages/torch/optim/lr_scheduler.py:62: UserWarning: The verbose parameter is deprecated. Please use get_last_lr() to access the learning rate.
  warnings.warn(

2025-12-29 16:30:09 - INFO - 训练组件设置完成:
2025-12-29 16:30:09 - INFO - 使用优化器: AdamW
2025-12-29 16:30:09 - INFO - 损失函数: 加权MSE (权重: None)
2025-12-29 16:30:09 - INFO - 使用调度器: ReduceLROnPlateau
2025-12-29 16:30:09 - INFO - 初始学习率: 0.001
2025-12-29 16:30:09 - INFO - 从检查点恢复训练: ./frequency_checkpoints/checkpoint_epoch_99.pth
2025-12-29 16:30:09 - ERROR - /home/hhabu/work_src/DL_IOMN_src/example/utils.py:43: FutureWarning: You are using `torch.load` with `weights_only=False` (the current default value), which uses the default pickle module implicitly. It is possible to construct malicious pickle data which will execute arbitrary code during unpickling (See https://github.com/pytorch/pytorch/blob/main/SECURITY.md#untrusted-models for more details). In a future release, the default value for `weights_only` will be flipped to `True`. This limits the functions that could be executed during unpickling. Arbitrary objects will no longer be allowed to be loaded via this mode unless they are explicitly allowlisted by the user via `torch.serialization.add_safe_globals`. We recommend you start setting `weights_only=True` for any use case where you don't have full control of the loaded file. Please open an issue on GitHub for any issues related to this experimental feature.
  checkpoint = torch.load(checkpoint_path)

2025-12-29 16:30:09 - INFO - 从 epoch 100 继续训练
2025-12-29 16:30:09 - INFO - 
开始训练，总共 100 个epochs
2025-12-29 16:30:09 - INFO - ================================================================================
2025-12-29 16:30:09 - INFO - ================================================================================
2025-12-29 16:30:09 - INFO - 训练完成！最佳验证损失: 0.000029
2025-12-29 16:30:09 - ERROR - /home/hhabu/work_src/DL_IOMN_src/example/train.py:610: FutureWarning: You are using `torch.load` with `weights_only=False` (the current default value), which uses the default pickle module implicitly. It is possible to construct malicious pickle data which will execute arbitrary code during unpickling (See https://github.com/pytorch/pytorch/blob/main/SECURITY.md#untrusted-models for more details). In a future release, the default value for `weights_only` will be flipped to `True`. This limits the functions that could be executed during unpickling. Arbitrary objects will no longer be allowed to be loaded via this mode unless they are explicitly allowlisted by the user via `torch.serialization.add_safe_globals`. We recommend you start setting `weights_only=True` for any use case where you don't have full control of the loaded file. Please open an issue on GitHub for any issues related to this experimental feature.
  self.model.load_state_dict(torch.load(best_model_path))

2025-12-29 16:30:09 - INFO - 已加载最佳模型
2025-12-29 16:30:09 - INFO - 
============================================================
2025-12-29 16:30:09 - INFO - 步骤7: 在测试集上评估模型性能...
2025-12-29 16:30:09 - INFO - ============================================================
2025-12-29 16:30:23 - INFO - 训练历史图已保存到: plots/training_history.png
2025-12-29 16:30:23 - INFO - ???????????????????????????????????2
2025-12-29 16:30:23 - INFO - ???????????????????????????????????1
2025-12-29 16:30:25 - INFO - ???????????????????????????????????4
2025-12-29 16:42:31 - INFO - 散点对比图已保存到: plots/scatter_comparison.png
2025-12-29 16:42:31 - INFO - ???????????????????????????????????5
2025-12-29 16:42:31 - INFO - ???????????????????????????????????3
2025-12-29 16:42:35 - INFO - 残差分布图已保存到: plots/residual_distribution.png
2025-12-29 16:44:10 - INFO - 频率分析图已保存到: plots/frequency_analysis.png
2025-12-29 16:44:10 - INFO - 开始生成可视化报告...
2025-12-29 16:44:10 - INFO - 1. 生成训练历史图...
2025-12-29 16:44:11 - INFO - ???????????????????????????????????2
2025-12-29 16:44:11 - INFO - 2. 生成散点对比图...
2025-12-29 16:44:13 - INFO - ???????????????????????????????????4
2025-12-29 16:44:13 - INFO - ???????????????????????????????????5
2025-12-29 16:52:32 - INFO - 3. 生成残差分布图...
2025-12-29 16:52:36 - INFO - 4. 生成频率分析图...
2025-12-29 16:53:44 - INFO - 5. 生成汇总报告...
2025-12-29 16:53:45 - INFO - 汇总报告已保存到: plots/comprehensive_report/summary_report.txt
2025-12-29 16:53:45 - INFO - ================================================================================
模型训练与评估汇总报告
================================================================================

生成时间: 2025-12-29 16:53:44

----------------------------------------
训练过程信息
----------------------------------------
总训练轮数: 100
最终训练损失: 0.000066
最终验证损失: 0.000032
最佳验证损失: 0.000029

----------------------------------------
整体测试性能
----------------------------------------
R² 分数: 0.998584
平均绝对误差 (MAE): 0.003430
均方根误差 (RMSE): 0.005393

----------------------------------------
各S参数详细性能
----------------------------------------

S11_real:
  R²: 0.999834
  MAE: 0.003716
  平均相对误差: 5.70%

S11_imag:
  R²: 0.996731
  MAE: 0.005484
  平均相对误差: 59.80%

S21_real:
  R²: 0.999970
  MAE: 0.001548
  平均相对误差: 1459.08%

S21_imag:
  R²: 0.997728
  MAE: 0.003043
  平均相对误差: 451.59%

S12_real:
  R²: 0.999970
  MAE: 0.001548
  平均相对误差: 1459.07%

S12_imag:
  R²: 0.997728
  MAE: 0.003043
  平均相对误差: 451.59%

S22_real:
  R²: 0.999831
  MAE: 0.003627
  平均相对误差: 8.17%

S22_imag:
  R²: 0.996807
  MAE: 0.005456
  平均相对误差: 63.74%
2025-12-29 16:53:45 - INFO - 可视化报告生成完成!
2025-12-29 16:53:45 - INFO - 
============================================================
2025-12-29 16:53:45 - INFO - 评估结果 - 测试集
2025-12-29 16:53:45 - INFO - ============================================================
2025-12-29 16:53:45 - INFO - 
整体指标:
2025-12-29 16:53:45 - INFO -   R²: 0.998584
2025-12-29 16:53:45 - INFO -   MAE: 0.003430
2025-12-29 16:53:45 - INFO -   RMSE: 0.005393
2025-12-29 16:53:45 - INFO -   MSE: 0.000029
2025-12-29 16:53:45 - INFO - 
各S参数指标:
2025-12-29 16:53:45 - INFO - 
S11_real:
2025-12-29 16:53:45 - INFO -   R²: 0.9998
2025-12-29 16:53:45 - INFO -   MAE: 0.003716
2025-12-29 16:53:45 - INFO -   RMSE: 0.005702
2025-12-29 16:53:45 - INFO -   平均相对误差: 5.70%
2025-12-29 16:53:45 - INFO - 
S11_imag:
2025-12-29 16:53:45 - INFO -   R²: 0.9967
2025-12-29 16:53:45 - INFO -   MAE: 0.005484
2025-12-29 16:53:45 - INFO -   RMSE: 0.007596
2025-12-29 16:53:45 - INFO -   平均相对误差: 59.80%
2025-12-29 16:53:45 - INFO - 
S21_real:
2025-12-29 16:53:45 - INFO -   R²: 1.0000
2025-12-29 16:53:45 - INFO -   MAE: 0.001548
2025-12-29 16:53:45 - INFO -   RMSE: 0.002316
2025-12-29 16:53:45 - INFO -   平均相对误差: 1459.08%
2025-12-29 16:53:45 - INFO - 
S21_imag:
2025-12-29 16:53:45 - INFO -   R²: 0.9977
2025-12-29 16:53:45 - INFO -   MAE: 0.003043
2025-12-29 16:53:45 - INFO -   RMSE: 0.004628
2025-12-29 16:53:45 - INFO -   平均相对误差: 451.59%
2025-12-29 16:53:45 - INFO - 
S12_real:
2025-12-29 16:53:45 - INFO -   R²: 1.0000
2025-12-29 16:53:45 - INFO -   MAE: 0.001548
2025-12-29 16:53:45 - INFO -   RMSE: 0.002316
2025-12-29 16:53:45 - INFO -   平均相对误差: 1459.07%
2025-12-29 16:53:45 - INFO - 
S12_imag:
2025-12-29 16:53:45 - INFO -   R²: 0.9977
2025-12-29 16:53:45 - INFO -   MAE: 0.003043
2025-12-29 16:53:45 - INFO -   RMSE: 0.004628
2025-12-29 16:53:45 - INFO -   平均相对误差: 451.59%
2025-12-29 16:53:45 - INFO - 
S22_real:
2025-12-29 16:53:45 - INFO -   R²: 0.9998
2025-12-29 16:53:45 - INFO -   MAE: 0.003627
2025-12-29 16:53:45 - INFO -   RMSE: 0.005751
2025-12-29 16:53:45 - INFO -   平均相对误差: 8.17%
2025-12-29 16:53:45 - INFO - 
S22_imag:
2025-12-29 16:53:45 - INFO -   R²: 0.9968
2025-12-29 16:53:45 - INFO -   MAE: 0.005456
2025-12-29 16:53:45 - INFO -   RMSE: 0.007537
2025-12-29 16:53:45 - INFO -   平均相对误差: 63.74%
2025-12-29 16:53:45 - INFO - 
============================================================
2025-12-29 16:53:45 - INFO - 评估测试集中所有样本的误差
2025-12-29 16:53:45 - INFO - ============================================================
2025-12-29 16:54:24 - INFO - 
============================================================
2025-12-29 16:54:24 - INFO - 测试集误差统计分析
2025-12-29 16:54:24 - INFO - ============================================================
2025-12-29 16:54:44 - INFO - 
S11_real 误差统计:
2025-12-29 16:54:44 - INFO -   最小误差: 0.00%
2025-12-29 16:54:44 - INFO -   最大误差: 933175.19%
2025-12-29 16:54:44 - INFO -   平均误差: 5.70%
2025-12-29 16:54:44 - INFO -   中位数误差: 0.45%
2025-12-29 16:54:44 - INFO -   误差标准差: 694.64%
2025-12-29 16:54:44 - INFO -   95%分位数: 13.07%
2025-12-29 16:54:44 - INFO - 
S11_imag 误差统计:
2025-12-29 16:54:44 - INFO -   最小误差: 0.00%
2025-12-29 16:54:44 - INFO -   最大误差: 3423879.00%
2025-12-29 16:54:44 - INFO -   平均误差: 59.80%
2025-12-29 16:54:44 - INFO -   中位数误差: 7.66%
2025-12-29 16:54:44 - INFO -   误差标准差: 4629.12%
2025-12-29 16:54:44 - INFO -   95%分位数: 93.44%
2025-12-29 16:54:44 - INFO - 
S21_real 误差统计:
2025-12-29 16:54:44 - INFO -   最小误差: 0.00%
2025-12-29 16:54:44 - INFO -   最大误差: 8233249.00%
2025-12-29 16:54:44 - INFO -   平均误差: 1459.10%
2025-12-29 16:54:44 - INFO -   中位数误差: 21.41%
2025-12-29 16:54:44 - INFO -   误差标准差: 51049.48%
2025-12-29 16:54:44 - INFO -   95%分位数: 455.26%
2025-12-29 16:54:44 - INFO - 
S21_imag 误差统计:
2025-12-29 16:54:44 - INFO -   最小误差: 0.00%
2025-12-29 16:54:44 - INFO -   最大误差: 4491404.00%
2025-12-29 16:54:44 - INFO -   平均误差: 451.59%
2025-12-29 16:54:44 - INFO -   中位数误差: 8.66%
2025-12-29 16:54:44 - INFO -   误差标准差: 12359.81%
2025-12-29 16:54:44 - INFO -   95%分位数: 202.03%
2025-12-29 16:54:44 - INFO - 
S12_real 误差统计:
2025-12-29 16:54:44 - INFO -   最小误差: 0.00%
2025-12-29 16:54:44 - INFO -   最大误差: 8233175.00%
2025-12-29 16:54:44 - INFO -   平均误差: 1459.10%
2025-12-29 16:54:44 - INFO -   中位数误差: 21.41%
2025-12-29 16:54:44 - INFO -   误差标准差: 51049.23%
2025-12-29 16:54:44 - INFO -   95%分位数: 455.25%
2025-12-29 16:54:44 - INFO - 
S12_imag 误差统计:
2025-12-29 16:54:44 - INFO -   最小误差: 0.00%
2025-12-29 16:54:44 - INFO -   最大误差: 4491483.00%
2025-12-29 16:54:44 - INFO -   平均误差: 451.59%
2025-12-29 16:54:44 - INFO -   中位数误差: 8.66%
2025-12-29 16:54:44 - INFO -   误差标准差: 12359.82%
2025-12-29 16:54:44 - INFO -   95%分位数: 202.03%
2025-12-29 16:54:44 - INFO - 
S22_real 误差统计:
2025-12-29 16:54:44 - INFO -   最小误差: 0.00%
2025-12-29 16:54:44 - INFO -   最大误差: 1728534.62%
2025-12-29 16:54:44 - INFO -   平均误差: 8.17%
2025-12-29 16:54:44 - INFO -   中位数误差: 0.45%
2025-12-29 16:54:44 - INFO -   误差标准差: 1335.32%
2025-12-29 16:54:44 - INFO -   95%分位数: 13.38%
2025-12-29 16:54:44 - INFO - 
S22_imag 误差统计:
2025-12-29 16:54:44 - INFO -   最小误差: 0.00%
2025-12-29 16:54:44 - INFO -   最大误差: 9217359.00%
2025-12-29 16:54:44 - INFO -   平均误差: 63.74%
2025-12-29 16:54:44 - INFO -   中位数误差: 7.66%
2025-12-29 16:54:44 - INFO -   误差标准差: 8771.50%
2025-12-29 16:54:44 - INFO -   95%分位数: 89.90%
2025-12-29 16:54:46 - INFO - 
============================================================
2025-12-29 16:54:46 - INFO - 样本误差极值分析
2025-12-29 16:54:46 - INFO - ============================================================
2025-12-29 16:54:46 - INFO - 
🎯 最佳预测样本 (索引: 2886154):
2025-12-29 16:54:46 - INFO -   平均相对误差: 0.11%
2025-12-29 16:54:46 - INFO -   频率: 24.8 GHz
2025-12-29 16:54:46 - INFO - 
⚠️ 最差预测样本 (索引: 746820):
2025-12-29 16:54:46 - INFO -   平均相对误差: 2467486.50%
2025-12-29 16:54:46 - INFO -   频率: 0.0 GHz
2025-12-29 16:55:32 - INFO - 误差分布图已保存到: error_distribution.png
2025-12-29 16:55:32 - INFO - 最终模型已保存: final_frequency_model.pth
2025-12-29 16:55:32 - INFO - 最佳验证损失: 0.000029
2025-12-29 16:56:55 - INFO - ##############

2025-12-29 16:56:55 - INFO - 
================================================================================
2025-12-29 16:56:55 - INFO - 神经网络模型训练总结
2025-12-29 16:56:55 - INFO - ================================================================================
2025-12-29 16:56:55 - INFO - 
📈 训练过程:
2025-12-29 16:56:55 - INFO -   训练轮数: 100
2025-12-29 16:56:55 - INFO -   最终训练损失: 0.000066
2025-12-29 16:56:55 - INFO -   最终验证损失: 0.000032
2025-12-29 16:56:55 - INFO -   最佳验证损失: 0.000029
2025-12-29 16:56:55 - INFO - 
📊 训练集评估结果:
2025-12-29 16:56:55 - INFO -   整体R²: 0.9985
2025-12-29 16:56:55 - INFO -   整体MAE: 0.003275
2025-12-29 16:56:55 - INFO -   整体RMSE: 0.005261
2025-12-29 16:56:55 - INFO - 
📊 测试集评估结果:
2025-12-29 16:56:55 - INFO -   整体R²: 0.9986
2025-12-29 16:56:55 - INFO -   整体MAE: 0.003430
2025-12-29 16:56:55 - INFO -   整体RMSE: 0.005393
2025-12-29 16:56:55 - INFO - 
🎯 各S参数表现对比:
2025-12-29 16:56:55 - INFO -   S11_real: 训练集R²=0.9998, 测试集R²=0.9998
2025-12-29 16:56:55 - INFO -   S11_imag: 训练集R²=0.9967, 测试集R²=0.9967
2025-12-29 16:56:55 - INFO -   S21_real: 训练集R²=1.0000, 测试集R²=1.0000
2025-12-29 16:56:55 - INFO -   S21_imag: 训练集R²=0.9977, 测试集R²=0.9977
2025-12-29 16:56:55 - INFO -   S12_real: 训练集R²=1.0000, 测试集R²=1.0000
2025-12-29 16:56:55 - INFO -   S12_imag: 训练集R²=0.9977, 测试集R²=0.9977
2025-12-29 16:56:55 - INFO -   S22_real: 训练集R²=0.9998, 测试集R²=0.9998
2025-12-29 16:56:55 - INFO -   S22_imag: 训练集R²=0.9968, 测试集R²=0.9968
2025-12-29 16:56:55 - INFO - 
================================================================================
2025-12-29 16:57:00 - INFO - 
程序运行完成，日志已保存到: logs/training_20251229_162908.log
2025-12-29 16:57:00 - INFO - ============================================================
