2026-03-04 13:21:31 - INFO - 日志文件保存到: logs/training_20260304_132131.log
2026-03-04 13:21:31 - INFO - 选择模型类型 (1: CnnNet, 2: ResidualNet): 
2026-03-04 13:21:32 - INFO - 选择运行模式 (1: 仅训练神经网络, 2: 仅运行遗传算法, 3: 测试S参数曲线: 
2026-03-04 13:21:33 - INFO - 
==================================================
2026-03-04 13:21:33 - INFO - 创建空白模型：
2026-03-04 13:21:33 - INFO - 
==================================================
2026-03-04 13:21:33 - INFO - 
==================================================
2026-03-04 13:21:33 - INFO - 模型加载：
2026-03-04 13:21:33 - INFO - 
==================================================
2026-03-04 13:21:33 - INFO - ModelManager初始化完成，使用设备: cuda
2026-03-04 13:21:33 - INFO - 检查点目录: frequency_checkpoints/best_model.pth
2026-03-04 13:21:33 - INFO - 
============================================================
2026-03-04 13:21:33 - INFO - 启动矩阵结构遗传优化
2026-03-04 13:21:33 - INFO - ============================================================
2026-03-04 13:21:33 - INFO - 输出目录: genetic_results/result_20260304_132133
2026-03-04 13:21:33 - INFO - 多频点优化: 1 个频点，范围 10.00 - 10.00 GHz
2026-03-04 13:21:33 - INFO - 目标反射系数示例: 0.3778+0.4837j ...
2026-03-04 13:21:33 - INFO - 矩阵遗传算法初始化完成
2026-03-04 13:21:33 - INFO - 矩阵形状: (19, 19)
2026-03-04 13:21:33 - INFO - 总像素数: 361
2026-03-04 13:21:33 - INFO - 使用设备: cuda
2026-03-04 13:21:33 - INFO - 
============================================================
2026-03-04 13:21:33 - INFO - 启动遗传算法优化
2026-03-04 13:21:33 - INFO - ============================================================
2026-03-04 13:21:33 - INFO - 目标频率: [1.e+10] GHz
2026-03-04 13:21:33 - INFO - 目标参数: {'gamma_opt_list': [(0.3777874233576882+0.48373534250125844j)]}
2026-03-04 13:21:33 - INFO - 种群大小: 1024
2026-03-04 13:21:33 - INFO - 进化代数: 100
2026-03-04 13:21:33 - INFO - 变异率: 0.1
2026-03-04 13:21:33 - INFO - 交叉率: 0.8
2026-03-04 13:21:33 - INFO - 精英数量: 5
2026-03-04 13:21:33 - INFO - tournament_size: 128
2026-03-04 13:21:33 - INFO - ============================================================
2026-03-04 13:21:33 - INFO - 创建初始种群 (大小: 4096)...
2026-03-04 13:21:33 - ERROR - 创建种群:   0%|                                                                                                          | 0/4096 [00:00<?, ?it/s]
2026-03-04 13:21:33 - ERROR - 创建种群:  82%|###########################################################################8                | 3376/4096 [00:00<00:00, 33581.57it/s]
2026-03-04 13:21:33 - ERROR - 创建种群: 100%|############################################################################################| 4096/4096 [00:00<00:00, 33702.67it/s]
2026-03-04 13:21:33 - ERROR - 遗传演进:   0%|                                                                                                           | 0/100 [00:00<?, ?it/s]
2026-03-04 13:21:41 - INFO - 当前代数: 0, 当前最佳适应度: -0.5915
2026-03-04 13:21:41 - INFO - 代   0: 平均适应度 = -1.7229, 最佳适应度 = -0.5915
2026-03-04 13:21:41 - ERROR - 遗传演进:   1%|9                                                                                                  | 1/100 [00:07<13:01,  7.90s/it]
2026-03-04 13:21:43 - INFO - 当前代数: 1, 当前最佳适应度: -0.5915
2026-03-04 13:21:43 - ERROR - 遗传演进:   2%|#9                                                                                                 | 2/100 [00:09<07:15,  4.45s/it]
2026-03-04 13:21:45 - INFO - 当前代数: 2, 当前最佳适应度: -0.5738
2026-03-04 13:21:45 - ERROR - 遗传演进:   3%|##9                                                                                                | 3/100 [00:11<05:24,  3.34s/it]
2026-03-04 13:21:47 - INFO - 当前代数: 3, 当前最佳适应度: -0.5738
2026-03-04 13:21:47 - ERROR - 遗传演进:   4%|###9                                                                                               | 4/100 [00:13<04:31,  2.82s/it]
2026-03-04 13:21:49 - INFO - 当前代数: 4, 当前最佳适应度: -0.5738
2026-03-04 13:21:49 - ERROR - 遗传演进:   5%|####9                                                                                              | 5/100 [00:15<04:00,  2.53s/it]
2026-03-04 13:21:51 - INFO - 当前代数: 5, 当前最佳适应度: -0.5738
2026-03-04 13:21:51 - ERROR - 遗传演进:   6%|#####9                                                                                             | 6/100 [00:18<03:41,  2.36s/it]
2026-03-04 13:21:53 - INFO - 当前代数: 6, 当前最佳适应度: -0.5559
2026-03-04 13:21:53 - ERROR - 遗传演进:   7%|######9                                                                                            | 7/100 [00:20<03:29,  2.26s/it]
2026-03-04 13:21:55 - INFO - 当前代数: 7, 当前最佳适应度: -0.5559
2026-03-04 13:21:55 - ERROR - 遗传演进:   8%|#######9                                                                                           | 8/100 [00:22<03:21,  2.19s/it]
2026-03-04 13:21:57 - INFO - 当前代数: 8, 当前最佳适应度: -0.5559
2026-03-04 13:21:57 - ERROR - 遗传演进:   9%|########9                                                                                          | 9/100 [00:24<03:15,  2.14s/it]
2026-03-04 13:21:59 - INFO - 当前代数: 9, 当前最佳适应度: -0.5559
2026-03-04 13:21:59 - ERROR - 遗传演进:  10%|#########8                                                                                        | 10/100 [00:26<03:10,  2.12s/it]
2026-03-04 13:22:01 - INFO - 当前代数: 10, 当前最佳适应度: -0.5559
2026-03-04 13:22:01 - INFO - 代  10: 平均适应度 = -820.7838, 最佳适应度 = -0.5559
2026-03-04 13:22:01 - ERROR - 遗传演进:  11%|##########7                                                                                       | 11/100 [00:28<03:06,  2.10s/it]
2026-03-04 13:22:03 - INFO - 当前代数: 11, 当前最佳适应度: -0.5559
2026-03-04 13:22:03 - ERROR - 遗传演进:  12%|###########7                                                                                      | 12/100 [00:30<03:03,  2.08s/it]
2026-03-04 13:22:05 - INFO - 当前代数: 12, 当前最佳适应度: -0.5559
2026-03-04 13:22:05 - ERROR - 遗传演进:  13%|############7                                                                                     | 13/100 [00:32<03:00,  2.07s/it]
2026-03-04 13:22:07 - INFO - 当前代数: 13, 当前最佳适应度: -0.5559
2026-03-04 13:22:07 - ERROR - 遗传演进:  14%|#############7                                                                                    | 14/100 [00:34<02:57,  2.06s/it]
2026-03-04 13:22:09 - INFO - 当前代数: 14, 当前最佳适应度: -0.5559
2026-03-04 13:22:09 - ERROR - 遗传演进:  15%|##############7                                                                                   | 15/100 [00:36<02:54,  2.05s/it]
2026-03-04 13:22:11 - INFO - 当前代数: 15, 当前最佳适应度: -0.5559
2026-03-04 13:22:11 - ERROR - 遗传演进:  16%|###############6                                                                                  | 16/100 [00:38<02:51,  2.05s/it]
2026-03-04 13:22:13 - INFO - 当前代数: 16, 当前最佳适应度: -0.5431
2026-03-04 13:22:13 - ERROR - 遗传演进:  17%|################6                                                                                 | 17/100 [00:40<02:49,  2.04s/it]
2026-03-04 13:22:15 - INFO - 当前代数: 17, 当前最佳适应度: -0.5431
2026-03-04 13:22:15 - ERROR - 遗传演进:  18%|#################6                                                                                | 18/100 [00:42<02:48,  2.06s/it]
2026-03-04 13:22:18 - INFO - 当前代数: 18, 当前最佳适应度: -0.5431
2026-03-04 13:22:18 - ERROR - 遗传演进:  19%|##################6                                                                               | 19/100 [00:44<02:49,  2.09s/it]
2026-03-04 13:22:20 - INFO - 当前代数: 19, 当前最佳适应度: -0.5431
2026-03-04 13:22:20 - ERROR - 遗传演进:  20%|###################6                                                                              | 20/100 [00:46<02:47,  2.09s/it]
2026-03-04 13:22:22 - INFO - 当前代数: 20, 当前最佳适应度: -0.5431
2026-03-04 13:22:22 - INFO - 代  20: 平均适应度 = -775.7073, 最佳适应度 = -0.5431
2026-03-04 13:22:22 - ERROR - 遗传演进:  21%|####################5                                                                             | 21/100 [00:48<02:44,  2.08s/it]
2026-03-04 13:22:24 - INFO - 当前代数: 21, 当前最佳适应度: -0.5431
2026-03-04 13:22:24 - ERROR - 遗传演进:  22%|#####################5                                                                            | 22/100 [00:51<02:43,  2.10s/it]
2026-03-04 13:22:26 - INFO - 当前代数: 22, 当前最佳适应度: -0.5431
2026-03-04 13:22:26 - ERROR - 遗传演进:  23%|######################5                                                                           | 23/100 [00:53<02:41,  2.09s/it]
2026-03-04 13:22:28 - INFO - 当前代数: 23, 当前最佳适应度: -0.5372
2026-03-04 13:22:28 - ERROR - 遗传演进:  24%|#######################5                                                                          | 24/100 [00:55<02:40,  2.11s/it]
2026-03-04 13:22:30 - INFO - 当前代数: 24, 当前最佳适应度: -0.5372
2026-03-04 13:22:30 - ERROR - 遗传演进:  25%|########################5                                                                         | 25/100 [00:57<02:39,  2.13s/it]
2026-03-04 13:22:32 - INFO - 当前代数: 25, 当前最佳适应度: -0.5360
2026-03-04 13:22:32 - ERROR - 遗传演进:  26%|#########################4                                                                        | 26/100 [00:59<02:38,  2.14s/it]
2026-03-04 13:22:35 - INFO - 当前代数: 26, 当前最佳适应度: -0.5358
2026-03-04 13:22:35 - ERROR - 遗传演进:  27%|##########################4                                                                       | 27/100 [01:01<02:37,  2.15s/it]
2026-03-04 13:22:37 - INFO - 当前代数: 27, 当前最佳适应度: -0.5358
2026-03-04 13:22:37 - ERROR - 遗传演进:  28%|###########################4                                                                      | 28/100 [01:03<02:33,  2.14s/it]
2026-03-04 13:22:39 - INFO - 当前代数: 28, 当前最佳适应度: -0.5358
2026-03-04 13:22:39 - ERROR - 遗传演进:  29%|############################4                                                                     | 29/100 [01:05<02:30,  2.12s/it]
2026-03-04 13:22:41 - INFO - 当前代数: 29, 当前最佳适应度: -0.5322
2026-03-04 13:22:41 - ERROR - 遗传演进:  30%|#############################4                                                                    | 30/100 [01:08<02:26,  2.09s/it]
2026-03-04 13:22:43 - INFO - 当前代数: 30, 当前最佳适应度: -0.5322
2026-03-04 13:22:43 - INFO - 代  30: 平均适应度 = -673.1019, 最佳适应度 = -0.5322
2026-03-04 13:22:43 - ERROR - 遗传演进:  31%|##############################3                                                                   | 31/100 [01:10<02:23,  2.08s/it]
2026-03-04 13:22:45 - INFO - 当前代数: 31, 当前最佳适应度: -0.5322
2026-03-04 13:22:45 - ERROR - 遗传演进:  32%|###############################3                                                                  | 32/100 [01:12<02:20,  2.07s/it]
2026-03-04 13:22:47 - INFO - 当前代数: 32, 当前最佳适应度: -0.5322
2026-03-04 13:22:47 - ERROR - 遗传演进:  33%|################################3                                                                 | 33/100 [01:14<02:18,  2.06s/it]
2026-03-04 13:22:49 - INFO - 当前代数: 33, 当前最佳适应度: -0.5322
2026-03-04 13:22:49 - ERROR - 遗传演进:  34%|#################################3                                                                | 34/100 [01:16<02:15,  2.05s/it]
2026-03-04 13:22:51 - INFO - 当前代数: 34, 当前最佳适应度: -0.5322
2026-03-04 13:22:51 - ERROR - 遗传演进:  35%|##################################3                                                               | 35/100 [01:18<02:13,  2.05s/it]
2026-03-04 13:22:53 - INFO - 当前代数: 35, 当前最佳适应度: -0.5322
2026-03-04 13:22:53 - ERROR - 遗传演进:  36%|###################################2                                                              | 36/100 [01:20<02:10,  2.04s/it]
2026-03-04 13:22:55 - INFO - 当前代数: 36, 当前最佳适应度: -0.5322
2026-03-04 13:22:55 - ERROR - 遗传演进:  37%|####################################2                                                             | 37/100 [01:22<02:08,  2.04s/it]
2026-03-04 13:22:57 - INFO - 当前代数: 37, 当前最佳适应度: -0.5322
2026-03-04 13:22:57 - ERROR - 遗传演进:  38%|#####################################2                                                            | 38/100 [01:24<02:06,  2.04s/it]
2026-03-04 13:22:59 - INFO - 当前代数: 38, 当前最佳适应度: -0.5322
2026-03-04 13:22:59 - ERROR - 遗传演进:  39%|######################################2                                                           | 39/100 [01:26<02:04,  2.05s/it]
2026-03-04 13:23:01 - INFO - 当前代数: 39, 当前最佳适应度: -0.5322
2026-03-04 13:23:01 - ERROR - 遗传演进:  40%|#######################################2                                                          | 40/100 [01:28<02:03,  2.07s/it]
2026-03-04 13:23:03 - INFO - 当前代数: 40, 当前最佳适应度: -0.5322
2026-03-04 13:23:04 - INFO - 代  40: 平均适应度 = -687.6986, 最佳适应度 = -0.5322
2026-03-04 13:23:04 - ERROR - 遗传演进:  41%|########################################1                                                         | 41/100 [01:30<02:03,  2.09s/it]
2026-03-04 13:23:05 - INFO - 当前代数: 41, 当前最佳适应度: -0.5322
2026-03-04 13:23:06 - ERROR - 遗传演进:  42%|#########################################1                                                        | 42/100 [01:32<02:00,  2.08s/it]
2026-03-04 13:23:08 - INFO - 当前代数: 42, 当前最佳适应度: -0.5322
2026-03-04 13:23:08 - ERROR - 遗传演进:  43%|##########################################1                                                       | 43/100 [01:34<01:58,  2.07s/it]
2026-03-04 13:23:10 - INFO - 当前代数: 43, 当前最佳适应度: -0.5322
2026-03-04 13:23:10 - ERROR - 遗传演进:  44%|###########################################1                                                      | 44/100 [01:36<01:55,  2.07s/it]
2026-03-04 13:23:12 - INFO - 当前代数: 44, 当前最佳适应度: -0.5322
2026-03-04 13:23:12 - ERROR - 遗传演进:  45%|############################################1                                                     | 45/100 [01:38<01:53,  2.06s/it]
2026-03-04 13:23:14 - INFO - 当前代数: 45, 当前最佳适应度: -0.5322
2026-03-04 13:23:14 - ERROR - 遗传演进:  46%|#############################################                                                     | 46/100 [01:40<01:51,  2.06s/it]
2026-03-04 13:23:16 - INFO - 当前代数: 46, 当前最佳适应度: -0.5322
2026-03-04 13:23:16 - ERROR - 遗传演进:  47%|##############################################                                                    | 47/100 [01:42<01:48,  2.05s/it]
2026-03-04 13:23:18 - INFO - 当前代数: 47, 当前最佳适应度: -0.5322
2026-03-04 13:23:18 - ERROR - 遗传演进:  48%|###############################################                                                   | 48/100 [01:44<01:46,  2.05s/it]
2026-03-04 13:23:20 - INFO - 当前代数: 48, 当前最佳适应度: -0.5322
2026-03-04 13:23:20 - ERROR - 遗传演进:  49%|################################################                                                  | 49/100 [01:47<01:44,  2.05s/it]
2026-03-04 13:23:22 - INFO - 当前代数: 49, 当前最佳适应度: -0.5304
2026-03-04 13:23:22 - ERROR - 遗传演进:  50%|#################################################                                                 | 50/100 [01:49<01:43,  2.07s/it]
2026-03-04 13:23:24 - INFO - 当前代数: 50, 当前最佳适应度: -0.5304
2026-03-04 13:23:24 - INFO - 代  50: 平均适应度 = -673.0578, 最佳适应度 = -0.5304
2026-03-04 13:23:24 - ERROR - 遗传演进:  51%|#################################################9                                                | 51/100 [01:51<01:41,  2.06s/it]
2026-03-04 13:23:26 - INFO - 当前代数: 51, 当前最佳适应度: -0.5304
2026-03-04 13:23:26 - ERROR - 遗传演进:  52%|##################################################9                                               | 52/100 [01:53<01:38,  2.05s/it]
2026-03-04 13:23:28 - INFO - 当前代数: 52, 当前最佳适应度: -0.5304
2026-03-04 13:23:28 - ERROR - 遗传演进:  53%|###################################################9                                              | 53/100 [01:55<01:36,  2.04s/it]
2026-03-04 13:23:30 - INFO - 当前代数: 53, 当前最佳适应度: -0.5304
2026-03-04 13:23:30 - ERROR - 遗传演进:  54%|####################################################9                                             | 54/100 [01:57<01:34,  2.05s/it]
2026-03-04 13:23:32 - INFO - 当前代数: 54, 当前最佳适应度: -0.5304
2026-03-04 13:23:32 - ERROR - 遗传演进:  55%|#####################################################9                                            | 55/100 [01:59<01:32,  2.05s/it]
2026-03-04 13:23:34 - INFO - 当前代数: 55, 当前最佳适应度: -0.5285
2026-03-04 13:23:34 - ERROR - 遗传演进:  56%|######################################################8                                           | 56/100 [02:01<01:30,  2.05s/it]
2026-03-04 13:23:36 - INFO - 当前代数: 56, 当前最佳适应度: -0.5285
2026-03-04 13:23:36 - ERROR - 遗传演进:  57%|#######################################################8                                          | 57/100 [02:03<01:28,  2.05s/it]
2026-03-04 13:23:38 - INFO - 当前代数: 57, 当前最佳适应度: -0.5213
2026-03-04 13:23:38 - ERROR - 遗传演进:  58%|########################################################8                                         | 58/100 [02:05<01:25,  2.05s/it]
2026-03-04 13:23:40 - INFO - 当前代数: 58, 当前最佳适应度: -0.5213
2026-03-04 13:23:40 - ERROR - 遗传演进:  59%|#########################################################8                                        | 59/100 [02:07<01:23,  2.04s/it]
2026-03-04 13:23:42 - INFO - 当前代数: 59, 当前最佳适应度: -0.5213
2026-03-04 13:23:42 - ERROR - 遗传演进:  60%|##########################################################8                                       | 60/100 [02:09<01:22,  2.05s/it]
2026-03-04 13:23:45 - INFO - 当前代数: 60, 当前最佳适应度: -0.5213
2026-03-04 13:23:45 - INFO - 代  60: 平均适应度 = -565.5878, 最佳适应度 = -0.5213
2026-03-04 13:23:45 - ERROR - 遗传演进:  61%|###########################################################7                                      | 61/100 [02:11<01:21,  2.09s/it]
2026-03-04 13:23:47 - INFO - 当前代数: 61, 当前最佳适应度: -0.5213
2026-03-04 13:23:47 - ERROR - 遗传演进:  62%|############################################################7                                     | 62/100 [02:13<01:19,  2.10s/it]
2026-03-04 13:23:49 - INFO - 当前代数: 62, 当前最佳适应度: -0.5213
2026-03-04 13:23:49 - ERROR - 遗传演进:  63%|#############################################################7                                    | 63/100 [02:15<01:17,  2.09s/it]
2026-03-04 13:23:51 - INFO - 当前代数: 63, 当前最佳适应度: -0.5213
2026-03-04 13:23:51 - ERROR - 遗传演进:  64%|##############################################################7                                   | 64/100 [02:18<01:15,  2.08s/it]
2026-03-04 13:23:53 - INFO - 当前代数: 64, 当前最佳适应度: -0.5213
2026-03-04 13:23:53 - ERROR - 遗传演进:  65%|###############################################################7                                  | 65/100 [02:20<01:12,  2.08s/it]
2026-03-04 13:23:55 - INFO - 当前代数: 65, 当前最佳适应度: -0.5213
2026-03-04 13:23:55 - ERROR - 遗传演进:  66%|################################################################6                                 | 66/100 [02:22<01:10,  2.07s/it]
2026-03-04 13:23:57 - INFO - 当前代数: 66, 当前最佳适应度: -0.5213
2026-03-04 13:23:57 - ERROR - 遗传演进:  67%|#################################################################6                                | 67/100 [02:24<01:08,  2.07s/it]
2026-03-04 13:23:59 - INFO - 当前代数: 67, 当前最佳适应度: -0.5213
2026-03-04 13:23:59 - ERROR - 遗传演进:  68%|##################################################################6                               | 68/100 [02:26<01:06,  2.07s/it]
2026-03-04 13:24:01 - INFO - 当前代数: 68, 当前最佳适应度: -0.5213
2026-03-04 13:24:01 - ERROR - 遗传演进:  69%|###################################################################6                              | 69/100 [02:28<01:04,  2.07s/it]
2026-03-04 13:24:03 - INFO - 当前代数: 69, 当前最佳适应度: -0.5213
2026-03-04 13:24:03 - ERROR - 遗传演进:  70%|####################################################################6                             | 70/100 [02:30<01:01,  2.06s/it]
2026-03-04 13:24:05 - INFO - 当前代数: 70, 当前最佳适应度: -0.5213
2026-03-04 13:24:05 - INFO - 代  70: 平均适应度 = -497.1688, 最佳适应度 = -0.5213
2026-03-04 13:24:05 - ERROR - 遗传演进:  71%|#####################################################################5                            | 71/100 [02:32<01:00,  2.07s/it]
2026-03-04 13:24:07 - INFO - 当前代数: 71, 当前最佳适应度: -0.5213
2026-03-04 13:24:07 - ERROR - 遗传演进:  72%|######################################################################5                           | 72/100 [02:34<00:58,  2.07s/it]
2026-03-04 13:24:09 - INFO - 当前代数: 72, 当前最佳适应度: -0.5213
2026-03-04 13:24:10 - ERROR - 遗传演进:  73%|#######################################################################5                          | 73/100 [02:36<00:55,  2.07s/it]
2026-03-04 13:24:12 - INFO - 当前代数: 73, 当前最佳适应度: -0.5213
2026-03-04 13:24:12 - ERROR - 遗传演进:  74%|########################################################################5                         | 74/100 [02:38<00:53,  2.07s/it]
2026-03-04 13:24:14 - INFO - 当前代数: 74, 当前最佳适应度: -0.5197
2026-03-04 13:24:14 - ERROR - 遗传演进:  75%|#########################################################################5                        | 75/100 [02:40<00:51,  2.06s/it]
2026-03-04 13:24:16 - INFO - 当前代数: 75, 当前最佳适应度: -0.5197
2026-03-04 13:24:16 - ERROR - 遗传演进:  76%|##########################################################################4                       | 76/100 [02:42<00:49,  2.06s/it]
2026-03-04 13:24:18 - INFO - 当前代数: 76, 当前最佳适应度: -0.5197
2026-03-04 13:24:18 - ERROR - 遗传演进:  77%|###########################################################################4                      | 77/100 [02:44<00:47,  2.06s/it]
2026-03-04 13:24:20 - INFO - 当前代数: 77, 当前最佳适应度: -0.5197
2026-03-04 13:24:20 - ERROR - 遗传演进:  78%|############################################################################4                     | 78/100 [02:46<00:45,  2.07s/it]
2026-03-04 13:24:22 - INFO - 当前代数: 78, 当前最佳适应度: -0.5197
2026-03-04 13:24:22 - ERROR - 遗传演进:  79%|#############################################################################4                    | 79/100 [02:49<00:43,  2.07s/it]
2026-03-04 13:24:24 - INFO - 当前代数: 79, 当前最佳适应度: -0.5197
2026-03-04 13:24:24 - ERROR - 遗传演进:  80%|##############################################################################4                   | 80/100 [02:51<00:41,  2.07s/it]
2026-03-04 13:24:26 - INFO - 当前代数: 80, 当前最佳适应度: -0.5194
2026-03-04 13:24:26 - INFO - 代  80: 平均适应度 = -375.9315, 最佳适应度 = -0.5194
2026-03-04 13:24:26 - ERROR - 遗传演进:  81%|###############################################################################3                  | 81/100 [02:53<00:39,  2.06s/it]
2026-03-04 13:24:28 - INFO - 当前代数: 81, 当前最佳适应度: -0.5188
2026-03-04 13:24:28 - ERROR - 遗传演进:  82%|################################################################################3                 | 82/100 [02:55<00:37,  2.06s/it]
2026-03-04 13:24:30 - INFO - 当前代数: 82, 当前最佳适应度: -0.5188
2026-03-04 13:24:30 - ERROR - 遗传演进:  83%|#################################################################################3                | 83/100 [02:57<00:35,  2.07s/it]
2026-03-04 13:24:32 - INFO - 当前代数: 83, 当前最佳适应度: -0.5188
2026-03-04 13:24:32 - ERROR - 遗传演进:  84%|##################################################################################3               | 84/100 [02:59<00:33,  2.07s/it]
2026-03-04 13:24:34 - INFO - 当前代数: 84, 当前最佳适应度: -0.5183
2026-03-04 13:24:34 - ERROR - 遗传演进:  85%|###################################################################################3              | 85/100 [03:01<00:31,  2.07s/it]
2026-03-04 13:24:36 - INFO - 当前代数: 85, 当前最佳适应度: -0.5167
2026-03-04 13:24:36 - ERROR - 遗传演进:  86%|####################################################################################2             | 86/100 [03:03<00:28,  2.07s/it]
2026-03-04 13:24:38 - INFO - 当前代数: 86, 当前最佳适应度: -0.5167
2026-03-04 13:24:38 - ERROR - 遗传演进:  87%|#####################################################################################2            | 87/100 [03:05<00:26,  2.07s/it]
2026-03-04 13:24:40 - INFO - 当前代数: 87, 当前最佳适应度: -0.5167
2026-03-04 13:24:41 - ERROR - 遗传演进:  88%|######################################################################################2           | 88/100 [03:07<00:24,  2.06s/it]
2026-03-04 13:24:43 - INFO - 当前代数: 88, 当前最佳适应度: -0.5167
2026-03-04 13:24:43 - ERROR - 遗传演进:  89%|#######################################################################################2          | 89/100 [03:09<00:22,  2.07s/it]
2026-03-04 13:24:45 - INFO - 当前代数: 89, 当前最佳适应度: -0.5149
2026-03-04 13:24:45 - ERROR - 遗传演进:  90%|########################################################################################2         | 90/100 [03:11<00:20,  2.06s/it]
2026-03-04 13:24:47 - INFO - 当前代数: 90, 当前最佳适应度: -0.5149
2026-03-04 13:24:47 - INFO - 代  90: 平均适应度 = -195.1366, 最佳适应度 = -0.5149
2026-03-04 13:24:47 - ERROR - 遗传演进:  91%|#########################################################################################1        | 91/100 [03:13<00:18,  2.06s/it]
2026-03-04 13:24:49 - INFO - 当前代数: 91, 当前最佳适应度: -0.5149
2026-03-04 13:24:49 - ERROR - 遗传演进:  92%|##########################################################################################1       | 92/100 [03:15<00:16,  2.06s/it]
2026-03-04 13:24:51 - INFO - 当前代数: 92, 当前最佳适应度: -0.5130
2026-03-04 13:24:51 - ERROR - 遗传演进:  93%|###########################################################################################1      | 93/100 [03:17<00:14,  2.06s/it]
2026-03-04 13:24:53 - INFO - 当前代数: 93, 当前最佳适应度: -0.5129
2026-03-04 13:24:53 - ERROR - 遗传演进:  94%|############################################################################################1     | 94/100 [03:20<00:12,  2.06s/it]
2026-03-04 13:24:55 - INFO - 当前代数: 94, 当前最佳适应度: -0.5121
2026-03-04 13:24:55 - ERROR - 遗传演进:  95%|#############################################################################################1    | 95/100 [03:22<00:10,  2.06s/it]
2026-03-04 13:24:57 - INFO - 当前代数: 95, 当前最佳适应度: -0.5120
2026-03-04 13:24:57 - ERROR - 遗传演进:  96%|##############################################################################################    | 96/100 [03:24<00:08,  2.06s/it]
2026-03-04 13:24:59 - INFO - 当前代数: 96, 当前最佳适应度: -0.5120
2026-03-04 13:24:59 - ERROR - 遗传演进:  97%|###############################################################################################   | 97/100 [03:26<00:06,  2.07s/it]
2026-03-04 13:25:01 - INFO - 当前代数: 97, 当前最佳适应度: -0.5112
2026-03-04 13:25:01 - ERROR - 遗传演进:  98%|################################################################################################  | 98/100 [03:28<00:04,  2.08s/it]
2026-03-04 13:25:03 - INFO - 当前代数: 98, 当前最佳适应度: -0.5105
2026-03-04 13:25:03 - ERROR - 遗传演进:  99%|################################################################################################# | 99/100 [03:30<00:02,  2.08s/it]
2026-03-04 13:25:05 - INFO - 当前代数: 99, 当前最佳适应度: -0.5101
2026-03-04 13:25:05 - INFO - 代  99: 平均适应度 = -81.6829, 最佳适应度 = -0.5101
2026-03-04 13:25:05 - ERROR - 遗传演进: 100%|#################################################################################################| 100/100 [03:32<00:00,  2.07s/it]
2026-03-04 13:25:05 - ERROR - 遗传演进: 100%|#################################################################################################| 100/100 [03:32<00:00,  2.12s/it]
2026-03-04 13:25:05 - INFO - 
============================================================
2026-03-04 13:25:05 - INFO - 遗传算法优化完成！
2026-03-04 13:25:05 - INFO - ============================================================
2026-03-04 13:25:05 - INFO - 最佳适应度: -0.5101
2026-03-04 13:25:05 - INFO - Using categorical units to plot a list of strings that are all parsable as floats or dates. If these strings should be plotted as numbers, cast to the appropriate data type before plotting.
2026-03-04 13:25:05 - INFO - Using categorical units to plot a list of strings that are all parsable as floats or dates. If these strings should be plotted as numbers, cast to the appropriate data type before plotting.
2026-03-04 13:25:05 - ERROR - D:\Projects\AI4RFIC\example\optimization_algorithm.py:639: UserWarning: Glyph 20195 (\N{CJK UNIFIED IDEOGRAPH-4EE3}) missing from font(s) DejaVu Sans.
  plt.tight_layout()

2026-03-04 13:25:05 - ERROR - D:\Projects\AI4RFIC\example\optimization_algorithm.py:639: UserWarning: Glyph 25968 (\N{CJK UNIFIED IDEOGRAPH-6570}) missing from font(s) DejaVu Sans.
  plt.tight_layout()

2026-03-04 13:25:05 - ERROR - D:\Projects\AI4RFIC\example\optimization_algorithm.py:640: UserWarning: Glyph 20195 (\N{CJK UNIFIED IDEOGRAPH-4EE3}) missing from font(s) DejaVu Sans.
  plt.savefig(os.path.join(output_dir, 'genetic_optimization_results.png'), dpi=300, bbox_inches='tight')

2026-03-04 13:25:05 - ERROR - D:\Projects\AI4RFIC\example\optimization_algorithm.py:640: UserWarning: Glyph 25968 (\N{CJK UNIFIED IDEOGRAPH-6570}) missing from font(s) DejaVu Sans.
  plt.savefig(os.path.join(output_dir, 'genetic_optimization_results.png'), dpi=300, bbox_inches='tight')

2026-03-04 13:25:06 - INFO - 阻抗对比图已保存至 impedance_comparison.png
2026-03-04 13:25:06 - INFO - 优化结果汇总:
2026-03-04 13:25:06 - INFO -   目标频率: 10.00-10.00 GHz
2026-03-04 13:25:06 - INFO -   频点数: 1
2026-03-04 13:25:06 - INFO -   最佳适应度: -0.5101
2026-03-04 13:25:06 - INFO -   平均代价: 0.5101
2026-03-04 13:25:06 - INFO -   矩阵密度: 0.476
2026-03-04 13:25:06 - INFO - 
优化结果已保存:
2026-03-04 13:25:06 - INFO -   - JSON文件: genetic_results/result_20260304_132133\optimization_results_20260304_132506.json
2026-03-04 13:25:06 - INFO -   - 矩阵文件: genetic_results/result_20260304_132133\optimized_matrix_20260304_132506.txt
2026-03-04 13:25:06 - INFO -   - 图像文件: genetic_results/result_20260304_132133\optimized_matrix_20260304_132506.png
2026-03-04 13:25:06 - INFO - 
程序运行完成，日志已保存到: logs/training_20260304_132131.log
2026-03-04 13:25:06 - INFO - ============================================================
