2026-01-08 15:32:17 - INFO - 日志文件保存到: logs/training_20260108_153217.log
2026-01-08 15:32:17 - INFO - 选择模型类型 (1: CnnNet, 2: ResidualNet): 
2026-01-08 15:32:18 - INFO - 选择运行模式 (1: 仅训练神经网络, 2: 仅运行遗传算法, 3: 测试S参数曲线: 
2026-01-08 15:32:20 - ERROR - /home/hhabu/work_src/DL_IOMN_src/example/main.py:553: FutureWarning: You are using `torch.load` with `weights_only=False` (the current default value), which uses the default pickle module implicitly. It is possible to construct malicious pickle data which will execute arbitrary code during unpickling (See https://github.com/pytorch/pytorch/blob/main/SECURITY.md#untrusted-models for more details). In a future release, the default value for `weights_only` will be flipped to `True`. This limits the functions that could be executed during unpickling. Arbitrary objects will no longer be allowed to be loaded via this mode unless they are explicitly allowlisted by the user via `torch.serialization.add_safe_globals`. We recommend you start setting `weights_only=True` for any use case where you don't have full control of the loaded file. Please open an issue on GitHub for any issues related to this experimental feature.
  checkpoint = torch.load(model_path)

2026-01-08 15:32:20 - INFO - 
==================================================
2026-01-08 15:32:20 - INFO - 创建空白模型：
2026-01-08 15:32:20 - INFO - 
==================================================
2026-01-08 15:32:20 - INFO - 
==================================================
2026-01-08 15:32:20 - INFO - 模型加载：
2026-01-08 15:32:20 - INFO - 
==================================================
2026-01-08 15:32:20 - INFO - ModelManager初始化完成，使用设备: cuda
2026-01-08 15:32:20 - INFO - 检查点目录: frequency_checkpoints/best_model.pth
2026-01-08 15:32:20 - ERROR - Traceback (most recent call last):

2026-01-08 15:32:20 - ERROR -   File "/home/hhabu/work_src/DL_IOMN_src/example/main.py", line 576, in <module>

2026-01-08 15:32:20 - ERROR - model_manager, test_matrix, ground_truth_file, 
2026-01-08 15:32:20 - ERROR - ^
2026-01-08 15:32:20 - ERROR - ^
2026-01-08 15:32:20 - ERROR - ^
2026-01-08 15:32:20 - ERROR - ^
2026-01-08 15:32:20 - ERROR - ^
2026-01-08 15:32:20 - ERROR - ^
2026-01-08 15:32:20 - ERROR - ^
2026-01-08 15:32:20 - ERROR - ^
2026-01-08 15:32:20 - ERROR - ^
2026-01-08 15:32:20 - ERROR - ^
2026-01-08 15:32:20 - ERROR - ^
2026-01-08 15:32:20 - ERROR - ^
2026-01-08 15:32:20 - ERROR - ^
2026-01-08 15:32:20 - ERROR - NameError
2026-01-08 15:32:20 - ERROR - : 
2026-01-08 15:32:20 - ERROR - name 'model_manager' is not defined
2026-01-08 15:32:20 - ERROR - . Did you mean: '
2026-01-08 15:32:20 - ERROR - ModelManager
2026-01-08 15:32:20 - ERROR - '?
