2026-03-02 17:42:10 - INFO - 日志文件保存到: logs/training_20260302_174210.log
2026-03-02 17:42:10 - INFO - 选择模型类型 (1: CnnNet, 2: ResidualNet): 
2026-03-02 17:42:11 - INFO - 选择运行模式 (1: 仅训练神经网络, 2: 仅运行遗传算法, 3: 测试S参数曲线: 
2026-03-02 17:42:12 - INFO - 
==================================================
2026-03-02 17:42:12 - INFO - 创建空白模型：
2026-03-02 17:42:12 - INFO - 
==================================================
2026-03-02 17:42:12 - INFO - 
==================================================
2026-03-02 17:42:12 - INFO - 模型加载：
2026-03-02 17:42:12 - INFO - 
==================================================
2026-03-02 17:42:12 - INFO - ModelManager初始化完成，使用设备: cuda
2026-03-02 17:42:12 - INFO - 检查点目录: frequency_checkpoints/best_model.pth
2026-03-02 17:42:12 - INFO - 
============================================================
2026-03-02 17:42:12 - INFO - 启动矩阵结构遗传优化
2026-03-02 17:42:12 - INFO - ============================================================
2026-03-02 17:42:12 - INFO - 多频点优化: 5 个频点，范围 8.00 - 12.00 GHz
2026-03-02 17:42:12 - INFO - 目标反射系数示例: 0.4356+0.4625j ...
2026-03-02 17:42:12 - INFO - 矩阵遗传算法初始化完成
2026-03-02 17:42:12 - INFO - 矩阵形状: (19, 19)
2026-03-02 17:42:12 - INFO - 总像素数: 361
2026-03-02 17:42:12 - INFO - 使用设备: cuda
2026-03-02 17:42:12 - INFO - 
============================================================
2026-03-02 17:42:12 - INFO - 启动遗传算法优化
2026-03-02 17:42:12 - INFO - ============================================================
2026-03-02 17:42:12 - INFO - 目标频率: [8.0e+09 9.0e+09 1.0e+10 1.1e+10 1.2e+10] GHz
2026-03-02 17:42:12 - INFO - 目标参数: {'gamma_opt_list': [(0.4356021142838369+0.4624954638026175j), (0.40541585292679283+0.4723756815565138j), (0.3777874233576882+0.48373534250125844j), (0.35151108317739826+0.49608287888761227j), (0.3258678151005153+0.5089143148514843j)]}
2026-03-02 17:42:12 - INFO - 种群大小: 1024
2026-03-02 17:42:12 - INFO - 进化代数: 100
2026-03-02 17:42:12 - INFO - 变异率: 0.1
2026-03-02 17:42:12 - INFO - 交叉率: 0.8
2026-03-02 17:42:12 - INFO - 精英数量: 5
2026-03-02 17:42:12 - INFO - tournament_size: 256
2026-03-02 17:42:12 - INFO - ============================================================
2026-03-02 17:42:12 - INFO - 创建初始种群 (大小: 4096)...
2026-03-02 17:42:12 - ERROR - 创建种群:   0%|                                                                                                                         | 0/4096 [00:00<?, ?it/s]
2026-03-02 17:42:12 - ERROR - 创建种群: 100%|##########################################################################################################| 4096/4096 [00:00<00:00, 262733.32it/s]
2026-03-02 17:42:12 - ERROR - 遗传演进:   0%|                                                                                                                          | 0/100 [00:00<?, ?it/s]
2026-03-02 17:42:44 - INFO - 代   0: 平均适应度 = -0.7596, 最佳适应度 = -0.5131
2026-03-02 17:42:44 - INFO - s_params =

2026-03-02 17:42:44 - ERROR - 遗传演进:   0%|                                                                                                                          | 0/100 [00:31<?, ?it/s]
2026-03-02 17:42:44 - ERROR - Traceback (most recent call last):

2026-03-02 17:42:44 - ERROR -   File "D:\Projects\AI4RFIC\example\main.py", line 598, in <module>

2026-03-02 17:42:44 - ERROR - best_matrix, best_info, best_fitness = run_genetic_optimization(
2026-03-02 17:42:44 - ERROR - ^
2026-03-02 17:42:44 - ERROR - ^
2026-03-02 17:42:44 - ERROR - ^
2026-03-02 17:42:44 - ERROR - ^
2026-03-02 17:42:44 - ERROR - ^
2026-03-02 17:42:44 - ERROR - ^
2026-03-02 17:42:44 - ERROR - ^
2026-03-02 17:42:44 - ERROR - ^
2026-03-02 17:42:44 - ERROR - ^
2026-03-02 17:42:44 - ERROR - ^
2026-03-02 17:42:44 - ERROR - ^
2026-03-02 17:42:44 - ERROR - ^
2026-03-02 17:42:44 - ERROR - ^
2026-03-02 17:42:44 - ERROR - ^
2026-03-02 17:42:44 - ERROR - ^
2026-03-02 17:42:44 - ERROR - ^
2026-03-02 17:42:44 - ERROR - ^
2026-03-02 17:42:44 - ERROR - ^
2026-03-02 17:42:44 - ERROR - ^
2026-03-02 17:42:44 - ERROR - ^
2026-03-02 17:42:44 - ERROR - ^
2026-03-02 17:42:44 - ERROR - ^
2026-03-02 17:42:44 - ERROR - ^
2026-03-02 17:42:44 - ERROR - ^
2026-03-02 17:42:44 - ERROR - ^
2026-03-02 17:42:44 - ERROR -   File "D:\Projects\AI4RFIC\example\main.py", line 457, in run_genetic_optimization

2026-03-02 17:42:44 - ERROR - best_matrix, best_info, best_fitness, fitness_history, best_fitness_history = ga.optimize(
2026-03-02 17:42:44 - ERROR - ^
2026-03-02 17:42:44 - ERROR - ^
2026-03-02 17:42:44 - ERROR - ^
2026-03-02 17:42:44 - ERROR - ^
2026-03-02 17:42:44 - ERROR - ^
2026-03-02 17:42:44 - ERROR - ^
2026-03-02 17:42:44 - ERROR - ^
2026-03-02 17:42:44 - ERROR - ^
2026-03-02 17:42:44 - ERROR - ^
2026-03-02 17:42:44 - ERROR - ^
2026-03-02 17:42:44 - ERROR - ^
2026-03-02 17:42:44 - ERROR - ^
2026-03-02 17:42:44 - ERROR -   File "D:\Projects\AI4RFIC\example\optimization_algorithm.py", line 482, in optimize

2026-03-02 17:42:44 - ERROR - print(best_info['s_params'])
2026-03-02 17:42:44 - ERROR - ~
2026-03-02 17:42:44 - ERROR - ~
2026-03-02 17:42:44 - ERROR - ~
2026-03-02 17:42:44 - ERROR - ~
2026-03-02 17:42:44 - ERROR - ~
2026-03-02 17:42:44 - ERROR - ~
2026-03-02 17:42:44 - ERROR - ~
2026-03-02 17:42:44 - ERROR - ~
2026-03-02 17:42:44 - ERROR - ~
2026-03-02 17:42:44 - ERROR - ^
2026-03-02 17:42:44 - ERROR - ^
2026-03-02 17:42:44 - ERROR - ^
2026-03-02 17:42:44 - ERROR - ^
2026-03-02 17:42:44 - ERROR - ^
2026-03-02 17:42:44 - ERROR - ^
2026-03-02 17:42:44 - ERROR - ^
2026-03-02 17:42:44 - ERROR - ^
2026-03-02 17:42:44 - ERROR - ^
2026-03-02 17:42:44 - ERROR - ^
2026-03-02 17:42:44 - ERROR - ^
2026-03-02 17:42:44 - ERROR - ^
2026-03-02 17:42:44 - ERROR - KeyError
2026-03-02 17:42:44 - ERROR - : 
2026-03-02 17:42:44 - ERROR - 's_params'
