2025-12-29 17:33:22 - INFO - 日志文件保存到: logs/training_20251229_173322.log
2025-12-29 17:33:22 - INFO - 选择模型类型 (1: CnnNet, 2: ResidualNet): 
2025-12-29 17:33:23 - INFO - 选择运行模式 (1: 仅训练神经网络, 2: 仅运行遗传算法, 3: 完整流程): 
2025-12-29 17:33:23 - INFO - === 训练神经网络仿真器 ===
2025-12-29 17:33:23 - INFO - 使用模型类型: advanced
2025-12-29 17:33:23 - INFO - 使用缓存的预处理数据集: /root/aicp-data/saved_datasets/v1
2025-12-29 17:33:23 - INFO - {'data_loaders': {'train_loader': {'batch_size': 1024, 'shuffle': False, 'num_workers': 4, 'pin_memory': True, 'drop_last': False}, 'val_loader': {'batch_size': 1024, 'shuffle': False, 'num_workers': 4, 'pin_memory': True, 'drop_last': False}, 'test_loader': {'batch_size': 1024, 'shuffle': False, 'num_workers': 4, 'pin_memory': True, 'drop_last': False}}, 'datasets': {'train_dataset': '/root/aicp-data/saved_datasets/v1/train_dataset.pkl', 'val_dataset': '/root/aicp-data/saved_datasets/v1/val_dataset.pkl', 'test_dataset': '/root/aicp-data/saved_datasets/v1/test_dataset.pkl'}, 'metadata': {'timestamp': '2025-12-29T06:52:54', 'dataset_sizes': {'train': 21000000, 'val': 6000000, 'test': 3000000}}}
2025-12-29 17:33:23 - INFO - train_dataset
2025-12-29 17:33:23 - INFO - /root/aicp-data/saved_datasets/v1/train_dataset.pkl
2025-12-29 17:34:03 - INFO - val_dataset
2025-12-29 17:34:03 - INFO - /root/aicp-data/saved_datasets/v1/val_dataset.pkl
2025-12-29 17:34:12 - INFO - test_dataset
2025-12-29 17:34:12 - INFO - /root/aicp-data/saved_datasets/v1/test_dataset.pkl
2025-12-29 17:34:16 - INFO - 数据集已从 /root/aicp-data/saved_datasets/v1 加载
2025-12-29 17:34:16 - INFO - 训练集大小: 21000000
2025-12-29 17:34:16 - INFO - 验证集大小: 6000000
2025-12-29 17:34:16 - INFO - 测试集大小: 3000000
2025-12-29 17:34:16 - INFO - 加载的data_loaders键: ['train_loader', 'val_loader', 'test_loader']
2025-12-29 17:34:16 - INFO - 加载的datasets键: ['train_dataset', 'val_dataset', 'test_dataset']
2025-12-29 17:34:16 - INFO - 训练集批次数量: 20508
2025-12-29 17:34:16 - INFO - 验证集批次数量: 5860
2025-12-29 17:34:16 - INFO - 测试集批次数量: 2930
2025-12-29 17:34:16 - INFO - 
============================================================
2025-12-29 17:34:16 - INFO - 步骤5: 创建神经网络...
2025-12-29 17:34:16 - INFO - ============================================================
2025-12-29 17:34:16 - INFO - 使用Cnn网络
2025-12-29 17:34:16 - INFO - 模型总参数: 793,512
2025-12-29 17:34:16 - INFO - 可训练参数: 793,512
2025-12-29 17:34:16 - INFO - 
============================================================
2025-12-29 17:34:16 - INFO - 步骤6: 训练...
2025-12-29 17:34:16 - INFO - ============================================================
2025-12-29 17:34:16 - INFO - ModelManager初始化完成，使用设备: cuda
2025-12-29 17:34:16 - INFO - 检查点目录: ./frequency_checkpoints
2025-12-29 17:34:17 - ERROR - /home/hhabu/miniconda/envs/myenv/lib/python3.11/site-packages/torch/optim/lr_scheduler.py:62: UserWarning: The verbose parameter is deprecated. Please use get_last_lr() to access the learning rate.
  warnings.warn(

2025-12-29 17:34:17 - INFO - 训练组件设置完成:
2025-12-29 17:34:17 - INFO - 使用优化器: AdamW
2025-12-29 17:34:17 - INFO - 损失函数: 加权MSE (权重: None)
2025-12-29 17:34:17 - INFO - 使用调度器: ReduceLROnPlateau
2025-12-29 17:34:17 - INFO - 初始学习率: 0.001
2025-12-29 17:34:17 - INFO - 从检查点恢复训练: ./frequency_checkpoints/checkpoint_epoch_101.pth
2025-12-29 17:34:17 - ERROR - /home/hhabu/work_src/DL_IOMN_src/example/utils.py:43: FutureWarning: You are using `torch.load` with `weights_only=False` (the current default value), which uses the default pickle module implicitly. It is possible to construct malicious pickle data which will execute arbitrary code during unpickling (See https://github.com/pytorch/pytorch/blob/main/SECURITY.md#untrusted-models for more details). In a future release, the default value for `weights_only` will be flipped to `True`. This limits the functions that could be executed during unpickling. Arbitrary objects will no longer be allowed to be loaded via this mode unless they are explicitly allowlisted by the user via `torch.serialization.add_safe_globals`. We recommend you start setting `weights_only=True` for any use case where you don't have full control of the loaded file. Please open an issue on GitHub for any issues related to this experimental feature.
  checkpoint = torch.load(checkpoint_path)

2025-12-29 17:34:17 - INFO - 从 epoch 102 继续训练
2025-12-29 17:34:17 - INFO - 
开始训练，总共 300 个epochs
2025-12-29 17:34:17 - INFO - ================================================================================
2025-12-29 17:53:01 - INFO - Epoch 106: 保存最佳模型 (损失: 0.000022)
2025-12-29 18:30:39 - INFO - Epoch 116: 保存最佳模型 (损失: 0.000021)
2025-12-29 18:41:55 - INFO - Epoch 119: 保存最佳模型 (损失: 0.000021)
2025-12-29 18:45:40 - INFO - Epoch  120: Train Loss = 0.000044, Val Loss = 0.000025, LR = 1.34e-04
2025-12-29 18:56:56 - INFO - Epoch 123: 保存最佳模型 (损失: 0.000014)
2025-12-29 19:30:41 - INFO - Epoch 132: 保存最佳模型 (损失: 0.000013)
2025-12-29 20:00:36 - INFO - Epoch 140: 保存最佳模型 (损失: 0.000012)
2025-12-29 20:00:36 - INFO - Epoch  140: Train Loss = 0.000030, Val Loss = 0.000012, LR = 8.59e-05
2025-12-29 20:08:05 - INFO - Epoch 142: 保存最佳模型 (损失: 0.000012)
2025-12-29 20:15:35 - INFO - Epoch 144: 保存最佳模型 (损失: 0.000011)
2025-12-29 20:38:02 - INFO - 检查点已保存: ./frequency_checkpoints/checkpoint_epoch_150.pth (Epoch 150)
2025-12-29 20:38:02 - INFO - ./frequency_checkpoints/checkpoint_epoch_150.pth
2025-12-29 20:49:22 - INFO - Epoch 153: 保存最佳模型 (损失: 0.000011)
2025-12-29 20:53:09 - INFO - Epoch 154: 保存最佳模型 (损失: 0.000009)
2025-12-29 21:15:47 - INFO - Epoch 160: 保存最佳模型 (损失: 0.000008)
2025-12-29 21:15:47 - INFO - Epoch  160: Train Loss = 0.000024, Val Loss = 0.000008, LR = 6.87e-05
2025-12-29 21:49:41 - INFO - Epoch 169: 保存最佳模型 (损失: 0.000008)
2025-12-29 22:16:00 - INFO - Epoch 176: 保存最佳模型 (损失: 0.000008)
2025-12-29 22:27:15 - INFO - Epoch 179: 保存最佳模型 (损失: 0.000008)
2025-12-29 22:31:00 - INFO - Epoch  180: Train Loss = 0.000019, Val Loss = 0.000008, LR = 4.40e-05
2025-12-29 22:46:01 - INFO - Epoch 184: 保存最佳模型 (损失: 0.000007)
2025-12-29 22:49:46 - INFO - Epoch 185: 保存最佳模型 (损失: 0.000007)
2025-12-29 23:31:03 - INFO - Epoch 196: 保存最佳模型 (损失: 0.000007)
2025-12-29 23:38:33 - INFO - Epoch 198: 保存最佳模型 (损失: 0.000007)
2025-12-29 23:46:03 - INFO - Epoch 200: 保存最佳模型 (损失: 0.000007)
2025-12-29 23:46:03 - INFO - Epoch  200: Train Loss = 0.000018, Val Loss = 0.000007, LR = 3.52e-05
2025-12-29 23:46:03 - INFO - 检查点已保存: ./frequency_checkpoints/checkpoint_epoch_200.pth (Epoch 200)
2025-12-29 23:46:03 - INFO - ./frequency_checkpoints/checkpoint_epoch_200.pth
2025-12-30 00:20:04 - INFO - Epoch 209: 保存最佳模型 (损失: 0.000007)
2025-12-30 00:38:58 - INFO - Epoch 214: 保存最佳模型 (损失: 0.000006)
2025-12-30 01:01:36 - INFO - Epoch  220: Train Loss = 0.000015, Val Loss = 0.000008, LR = 2.25e-05
2025-12-30 01:31:39 - INFO - Epoch 228: 保存最佳模型 (损失: 0.000006)
2025-12-30 01:39:09 - INFO - Epoch 230: 保存最佳模型 (损失: 0.000006)
2025-12-30 01:50:25 - INFO - Epoch 233: 保存最佳模型 (损失: 0.000006)
2025-12-30 02:12:55 - INFO - Epoch 239: 保存最佳模型 (损失: 0.000006)
2025-12-30 02:16:41 - INFO - Epoch  240: Train Loss = 0.000014, Val Loss = 0.000007, LR = 1.80e-05
2025-12-30 02:24:12 - INFO - Epoch 242: 保存最佳模型 (损失: 0.000006)
2025-12-30 02:54:13 - INFO - 检查点已保存: ./frequency_checkpoints/checkpoint_epoch_250.pth (Epoch 250)
2025-12-30 02:54:13 - INFO - ./frequency_checkpoints/checkpoint_epoch_250.pth
2025-12-30 03:28:11 - INFO - Epoch 259: 保存最佳模型 (损失: 0.000006)
2025-12-30 03:31:57 - INFO - Epoch  260: Train Loss = 0.000013, Val Loss = 0.000007, LR = 1.15e-05
2025-12-30 03:35:44 - INFO - Epoch 261: 保存最佳模型 (损失: 0.000006)
2025-12-30 03:58:19 - INFO - Epoch 267: 保存最佳模型 (损失: 0.000005)
2025-12-30 04:47:11 - INFO - Epoch  280: Train Loss = 0.000012, Val Loss = 0.000006, LR = 7.38e-06
2025-12-30 05:20:57 - INFO - Epoch 289: 保存最佳模型 (损失: 0.000005)
2025-12-30 05:28:28 - INFO - Epoch 291: 保存最佳模型 (损失: 0.000005)
2025-12-30 05:32:13 - INFO - Epoch 292: 保存最佳模型 (损失: 0.000005)
2025-12-30 05:58:30 - INFO - Epoch  299: Train Loss = 0.000012, Val Loss = 0.000005, LR = 4.72e-06
2025-12-30 05:58:30 - INFO - 检查点已保存: ./frequency_checkpoints/checkpoint_epoch_299.pth (Epoch 299)
2025-12-30 05:58:30 - INFO - ./frequency_checkpoints/checkpoint_epoch_299.pth
2025-12-30 05:58:30 - INFO - ================================================================================
2025-12-30 05:58:30 - INFO - 训练完成！最佳验证损失: 0.000005
2025-12-30 05:58:30 - ERROR - /home/hhabu/work_src/DL_IOMN_src/example/train.py:610: FutureWarning: You are using `torch.load` with `weights_only=False` (the current default value), which uses the default pickle module implicitly. It is possible to construct malicious pickle data which will execute arbitrary code during unpickling (See https://github.com/pytorch/pytorch/blob/main/SECURITY.md#untrusted-models for more details). In a future release, the default value for `weights_only` will be flipped to `True`. This limits the functions that could be executed during unpickling. Arbitrary objects will no longer be allowed to be loaded via this mode unless they are explicitly allowlisted by the user via `torch.serialization.add_safe_globals`. We recommend you start setting `weights_only=True` for any use case where you don't have full control of the loaded file. Please open an issue on GitHub for any issues related to this experimental feature.
  self.model.load_state_dict(torch.load(best_model_path))

2025-12-30 05:58:30 - INFO - 已加载最佳模型
2025-12-30 05:58:30 - INFO - 
============================================================
2025-12-30 05:58:30 - INFO - 步骤7: 在测试集上评估模型性能...
2025-12-30 05:58:30 - INFO - ============================================================
2025-12-30 05:58:43 - INFO - 训练历史图已保存到: plots/training_history.png
2025-12-30 05:58:43 - INFO - ???????????????????????????????????2
2025-12-30 05:58:43 - INFO - ???????????????????????????????????1
2025-12-30 05:58:45 - INFO - ???????????????????????????????????4
2025-12-30 06:10:50 - INFO - 散点对比图已保存到: plots/scatter_comparison.png
2025-12-30 06:10:50 - INFO - ???????????????????????????????????5
2025-12-30 06:10:50 - INFO - ???????????????????????????????????3
2025-12-30 06:10:54 - INFO - 残差分布图已保存到: plots/residual_distribution.png
2025-12-30 06:12:30 - INFO - 频率分析图已保存到: plots/frequency_analysis.png
2025-12-30 06:12:30 - INFO - 开始生成可视化报告...
2025-12-30 06:12:30 - INFO - 1. 生成训练历史图...
2025-12-30 06:12:30 - INFO - ???????????????????????????????????2
2025-12-30 06:12:30 - INFO - 2. 生成散点对比图...
2025-12-30 06:12:32 - INFO - ???????????????????????????????????4
2025-12-30 06:12:32 - INFO - ???????????????????????????????????5
2025-12-30 06:20:53 - INFO - 3. 生成残差分布图...
2025-12-30 06:20:57 - INFO - 4. 生成频率分析图...
2025-12-30 06:22:03 - INFO - 5. 生成汇总报告...
2025-12-30 06:22:04 - INFO - 汇总报告已保存到: plots/comprehensive_report/summary_report.txt
2025-12-30 06:22:04 - INFO - ================================================================================
模型训练与评估汇总报告
================================================================================

生成时间: 2025-12-30 06:22:03

----------------------------------------
训练过程信息
----------------------------------------
总训练轮数: 300
最终训练损失: 0.000012
最终验证损失: 0.000005
最佳验证损失: 0.000005

----------------------------------------
整体测试性能
----------------------------------------
R² 分数: 0.999825
平均绝对误差 (MAE): 0.001349
均方根误差 (RMSE): 0.002243

----------------------------------------
各S参数详细性能
----------------------------------------

S11_real:
  R²: 0.999984
  MAE: 0.001221
  平均相对误差: 1.92%

S11_imag:
  R²: 0.999698
  MAE: 0.001728
  平均相对误差: 16.43%

S21_real:
  R²: 0.999996
  MAE: 0.000634
  平均相对误差: 731.47%

S21_imag:
  R²: 0.999756
  MAE: 0.001103
  平均相对误差: 189.80%

S12_real:
  R²: 0.999996
  MAE: 0.000634
  平均相对误差: 731.47%

S12_imag:
  R²: 0.999756
  MAE: 0.001103
  平均相对误差: 189.80%

S22_real:
  R²: 0.999914
  MAE: 0.002248
  平均相对误差: 3.00%

S22_imag:
  R²: 0.999487
  MAE: 0.002131
  平均相对误差: 17.92%
2025-12-30 06:22:04 - INFO - 可视化报告生成完成!
2025-12-30 06:22:04 - INFO - 
============================================================
2025-12-30 06:22:04 - INFO - 评估结果 - 测试集
2025-12-30 06:22:04 - INFO - ============================================================
2025-12-30 06:22:04 - INFO - 
整体指标:
2025-12-30 06:22:04 - INFO -   R²: 0.999825
2025-12-30 06:22:04 - INFO -   MAE: 0.001349
2025-12-30 06:22:04 - INFO -   RMSE: 0.002243
2025-12-30 06:22:04 - INFO -   MSE: 0.000005
2025-12-30 06:22:04 - INFO - 
各S参数指标:
2025-12-30 06:22:04 - INFO - 
S11_real:
2025-12-30 06:22:04 - INFO -   R²: 1.0000
2025-12-30 06:22:04 - INFO -   MAE: 0.001221
2025-12-30 06:22:04 - INFO -   RMSE: 0.001770
2025-12-30 06:22:04 - INFO -   平均相对误差: 1.92%
2025-12-30 06:22:04 - INFO - 
S11_imag:
2025-12-30 06:22:04 - INFO -   R²: 0.9997
2025-12-30 06:22:04 - INFO -   MAE: 0.001728
2025-12-30 06:22:04 - INFO -   RMSE: 0.002309
2025-12-30 06:22:04 - INFO -   平均相对误差: 16.43%
2025-12-30 06:22:04 - INFO - 
S21_real:
2025-12-30 06:22:04 - INFO -   R²: 1.0000
2025-12-30 06:22:04 - INFO -   MAE: 0.000634
2025-12-30 06:22:04 - INFO -   RMSE: 0.000864
2025-12-30 06:22:04 - INFO -   平均相对误差: 731.47%
2025-12-30 06:22:04 - INFO - 
S21_imag:
2025-12-30 06:22:04 - INFO -   R²: 0.9998
2025-12-30 06:22:04 - INFO -   MAE: 0.001103
2025-12-30 06:22:04 - INFO -   RMSE: 0.001515
2025-12-30 06:22:04 - INFO -   平均相对误差: 189.80%
2025-12-30 06:22:04 - INFO - 
S12_real:
2025-12-30 06:22:04 - INFO -   R²: 1.0000
2025-12-30 06:22:04 - INFO -   MAE: 0.000634
2025-12-30 06:22:04 - INFO -   RMSE: 0.000864
2025-12-30 06:22:04 - INFO -   平均相对误差: 731.47%
2025-12-30 06:22:04 - INFO - 
S12_imag:
2025-12-30 06:22:04 - INFO -   R²: 0.9998
2025-12-30 06:22:04 - INFO -   MAE: 0.001103
2025-12-30 06:22:04 - INFO -   RMSE: 0.001515
2025-12-30 06:22:04 - INFO -   平均相对误差: 189.80%
2025-12-30 06:22:04 - INFO - 
S22_real:
2025-12-30 06:22:04 - INFO -   R²: 0.9999
2025-12-30 06:22:04 - INFO -   MAE: 0.002248
2025-12-30 06:22:04 - INFO -   RMSE: 0.004094
2025-12-30 06:22:04 - INFO -   平均相对误差: 3.00%
2025-12-30 06:22:04 - INFO - 
S22_imag:
2025-12-30 06:22:04 - INFO -   R²: 0.9995
2025-12-30 06:22:04 - INFO -   MAE: 0.002131
2025-12-30 06:22:04 - INFO -   RMSE: 0.003022
2025-12-30 06:22:04 - INFO -   平均相对误差: 17.92%
2025-12-30 06:22:04 - INFO - 
============================================================
2025-12-30 06:22:04 - INFO - 评估测试集中所有样本的误差
2025-12-30 06:22:04 - INFO - ============================================================
2025-12-30 06:22:43 - INFO - 
============================================================
2025-12-30 06:22:43 - INFO - 测试集误差统计分析
2025-12-30 06:22:43 - INFO - ============================================================
2025-12-30 06:23:03 - INFO - 
S11_real 误差统计:
2025-12-30 06:23:03 - INFO -   最小误差: 0.00%
2025-12-30 06:23:03 - INFO -   最大误差: 254538.11%
2025-12-30 06:23:03 - INFO -   平均误差: 1.92%
2025-12-30 06:23:03 - INFO -   中位数误差: 0.16%
2025-12-30 06:23:03 - INFO -   误差标准差: 180.73%
2025-12-30 06:23:03 - INFO -   95%分位数: 5.24%
2025-12-30 06:23:03 - INFO - 
S11_imag 误差统计:
2025-12-30 06:23:03 - INFO -   最小误差: 0.00%
2025-12-30 06:23:03 - INFO -   最大误差: 1999798.25%
2025-12-30 06:23:03 - INFO -   平均误差: 16.43%
2025-12-30 06:23:03 - INFO -   中位数误差: 2.56%
2025-12-30 06:23:03 - INFO -   误差标准差: 1676.39%
2025-12-30 06:23:03 - INFO -   95%分位数: 28.89%
2025-12-30 06:23:03 - INFO - 
S21_real 误差统计:
2025-12-30 06:23:03 - INFO -   最小误差: 0.00%
2025-12-30 06:23:03 - INFO -   最大误差: 66206236.00%
2025-12-30 06:23:03 - INFO -   平均误差: 731.52%
2025-12-30 06:23:03 - INFO -   中位数误差: 10.00%
2025-12-30 06:23:03 - INFO -   误差标准差: 45155.01%
2025-12-30 06:23:03 - INFO -   95%分位数: 286.90%
2025-12-30 06:23:03 - INFO - 
S21_imag 误差统计:
2025-12-30 06:23:03 - INFO -   最小误差: 0.00%
2025-12-30 06:23:03 - INFO -   最大误差: 2071985.75%
2025-12-30 06:23:03 - INFO -   平均误差: 189.80%
2025-12-30 06:23:03 - INFO -   中位数误差: 3.69%
2025-12-30 06:23:03 - INFO -   误差标准差: 7016.64%
2025-12-30 06:23:03 - INFO -   95%分位数: 148.28%
2025-12-30 06:23:03 - INFO - 
S12_real 误差统计:
2025-12-30 06:23:03 - INFO -   最小误差: 0.00%
2025-12-30 06:23:03 - INFO -   最大误差: 66203836.00%
2025-12-30 06:23:03 - INFO -   平均误差: 731.52%
2025-12-30 06:23:03 - INFO -   中位数误差: 10.00%
2025-12-30 06:23:03 - INFO -   误差标准差: 45153.86%
2025-12-30 06:23:03 - INFO -   95%分位数: 286.90%
2025-12-30 06:23:03 - INFO - 
S12_imag 误差统计:
2025-12-30 06:23:03 - INFO -   最小误差: 0.00%
2025-12-30 06:23:03 - INFO -   最大误差: 2071926.50%
2025-12-30 06:23:03 - INFO -   平均误差: 189.80%
2025-12-30 06:23:03 - INFO -   中位数误差: 3.69%
2025-12-30 06:23:03 - INFO -   误差标准差: 7016.61%
2025-12-30 06:23:03 - INFO -   95%分位数: 148.28%
2025-12-30 06:23:03 - INFO - 
S22_real 误差统计:
2025-12-30 06:23:03 - INFO -   最小误差: 0.00%
2025-12-30 06:23:03 - INFO -   最大误差: 281031.47%
2025-12-30 06:23:03 - INFO -   平均误差: 3.00%
2025-12-30 06:23:03 - INFO -   中位数误差: 0.22%
2025-12-30 06:23:03 - INFO -   误差标准差: 347.58%
2025-12-30 06:23:03 - INFO -   95%分位数: 5.06%
2025-12-30 06:23:03 - INFO - 
S22_imag 误差统计:
2025-12-30 06:23:03 - INFO -   最小误差: 0.00%
2025-12-30 06:23:03 - INFO -   最大误差: 1453833.75%
2025-12-30 06:23:03 - INFO -   平均误差: 17.92%
2025-12-30 06:23:03 - INFO -   中位数误差: 2.63%
2025-12-30 06:23:03 - INFO -   误差标准差: 1701.55%
2025-12-30 06:23:03 - INFO -   95%分位数: 36.93%
2025-12-30 06:23:05 - INFO - 
============================================================
2025-12-30 06:23:05 - INFO - 样本误差极值分析
2025-12-30 06:23:05 - INFO - ============================================================
2025-12-30 06:23:05 - INFO - 
🎯 最佳预测样本 (索引: 1259117):
2025-12-30 06:23:05 - INFO -   平均相对误差: 0.06%
2025-12-30 06:23:05 - INFO -   频率: 28.9 GHz
2025-12-30 06:23:05 - INFO - 
⚠️ 最差预测样本 (索引: 2795970):
2025-12-30 06:23:05 - INFO -   平均相对误差: 16551262.00%
2025-12-30 06:23:05 - INFO -   频率: 24.3 GHz
2025-12-30 06:23:48 - INFO - 误差分布图已保存到: error_distribution.png
2025-12-30 06:23:48 - INFO - 最终模型已保存: final_frequency_model.pth
2025-12-30 06:23:48 - INFO - 最佳验证损失: 0.000005
2025-12-30 06:25:08 - INFO - ##############

2025-12-30 06:25:08 - INFO - 
================================================================================
2025-12-30 06:25:08 - INFO - 神经网络模型训练总结
2025-12-30 06:25:08 - INFO - ================================================================================
2025-12-30 06:25:08 - INFO - 
📈 训练过程:
2025-12-30 06:25:08 - INFO -   训练轮数: 300
2025-12-30 06:25:08 - INFO -   最终训练损失: 0.000012
2025-12-30 06:25:08 - INFO -   最终验证损失: 0.000005
2025-12-30 06:25:08 - INFO -   最佳验证损失: 0.000005
2025-12-30 06:25:08 - INFO - 
📊 训练集评估结果:
2025-12-30 06:25:08 - INFO -   整体R²: 0.9998
2025-12-30 06:25:08 - INFO -   整体MAE: 0.001281
2025-12-30 06:25:08 - INFO -   整体RMSE: 0.002194
2025-12-30 06:25:08 - INFO - 
📊 测试集评估结果:
2025-12-30 06:25:08 - INFO -   整体R²: 0.9998
2025-12-30 06:25:08 - INFO -   整体MAE: 0.001349
2025-12-30 06:25:08 - INFO -   整体RMSE: 0.002243
2025-12-30 06:25:08 - INFO - 
🎯 各S参数表现对比:
2025-12-30 06:25:08 - INFO -   S11_real: 训练集R²=1.0000, 测试集R²=1.0000
2025-12-30 06:25:08 - INFO -   S11_imag: 训练集R²=0.9997, 测试集R²=0.9997
2025-12-30 06:25:08 - INFO -   S21_real: 训练集R²=1.0000, 测试集R²=1.0000
2025-12-30 06:25:08 - INFO -   S21_imag: 训练集R²=0.9998, 测试集R²=0.9998
2025-12-30 06:25:08 - INFO -   S12_real: 训练集R²=1.0000, 测试集R²=1.0000
2025-12-30 06:25:08 - INFO -   S12_imag: 训练集R²=0.9998, 测试集R²=0.9998
2025-12-30 06:25:08 - INFO -   S22_real: 训练集R²=0.9999, 测试集R²=0.9999
2025-12-30 06:25:08 - INFO -   S22_imag: 训练集R²=0.9995, 测试集R²=0.9995
2025-12-30 06:25:08 - INFO - 
================================================================================
2025-12-30 06:25:13 - INFO - 
程序运行完成，日志已保存到: logs/training_20251229_173322.log
2025-12-30 06:25:13 - INFO - ============================================================
